Archive member included to satisfy reference by file (symbol)

/home/lovro/opt/cross-newlib/m68k-elf-rosco/lib/libc.a(libc_a-getenv.o)
                              ../bin/main.o (getenv)
/home/lovro/opt/cross-newlib/m68k-elf-rosco/lib/libc.a(libc_a-getenv_r.o)
                              /home/lovro/opt/cross-newlib/m68k-elf-rosco/lib/libc.a(libc_a-getenv.o) (_findenv_r)
/home/lovro/opt/cross-newlib/m68k-elf-rosco/lib/libc.a(libc_a-malloc.o)
                              ../bin/main.o (malloc)
/home/lovro/opt/cross-newlib/m68k-elf-rosco/lib/libc.a(libc_a-mallocr.o)
                              /home/lovro/opt/cross-newlib/m68k-elf-rosco/lib/libc.a(libc_a-malloc.o) (_malloc_r)
/home/lovro/opt/cross-newlib/m68k-elf-rosco/lib/libc.a(libc_a-mlock.o)
                              /home/lovro/opt/cross-newlib/m68k-elf-rosco/lib/libc.a(libc_a-mallocr.o) (__malloc_lock)
/home/lovro/opt/cross-newlib/m68k-elf-rosco/lib/libc.a(libc_a-fclose.o)
                              ../bin/main.o (fclose)
/home/lovro/opt/cross-newlib/m68k-elf-rosco/lib/libc.a(libc_a-fflush.o)
                              /home/lovro/opt/cross-newlib/m68k-elf-rosco/lib/libc.a(libc_a-fclose.o) (__sflush_r)
/home/lovro/opt/cross-newlib/m68k-elf-rosco/lib/libc.a(libc_a-findfp.o)
                              /home/lovro/opt/cross-newlib/m68k-elf-rosco/lib/libc.a(libc_a-fflush.o) (__sglue)
/home/lovro/opt/cross-newlib/m68k-elf-rosco/lib/libc.a(libc_a-fopen.o)
                              ../bin/main.o (fopen)
/home/lovro/opt/cross-newlib/m68k-elf-rosco/lib/libc.a(libc_a-fputs.o)
                              ../bin/main.o (fputs)
/home/lovro/opt/cross-newlib/m68k-elf-rosco/lib/libc.a(libc_a-fseek.o)
                              /home/lovro/opt/cross-newlib/m68k-elf-rosco/lib/libc.a(libc_a-fopen.o) (_fseek_r)
/home/lovro/opt/cross-newlib/m68k-elf-rosco/lib/libc.a(libc_a-fvwrite.o)
                              /home/lovro/opt/cross-newlib/m68k-elf-rosco/lib/libc.a(libc_a-fputs.o) (__sfvwrite_r)
/home/lovro/opt/cross-newlib/m68k-elf-rosco/lib/libc.a(libc_a-fwalk.o)
                              /home/lovro/opt/cross-newlib/m68k-elf-rosco/lib/libc.a(libc_a-fflush.o) (_fwalk_sglue)
/home/lovro/opt/cross-newlib/m68k-elf-rosco/lib/libc.a(libc_a-perror.o)
                              ../bin/main.o (perror)
/home/lovro/opt/cross-newlib/m68k-elf-rosco/lib/libc.a(libc_a-printf.o)
                              ../bin/main.o (printf)
/home/lovro/opt/cross-newlib/m68k-elf-rosco/lib/libc.a(libc_a-puts.o)
                              ../bin/main.o (puts)
/home/lovro/opt/cross-newlib/m68k-elf-rosco/lib/libc.a(libc_a-stdio.o)
                              /home/lovro/opt/cross-newlib/m68k-elf-rosco/lib/libc.a(libc_a-findfp.o) (__sread)
/home/lovro/opt/cross-newlib/m68k-elf-rosco/lib/libc.a(libc_a-wsetup.o)
                              /home/lovro/opt/cross-newlib/m68k-elf-rosco/lib/libc.a(libc_a-fvwrite.o) (__swsetup_r)
/home/lovro/opt/cross-newlib/m68k-elf-rosco/lib/libc.a(libc_a-fseeko.o)
                              /home/lovro/opt/cross-newlib/m68k-elf-rosco/lib/libc.a(libc_a-fseek.o) (_fseeko_r)
/home/lovro/opt/cross-newlib/m68k-elf-rosco/lib/libc.a(libc_a-memchr.o)
                              /home/lovro/opt/cross-newlib/m68k-elf-rosco/lib/libc.a(libc_a-fvwrite.o) (memchr)
/home/lovro/opt/cross-newlib/m68k-elf-rosco/lib/libc.a(libc_a-memcmp.o)
                              ../bin/ff.o (memcmp)
/home/lovro/opt/cross-newlib/m68k-elf-rosco/lib/libc.a(libc_a-memmove.o)
                              /home/lovro/opt/cross-newlib/m68k-elf-rosco/lib/libc.a(libc_a-fvwrite.o) (memmove)
/home/lovro/opt/cross-newlib/m68k-elf-rosco/lib/libc.a(libc_a-strchr.o)
                              ../bin/ff.o (strchr)
/home/lovro/opt/cross-newlib/m68k-elf-rosco/lib/libc.a(libc_a-strerror.o)
                              /home/lovro/opt/cross-newlib/m68k-elf-rosco/lib/libc.a(libc_a-perror.o) (_strerror_r)
/home/lovro/opt/cross-newlib/m68k-elf-rosco/lib/libc.a(libc_a-strncmp.o)
                              /home/lovro/opt/cross-newlib/m68k-elf-rosco/lib/libc.a(libc_a-getenv_r.o) (strncmp)
/home/lovro/opt/cross-newlib/m68k-elf-rosco/lib/libc.a(libc_a-u_strerr.o)
                              /home/lovro/opt/cross-newlib/m68k-elf-rosco/lib/libc.a(libc_a-strerror.o) (_user_strerror)
/home/lovro/opt/cross-newlib/m68k-elf-rosco/lib/libc.a(libc_a-impure.o)
                              /home/lovro/opt/cross-newlib/m68k-elf-rosco/lib/libc.a(libc_a-getenv.o) (_impure_ptr)
/home/lovro/opt/cross-newlib/m68k-elf-rosco/lib/libc.a(libc_a-strlen.o)
                              /home/lovro/opt/cross-newlib/m68k-elf-rosco/lib/libc.a(libc_a-fputs.o) (strlen)
/home/lovro/opt/cross-newlib/m68k-elf-rosco/lib/libc.a(libc_a-memcpy.o)
                              ../bin/amix-syscalls.o (memcpy)
/home/lovro/opt/cross-newlib/m68k-elf-rosco/lib/libc.a(libc_a-memset.o)
                              ../bin/ff.o (memset)
/home/lovro/opt/cross-newlib/m68k-elf-rosco/lib/libc.a(libc_a-envlock.o)
[...]
Memory Configuration

Name             Origin             Length             Attributes
ram              0x00000000         0x00080000         xrw
*default*        0x00000000         0xffffffff

Linker script and memory map

LOAD ../bin/crt0.o
LOAD ../bin/main.o
LOAD ../bin/amix-syscalls.o
LOAD ../bin/amix_sys.o
LOAD ../bin/diskio.o
LOAD ../bin/ff.o
LOAD ../bin/syscalls_asm.o
LOAD ../bin/sys_IDE.o
LOAD /home/lovro/opt/cross-newlib/m68k-elf-rosco/lib/libc.a
LOAD /home/lovro/opt/cross-newlib/m68k-elf-rosco/lib/libm.a
LOAD /opt/m68k-toolchain/bin/../lib/gcc/m68k-elf/6.3.0/libgcc.a
LOAD /opt/m68k-toolchain/bin/../lib/gcc/m68k-elf/6.3.0/libgcc.a
LOAD /home/lovro/opt/cross-newlib/m68k-elf-rosco/lib/libc.a
LOAD /opt/m68k-toolchain/bin/../lib/gcc/m68k-elf/6.3.0/libgcc.a
START GROUP
LOAD /home/lovro/opt/cross-newlib/m68k-elf-rosco/lib/libc.a
LOAD /home/lovro/opt/cross-newlib/m68k-elf-rosco/lib/libm.a
LOAD /opt/m68k-toolchain/bin/../lib/gcc/m68k-elf/6.3.0/libgcc.a
END GROUP
                0x00000000                        __DYNAMIC = 0x0
                [!provide]                        PROVIDE (hardware_init_hook = 0x0)
                [!provide]                        PROVIDE (software_init_hook = 0x0)
                [!provide]                        PROVIDE (__INIT_SECTION__ = 0x0)
                [!provide]                        PROVIDE (__FINI_SECTION__ = 0x0)

.text           0x00000000     0xa518
 *(.text.startup)
 *(.text .text.*)
 .text          0x00000000       0x4c ../bin/crt0.o
                0x00000000                _start
 .text.startup.main
                0x0000004c       0xe0 ../bin/main.o
                0x0000004c                main
 .text._exit    0x0000012c       0x5c ../bin/amix-syscalls.o
                0x0000012c                _exit
 .text._sbrk_r  0x00000188       0x2c ../bin/amix-syscalls.o
                0x00000188                _sbrk_r
 .text._getpid_r
                0x000001b4        0xa ../bin/amix-syscalls.o
                0x000001b4                _getpid_r
 .text._kill_r  0x000001be       0x12 ../bin/amix-syscalls.o
                0x000001be                _kill_r
 .text._open_r  0x000001d0       0x32 ../bin/amix-syscalls.o
                0x000001d0                _open_r
 .text._close_r
                0x00000202       0x2e ../bin/amix-syscalls.o
                0x00000202                _close_r
 .text._read_r  0x00000230       0x34 ../bin/amix-syscalls.o
                0x00000230                _read_r
 .text._write_r
                0x00000264       0x34 ../bin/amix-syscalls.o
                0x00000264                _write_r
 .text._lseek_r
                0x00000298       0x34 ../bin/amix-syscalls.o
                0x00000298                _lseek_r
 .text._fstat_r
                0x000002cc       0x32 ../bin/amix-syscalls.o
                0x000002cc                _fstat_r
 .text._isatty_r
                0x000002fe       0x2e ../bin/amix-syscalls.o
                0x000002fe                _isatty_r
 .text.sys_write_screen_string
                0x0000032c       0x3c ../bin/amix_sys.o
                0x0000032c                sys_write_screen_string
 .text          0x00000368      0x122 ../bin/syscalls_asm.o
                0x00000368                syscall_trap0
                0x00000380                syscall_trap0_double
                0x0000039e                syscall_trap0_triple
                0x000003d0                sys_print_screen
                0x000003de                sys_print_uart
                0x000003ec                sys_get_keyboard
 .text.getenv   0x0000048a       0x20 /home/lovro/opt/cross-newlib/m68k-elf-rosco/lib/libc.a(libc_a-getenv.o)
                0x0000048a                getenv
 .text._findenv_r
                0x000004aa       0x9c /home/lovro/opt/cross-newlib/m68k-elf-rosco/lib/libc.a(libc_a-getenv_r.o)
                0x000004aa                _findenv_r
 .text.malloc   0x00000546       0x14 /home/lovro/opt/cross-newlib/m68k-elf-rosco/lib/libc.a(libc_a-malloc.o)
                0x00000546                malloc
 .text._malloc_r
                0x0000055a      0x842 /home/lovro/opt/cross-newlib/m68k-elf-rosco/lib/libc.a(libc_a-mallocr.o)
                0x0000055a                _malloc_r
 .text.__malloc_lock
                0x00000d9c        0x2 /home/lovro/opt/cross-newlib/m68k-elf-rosco/lib/libc.a(libc_a-mlock.o)
                0x00000d9c                __malloc_lock
 .text.__malloc_unlock
                0x00000d9e        0x2 /home/lovro/opt/cross-newlib/m68k-elf-rosco/lib/libc.a(libc_a-mlock.o)
                0x00000d9e                __malloc_unlock
 .text._fclose_r
                0x00000da0       0xd8 /home/lovro/opt/cross-newlib/m68k-elf-rosco/lib/libc.a(libc_a-fclose.o)
                0x00000da0                _fclose_r
 .text.fclose   0x00000e78       0x14 /home/lovro/opt/cross-newlib/m68k-elf-rosco/lib/libc.a(libc_a-fclose.o)
                0x00000e78                fclose
 .text.__sflush_r
                0x00000e8c      0x1ba /home/lovro/opt/cross-newlib/m68k-elf-rosco/lib/libc.a(libc_a-fflush.o)
                0x00000e8c                __sflush_r
 .text._fflush_r
                0x00001046       0x44 /home/lovro/opt/cross-newlib/m68k-elf-rosco/lib/libc.a(libc_a-fflush.o)
                0x00001046                _fflush_r
 .text.stdio_exit_handler
                0x0000108a       0x1e /home/lovro/opt/cross-newlib/m68k-elf-rosco/lib/libc.a(libc_a-findfp.o)
 .text.cleanup_stdio
                0x000010a8       0x52 /home/lovro/opt/cross-newlib/m68k-elf-rosco/lib/libc.a(libc_a-findfp.o)
 .text.global_stdio_init.part.0
                0x000010fa      0x178 /home/lovro/opt/cross-newlib/m68k-elf-rosco/lib/libc.a(libc_a-findfp.o)
 .text.__sfp    0x00001272      0x100 /home/lovro/opt/cross-newlib/m68k-elf-rosco/lib/libc.a(libc_a-findfp.o)
                0x00001272                __sfp
 .text.__sinit  0x00001372       0x22 /home/lovro/opt/cross-newlib/m68k-elf-rosco/lib/libc.a(libc_a-findfp.o)
                0x00001372                __sinit
 .text.__sfp_lock_acquire
                0x00001394        0x2 /home/lovro/opt/cross-newlib/m68k-elf-rosco/lib/libc.a(libc_a-findfp.o)
                0x00001394                __sfp_lock_acquire
 .text.__sfp_lock_release
                0x00001396        0x2 /home/lovro/opt/cross-newlib/m68k-elf-rosco/lib/libc.a(libc_a-findfp.o)
                0x00001396                __sfp_lock_release
 .text._fopen_r
                0x00001398       0xd0 /home/lovro/opt/cross-newlib/m68k-elf-rosco/lib/libc.a(libc_a-fopen.o)
                0x00001398                _fopen_r
 .text.fopen    0x00001468       0x1a /home/lovro/opt/cross-newlib/m68k-elf-rosco/lib/libc.a(libc_a-fopen.o)
                0x00001468                fopen
 .text._fputs_r
                0x00001482       0xa0 /home/lovro/opt/cross-newlib/m68k-elf-rosco/lib/libc.a(libc_a-fputs.o)
                0x00001482                _fputs_r
 .text.fputs    0x00001522       0x1a /home/lovro/opt/cross-newlib/m68k-elf-rosco/lib/libc.a(libc_a-fputs.o)
                0x00001522                fputs
 .text._fseek_r
                0x0000153c        0x6 /home/lovro/opt/cross-newlib/m68k-elf-rosco/lib/libc.a(libc_a-fseek.o)
                0x0000153c                _fseek_r
 .text.__sfvwrite_r
                0x00001542      0x3b6 /home/lovro/opt/cross-newlib/m68k-elf-rosco/lib/libc.a(libc_a-fvwrite.o)
                0x00001542                __sfvwrite_r
 .text._fwalk_sglue
                0x000018f8       0x56 /home/lovro/opt/cross-newlib/m68k-elf-rosco/lib/libc.a(libc_a-fwalk.o)
                0x000018f8                _fwalk_sglue
 .text._perror_r
                0x0000194e      0x172 /home/lovro/opt/cross-newlib/m68k-elf-rosco/lib/libc.a(libc_a-perror.o)
                0x0000194e                _perror_r
 .text.perror   0x00001ac0       0x14 /home/lovro/opt/cross-newlib/m68k-elf-rosco/lib/libc.a(libc_a-perror.o)
                0x00001ac0                perror
 .text.printf   0x00001ad4       0x26 /home/lovro/opt/cross-newlib/m68k-elf-rosco/lib/libc.a(libc_a-printf.o)
                0x00001ad4                printf
 .text._puts_r  0x00001afa       0xb0 /home/lovro/opt/cross-newlib/m68k-elf-rosco/lib/libc.a(libc_a-puts.o)
                0x00001afa                _puts_r
 .text.puts     0x00001baa       0x14 /home/lovro/opt/cross-newlib/m68k-elf-rosco/lib/libc.a(libc_a-puts.o)
                0x00001baa                puts
 .text.__sread  0x00001bbe       0x38 /home/lovro/opt/cross-newlib/m68k-elf-rosco/lib/libc.a(libc_a-stdio.o)
                0x00001bbe                __sread
 .text.__swrite
                0x00001bf6       0x86 /home/lovro/opt/cross-newlib/m68k-elf-rosco/lib/libc.a(libc_a-stdio.o)
                0x00001bf6                __swrite
 .text.__sseek  0x00001c7c       0x40 /home/lovro/opt/cross-newlib/m68k-elf-rosco/lib/libc.a(libc_a-stdio.o)
                0x00001c7c                __sseek
 .text.__sclose
                0x00001cbc       0x12 /home/lovro/opt/cross-newlib/m68k-elf-rosco/lib/libc.a(libc_a-stdio.o)
                0x00001cbc                __sclose
 .text.__swsetup_r
                0x00001cce      0x128 /home/lovro/opt/cross-newlib/m68k-elf-rosco/lib/libc.a(libc_a-wsetup.o)
                0x00001cce                __swsetup_r
 .text._fseeko_r
                0x00001df6      0x3d4 /home/lovro/opt/cross-newlib/m68k-elf-rosco/lib/libc.a(libc_a-fseeko.o)
                0x00001df6                _fseeko_r
 .text.memchr   0x000021ca       0x9c /home/lovro/opt/cross-newlib/m68k-elf-rosco/lib/libc.a(libc_a-memchr.o)
                0x000021ca                memchr
 .text.memmove  0x00002266       0xf8 /home/lovro/opt/cross-newlib/m68k-elf-rosco/lib/libc.a(libc_a-memmove.o)
                0x00002266                memmove
 .text._strerror_r
                0x0000235e      0x406 /home/lovro/opt/cross-newlib/m68k-elf-rosco/lib/libc.a(libc_a-strerror.o)
                0x0000235e                _strerror_r
 .text.strncmp  0x00002764       0xa8 /home/lovro/opt/cross-newlib/m68k-elf-rosco/lib/libc.a(libc_a-strncmp.o)
                0x00002764                strncmp
 .text._user_strerror
                0x0000280c        0x4 /home/lovro/opt/cross-newlib/m68k-elf-rosco/lib/libc.a(libc_a-u_strerr.o)
                0x0000280c                _user_strerror
 .text.strlen   0x00002810       0x14 /home/lovro/opt/cross-newlib/m68k-elf-rosco/lib/libc.a(libc_a-strlen.o)
                0x00002810                strlen
 .text          0x00002824       0x6e /home/lovro/opt/cross-newlib/m68k-elf-rosco/lib/libc.a(libc_a-memcpy.o)
                0x00002824                memcpy
 *fill*         0x00002892        0x2 
 .text          0x00002894       0x72 /home/lovro/opt/cross-newlib/m68k-elf-rosco/lib/libc.a(libc_a-memset.o)
                0x00002894                memset
 .text.__env_lock
                0x00002906        0x2 /home/lovro/opt/cross-newlib/m68k-elf-rosco/lib/libc.a(libc_a-envlock.o)
                0x00002906                __env_lock
 .text.__env_unlock
                0x00002908        0x2 /home/lovro/opt/cross-newlib/m68k-elf-rosco/lib/libc.a(libc_a-envlock.o)
                0x00002908                __env_unlock
 .text._malloc_trim_r
                0x0000290a       0xda /home/lovro/opt/cross-newlib/m68k-elf-rosco/lib/libc.a(libc_a-freer.o)
                0x0000290a                _malloc_trim_r
 .text._free_r  0x000029e4      0x352 /home/lovro/opt/cross-newlib/m68k-elf-rosco/lib/libc.a(libc_a-freer.o)
                0x000029e4                _free_r
 .text._realloc_r
                0x00002d36      0x5f0 /home/lovro/opt/cross-newlib/m68k-elf-rosco/lib/libc.a(libc_a-reallocr.o)
                0x00002d36                _realloc_r
 .text._vfprintf_r
                0x00003326     0x1d04 /home/lovro/opt/cross-newlib/m68k-elf-rosco/lib/libc.a(libc_a-vfprintf.o)
                0x00003326                _vfprintf_r
 .text.__sbprintf
                0x0000502a       0xa4 /home/lovro/opt/cross-newlib/m68k-elf-rosco/lib/libc.a(libc_a-vfprintf.o)
 .text.__sprint_r
                0x000050ce       0x36 /home/lovro/opt/cross-newlib/m68k-elf-rosco/lib/libc.a(libc_a-sprint_r.o)
                0x000050ce                __sprint_r
 .text.fileno   0x00005104       0x44 /home/lovro/opt/cross-newlib/m68k-elf-rosco/lib/libc.a(libc_a-fileno.o)
                0x00005104                fileno
 .text.__sflags
                0x00005148       0xaa /home/lovro/opt/cross-newlib/m68k-elf-rosco/lib/libc.a(libc_a-flags.o)
                0x00005148                __sflags
 .text.__swhatbuf_r
                0x000051f2       0xb6 /home/lovro/opt/cross-newlib/m68k-elf-rosco/lib/libc.a(libc_a-makebuf.o)
                0x000051f2                __swhatbuf_r
 .text.__smakebuf_r
                0x000052a8       0xde /home/lovro/opt/cross-newlib/m68k-elf-rosco/lib/libc.a(libc_a-makebuf.o)
                0x000052a8                __smakebuf_r
 .text.lflush   0x00005386       0x28 /home/lovro/opt/cross-newlib/m68k-elf-rosco/lib/libc.a(libc_a-refill.o)
 .text.__srefill_r
                0x000053ae      0x1ac /home/lovro/opt/cross-newlib/m68k-elf-rosco/lib/libc.a(libc_a-refill.o)
                0x000053ae                __srefill_r
 .text._localeconv_r
                0x0000555a        0x8 /home/lovro/opt/cross-newlib/m68k-elf-rosco/lib/libc.a(libc_a-localeconv.o)
                0x0000555a                _localeconv_r
 .text.quorem   0x00005562      0x1a2 /home/lovro/opt/cross-newlib/m68k-elf-rosco/lib/libc.a(libc_a-dtoa.o)
 .text._dtoa_r  0x00005704     0x196a /home/lovro/opt/cross-newlib/m68k-elf-rosco/lib/libc.a(libc_a-dtoa.o)
                0x00005704                _dtoa_r
 .text._Balloc  0x0000706e       0x90 /home/lovro/opt/cross-newlib/m68k-elf-rosco/lib/libc.a(libc_a-mprec.o)
                0x0000706e                _Balloc
 .text._Bfree   0x000070fe       0x24 /home/lovro/opt/cross-newlib/m68k-elf-rosco/lib/libc.a(libc_a-mprec.o)
                0x000070fe                _Bfree
 .text.__multadd
                0x00007122       0xfc /home/lovro/opt/cross-newlib/m68k-elf-rosco/lib/libc.a(libc_a-mprec.o)
                0x00007122                __multadd
 .text.__hi0bits
                0x0000721e       0x66 /home/lovro/opt/cross-newlib/m68k-elf-rosco/lib/libc.a(libc_a-mprec.o)
                0x0000721e                __hi0bits
 .text.__lo0bits
                0x00007284       0x76 /home/lovro/opt/cross-newlib/m68k-elf-rosco/lib/libc.a(libc_a-mprec.o)
                0x00007284                __lo0bits
 .text.__i2b    0x000072fa       0xa4 /home/lovro/opt/cross-newlib/m68k-elf-rosco/lib/libc.a(libc_a-mprec.o)
                0x000072fa                __i2b
 .text.__multiply
                0x0000739e      0x20a /home/lovro/opt/cross-newlib/m68k-elf-rosco/lib/libc.a(libc_a-mprec.o)
                0x0000739e                __multiply
 .text.__pow5mult
                0x000075a8       0xfc /home/lovro/opt/cross-newlib/m68k-elf-rosco/lib/libc.a(libc_a-mprec.o)
                0x000075a8                __pow5mult
 .text.__lshift
                0x000076a4      0x112 /home/lovro/opt/cross-newlib/m68k-elf-rosco/lib/libc.a(libc_a-mprec.o)
                0x000076a4                __lshift
 .text.__mcmp   0x000077b6       0x4e /home/lovro/opt/cross-newlib/m68k-elf-rosco/lib/libc.a(libc_a-mprec.o)
                0x000077b6                __mcmp
 .text.__mdiff  0x00007804      0x1d0 /home/lovro/opt/cross-newlib/m68k-elf-rosco/lib/libc.a(libc_a-mprec.o)
                0x00007804                __mdiff
 .text.__d2b    0x000079d4      0x122 /home/lovro/opt/cross-newlib/m68k-elf-rosco/lib/libc.a(libc_a-mprec.o)
                0x000079d4                __d2b
 .text.__assert_func
                0x00007af6       0x6c /home/lovro/opt/cross-newlib/m68k-elf-rosco/lib/libc.a(libc_a-assert.o)
                0x00007af6                __assert_func
 .text._calloc_r
                0x00007b62      0x13a /home/lovro/opt/cross-newlib/m68k-elf-rosco/lib/libc.a(libc_a-callocr.o)
                0x00007b62                _calloc_r
 .text.__ascii_mbtowc
                0x00007c9c       0x44 /home/lovro/opt/cross-newlib/m68k-elf-rosco/lib/libc.a(libc_a-mbtowc_r.o)
                0x00007c9c                __ascii_mbtowc
 .text.__ascii_wctomb
                0x00007ce0       0x2e /home/lovro/opt/cross-newlib/m68k-elf-rosco/lib/libc.a(libc_a-wctomb_r.o)
                0x00007ce0                __ascii_wctomb
 .text.fiprintf
                0x00007d0e       0x24 /home/lovro/opt/cross-newlib/m68k-elf-rosco/lib/libc.a(libc_a-fiprintf.o)
                0x00007d0e                fiprintf
 .text._vfiprintf_r
                0x00007d32      0xdce /home/lovro/opt/cross-newlib/m68k-elf-rosco/lib/libc.a(libc_a-vfiprintf.o)
                0x00007d32                _vfiprintf_r
 .text.__sbprintf
                0x00008b00       0xa4 /home/lovro/opt/cross-newlib/m68k-elf-rosco/lib/libc.a(libc_a-vfiprintf.o)
 .text.__errno  0x00008ba4        0x8 /home/lovro/opt/cross-newlib/m68k-elf-rosco/lib/libc.a(libc_a-errno.o)
                0x00008ba4                __errno
 .text.abort    0x00008bac       0x14 /home/lovro/opt/cross-newlib/m68k-elf-rosco/lib/libc.a(libc_a-abort.o)
                0x00008bac                abort
 .text.raise    0x00008bc0       0x7e /home/lovro/opt/cross-newlib/m68k-elf-rosco/lib/libc.a(libc_a-signal.o)
                0x00008bc0                raise
 *fill*         0x00008c3e        0x2 
 .text          0x00008c40       0x22 /opt/m68k-toolchain/bin/../lib/gcc/m68k-elf/6.3.0/libgcc.a(_mulsi3.o)
                0x00008c40                __mulsi3
 *fill*         0x00008c62        0x2 
 .text          0x00008c64       0x5c /opt/m68k-toolchain/bin/../lib/gcc/m68k-elf/6.3.0/libgcc.a(_udivsi3.o)
                0x00008c64                __udivsi3
 .text          0x00008cc0       0x2e /opt/m68k-toolchain/bin/../lib/gcc/m68k-elf/6.3.0/libgcc.a(_divsi3.o)
                0x00008cc0                __divsi3
 *fill*         0x00008cee        0x2 
 .text          0x00008cf0       0x2e /opt/m68k-toolchain/bin/../lib/gcc/m68k-elf/6.3.0/libgcc.a(_umodsi3.o)
                0x00008cf0                __umodsi3
 *fill*         0x00008d1e        0x2 
 .text          0x00008d20       0x2e /opt/m68k-toolchain/bin/../lib/gcc/m68k-elf/6.3.0/libgcc.a(_modsi3.o)
                0x00008d20                __modsi3
 *fill*         0x00008d4e        0x2 
 .text          0x00008d50      0x9cc /opt/m68k-toolchain/bin/../lib/gcc/m68k-elf/6.3.0/libgcc.a(_double.o)
                0x00008daa                __subdf3
                0x00008db0                __adddf3
                0x00009146                __muldf3
                0x000092f4                __divdf3
                0x00009568                __negdf2
                0x000095c6                __cmpdf2_internal
                0x00009696                __cmpdf2
 .text          0x0000971c       0x6a /opt/m68k-toolchain/bin/../lib/gcc/m68k-elf/6.3.0/libgcc.a(_floatex.o)
                0x0000971c                __clear_sticky_bit
                0x0000972a                $_exception_handler
 *fill*         0x00009786        0x2 
 .text          0x00009788       0x22 /opt/m68k-toolchain/bin/../lib/gcc/m68k-elf/6.3.0/libgcc.a(_eqdf2.o)
                0x00009788                __eqdf2
 *fill*         0x000097aa        0x2 
 .text          0x000097ac       0x22 /opt/m68k-toolchain/bin/../lib/gcc/m68k-elf/6.3.0/libgcc.a(_nedf2.o)
                0x000097ac                __nedf2
 *fill*         0x000097ce        0x2 
 .text          0x000097d0       0x22 /opt/m68k-toolchain/bin/../lib/gcc/m68k-elf/6.3.0/libgcc.a(_gtdf2.o)
                0x000097d0                __gtdf2
 *fill*         0x000097f2        0x2 
 .text          0x000097f4       0x22 /opt/m68k-toolchain/bin/../lib/gcc/m68k-elf/6.3.0/libgcc.a(_ltdf2.o)
                0x000097f4                __ltdf2
 *fill*         0x00009816        0x2 
 .text          0x00009818       0x22 /opt/m68k-toolchain/bin/../lib/gcc/m68k-elf/6.3.0/libgcc.a(_ledf2.o)
                0x00009818                __ledf2
 *fill*         0x0000983a        0x2 
 .text          0x0000983c      0x4ba /opt/m68k-toolchain/bin/../lib/gcc/m68k-elf/6.3.0/libgcc.a(fpgnulib.o)
                0x0000983c                __unordsf2
                0x0000989c                __unorddf2
                0x0000990e                __floatunsidf
                0x0000997a                __floatsidf
                0x00009a44                __floatunsisf
                0x00009a5e                __floatsisf
                0x00009a78                __extendsfdf2
                0x00009af4                __truncdfsf2
                0x00009c46                __fixdfsi
                0x00009cdc                __fixsfsi
 *fill*         0x00009cf6        0x2 
 .text          0x00009cf8      0x81e /opt/m68k-toolchain/bin/../lib/gcc/m68k-elf/6.3.0/libgcc.a(xfgnulib.o)
                0x00009cf8                __unordxf2
                0x00009d7c                __extenddfxf2
                0x00009e92                __truncxfdf2
                0x00009f7a                __extendsfxf2
                0x00009fbe                __truncxfsf2
                0x00009fe6                __floatsixf
                0x0000a02c                __floatunsixf
                0x0000a072                __fixxfsi
                0x0000a09a                __addxf3
                0x0000a110                __subxf3
                0x0000a186                __mulxf3
                0x0000a1fc                __divxf3
                0x0000a272                __negxf2
                0x0000a2ca                __cmpxf2
                0x0000a31e                __eqxf2
                0x0000a372                __nexf2
                0x0000a3c6                __ltxf2
                0x0000a41a                __lexf2
                0x0000a46e                __gtxf2
                0x0000a4c2                __gexf2
 *(.init*)
 *(.fini*)
                0x0000a518                        . = ALIGN (0x4)
 *fill*         0x0000a516        0x2 
                0x0000a518                        _etext = .

.got            0x0000a518        0x0
                0x0000a518                        _GLOBAL_OFFSET_TABLE_ = .
 *(.got.plt)
 *(.got)

.plt
 *(.plt)

.rodata         0x0000a518      0xa93
 *(.rodata .rodata.*)
 .rodata.main.str1.1
                0x0000a518       0xb4 ../bin/main.o
 .rodata._exit.str1.1
                0x0000a5cc       0x1c ../bin/amix-syscalls.o
 .rodata._perror_r.str1.1
                0x0000a5e8       0x1c /home/lovro/opt/cross-newlib/m68k-elf-rosco/lib/libc.a(libc_a-perror.o)
                                  0x5 (size before relaxing)
 .rodata._puts_r.str1.1
                0x0000a5e8        0x2 /home/lovro/opt/cross-newlib/m68k-elf-rosco/lib/libc.a(libc_a-puts.o)
 .rodata._strerror_r.str1.1
                0x0000a5e8      0x696 /home/lovro/opt/cross-newlib/m68k-elf-rosco/lib/libc.a(libc_a-strerror.o)
                                0x697 (size before relaxing)
 .rodata._vfprintf_r.str1.1
                0x0000ac7e       0x3b /home/lovro/opt/cross-newlib/m68k-elf-rosco/lib/libc.a(libc_a-vfprintf.o)
 .rodata.zeroes.0
                0x0000acb9       0x10 /home/lovro/opt/cross-newlib/m68k-elf-rosco/lib/libc.a(libc_a-vfprintf.o)
 .rodata.blanks.1
                0x0000acc9       0x10 /home/lovro/opt/cross-newlib/m68k-elf-rosco/lib/libc.a(libc_a-vfprintf.o)
 .rodata._dtoa_r.str1.1
                0x0000acd9       0x46 /home/lovro/opt/cross-newlib/m68k-elf-rosco/lib/libc.a(libc_a-dtoa.o)
                                 0x48 (size before relaxing)
 .rodata.__multadd.str1.1
                0x0000ad1f       0x29 /home/lovro/opt/cross-newlib/m68k-elf-rosco/lib/libc.a(libc_a-mprec.o)
                                 0x3a (size before relaxing)
 .rodata.p05.0  0x0000ad48        0xc /home/lovro/opt/cross-newlib/m68k-elf-rosco/lib/libc.a(libc_a-mprec.o)
 .rodata.__mprec_bigtens
                0x0000ad54       0x28 /home/lovro/opt/cross-newlib/m68k-elf-rosco/lib/libc.a(libc_a-mprec.o)
                0x0000ad54                __mprec_bigtens
 .rodata.__mprec_tens
                0x0000ad7c       0xc8 /home/lovro/opt/cross-newlib/m68k-elf-rosco/lib/libc.a(libc_a-mprec.o)
                0x0000ad7c                __mprec_tens
 .rodata._setlocale_r.str1.1
                0x0000ae44        0x8 /home/lovro/opt/cross-newlib/m68k-elf-rosco/lib/libc.a(libc_a-locale.o)
                                  0x9 (size before relaxing)
 .rodata.str1.1
                0x0000ae4c        0x2 /home/lovro/opt/cross-newlib/m68k-elf-rosco/lib/libc.a(libc_a-locale.o)
 .rodata.__assert_func.str1.1
                0x0000ae4e       0x3c /home/lovro/opt/cross-newlib/m68k-elf-rosco/lib/libc.a(libc_a-assert.o)
                                 0x3d (size before relaxing)
 .rodata._ctype_
                0x0000ae8a      0x101 /home/lovro/opt/cross-newlib/m68k-elf-rosco/lib/libc.a(libc_a-ctype_.o)
                0x0000ae8a                _ctype_
 .rodata._vfiprintf_r.str1.1
                0x0000af8b       0x29 /home/lovro/opt/cross-newlib/m68k-elf-rosco/lib/libc.a(libc_a-vfiprintf.o)
 .rodata.zeroes.0
                0x0000af8b       0x10 /home/lovro/opt/cross-newlib/m68k-elf-rosco/lib/libc.a(libc_a-vfiprintf.o)
 .rodata.blanks.1
                0x0000af9b       0x10 /home/lovro/opt/cross-newlib/m68k-elf-rosco/lib/libc.a(libc_a-vfiprintf.o)

.data           0x0000afac      0x6e4
                0x0000afac                        _data_start = .
                0x0000afac                        __CTOR_LIST__ = .
 *crtbegin*.o(.ctors)
 *(SORT_BY_NAME(.ctors.*))
 *(.ctors)
 *crtend*.o(.ctors)
                0x0000afac        0x4 LONG 0x0
                0x0000afb0                        __CTOR_END__ = .
                0x0000afb0                        __DTOR_LIST__ = .
 *crtbegin*.o(.dtors)
 *(SORT_BY_NAME(.dtors.*))
 *(.dtors)
 *crtend*.o(.dtors)
                0x0000afb0        0x4 LONG 0x0
                0x0000afb4                        __DTOR_END__ = .
 *(.data .data.*)
 .data          0x0000afb4       0x20 ../bin/crt0.o
                0x0000afd0                environ
 .data.__malloc_sbrk_base
                0x0000afd4        0x4 /home/lovro/opt/cross-newlib/m68k-elf-rosco/lib/libc.a(libc_a-mallocr.o)
                0x0000afd4                __malloc_sbrk_base
 .data.__malloc_trim_threshold
                0x0000afd8        0x4 /home/lovro/opt/cross-newlib/m68k-elf-rosco/lib/libc.a(libc_a-mallocr.o)
                0x0000afd8                __malloc_trim_threshold
 .data.__malloc_av_
                0x0000afdc      0x408 /home/lovro/opt/cross-newlib/m68k-elf-rosco/lib/libc.a(libc_a-mallocr.o)
                0x0000afdc                __malloc_av_
 .data.__sglue  0x0000b3e4        0xc /home/lovro/opt/cross-newlib/m68k-elf-rosco/lib/libc.a(libc_a-findfp.o)
                0x0000b3e4                __sglue
 .data._impure_ptr
                0x0000b3f0        0x4 /home/lovro/opt/cross-newlib/m68k-elf-rosco/lib/libc.a(libc_a-impure.o)
                0x0000b3f0                _impure_ptr
 .data._impure_data
                0x0000b3f4      0x116 /home/lovro/opt/cross-newlib/m68k-elf-rosco/lib/libc.a(libc_a-impure.o)
                0x0000b3f4                _impure_data
 .data.__global_locale
                0x0000b50a      0x168 /home/lovro/opt/cross-newlib/m68k-elf-rosco/lib/libc.a(libc_a-locale.o)
                0x0000b50a                __global_locale
 *fill*         0x0000b672        0x2 
 .data          0x0000b674       0x1c /opt/m68k-toolchain/bin/../lib/gcc/m68k-elf/6.3.0/libgcc.a(_floatex.o)
                0x0000b674                _fpCCR
                0x0000b690                        . = ALIGN (0x4)
                0x0000b690                        _edata = .

.bss            0x0000b690      0x174
                0x0000b690                        __bss_start = .
                0x0000b690                        _bss_start = .
 *(.bss .bss.*)
 .bss.heap_end.3267
                0x0000b690        0x4 ../bin/amix-syscalls.o
 .bss.__malloc_current_mallinfo
                0x0000b694       0x28 /home/lovro/opt/cross-newlib/m68k-elf-rosco/lib/libc.a(libc_a-mallocr.o)
                0x0000b694                __malloc_current_mallinfo
 .bss.__malloc_max_total_mem
                0x0000b6bc        0x4 /home/lovro/opt/cross-newlib/m68k-elf-rosco/lib/libc.a(libc_a-mallocr.o)
                0x0000b6bc                __malloc_max_total_mem
 .bss.__malloc_max_sbrked_mem
                0x0000b6c0        0x4 /home/lovro/opt/cross-newlib/m68k-elf-rosco/lib/libc.a(libc_a-mallocr.o)
                0x0000b6c0                __malloc_max_sbrked_mem
 .bss.__malloc_top_pad
                0x0000b6c4        0x4 /home/lovro/opt/cross-newlib/m68k-elf-rosco/lib/libc.a(libc_a-mallocr.o)
                0x0000b6c4                __malloc_top_pad
 .bss.__sf      0x0000b6c8      0x138 /home/lovro/opt/cross-newlib/m68k-elf-rosco/lib/libc.a(libc_a-findfp.o)
                0x0000b6c8                __sf
 .bss.__stdio_exit_handler
                0x0000b800        0x4 /home/lovro/opt/cross-newlib/m68k-elf-rosco/lib/libc.a(libc_a-findfp.o)
                0x0000b800                __stdio_exit_handler
 *(COMMON)
                0x0000b804                        . = ALIGN (0x4)
                0x0000b804                        _end = .
                0x0000b804                        __end = .
                0x0000b808                        . = ALIGN (0x8)
                0x0000b808                        _stack_start = .
                0x0000d808                        . = (. + 0x2000)
                0x0000d808                        __stack = .
                0x0000d808                        _heap_start = .
                0x00002000                        _heap_end = (ORIGIN (ram) + 0x2000)

.stab
 *(.stab)

.stabstr
 *(.stabstr)

.debug_info     0x00000000    0x1ed2c
 *(.debug_info)
 .debug_info    0x00000000       0x26 ../bin/crt0.o
 .debug_info    0x00000026      0xa77 ../bin/main.o
 .debug_info    0x00000a9d     0x1098 ../bin/amix-syscalls.o
 .debug_info    0x00001b35      0xa58 ../bin/amix_sys.o
 .debug_info    0x0000258d       0x26 ../bin/syscalls_asm.o
 .debug_info    0x000025b3      0x7a8 /home/lovro/opt/cross-newlib/m68k-elf-rosco/lib/libc.a(libc_a-getenv.o)
 .debug_info    0x00002d5b      0x852 /home/lovro/opt/cross-newlib/m68k-elf-rosco/lib/libc.a(libc_a-getenv_r.o)
 .debug_info    0x000035ad      0x79a /home/lovro/opt/cross-newlib/m68k-elf-rosco/lib/libc.a(libc_a-malloc.o)
 .debug_info    0x00003d47      0xc34 /home/lovro/opt/cross-newlib/m68k-elf-rosco/lib/libc.a(libc_a-mallocr.o)
 .debug_info    0x0000497b      0x747 /home/lovro/opt/cross-newlib/m68k-elf-rosco/lib/libc.a(libc_a-mlock.o)
 .debug_info    0x000050c2      0x897 /home/lovro/opt/cross-newlib/m68k-elf-rosco/lib/libc.a(libc_a-fclose.o)
 .debug_info    0x00005959      0x9ca /home/lovro/opt/cross-newlib/m68k-elf-rosco/lib/libc.a(libc_a-fflush.o)
 .debug_info    0x00006323      0xdef /home/lovro/opt/cross-newlib/m68k-elf-rosco/lib/libc.a(libc_a-findfp.o)
 .debug_info    0x00007112      0x93e /home/lovro/opt/cross-newlib/m68k-elf-rosco/lib/libc.a(libc_a-fopen.o)
 .debug_info    0x00007a50      0x8ce /home/lovro/opt/cross-newlib/m68k-elf-rosco/lib/libc.a(libc_a-fputs.o)
 .debug_info    0x0000831e      0x85f /home/lovro/opt/cross-newlib/m68k-elf-rosco/lib/libc.a(libc_a-fseek.o)
 .debug_info    0x00008b7d      0xa20 /home/lovro/opt/cross-newlib/m68k-elf-rosco/lib/libc.a(libc_a-fvwrite.o)
 .debug_info    0x0000959d      0x7d6 /home/lovro/opt/cross-newlib/m68k-elf-rosco/lib/libc.a(libc_a-fwalk.o)
 .debug_info    0x00009d73      0xa5e /home/lovro/opt/cross-newlib/m68k-elf-rosco/lib/libc.a(libc_a-perror.o)
 .debug_info    0x0000a7d1      0x82a /home/lovro/opt/cross-newlib/m68k-elf-rosco/lib/libc.a(libc_a-printf.o)
 .debug_info    0x0000affb      0x8d9 /home/lovro/opt/cross-newlib/m68k-elf-rosco/lib/libc.a(libc_a-puts.o)
 .debug_info    0x0000b8d4      0x9ff /home/lovro/opt/cross-newlib/m68k-elf-rosco/lib/libc.a(libc_a-stdio.o)
 .debug_info    0x0000c2d3      0x7b9 /home/lovro/opt/cross-newlib/m68k-elf-rosco/lib/libc.a(libc_a-wsetup.o)
 .debug_info    0x0000ca8c      0xbdc /home/lovro/opt/cross-newlib/m68k-elf-rosco/lib/libc.a(libc_a-fseeko.o)
 .debug_info    0x0000d668      0x142 /home/lovro/opt/cross-newlib/m68k-elf-rosco/lib/libc.a(libc_a-memchr.o)
 .debug_info    0x0000d7aa      0x144 /home/lovro/opt/cross-newlib/m68k-elf-rosco/lib/libc.a(libc_a-memmove.o)
 .debug_info    0x0000d8ee      0x83f /home/lovro/opt/cross-newlib/m68k-elf-rosco/lib/libc.a(libc_a-strerror.o)
 .debug_info    0x0000e12d      0x108 /home/lovro/opt/cross-newlib/m68k-elf-rosco/lib/libc.a(libc_a-strncmp.o)
 .debug_info    0x0000e235       0x84 /home/lovro/opt/cross-newlib/m68k-elf-rosco/lib/libc.a(libc_a-u_strerr.o)
 .debug_info    0x0000e2b9      0x735 /home/lovro/opt/cross-newlib/m68k-elf-rosco/lib/libc.a(libc_a-impure.o)
 .debug_info    0x0000e9ee       0xdb /home/lovro/opt/cross-newlib/m68k-elf-rosco/lib/libc.a(libc_a-strlen.o)
 .debug_info    0x0000eac9       0x24 /home/lovro/opt/cross-newlib/m68k-elf-rosco/lib/libc.a(libc_a-memcpy.o)
 .debug_info    0x0000eaed       0x24 /home/lovro/opt/cross-newlib/m68k-elf-rosco/lib/libc.a(libc_a-memset.o)
 .debug_info    0x0000eb11      0x747 /home/lovro/opt/cross-newlib/m68k-elf-rosco/lib/libc.a(libc_a-envlock.o)
 .debug_info    0x0000f258      0xac7 /home/lovro/opt/cross-newlib/m68k-elf-rosco/lib/libc.a(libc_a-freer.o)
 .debug_info    0x0000fd1f      0xb69 /home/lovro/opt/cross-newlib/m68k-elf-rosco/lib/libc.a(libc_a-reallocr.o)
 .debug_info    0x00010888     0x157f /home/lovro/opt/cross-newlib/m68k-elf-rosco/lib/libc.a(libc_a-vfprintf.o)
 .debug_info    0x00011e07      0x7fc /home/lovro/opt/cross-newlib/m68k-elf-rosco/lib/libc.a(libc_a-sprint_r.o)
 .debug_info    0x00012603      0x781 /home/lovro/opt/cross-newlib/m68k-elf-rosco/lib/libc.a(libc_a-fileno.o)
 .debug_info    0x00012d84      0x777 /home/lovro/opt/cross-newlib/m68k-elf-rosco/lib/libc.a(libc_a-flags.o)
 .debug_info    0x000134fb      0xa92 /home/lovro/opt/cross-newlib/m68k-elf-rosco/lib/libc.a(libc_a-makebuf.o)
 .debug_info    0x00013f8d      0x931 /home/lovro/opt/cross-newlib/m68k-elf-rosco/lib/libc.a(libc_a-refill.o)
 .debug_info    0x000148be      0xa2e /home/lovro/opt/cross-newlib/m68k-elf-rosco/lib/libc.a(libc_a-localeconv.o)
 .debug_info    0x000152ec     0x1513 /home/lovro/opt/cross-newlib/m68k-elf-rosco/lib/libc.a(libc_a-dtoa.o)
 .debug_info    0x000167ff     0x1b90 /home/lovro/opt/cross-newlib/m68k-elf-rosco/lib/libc.a(libc_a-mprec.o)
 .debug_info    0x0001838f      0xb5a /home/lovro/opt/cross-newlib/m68k-elf-rosco/lib/libc.a(libc_a-locale.o)
 .debug_info    0x00018ee9      0x7ef /home/lovro/opt/cross-newlib/m68k-elf-rosco/lib/libc.a(libc_a-assert.o)
 .debug_info    0x000196d8      0x8af /home/lovro/opt/cross-newlib/m68k-elf-rosco/lib/libc.a(libc_a-callocr.o)
 .debug_info    0x00019f87      0xaa2 /home/lovro/opt/cross-newlib/m68k-elf-rosco/lib/libc.a(libc_a-mbtowc_r.o)
 .debug_info    0x0001aa29      0xa63 /home/lovro/opt/cross-newlib/m68k-elf-rosco/lib/libc.a(libc_a-wctomb_r.o)
 .debug_info    0x0001b48c       0xb9 /home/lovro/opt/cross-newlib/m68k-elf-rosco/lib/libc.a(libc_a-ctype_.o)
 .debug_info    0x0001b545      0x830 /home/lovro/opt/cross-newlib/m68k-elf-rosco/lib/libc.a(libc_a-fiprintf.o)
 .debug_info    0x0001bd75     0x1003 /home/lovro/opt/cross-newlib/m68k-elf-rosco/lib/libc.a(libc_a-vfiprintf.o)
 .debug_info    0x0001cd78      0x71b /home/lovro/opt/cross-newlib/m68k-elf-rosco/lib/libc.a(libc_a-errno.o)
 .debug_info    0x0001d493       0xc8 /home/lovro/opt/cross-newlib/m68k-elf-rosco/lib/libc.a(libc_a-abort.o)
 .debug_info    0x0001d55b      0xb66 /home/lovro/opt/cross-newlib/m68k-elf-rosco/lib/libc.a(libc_a-signal.o)
 .debug_info    0x0001e0c1       0x26 /opt/m68k-toolchain/bin/../lib/gcc/m68k-elf/6.3.0/libgcc.a(_mulsi3.o)
 .debug_info    0x0001e0e7       0x26 /opt/m68k-toolchain/bin/../lib/gcc/m68k-elf/6.3.0/libgcc.a(_udivsi3.o)
 .debug_info    0x0001e10d       0x26 /opt/m68k-toolchain/bin/../lib/gcc/m68k-elf/6.3.0/libgcc.a(_divsi3.o)
 .debug_info    0x0001e133       0x26 /opt/m68k-toolchain/bin/../lib/gcc/m68k-elf/6.3.0/libgcc.a(_umodsi3.o)
 .debug_info    0x0001e159       0x26 /opt/m68k-toolchain/bin/../lib/gcc/m68k-elf/6.3.0/libgcc.a(_modsi3.o)
 .debug_info    0x0001e17f       0x26 /opt/m68k-toolchain/bin/../lib/gcc/m68k-elf/6.3.0/libgcc.a(_double.o)
 .debug_info    0x0001e1a5       0x26 /opt/m68k-toolchain/bin/../lib/gcc/m68k-elf/6.3.0/libgcc.a(_floatex.o)
 .debug_info    0x0001e1cb       0x26 /opt/m68k-toolchain/bin/../lib/gcc/m68k-elf/6.3.0/libgcc.a(_eqdf2.o)
 .debug_info    0x0001e1f1       0x26 /opt/m68k-toolchain/bin/../lib/gcc/m68k-elf/6.3.0/libgcc.a(_nedf2.o)
 .debug_info    0x0001e217       0x26 /opt/m68k-toolchain/bin/../lib/gcc/m68k-elf/6.3.0/libgcc.a(_gtdf2.o)
 .debug_info    0x0001e23d       0x26 /opt/m68k-toolchain/bin/../lib/gcc/m68k-elf/6.3.0/libgcc.a(_ltdf2.o)
 .debug_info    0x0001e263       0x26 /opt/m68k-toolchain/bin/../lib/gcc/m68k-elf/6.3.0/libgcc.a(_ledf2.o)
 .debug_info    0x0001e289      0x44e /opt/m68k-toolchain/bin/../lib/gcc/m68k-elf/6.3.0/libgcc.a(fpgnulib.o)
 .debug_info    0x0001e6d7      0x655 /opt/m68k-toolchain/bin/../lib/gcc/m68k-elf/6.3.0/libgcc.a(xfgnulib.o)

.debug_abbrev   0x00000000     0x785d
 *(.debug_abbrev)
 .debug_abbrev  0x00000000       0x14 ../bin/crt0.o
 .debug_abbrev  0x00000014      0x20a ../bin/main.o
 .debug_abbrev  0x0000021e      0x2c0 ../bin/amix-syscalls.o
 .debug_abbrev  0x000004de      0x213 ../bin/amix_sys.o
 .debug_abbrev  0x000006f1       0x14 ../bin/syscalls_asm.o
 .debug_abbrev  0x00000705      0x20e /home/lovro/opt/cross-newlib/m68k-elf-rosco/lib/libc.a(libc_a-getenv.o)
 .debug_abbrev  0x00000913      0x240 /home/lovro/opt/cross-newlib/m68k-elf-rosco/lib/libc.a(libc_a-getenv_r.o)
 .debug_abbrev  0x00000b53      0x1fc /home/lovro/opt/cross-newlib/m68k-elf-rosco/lib/libc.a(libc_a-malloc.o)
 .debug_abbrev  0x00000d4f      0x2c8 /home/lovro/opt/cross-newlib/m68k-elf-rosco/lib/libc.a(libc_a-mallocr.o)
 .debug_abbrev  0x00001017      0x1ce /home/lovro/opt/cross-newlib/m68k-elf-rosco/lib/libc.a(libc_a-mlock.o)
 .debug_abbrev  0x000011e5      0x2c1 /home/lovro/opt/cross-newlib/m68k-elf-rosco/lib/libc.a(libc_a-fclose.o)
 .debug_abbrev  0x000014a6      0x311 /home/lovro/opt/cross-newlib/m68k-elf-rosco/lib/libc.a(libc_a-fflush.o)
 .debug_abbrev  0x000017b7      0x41c /home/lovro/opt/cross-newlib/m68k-elf-rosco/lib/libc.a(libc_a-findfp.o)
 .debug_abbrev  0x00001bd3      0x281 /home/lovro/opt/cross-newlib/m68k-elf-rosco/lib/libc.a(libc_a-fopen.o)
 .debug_abbrev  0x00001e54      0x24f /home/lovro/opt/cross-newlib/m68k-elf-rosco/lib/libc.a(libc_a-fputs.o)
 .debug_abbrev  0x000020a3      0x26c /home/lovro/opt/cross-newlib/m68k-elf-rosco/lib/libc.a(libc_a-fseek.o)
 .debug_abbrev  0x0000230f      0x23e /home/lovro/opt/cross-newlib/m68k-elf-rosco/lib/libc.a(libc_a-fvwrite.o)
 .debug_abbrev  0x0000254d      0x1d6 /home/lovro/opt/cross-newlib/m68k-elf-rosco/lib/libc.a(libc_a-fwalk.o)
 .debug_abbrev  0x00002723      0x27b /home/lovro/opt/cross-newlib/m68k-elf-rosco/lib/libc.a(libc_a-perror.o)
 .debug_abbrev  0x0000299e      0x227 /home/lovro/opt/cross-newlib/m68k-elf-rosco/lib/libc.a(libc_a-printf.o)
 .debug_abbrev  0x00002bc5      0x265 /home/lovro/opt/cross-newlib/m68k-elf-rosco/lib/libc.a(libc_a-puts.o)
 .debug_abbrev  0x00002e2a      0x243 /home/lovro/opt/cross-newlib/m68k-elf-rosco/lib/libc.a(libc_a-stdio.o)
 .debug_abbrev  0x0000306d      0x1fe /home/lovro/opt/cross-newlib/m68k-elf-rosco/lib/libc.a(libc_a-wsetup.o)
 .debug_abbrev  0x0000326b      0x2cc /home/lovro/opt/cross-newlib/m68k-elf-rosco/lib/libc.a(libc_a-fseeko.o)
 .debug_abbrev  0x00003537       0xd4 /home/lovro/opt/cross-newlib/m68k-elf-rosco/lib/libc.a(libc_a-memchr.o)
 .debug_abbrev  0x0000360b       0xc3 /home/lovro/opt/cross-newlib/m68k-elf-rosco/lib/libc.a(libc_a-memmove.o)
 .debug_abbrev  0x000036ce      0x227 /home/lovro/opt/cross-newlib/m68k-elf-rosco/lib/libc.a(libc_a-strerror.o)
 .debug_abbrev  0x000038f5       0x92 /home/lovro/opt/cross-newlib/m68k-elf-rosco/lib/libc.a(libc_a-strncmp.o)
 .debug_abbrev  0x00003987       0x63 /home/lovro/opt/cross-newlib/m68k-elf-rosco/lib/libc.a(libc_a-u_strerr.o)
 .debug_abbrev  0x000039ea      0x185 /home/lovro/opt/cross-newlib/m68k-elf-rosco/lib/libc.a(libc_a-impure.o)
 .debug_abbrev  0x00003b6f       0x8a /home/lovro/opt/cross-newlib/m68k-elf-rosco/lib/libc.a(libc_a-strlen.o)
 .debug_abbrev  0x00003bf9       0x14 /home/lovro/opt/cross-newlib/m68k-elf-rosco/lib/libc.a(libc_a-memcpy.o)
 .debug_abbrev  0x00003c0d       0x14 /home/lovro/opt/cross-newlib/m68k-elf-rosco/lib/libc.a(libc_a-memset.o)
 .debug_abbrev  0x00003c21      0x1ce /home/lovro/opt/cross-newlib/m68k-elf-rosco/lib/libc.a(libc_a-envlock.o)
 .debug_abbrev  0x00003def      0x274 /home/lovro/opt/cross-newlib/m68k-elf-rosco/lib/libc.a(libc_a-freer.o)
 .debug_abbrev  0x00004063      0x256 /home/lovro/opt/cross-newlib/m68k-elf-rosco/lib/libc.a(libc_a-reallocr.o)
 .debug_abbrev  0x000042b9      0x4cf /home/lovro/opt/cross-newlib/m68k-elf-rosco/lib/libc.a(libc_a-vfprintf.o)
 .debug_abbrev  0x00004788      0x1d1 /home/lovro/opt/cross-newlib/m68k-elf-rosco/lib/libc.a(libc_a-sprint_r.o)
 .debug_abbrev  0x00004959      0x1e7 /home/lovro/opt/cross-newlib/m68k-elf-rosco/lib/libc.a(libc_a-fileno.o)
 .debug_abbrev  0x00004b40      0x1d5 /home/lovro/opt/cross-newlib/m68k-elf-rosco/lib/libc.a(libc_a-flags.o)
 .debug_abbrev  0x00004d15      0x260 /home/lovro/opt/cross-newlib/m68k-elf-rosco/lib/libc.a(libc_a-makebuf.o)
 .debug_abbrev  0x00004f75      0x2a7 /home/lovro/opt/cross-newlib/m68k-elf-rosco/lib/libc.a(libc_a-refill.o)
 .debug_abbrev  0x0000521c      0x264 /home/lovro/opt/cross-newlib/m68k-elf-rosco/lib/libc.a(libc_a-localeconv.o)
 .debug_abbrev  0x00005480      0x365 /home/lovro/opt/cross-newlib/m68k-elf-rosco/lib/libc.a(libc_a-dtoa.o)
 .debug_abbrev  0x000057e5      0x529 /home/lovro/opt/cross-newlib/m68k-elf-rosco/lib/libc.a(libc_a-mprec.o)
 .debug_abbrev  0x00005d0e      0x2cb /home/lovro/opt/cross-newlib/m68k-elf-rosco/lib/libc.a(libc_a-locale.o)
 .debug_abbrev  0x00005fd9      0x206 /home/lovro/opt/cross-newlib/m68k-elf-rosco/lib/libc.a(libc_a-assert.o)
 .debug_abbrev  0x000061df      0x238 /home/lovro/opt/cross-newlib/m68k-elf-rosco/lib/libc.a(libc_a-callocr.o)
 .debug_abbrev  0x00006417      0x252 /home/lovro/opt/cross-newlib/m68k-elf-rosco/lib/libc.a(libc_a-mbtowc_r.o)
 .debug_abbrev  0x00006669      0x226 /home/lovro/opt/cross-newlib/m68k-elf-rosco/lib/libc.a(libc_a-wctomb_r.o)
 .debug_abbrev  0x0000688f       0x62 /home/lovro/opt/cross-newlib/m68k-elf-rosco/lib/libc.a(libc_a-ctype_.o)
 .debug_abbrev  0x000068f1      0x221 /home/lovro/opt/cross-newlib/m68k-elf-rosco/lib/libc.a(libc_a-fiprintf.o)
 .debug_abbrev  0x00006b12      0x3e2 /home/lovro/opt/cross-newlib/m68k-elf-rosco/lib/libc.a(libc_a-vfiprintf.o)
 .debug_abbrev  0x00006ef4      0x19a /home/lovro/opt/cross-newlib/m68k-elf-rosco/lib/libc.a(libc_a-errno.o)
 .debug_abbrev  0x0000708e       0x85 /home/lovro/opt/cross-newlib/m68k-elf-rosco/lib/libc.a(libc_a-abort.o)
 .debug_abbrev  0x00007113      0x2fa /home/lovro/opt/cross-newlib/m68k-elf-rosco/lib/libc.a(libc_a-signal.o)
 .debug_abbrev  0x0000740d       0x14 /opt/m68k-toolchain/bin/../lib/gcc/m68k-elf/6.3.0/libgcc.a(_mulsi3.o)
 .debug_abbrev  0x00007421       0x14 /opt/m68k-toolchain/bin/../lib/gcc/m68k-elf/6.3.0/libgcc.a(_udivsi3.o)
 .debug_abbrev  0x00007435       0x14 /opt/m68k-toolchain/bin/../lib/gcc/m68k-elf/6.3.0/libgcc.a(_divsi3.o)
 .debug_abbrev  0x00007449       0x14 /opt/m68k-toolchain/bin/../lib/gcc/m68k-elf/6.3.0/libgcc.a(_umodsi3.o)
 .debug_abbrev  0x0000745d       0x14 /opt/m68k-toolchain/bin/../lib/gcc/m68k-elf/6.3.0/libgcc.a(_modsi3.o)
 .debug_abbrev  0x00007471       0x14 /opt/m68k-toolchain/bin/../lib/gcc/m68k-elf/6.3.0/libgcc.a(_double.o)
 .debug_abbrev  0x00007485       0x14 /opt/m68k-toolchain/bin/../lib/gcc/m68k-elf/6.3.0/libgcc.a(_floatex.o)
 .debug_abbrev  0x00007499       0x14 /opt/m68k-toolchain/bin/../lib/gcc/m68k-elf/6.3.0/libgcc.a(_eqdf2.o)
 .debug_abbrev  0x000074ad       0x14 /opt/m68k-toolchain/bin/../lib/gcc/m68k-elf/6.3.0/libgcc.a(_nedf2.o)
 .debug_abbrev  0x000074c1       0x14 /opt/m68k-toolchain/bin/../lib/gcc/m68k-elf/6.3.0/libgcc.a(_gtdf2.o)
 .debug_abbrev  0x000074d5       0x14 /opt/m68k-toolchain/bin/../lib/gcc/m68k-elf/6.3.0/libgcc.a(_ltdf2.o)
 .debug_abbrev  0x000074e9       0x14 /opt/m68k-toolchain/bin/../lib/gcc/m68k-elf/6.3.0/libgcc.a(_ledf2.o)
 .debug_abbrev  0x000074fd      0x1e1 /opt/m68k-toolchain/bin/../lib/gcc/m68k-elf/6.3.0/libgcc.a(fpgnulib.o)
 .debug_abbrev  0x000076de      0x17f /opt/m68k-toolchain/bin/../lib/gcc/m68k-elf/6.3.0/libgcc.a(xfgnulib.o)

.debug_line     0x00000000     0xebf2
 *(.debug_line)
 .debug_line    0x00000000       0x56 ../bin/crt0.o
 .debug_line    0x00000056      0x178 ../bin/main.o
 .debug_line    0x000001ce      0x2df ../bin/amix-syscalls.o
 .debug_line    0x000004ad      0x193 ../bin/amix_sys.o
 .debug_line    0x00000640       0xa5 ../bin/syscalls_asm.o
 .debug_line    0x000006e5      0x184 /home/lovro/opt/cross-newlib/m68k-elf-rosco/lib/libc.a(libc_a-getenv.o)
 .debug_line    0x00000869      0x24d /home/lovro/opt/cross-newlib/m68k-elf-rosco/lib/libc.a(libc_a-getenv_r.o)
 .debug_line    0x00000ab6      0x17b /home/lovro/opt/cross-newlib/m68k-elf-rosco/lib/libc.a(libc_a-malloc.o)
 .debug_line    0x00000c31      0x995 /home/lovro/opt/cross-newlib/m68k-elf-rosco/lib/libc.a(libc_a-mallocr.o)
 .debug_line    0x000015c6      0x16c /home/lovro/opt/cross-newlib/m68k-elf-rosco/lib/libc.a(libc_a-mlock.o)
 .debug_line    0x00001732      0x271 /home/lovro/opt/cross-newlib/m68k-elf-rosco/lib/libc.a(libc_a-fclose.o)
 .debug_line    0x000019a3      0x475 /home/lovro/opt/cross-newlib/m68k-elf-rosco/lib/libc.a(libc_a-fflush.o)
 .debug_line    0x00001e18      0x5db /home/lovro/opt/cross-newlib/m68k-elf-rosco/lib/libc.a(libc_a-findfp.o)
 .debug_line    0x000023f3      0x241 /home/lovro/opt/cross-newlib/m68k-elf-rosco/lib/libc.a(libc_a-fopen.o)
 .debug_line    0x00002634      0x230 /home/lovro/opt/cross-newlib/m68k-elf-rosco/lib/libc.a(libc_a-fputs.o)
 .debug_line    0x00002864      0x18e /home/lovro/opt/cross-newlib/m68k-elf-rosco/lib/libc.a(libc_a-fseek.o)
 .debug_line    0x000029f2      0x5f1 /home/lovro/opt/cross-newlib/m68k-elf-rosco/lib/libc.a(libc_a-fvwrite.o)
 .debug_line    0x00002fe3      0x1c1 /home/lovro/opt/cross-newlib/m68k-elf-rosco/lib/libc.a(libc_a-fwalk.o)
 .debug_line    0x000031a4      0x2f6 /home/lovro/opt/cross-newlib/m68k-elf-rosco/lib/libc.a(libc_a-perror.o)
 .debug_line    0x0000349a      0x1b5 /home/lovro/opt/cross-newlib/m68k-elf-rosco/lib/libc.a(libc_a-printf.o)
 .debug_line    0x0000364f      0x265 /home/lovro/opt/cross-newlib/m68k-elf-rosco/lib/libc.a(libc_a-puts.o)
 .debug_line    0x000038b4      0x270 /home/lovro/opt/cross-newlib/m68k-elf-rosco/lib/libc.a(libc_a-stdio.o)
 .debug_line    0x00003b24      0x2c2 /home/lovro/opt/cross-newlib/m68k-elf-rosco/lib/libc.a(libc_a-wsetup.o)
 .debug_line    0x00003de6      0x68c /home/lovro/opt/cross-newlib/m68k-elf-rosco/lib/libc.a(libc_a-fseeko.o)
 .debug_line    0x00004472      0x1a2 /home/lovro/opt/cross-newlib/m68k-elf-rosco/lib/libc.a(libc_a-memchr.o)
 .debug_line    0x00004614      0x1ed /home/lovro/opt/cross-newlib/m68k-elf-rosco/lib/libc.a(libc_a-memmove.o)
 .debug_line    0x00004801      0x771 /home/lovro/opt/cross-newlib/m68k-elf-rosco/lib/libc.a(libc_a-strerror.o)
 .debug_line    0x00004f72      0x1e6 /home/lovro/opt/cross-newlib/m68k-elf-rosco/lib/libc.a(libc_a-strncmp.o)
 .debug_line    0x00005158       0x65 /home/lovro/opt/cross-newlib/m68k-elf-rosco/lib/libc.a(libc_a-u_strerr.o)
 .debug_line    0x000051bd       0xf5 /home/lovro/opt/cross-newlib/m68k-elf-rosco/lib/libc.a(libc_a-impure.o)
 .debug_line    0x000052b2      0x106 /home/lovro/opt/cross-newlib/m68k-elf-rosco/lib/libc.a(libc_a-strlen.o)
 .debug_line    0x000053b8       0x69 /home/lovro/opt/cross-newlib/m68k-elf-rosco/lib/libc.a(libc_a-memcpy.o)
 .debug_line    0x00005421       0x6d /home/lovro/opt/cross-newlib/m68k-elf-rosco/lib/libc.a(libc_a-memset.o)
 .debug_line    0x0000548e      0x16e /home/lovro/opt/cross-newlib/m68k-elf-rosco/lib/libc.a(libc_a-envlock.o)
 .debug_line    0x000055fc      0x579 /home/lovro/opt/cross-newlib/m68k-elf-rosco/lib/libc.a(libc_a-freer.o)
 .debug_line    0x00005b75      0x905 /home/lovro/opt/cross-newlib/m68k-elf-rosco/lib/libc.a(libc_a-reallocr.o)
 .debug_line    0x0000647a     0x1db2 /home/lovro/opt/cross-newlib/m68k-elf-rosco/lib/libc.a(libc_a-vfprintf.o)
 .debug_line    0x0000822c      0x194 /home/lovro/opt/cross-newlib/m68k-elf-rosco/lib/libc.a(libc_a-sprint_r.o)
 .debug_line    0x000083c0      0x1c4 /home/lovro/opt/cross-newlib/m68k-elf-rosco/lib/libc.a(libc_a-fileno.o)
 .debug_line    0x00008584      0x1aa /home/lovro/opt/cross-newlib/m68k-elf-rosco/lib/libc.a(libc_a-flags.o)
 .debug_line    0x0000872e      0x381 /home/lovro/opt/cross-newlib/m68k-elf-rosco/lib/libc.a(libc_a-makebuf.o)
 .debug_line    0x00008aaf      0x356 /home/lovro/opt/cross-newlib/m68k-elf-rosco/lib/libc.a(libc_a-refill.o)
 .debug_line    0x00008e05      0x1aa /home/lovro/opt/cross-newlib/m68k-elf-rosco/lib/libc.a(libc_a-localeconv.o)
 .debug_line    0x00008faf     0x1552 /home/lovro/opt/cross-newlib/m68k-elf-rosco/lib/libc.a(libc_a-dtoa.o)
 .debug_line    0x0000a501     0x1442 /home/lovro/opt/cross-newlib/m68k-elf-rosco/lib/libc.a(libc_a-mprec.o)
 .debug_line    0x0000b943      0x292 /home/lovro/opt/cross-newlib/m68k-elf-rosco/lib/libc.a(libc_a-locale.o)
 .debug_line    0x0000bbd5      0x1bf /home/lovro/opt/cross-newlib/m68k-elf-rosco/lib/libc.a(libc_a-assert.o)
 .debug_line    0x0000bd94      0x2a1 /home/lovro/opt/cross-newlib/m68k-elf-rosco/lib/libc.a(libc_a-callocr.o)
 .debug_line    0x0000c035      0x217 /home/lovro/opt/cross-newlib/m68k-elf-rosco/lib/libc.a(libc_a-mbtowc_r.o)
 .debug_line    0x0000c24c      0x210 /home/lovro/opt/cross-newlib/m68k-elf-rosco/lib/libc.a(libc_a-wctomb_r.o)
 .debug_line    0x0000c45c       0x93 /home/lovro/opt/cross-newlib/m68k-elf-rosco/lib/libc.a(libc_a-ctype_.o)
 .debug_line    0x0000c4ef      0x1a7 /home/lovro/opt/cross-newlib/m68k-elf-rosco/lib/libc.a(libc_a-fiprintf.o)
 .debug_line    0x0000c696     0x10eb /home/lovro/opt/cross-newlib/m68k-elf-rosco/lib/libc.a(libc_a-vfiprintf.o)
 .debug_line    0x0000d781      0x117 /home/lovro/opt/cross-newlib/m68k-elf-rosco/lib/libc.a(libc_a-errno.o)
 .debug_line    0x0000d898      0x107 /home/lovro/opt/cross-newlib/m68k-elf-rosco/lib/libc.a(libc_a-abort.o)
 .debug_line    0x0000d99f      0x6fb /home/lovro/opt/cross-newlib/m68k-elf-rosco/lib/libc.a(libc_a-signal.o)
 .debug_line    0x0000e09a       0x74 /opt/m68k-toolchain/bin/../lib/gcc/m68k-elf/6.3.0/libgcc.a(_mulsi3.o)
 .debug_line    0x0000e10e       0x8d /opt/m68k-toolchain/bin/../lib/gcc/m68k-elf/6.3.0/libgcc.a(_udivsi3.o)
 .debug_line    0x0000e19b       0x7c /opt/m68k-toolchain/bin/../lib/gcc/m68k-elf/6.3.0/libgcc.a(_divsi3.o)
 .debug_line    0x0000e217       0x78 /opt/m68k-toolchain/bin/../lib/gcc/m68k-elf/6.3.0/libgcc.a(_umodsi3.o)
 .debug_line    0x0000e28f       0x78 /opt/m68k-toolchain/bin/../lib/gcc/m68k-elf/6.3.0/libgcc.a(_modsi3.o)
 .debug_line    0x0000e307      0x3eb /opt/m68k-toolchain/bin/../lib/gcc/m68k-elf/6.3.0/libgcc.a(_double.o)
 .debug_line    0x0000e6f2       0x83 /opt/m68k-toolchain/bin/../lib/gcc/m68k-elf/6.3.0/libgcc.a(_floatex.o)
 .debug_line    0x0000e775       0x72 /opt/m68k-toolchain/bin/../lib/gcc/m68k-elf/6.3.0/libgcc.a(_eqdf2.o)
 .debug_line    0x0000e7e7       0x72 /opt/m68k-toolchain/bin/../lib/gcc/m68k-elf/6.3.0/libgcc.a(_nedf2.o)
 .debug_line    0x0000e859       0x72 /opt/m68k-toolchain/bin/../lib/gcc/m68k-elf/6.3.0/libgcc.a(_gtdf2.o)
 .debug_line    0x0000e8cb       0x72 /opt/m68k-toolchain/bin/../lib/gcc/m68k-elf/6.3.0/libgcc.a(_ltdf2.o)
 .debug_line    0x0000e93d       0x72 /opt/m68k-toolchain/bin/../lib/gcc/m68k-elf/6.3.0/libgcc.a(_ledf2.o)
 .debug_line    0x0000e9af      0x16d /opt/m68k-toolchain/bin/../lib/gcc/m68k-elf/6.3.0/libgcc.a(fpgnulib.o)
 .debug_line    0x0000eb1c       0xd6 /opt/m68k-toolchain/bin/../lib/gcc/m68k-elf/6.3.0/libgcc.a(xfgnulib.o)

.debug_str      0x00000000     0x21d7
 *(.debug_str)
 .debug_str     0x00000000       0x42 ../bin/crt0.o
 .debug_str     0x00000042      0x4e8 ../bin/main.o
                                0x5c1 (size before relaxing)
 .debug_str     0x0000052a      0x1f5 ../bin/amix-syscalls.o
                                0x769 (size before relaxing)
 .debug_str     0x0000071f       0xd4 ../bin/amix_sys.o
                                0x5c0 (size before relaxing)
 .debug_str     0x000007f3       0x16 ../bin/syscalls_asm.o
                                 0x4a (size before relaxing)
 .debug_str     0x00000809       0xe0 /home/lovro/opt/cross-newlib/m68k-elf-rosco/lib/libc.a(libc_a-getenv.o)
                                0x4a6 (size before relaxing)
 .debug_str     0x000008e9       0x6a /home/lovro/opt/cross-newlib/m68k-elf-rosco/lib/libc.a(libc_a-getenv_r.o)
                                0x4d9 (size before relaxing)
 .debug_str     0x00000953       0x48 /home/lovro/opt/cross-newlib/m68k-elf-rosco/lib/libc.a(libc_a-malloc.o)
                                0x4b0 (size before relaxing)
 .debug_str     0x0000099b      0x201 /home/lovro/opt/cross-newlib/m68k-elf-rosco/lib/libc.a(libc_a-mallocr.o)
                                0x6ab (size before relaxing)
 .debug_str     0x00000b9c       0x42 /home/lovro/opt/cross-newlib/m68k-elf-rosco/lib/libc.a(libc_a-mlock.o)
                                0x4a9 (size before relaxing)
 .debug_str     0x00000bde       0x7c /home/lovro/opt/cross-newlib/m68k-elf-rosco/lib/libc.a(libc_a-fclose.o)
                                0x4ea (size before relaxing)
 .debug_str     0x00000c5a       0x58 /home/lovro/opt/cross-newlib/m68k-elf-rosco/lib/libc.a(libc_a-fflush.o)
                                0x512 (size before relaxing)
 .debug_str     0x00000cb2      0x180 /home/lovro/opt/cross-newlib/m68k-elf-rosco/lib/libc.a(libc_a-findfp.o)
                                0x693 (size before relaxing)
 .debug_str     0x00000e32       0x4a /home/lovro/opt/cross-newlib/m68k-elf-rosco/lib/libc.a(libc_a-fopen.o)
                                0x510 (size before relaxing)
 .debug_str     0x00000e7c       0x81 /home/lovro/opt/cross-newlib/m68k-elf-rosco/lib/libc.a(libc_a-fputs.o)
                                0x507 (size before relaxing)
 .debug_str     0x00000efd       0x38 /home/lovro/opt/cross-newlib/m68k-elf-rosco/lib/libc.a(libc_a-fseek.o)
                                0x4a9 (size before relaxing)
 .debug_str     0x00000f35       0x6e /home/lovro/opt/cross-newlib/m68k-elf-rosco/lib/libc.a(libc_a-fvwrite.o)
                                0x52f (size before relaxing)
 .debug_str     0x00000fa3       0x28 /home/lovro/opt/cross-newlib/m68k-elf-rosco/lib/libc.a(libc_a-fwalk.o)
                                0x49b (size before relaxing)
 .debug_str     0x00000fcb       0x51 /home/lovro/opt/cross-newlib/m68k-elf-rosco/lib/libc.a(libc_a-perror.o)
                                0x4f9 (size before relaxing)
 .debug_str     0x0000101c       0x60 /home/lovro/opt/cross-newlib/m68k-elf-rosco/lib/libc.a(libc_a-printf.o)
                                0x4c9 (size before relaxing)
 .debug_str     0x0000107c       0x2f /home/lovro/opt/cross-newlib/m68k-elf-rosco/lib/libc.a(libc_a-puts.o)
                                0x504 (size before relaxing)
 .debug_str     0x000010ab       0x33 /home/lovro/opt/cross-newlib/m68k-elf-rosco/lib/libc.a(libc_a-stdio.o)
                                0x4ef (size before relaxing)
 .debug_str     0x000010de       0x36 /home/lovro/opt/cross-newlib/m68k-elf-rosco/lib/libc.a(libc_a-wsetup.o)
                                0x4bc (size before relaxing)
 .debug_str     0x00001114      0x13e /home/lovro/opt/cross-newlib/m68k-elf-rosco/lib/libc.a(libc_a-fseeko.o)
                                0x66b (size before relaxing)
 .debug_str     0x00001252       0x44 /home/lovro/opt/cross-newlib/m68k-elf-rosco/lib/libc.a(libc_a-memchr.o)
                                0x189 (size before relaxing)
 .debug_str     0x00001296       0x4c /home/lovro/opt/cross-newlib/m68k-elf-rosco/lib/libc.a(libc_a-memmove.o)
                                0x1a2 (size before relaxing)
 .debug_str     0x000012e2       0x5d /home/lovro/opt/cross-newlib/m68k-elf-rosco/lib/libc.a(libc_a-strerror.o)
                                0x4dd (size before relaxing)
 .debug_str     0x0000133f       0x2b /home/lovro/opt/cross-newlib/m68k-elf-rosco/lib/libc.a(libc_a-strncmp.o)
                                0x171 (size before relaxing)
 .debug_str     0x0000136a       0x2c /home/lovro/opt/cross-newlib/m68k-elf-rosco/lib/libc.a(libc_a-u_strerr.o)
                                 0xf9 (size before relaxing)
 .debug_str     0x00001396       0x29 /home/lovro/opt/cross-newlib/m68k-elf-rosco/lib/libc.a(libc_a-impure.o)
                                0x490 (size before relaxing)
 .debug_str     0x000013bf       0x30 /home/lovro/opt/cross-newlib/m68k-elf-rosco/lib/libc.a(libc_a-strlen.o)
                                0x175 (size before relaxing)
 .debug_str     0x000013ef       0x3c /home/lovro/opt/cross-newlib/m68k-elf-rosco/lib/libc.a(libc_a-memcpy.o)
                                 0x82 (size before relaxing)
 .debug_str     0x0000142b       0x30 /home/lovro/opt/cross-newlib/m68k-elf-rosco/lib/libc.a(libc_a-memset.o)
                                 0x82 (size before relaxing)
 .debug_str     0x0000145b       0x41 /home/lovro/opt/cross-newlib/m68k-elf-rosco/lib/libc.a(libc_a-envlock.o)
                                0x4a2 (size before relaxing)
 .debug_str     0x0000149c       0x5d /home/lovro/opt/cross-newlib/m68k-elf-rosco/lib/libc.a(libc_a-freer.o)
                                0x5f3 (size before relaxing)
 .debug_str     0x000014f9       0x7a /home/lovro/opt/cross-newlib/m68k-elf-rosco/lib/libc.a(libc_a-reallocr.o)
                                0x57e (size before relaxing)
 .debug_str     0x00001573      0x2e4 /home/lovro/opt/cross-newlib/m68k-elf-rosco/lib/libc.a(libc_a-vfprintf.o)
                                0x906 (size before relaxing)
 .debug_str     0x00001857       0x2b /home/lovro/opt/cross-newlib/m68k-elf-rosco/lib/libc.a(libc_a-sprint_r.o)
                                0x4d4 (size before relaxing)
 .debug_str     0x00001882       0x29 /home/lovro/opt/cross-newlib/m68k-elf-rosco/lib/libc.a(libc_a-fileno.o)
                                0x4a9 (size before relaxing)
 .debug_str     0x000018ab       0x2d /home/lovro/opt/cross-newlib/m68k-elf-rosco/lib/libc.a(libc_a-flags.o)
                                0x484 (size before relaxing)
 .debug_str     0x000018d8       0x4f /home/lovro/opt/cross-newlib/m68k-elf-rosco/lib/libc.a(libc_a-makebuf.o)
                                0x61e (size before relaxing)
 .debug_str     0x00001927       0x3b /home/lovro/opt/cross-newlib/m68k-elf-rosco/lib/libc.a(libc_a-refill.o)
                                0x518 (size before relaxing)
 .debug_str     0x00001962       0x90 /home/lovro/opt/cross-newlib/m68k-elf-rosco/lib/libc.a(libc_a-localeconv.o)
                                0x6d1 (size before relaxing)
 .debug_str     0x000019f2      0x1a2 /home/lovro/opt/cross-newlib/m68k-elf-rosco/lib/libc.a(libc_a-dtoa.o)
                                0x835 (size before relaxing)
 .debug_str     0x00001b94       0x94 /home/lovro/opt/cross-newlib/m68k-elf-rosco/lib/libc.a(libc_a-mprec.o)
                                0x799 (size before relaxing)
 .debug_str     0x00001c28       0x97 /home/lovro/opt/cross-newlib/m68k-elf-rosco/lib/libc.a(libc_a-locale.o)
                                0x70a (size before relaxing)
 .debug_str     0x00001cbf       0x49 /home/lovro/opt/cross-newlib/m68k-elf-rosco/lib/libc.a(libc_a-assert.o)
                                0x4c4 (size before relaxing)
 .debug_str     0x00001d08       0x42 /home/lovro/opt/cross-newlib/m68k-elf-rosco/lib/libc.a(libc_a-callocr.o)
                                0x4dd (size before relaxing)
 .debug_str     0x00001d4a       0x36 /home/lovro/opt/cross-newlib/m68k-elf-rosco/lib/libc.a(libc_a-mbtowc_r.o)
                                0x6b1 (size before relaxing)
 .debug_str     0x00001d80       0x3d /home/lovro/opt/cross-newlib/m68k-elf-rosco/lib/libc.a(libc_a-wctomb_r.o)
                                0x6b8 (size before relaxing)
 .debug_str     0x00001dbd       0x29 /home/lovro/opt/cross-newlib/m68k-elf-rosco/lib/libc.a(libc_a-ctype_.o)
                                0x168 (size before relaxing)
 .debug_str     0x00001de6       0x44 /home/lovro/opt/cross-newlib/m68k-elf-rosco/lib/libc.a(libc_a-fiprintf.o)
                                0x4d0 (size before relaxing)
 .debug_str     0x00001e2a       0x36 /home/lovro/opt/cross-newlib/m68k-elf-rosco/lib/libc.a(libc_a-vfiprintf.o)
                                0x819 (size before relaxing)
 .debug_str     0x00001e60       0x28 /home/lovro/opt/cross-newlib/m68k-elf-rosco/lib/libc.a(libc_a-errno.o)
                                0x485 (size before relaxing)
 .debug_str     0x00001e88       0x2f /home/lovro/opt/cross-newlib/m68k-elf-rosco/lib/libc.a(libc_a-abort.o)
                                0x172 (size before relaxing)
 .debug_str     0x00001eb7       0x7e /home/lovro/opt/cross-newlib/m68k-elf-rosco/lib/libc.a(libc_a-signal.o)
                                0x512 (size before relaxing)
 .debug_str     0x00001f35       0x92 /opt/m68k-toolchain/bin/../lib/gcc/m68k-elf/6.3.0/libgcc.a(_mulsi3.o)
 .debug_str     0x00001fc7       0x92 /opt/m68k-toolchain/bin/../lib/gcc/m68k-elf/6.3.0/libgcc.a(_udivsi3.o)
 .debug_str     0x00001fc7       0x92 /opt/m68k-toolchain/bin/../lib/gcc/m68k-elf/6.3.0/libgcc.a(_divsi3.o)
 .debug_str     0x00001fc7       0x92 /opt/m68k-toolchain/bin/../lib/gcc/m68k-elf/6.3.0/libgcc.a(_umodsi3.o)
 .debug_str     0x00001fc7       0x92 /opt/m68k-toolchain/bin/../lib/gcc/m68k-elf/6.3.0/libgcc.a(_modsi3.o)
 .debug_str     0x00001fc7       0x92 /opt/m68k-toolchain/bin/../lib/gcc/m68k-elf/6.3.0/libgcc.a(_double.o)
 .debug_str     0x00001fc7       0x92 /opt/m68k-toolchain/bin/../lib/gcc/m68k-elf/6.3.0/libgcc.a(_floatex.o)
 .debug_str     0x00001fc7       0x92 /opt/m68k-toolchain/bin/../lib/gcc/m68k-elf/6.3.0/libgcc.a(_eqdf2.o)
 .debug_str     0x00001fc7       0x92 /opt/m68k-toolchain/bin/../lib/gcc/m68k-elf/6.3.0/libgcc.a(_nedf2.o)
 .debug_str     0x00001fc7       0x92 /opt/m68k-toolchain/bin/../lib/gcc/m68k-elf/6.3.0/libgcc.a(_gtdf2.o)
 .debug_str     0x00001fc7       0x92 /opt/m68k-toolchain/bin/../lib/gcc/m68k-elf/6.3.0/libgcc.a(_ltdf2.o)
 .debug_str     0x00001fc7       0x92 /opt/m68k-toolchain/bin/../lib/gcc/m68k-elf/6.3.0/libgcc.a(_ledf2.o)
 .debug_str     0x00001fc7      0x126 /opt/m68k-toolchain/bin/../lib/gcc/m68k-elf/6.3.0/libgcc.a(fpgnulib.o)
                                0x1e1 (size before relaxing)
 .debug_str     0x000020ed       0xea /opt/m68k-toolchain/bin/../lib/gcc/m68k-elf/6.3.0/libgcc.a(xfgnulib.o)
                                0x238 (size before relaxing)

.debug_ranges   0x00000000      0x130
 *(.debug_ranges)
 .debug_ranges  0x00000000       0x10 ../bin/main.o
 .debug_ranges  0x00000010       0x80 ../bin/amix-syscalls.o
 .debug_ranges  0x00000090       0x88 ../bin/amix_sys.o
 .debug_ranges  0x00000118       0x18 /opt/m68k-toolchain/bin/../lib/gcc/m68k-elf/6.3.0/libgcc.a(fpgnulib.o)
OUTPUT(../bin/program.elf elf32-m68k)

.debug_aranges  0x00000000      0xb90
 .debug_aranges
                0x00000000       0x20 ../bin/crt0.o
 .debug_aranges
                0x00000020       0x20 ../bin/main.o
 .debug_aranges
                0x00000040       0x90 ../bin/amix-syscalls.o
 .debug_aranges
                0x000000d0       0x50 ../bin/amix_sys.o
 .debug_aranges
                0x00000120       0x20 ../bin/syscalls_asm.o
 .debug_aranges
                0x00000140       0x28 /home/lovro/opt/cross-newlib/m68k-elf-rosco/lib/libc.a(libc_a-getenv.o)
 .debug_aranges
                0x00000168       0x28 /home/lovro/opt/cross-newlib/m68k-elf-rosco/lib/libc.a(libc_a-getenv_r.o)
 .debug_aranges
                0x00000190       0x28 /home/lovro/opt/cross-newlib/m68k-elf-rosco/lib/libc.a(libc_a-malloc.o)
 .debug_aranges
                0x000001b8       0x20 /home/lovro/opt/cross-newlib/m68k-elf-rosco/lib/libc.a(libc_a-mallocr.o)
 .debug_aranges
                0x000001d8       0x28 /home/lovro/opt/cross-newlib/m68k-elf-rosco/lib/libc.a(libc_a-mlock.o)
 .debug_aranges
                0x00000200       0x28 /home/lovro/opt/cross-newlib/m68k-elf-rosco/lib/libc.a(libc_a-fclose.o)
 .debug_aranges
                0x00000228       0x30 /home/lovro/opt/cross-newlib/m68k-elf-rosco/lib/libc.a(libc_a-fflush.o)
 .debug_aranges
                0x00000258       0x70 /home/lovro/opt/cross-newlib/m68k-elf-rosco/lib/libc.a(libc_a-findfp.o)
 .debug_aranges
                0x000002c8       0x28 /home/lovro/opt/cross-newlib/m68k-elf-rosco/lib/libc.a(libc_a-fopen.o)
 .debug_aranges
                0x000002f0       0x28 /home/lovro/opt/cross-newlib/m68k-elf-rosco/lib/libc.a(libc_a-fputs.o)
 .debug_aranges
                0x00000318       0x28 /home/lovro/opt/cross-newlib/m68k-elf-rosco/lib/libc.a(libc_a-fseek.o)
 .debug_aranges
                0x00000340       0x20 /home/lovro/opt/cross-newlib/m68k-elf-rosco/lib/libc.a(libc_a-fvwrite.o)
 .debug_aranges
                0x00000360       0x20 /home/lovro/opt/cross-newlib/m68k-elf-rosco/lib/libc.a(libc_a-fwalk.o)
 .debug_aranges
                0x00000380       0x28 /home/lovro/opt/cross-newlib/m68k-elf-rosco/lib/libc.a(libc_a-perror.o)
 .debug_aranges
                0x000003a8       0x28 /home/lovro/opt/cross-newlib/m68k-elf-rosco/lib/libc.a(libc_a-printf.o)
 .debug_aranges
                0x000003d0       0x28 /home/lovro/opt/cross-newlib/m68k-elf-rosco/lib/libc.a(libc_a-puts.o)
 .debug_aranges
                0x000003f8       0x40 /home/lovro/opt/cross-newlib/m68k-elf-rosco/lib/libc.a(libc_a-stdio.o)
 .debug_aranges
                0x00000438       0x20 /home/lovro/opt/cross-newlib/m68k-elf-rosco/lib/libc.a(libc_a-wsetup.o)
 .debug_aranges
                0x00000458       0x28 /home/lovro/opt/cross-newlib/m68k-elf-rosco/lib/libc.a(libc_a-fseeko.o)
 .debug_aranges
                0x00000480       0x20 /home/lovro/opt/cross-newlib/m68k-elf-rosco/lib/libc.a(libc_a-memchr.o)
 .debug_aranges
                0x000004a0       0x20 /home/lovro/opt/cross-newlib/m68k-elf-rosco/lib/libc.a(libc_a-memmove.o)
 .debug_aranges
                0x000004c0       0x30 /home/lovro/opt/cross-newlib/m68k-elf-rosco/lib/libc.a(libc_a-strerror.o)
 .debug_aranges
                0x000004f0       0x20 /home/lovro/opt/cross-newlib/m68k-elf-rosco/lib/libc.a(libc_a-strncmp.o)
 .debug_aranges
                0x00000510       0x20 /home/lovro/opt/cross-newlib/m68k-elf-rosco/lib/libc.a(libc_a-u_strerr.o)
 .debug_aranges
                0x00000530       0x18 /home/lovro/opt/cross-newlib/m68k-elf-rosco/lib/libc.a(libc_a-impure.o)
 .debug_aranges
                0x00000548       0x20 /home/lovro/opt/cross-newlib/m68k-elf-rosco/lib/libc.a(libc_a-strlen.o)
 .debug_aranges
                0x00000568       0x20 /home/lovro/opt/cross-newlib/m68k-elf-rosco/lib/libc.a(libc_a-memcpy.o)
 .debug_aranges
                0x00000588       0x20 /home/lovro/opt/cross-newlib/m68k-elf-rosco/lib/libc.a(libc_a-memset.o)
 .debug_aranges
                0x000005a8       0x28 /home/lovro/opt/cross-newlib/m68k-elf-rosco/lib/libc.a(libc_a-envlock.o)
 .debug_aranges
                0x000005d0       0x28 /home/lovro/opt/cross-newlib/m68k-elf-rosco/lib/libc.a(libc_a-freer.o)
 .debug_aranges
                0x000005f8       0x20 /home/lovro/opt/cross-newlib/m68k-elf-rosco/lib/libc.a(libc_a-reallocr.o)
 .debug_aranges
                0x00000618       0x30 /home/lovro/opt/cross-newlib/m68k-elf-rosco/lib/libc.a(libc_a-vfprintf.o)
 .debug_aranges
                0x00000648       0x20 /home/lovro/opt/cross-newlib/m68k-elf-rosco/lib/libc.a(libc_a-sprint_r.o)
 .debug_aranges
                0x00000668       0x20 /home/lovro/opt/cross-newlib/m68k-elf-rosco/lib/libc.a(libc_a-fileno.o)
 .debug_aranges
                0x00000688       0x20 /home/lovro/opt/cross-newlib/m68k-elf-rosco/lib/libc.a(libc_a-flags.o)
 .debug_aranges
                0x000006a8       0x28 /home/lovro/opt/cross-newlib/m68k-elf-rosco/lib/libc.a(libc_a-makebuf.o)
 .debug_aranges
                0x000006d0       0x28 /home/lovro/opt/cross-newlib/m68k-elf-rosco/lib/libc.a(libc_a-refill.o)
 .debug_aranges
                0x000006f8       0x30 /home/lovro/opt/cross-newlib/m68k-elf-rosco/lib/libc.a(libc_a-localeconv.o)
 .debug_aranges
                0x00000728       0x28 /home/lovro/opt/cross-newlib/m68k-elf-rosco/lib/libc.a(libc_a-dtoa.o)
 .debug_aranges
                0x00000750       0xb0 /home/lovro/opt/cross-newlib/m68k-elf-rosco/lib/libc.a(libc_a-mprec.o)
 .debug_aranges
                0x00000800       0x30 /home/lovro/opt/cross-newlib/m68k-elf-rosco/lib/libc.a(libc_a-locale.o)
 .debug_aranges
                0x00000830       0x28 /home/lovro/opt/cross-newlib/m68k-elf-rosco/lib/libc.a(libc_a-assert.o)
 .debug_aranges
                0x00000858       0x20 /home/lovro/opt/cross-newlib/m68k-elf-rosco/lib/libc.a(libc_a-callocr.o)
 .debug_aranges
                0x00000878       0x28 /home/lovro/opt/cross-newlib/m68k-elf-rosco/lib/libc.a(libc_a-mbtowc_r.o)
 .debug_aranges
                0x000008a0       0x28 /home/lovro/opt/cross-newlib/m68k-elf-rosco/lib/libc.a(libc_a-wctomb_r.o)
 .debug_aranges
                0x000008c8       0x18 /home/lovro/opt/cross-newlib/m68k-elf-rosco/lib/libc.a(libc_a-ctype_.o)
 .debug_aranges
                0x000008e0       0x28 /home/lovro/opt/cross-newlib/m68k-elf-rosco/lib/libc.a(libc_a-fiprintf.o)
 .debug_aranges
                0x00000908       0x30 /home/lovro/opt/cross-newlib/m68k-elf-rosco/lib/libc.a(libc_a-vfiprintf.o)
 .debug_aranges
                0x00000938       0x20 /home/lovro/opt/cross-newlib/m68k-elf-rosco/lib/libc.a(libc_a-errno.o)
 .debug_aranges
                0x00000958       0x20 /home/lovro/opt/cross-newlib/m68k-elf-rosco/lib/libc.a(libc_a-abort.o)
 .debug_aranges
                0x00000978       0x58 /home/lovro/opt/cross-newlib/m68k-elf-rosco/lib/libc.a(libc_a-signal.o)
 .debug_aranges
                0x000009d0       0x20 /opt/m68k-toolchain/bin/../lib/gcc/m68k-elf/6.3.0/libgcc.a(_mulsi3.o)
 .debug_aranges
                0x000009f0       0x20 /opt/m68k-toolchain/bin/../lib/gcc/m68k-elf/6.3.0/libgcc.a(_udivsi3.o)
 .debug_aranges
                0x00000a10       0x20 /opt/m68k-toolchain/bin/../lib/gcc/m68k-elf/6.3.0/libgcc.a(_divsi3.o)
 .debug_aranges
                0x00000a30       0x20 /opt/m68k-toolchain/bin/../lib/gcc/m68k-elf/6.3.0/libgcc.a(_umodsi3.o)
 .debug_aranges
                0x00000a50       0x20 /opt/m68k-toolchain/bin/../lib/gcc/m68k-elf/6.3.0/libgcc.a(_modsi3.o)
 .debug_aranges
                0x00000a70       0x20 /opt/m68k-toolchain/bin/../lib/gcc/m68k-elf/6.3.0/libgcc.a(_double.o)
 .debug_aranges
                0x00000a90       0x20 /opt/m68k-toolchain/bin/../lib/gcc/m68k-elf/6.3.0/libgcc.a(_floatex.o)
 .debug_aranges
                0x00000ab0       0x20 /opt/m68k-toolchain/bin/../lib/gcc/m68k-elf/6.3.0/libgcc.a(_eqdf2.o)
 .debug_aranges
                0x00000ad0       0x20 /opt/m68k-toolchain/bin/../lib/gcc/m68k-elf/6.3.0/libgcc.a(_nedf2.o)
 .debug_aranges
                0x00000af0       0x20 /opt/m68k-toolchain/bin/../lib/gcc/m68k-elf/6.3.0/libgcc.a(_gtdf2.o)
 .debug_aranges
                0x00000b10       0x20 /opt/m68k-toolchain/bin/../lib/gcc/m68k-elf/6.3.0/libgcc.a(_ltdf2.o)
 .debug_aranges
                0x00000b30       0x20 /opt/m68k-toolchain/bin/../lib/gcc/m68k-elf/6.3.0/libgcc.a(_ledf2.o)
 .debug_aranges
                0x00000b50       0x20 /opt/m68k-toolchain/bin/../lib/gcc/m68k-elf/6.3.0/libgcc.a(fpgnulib.o)
 .debug_aranges
                0x00000b70       0x20 /opt/m68k-toolchain/bin/../lib/gcc/m68k-elf/6.3.0/libgcc.a(xfgnulib.o)

.debug_loc      0x00000000      0xaab
 .debug_loc     0x00000000       0x47 ../bin/main.o
 .debug_loc     0x00000047      0x318 ../bin/amix-syscalls.o
 .debug_loc     0x0000035f       0x9d ../bin/amix_sys.o
 .debug_loc     0x000003fc      0x558 /opt/m68k-toolchain/bin/../lib/gcc/m68k-elf/6.3.0/libgcc.a(fpgnulib.o)
 .debug_loc     0x00000954      0x157 /opt/m68k-toolchain/bin/../lib/gcc/m68k-elf/6.3.0/libgcc.a(xfgnulib.o)

.comment        0x00000000       0x2c
 .comment       0x00000000       0x11 ../bin/main.o
                                 0x12 (size before relaxing)
 .comment       0x00000011       0x12 ../bin/amix-syscalls.o
 .comment       0x00000011       0x12 ../bin/amix_sys.o
 .comment       0x00000011       0x1b /home/lovro/opt/cross-newlib/m68k-elf-rosco/lib/libc.a(libc_a-getenv.o)
                                 0x1c (size before relaxing)
 .comment       0x0000002c       0x1c /home/lovro/opt/cross-newlib/m68k-elf-rosco/lib/libc.a(libc_a-getenv_r.o)
 .comment       0x0000002c       0x1c /home/lovro/opt/cross-newlib/m68k-elf-rosco/lib/libc.a(libc_a-malloc.o)
 .comment       0x0000002c       0x1c /home/lovro/opt/cross-newlib/m68k-elf-rosco/lib/libc.a(libc_a-mallocr.o)
 .comment       0x0000002c       0x1c /home/lovro/opt/cross-newlib/m68k-elf-rosco/lib/libc.a(libc_a-mlock.o)
 .comment       0x0000002c       0x1c /home/lovro/opt/cross-newlib/m68k-elf-rosco/lib/libc.a(libc_a-fclose.o)
 .comment       0x0000002c       0x1c /home/lovro/opt/cross-newlib/m68k-elf-rosco/lib/libc.a(libc_a-fflush.o)
 .comment       0x0000002c       0x1c /home/lovro/opt/cross-newlib/m68k-elf-rosco/lib/libc.a(libc_a-findfp.o)
 .comment       0x0000002c       0x1c /home/lovro/opt/cross-newlib/m68k-elf-rosco/lib/libc.a(libc_a-fopen.o)
 .comment       0x0000002c       0x1c /home/lovro/opt/cross-newlib/m68k-elf-rosco/lib/libc.a(libc_a-fputs.o)
 .comment       0x0000002c       0x1c /home/lovro/opt/cross-newlib/m68k-elf-rosco/lib/libc.a(libc_a-fseek.o)
 .comment       0x0000002c       0x1c /home/lovro/opt/cross-newlib/m68k-elf-rosco/lib/libc.a(libc_a-fvwrite.o)
 .comment       0x0000002c       0x1c /home/lovro/opt/cross-newlib/m68k-elf-rosco/lib/libc.a(libc_a-fwalk.o)
 .comment       0x0000002c       0x1c /home/lovro/opt/cross-newlib/m68k-elf-rosco/lib/libc.a(libc_a-perror.o)
 .comment       0x0000002c       0x1c /home/lovro/opt/cross-newlib/m68k-elf-rosco/lib/libc.a(libc_a-printf.o)
 .comment       0x0000002c       0x1c /home/lovro/opt/cross-newlib/m68k-elf-rosco/lib/libc.a(libc_a-puts.o)
 .comment       0x0000002c       0x1c /home/lovro/opt/cross-newlib/m68k-elf-rosco/lib/libc.a(libc_a-stdio.o)
 .comment       0x0000002c       0x1c /home/lovro/opt/cross-newlib/m68k-elf-rosco/lib/libc.a(libc_a-wsetup.o)
 .comment       0x0000002c       0x1c /home/lovro/opt/cross-newlib/m68k-elf-rosco/lib/libc.a(libc_a-fseeko.o)
 .comment       0x0000002c       0x1c /home/lovro/opt/cross-newlib/m68k-elf-rosco/lib/libc.a(libc_a-memchr.o)
 .comment       0x0000002c       0x1c /home/lovro/opt/cross-newlib/m68k-elf-rosco/lib/libc.a(libc_a-memmove.o)
 .comment       0x0000002c       0x1c /home/lovro/opt/cross-newlib/m68k-elf-rosco/lib/libc.a(libc_a-strerror.o)
 .comment       0x0000002c       0x1c /home/lovro/opt/cross-newlib/m68k-elf-rosco/lib/libc.a(libc_a-strncmp.o)
 .comment       0x0000002c       0x1c /home/lovro/opt/cross-newlib/m68k-elf-rosco/lib/libc.a(libc_a-u_strerr.o)
 .comment       0x0000002c       0x1c /home/lovro/opt/cross-newlib/m68k-elf-rosco/lib/libc.a(libc_a-impure.o)
 .comment       0x0000002c       0x1c /home/lovro/opt/cross-newlib/m68k-elf-rosco/lib/libc.a(libc_a-strlen.o)
 .comment       0x0000002c       0x1c /home/lovro/opt/cross-newlib/m68k-elf-rosco/lib/libc.a(libc_a-envlock.o)
 .comment       0x0000002c       0x1c /home/lovro/opt/cross-newlib/m68k-elf-rosco/lib/libc.a(libc_a-freer.o)
 .comment       0x0000002c       0x1c /home/lovro/opt/cross-newlib/m68k-elf-rosco/lib/libc.a(libc_a-reallocr.o)
 .comment       0x0000002c       0x1c /home/lovro/opt/cross-newlib/m68k-elf-rosco/lib/libc.a(libc_a-vfprintf.o)
 .comment       0x0000002c       0x1c /home/lovro/opt/cross-newlib/m68k-elf-rosco/lib/libc.a(libc_a-sprint_r.o)
 .comment       0x0000002c       0x1c /home/lovro/opt/cross-newlib/m68k-elf-rosco/lib/libc.a(libc_a-fileno.o)
 .comment       0x0000002c       0x1c /home/lovro/opt/cross-newlib/m68k-elf-rosco/lib/libc.a(libc_a-flags.o)
 .comment       0x0000002c       0x1c /home/lovro/opt/cross-newlib/m68k-elf-rosco/lib/libc.a(libc_a-makebuf.o)
 .comment       0x0000002c       0x1c /home/lovro/opt/cross-newlib/m68k-elf-rosco/lib/libc.a(libc_a-refill.o)
 .comment       0x0000002c       0x1c /home/lovro/opt/cross-newlib/m68k-elf-rosco/lib/libc.a(libc_a-localeconv.o)
 .comment       0x0000002c       0x1c /home/lovro/opt/cross-newlib/m68k-elf-rosco/lib/libc.a(libc_a-dtoa.o)
 .comment       0x0000002c       0x1c /home/lovro/opt/cross-newlib/m68k-elf-rosco/lib/libc.a(libc_a-mprec.o)
 .comment       0x0000002c       0x1c /home/lovro/opt/cross-newlib/m68k-elf-rosco/lib/libc.a(libc_a-locale.o)
 .comment       0x0000002c       0x1c /home/lovro/opt/cross-newlib/m68k-elf-rosco/lib/libc.a(libc_a-assert.o)
 .comment       0x0000002c       0x1c /home/lovro/opt/cross-newlib/m68k-elf-rosco/lib/libc.a(libc_a-callocr.o)
 .comment       0x0000002c       0x1c /home/lovro/opt/cross-newlib/m68k-elf-rosco/lib/libc.a(libc_a-mbtowc_r.o)
 .comment       0x0000002c       0x1c /home/lovro/opt/cross-newlib/m68k-elf-rosco/lib/libc.a(libc_a-wctomb_r.o)
 .comment       0x0000002c       0x1c /home/lovro/opt/cross-newlib/m68k-elf-rosco/lib/libc.a(libc_a-ctype_.o)
 .comment       0x0000002c       0x1c /home/lovro/opt/cross-newlib/m68k-elf-rosco/lib/libc.a(libc_a-fiprintf.o)
 .comment       0x0000002c       0x1c /home/lovro/opt/cross-newlib/m68k-elf-rosco/lib/libc.a(libc_a-vfiprintf.o)
 .comment       0x0000002c       0x1c /home/lovro/opt/cross-newlib/m68k-elf-rosco/lib/libc.a(libc_a-errno.o)
 .comment       0x0000002c       0x1c /home/lovro/opt/cross-newlib/m68k-elf-rosco/lib/libc.a(libc_a-abort.o)
 .comment       0x0000002c       0x1c /home/lovro/opt/cross-newlib/m68k-elf-rosco/lib/libc.a(libc_a-signal.o)
 .comment       0x0000002c       0x12 /opt/m68k-toolchain/bin/../lib/gcc/m68k-elf/6.3.0/libgcc.a(fpgnulib.o)
 .comment       0x0000002c       0x12 /opt/m68k-toolchain/bin/../lib/gcc/m68k-elf/6.3.0/libgcc.a(xfgnulib.o)

.debug_frame    0x00000000     0x1d5c
 .debug_frame   0x00000000       0x34 ../bin/main.o
 .debug_frame   0x00000034      0x1e0 ../bin/amix-syscalls.o
 .debug_frame   0x00000214       0xcc ../bin/amix_sys.o
 .debug_frame   0x000002e0       0x48 /home/lovro/opt/cross-newlib/m68k-elf-rosco/lib/libc.a(libc_a-getenv.o)
 .debug_frame   0x00000328       0x6c /home/lovro/opt/cross-newlib/m68k-elf-rosco/lib/libc.a(libc_a-getenv_r.o)
 .debug_frame   0x00000394       0x4c /home/lovro/opt/cross-newlib/m68k-elf-rosco/lib/libc.a(libc_a-malloc.o)
 .debug_frame   0x000003e0       0xa4 /home/lovro/opt/cross-newlib/m68k-elf-rosco/lib/libc.a(libc_a-mallocr.o)
 .debug_frame   0x00000484       0x34 /home/lovro/opt/cross-newlib/m68k-elf-rosco/lib/libc.a(libc_a-mlock.o)
 .debug_frame   0x000004b8       0x7c /home/lovro/opt/cross-newlib/m68k-elf-rosco/lib/libc.a(libc_a-fclose.o)
 .debug_frame   0x00000534       0xd0 /home/lovro/opt/cross-newlib/m68k-elf-rosco/lib/libc.a(libc_a-fflush.o)
 .debug_frame   0x00000604      0x15c /home/lovro/opt/cross-newlib/m68k-elf-rosco/lib/libc.a(libc_a-findfp.o)
 .debug_frame   0x00000760       0x50 /home/lovro/opt/cross-newlib/m68k-elf-rosco/lib/libc.a(libc_a-fopen.o)
 .debug_frame   0x000007b0       0x4c /home/lovro/opt/cross-newlib/m68k-elf-rosco/lib/libc.a(libc_a-fputs.o)
 .debug_frame   0x000007fc       0x44 /home/lovro/opt/cross-newlib/m68k-elf-rosco/lib/libc.a(libc_a-fseek.o)
 .debug_frame   0x00000840      0x108 /home/lovro/opt/cross-newlib/m68k-elf-rosco/lib/libc.a(libc_a-fvwrite.o)
 .debug_frame   0x00000948       0x3c /home/lovro/opt/cross-newlib/m68k-elf-rosco/lib/libc.a(libc_a-fwalk.o)
 .debug_frame   0x00000984       0x54 /home/lovro/opt/cross-newlib/m68k-elf-rosco/lib/libc.a(libc_a-perror.o)
 .debug_frame   0x000009d8       0x44 /home/lovro/opt/cross-newlib/m68k-elf-rosco/lib/libc.a(libc_a-printf.o)
 .debug_frame   0x00000a1c       0x4c /home/lovro/opt/cross-newlib/m68k-elf-rosco/lib/libc.a(libc_a-puts.o)
 .debug_frame   0x00000a68       0xa8 /home/lovro/opt/cross-newlib/m68k-elf-rosco/lib/libc.a(libc_a-stdio.o)
 .debug_frame   0x00000b10       0x48 /home/lovro/opt/cross-newlib/m68k-elf-rosco/lib/libc.a(libc_a-wsetup.o)
 .debug_frame   0x00000b58       0x5c /home/lovro/opt/cross-newlib/m68k-elf-rosco/lib/libc.a(libc_a-fseeko.o)
 .debug_frame   0x00000bb4       0x30 /home/lovro/opt/cross-newlib/m68k-elf-rosco/lib/libc.a(libc_a-memchr.o)
 .debug_frame   0x00000be4       0x34 /home/lovro/opt/cross-newlib/m68k-elf-rosco/lib/libc.a(libc_a-memmove.o)
 .debug_frame   0x00000c18       0x80 /home/lovro/opt/cross-newlib/m68k-elf-rosco/lib/libc.a(libc_a-strerror.o)
 .debug_frame   0x00000c98       0x30 /home/lovro/opt/cross-newlib/m68k-elf-rosco/lib/libc.a(libc_a-strncmp.o)
 .debug_frame   0x00000cc8       0x24 /home/lovro/opt/cross-newlib/m68k-elf-rosco/lib/libc.a(libc_a-u_strerr.o)
 .debug_frame   0x00000cec       0x24 /home/lovro/opt/cross-newlib/m68k-elf-rosco/lib/libc.a(libc_a-strlen.o)
 .debug_frame   0x00000d10       0x34 /home/lovro/opt/cross-newlib/m68k-elf-rosco/lib/libc.a(libc_a-envlock.o)
 .debug_frame   0x00000d44       0x90 /home/lovro/opt/cross-newlib/m68k-elf-rosco/lib/libc.a(libc_a-freer.o)
 .debug_frame   0x00000dd4       0xc0 /home/lovro/opt/cross-newlib/m68k-elf-rosco/lib/libc.a(libc_a-reallocr.o)
 .debug_frame   0x00000e94       0xa4 /home/lovro/opt/cross-newlib/m68k-elf-rosco/lib/libc.a(libc_a-vfprintf.o)
 .debug_frame   0x00000f38       0x38 /home/lovro/opt/cross-newlib/m68k-elf-rosco/lib/libc.a(libc_a-sprint_r.o)
 .debug_frame   0x00000f70       0x30 /home/lovro/opt/cross-newlib/m68k-elf-rosco/lib/libc.a(libc_a-fileno.o)
 .debug_frame   0x00000fa0       0x30 /home/lovro/opt/cross-newlib/m68k-elf-rosco/lib/libc.a(libc_a-flags.o)
 .debug_frame   0x00000fd0       0x50 /home/lovro/opt/cross-newlib/m68k-elf-rosco/lib/libc.a(libc_a-makebuf.o)
 .debug_frame   0x00001020       0x94 /home/lovro/opt/cross-newlib/m68k-elf-rosco/lib/libc.a(libc_a-refill.o)
 .debug_frame   0x000010b4       0x44 /home/lovro/opt/cross-newlib/m68k-elf-rosco/lib/libc.a(libc_a-localeconv.o)
 .debug_frame   0x000010f8       0x94 /home/lovro/opt/cross-newlib/m68k-elf-rosco/lib/libc.a(libc_a-dtoa.o)
 .debug_frame   0x0000118c      0x3d8 /home/lovro/opt/cross-newlib/m68k-elf-rosco/lib/libc.a(libc_a-mprec.o)
 .debug_frame   0x00001564       0x94 /home/lovro/opt/cross-newlib/m68k-elf-rosco/lib/libc.a(libc_a-locale.o)
 .debug_frame   0x000015f8       0x70 /home/lovro/opt/cross-newlib/m68k-elf-rosco/lib/libc.a(libc_a-assert.o)
 .debug_frame   0x00001668       0x60 /home/lovro/opt/cross-newlib/m68k-elf-rosco/lib/libc.a(libc_a-callocr.o)
 .debug_frame   0x000016c8       0x38 /home/lovro/opt/cross-newlib/m68k-elf-rosco/lib/libc.a(libc_a-mbtowc_r.o)
 .debug_frame   0x00001700       0x34 /home/lovro/opt/cross-newlib/m68k-elf-rosco/lib/libc.a(libc_a-wctomb_r.o)
 .debug_frame   0x00001734       0x44 /home/lovro/opt/cross-newlib/m68k-elf-rosco/lib/libc.a(libc_a-fiprintf.o)
 .debug_frame   0x00001778       0xa4 /home/lovro/opt/cross-newlib/m68k-elf-rosco/lib/libc.a(libc_a-vfiprintf.o)
 .debug_frame   0x0000181c       0x24 /home/lovro/opt/cross-newlib/m68k-elf-rosco/lib/libc.a(libc_a-errno.o)
 .debug_frame   0x00001840       0x2c /home/lovro/opt/cross-newlib/m68k-elf-rosco/lib/libc.a(libc_a-abort.o)
 .debug_frame   0x0000186c      0x154 /home/lovro/opt/cross-newlib/m68k-elf-rosco/lib/libc.a(libc_a-signal.o)
 .debug_frame   0x000019c0      0x134 /opt/m68k-toolchain/bin/../lib/gcc/m68k-elf/6.3.0/libgcc.a(fpgnulib.o)
 .debug_frame   0x00001af4      0x268 /opt/m68k-toolchain/bin/../lib/gcc/m68k-elf/6.3.0/libgcc.a(xfgnulib.o)

.debug_loclists
                0x00000000     0xc0b2
 .debug_loclists
                0x00000000       0x2a /home/lovro/opt/cross-newlib/m68k-elf-rosco/lib/libc.a(libc_a-getenv.o)
 .debug_loclists
                0x0000002a       0x85 /home/lovro/opt/cross-newlib/m68k-elf-rosco/lib/libc.a(libc_a-getenv_r.o)
 .debug_loclists
                0x000000af      0x9ae /home/lovro/opt/cross-newlib/m68k-elf-rosco/lib/libc.a(libc_a-mallocr.o)
 .debug_loclists
                0x00000a5d       0x7a /home/lovro/opt/cross-newlib/m68k-elf-rosco/lib/libc.a(libc_a-fclose.o)
 .debug_loclists
                0x00000ad7      0x168 /home/lovro/opt/cross-newlib/m68k-elf-rosco/lib/libc.a(libc_a-fflush.o)
 .debug_loclists
                0x00000c3f      0x1a1 /home/lovro/opt/cross-newlib/m68k-elf-rosco/lib/libc.a(libc_a-findfp.o)
 .debug_loclists
                0x00000de0      0x15a /home/lovro/opt/cross-newlib/m68k-elf-rosco/lib/libc.a(libc_a-fopen.o)
 .debug_loclists
                0x00000f3a       0xf5 /home/lovro/opt/cross-newlib/m68k-elf-rosco/lib/libc.a(libc_a-fputs.o)
 .debug_loclists
                0x0000102f       0x30 /home/lovro/opt/cross-newlib/m68k-elf-rosco/lib/libc.a(libc_a-fseek.o)
 .debug_loclists
                0x0000105f      0x3f9 /home/lovro/opt/cross-newlib/m68k-elf-rosco/lib/libc.a(libc_a-fvwrite.o)
 .debug_loclists
                0x00001458       0x74 /home/lovro/opt/cross-newlib/m68k-elf-rosco/lib/libc.a(libc_a-fwalk.o)
 .debug_loclists
                0x000014cc      0x185 /home/lovro/opt/cross-newlib/m68k-elf-rosco/lib/libc.a(libc_a-perror.o)
 .debug_loclists
                0x00001651       0x9f /home/lovro/opt/cross-newlib/m68k-elf-rosco/lib/libc.a(libc_a-printf.o)
 .debug_loclists
                0x000016f0       0xe8 /home/lovro/opt/cross-newlib/m68k-elf-rosco/lib/libc.a(libc_a-puts.o)
 .debug_loclists
                0x000017d8       0x9a /home/lovro/opt/cross-newlib/m68k-elf-rosco/lib/libc.a(libc_a-stdio.o)
 .debug_loclists
                0x00001872       0x22 /home/lovro/opt/cross-newlib/m68k-elf-rosco/lib/libc.a(libc_a-wsetup.o)
 .debug_loclists
                0x00001894      0x30b /home/lovro/opt/cross-newlib/m68k-elf-rosco/lib/libc.a(libc_a-fseeko.o)
 .debug_loclists
                0x00001b9f       0xf7 /home/lovro/opt/cross-newlib/m68k-elf-rosco/lib/libc.a(libc_a-memchr.o)
 .debug_loclists
                0x00001c96      0x2cf /home/lovro/opt/cross-newlib/m68k-elf-rosco/lib/libc.a(libc_a-memmove.o)
 .debug_loclists
                0x00001f65      0x4a1 /home/lovro/opt/cross-newlib/m68k-elf-rosco/lib/libc.a(libc_a-strerror.o)
 .debug_loclists
                0x00002406      0x10c /home/lovro/opt/cross-newlib/m68k-elf-rosco/lib/libc.a(libc_a-strncmp.o)
 .debug_loclists
                0x00002512       0x2d /home/lovro/opt/cross-newlib/m68k-elf-rosco/lib/libc.a(libc_a-strlen.o)
 .debug_loclists
                0x0000253f      0x402 /home/lovro/opt/cross-newlib/m68k-elf-rosco/lib/libc.a(libc_a-freer.o)
 .debug_loclists
                0x00002941     0x1165 /home/lovro/opt/cross-newlib/m68k-elf-rosco/lib/libc.a(libc_a-reallocr.o)
 .debug_loclists
                0x00003aa6     0x2a58 /home/lovro/opt/cross-newlib/m68k-elf-rosco/lib/libc.a(libc_a-vfprintf.o)
 .debug_loclists
                0x000064fe       0x21 /home/lovro/opt/cross-newlib/m68k-elf-rosco/lib/libc.a(libc_a-sprint_r.o)
 .debug_loclists
                0x0000651f       0x36 /home/lovro/opt/cross-newlib/m68k-elf-rosco/lib/libc.a(libc_a-fileno.o)
 .debug_loclists
                0x00006555       0xd3 /home/lovro/opt/cross-newlib/m68k-elf-rosco/lib/libc.a(libc_a-flags.o)
 .debug_loclists
                0x00006628      0x1f5 /home/lovro/opt/cross-newlib/m68k-elf-rosco/lib/libc.a(libc_a-makebuf.o)
 .debug_loclists
                0x0000681d       0x68 /home/lovro/opt/cross-newlib/m68k-elf-rosco/lib/libc.a(libc_a-refill.o)
 .debug_loclists
                0x00006885       0x26 /home/lovro/opt/cross-newlib/m68k-elf-rosco/lib/libc.a(libc_a-localeconv.o)
 .debug_loclists
                0x000068ab     0x2468 /home/lovro/opt/cross-newlib/m68k-elf-rosco/lib/libc.a(libc_a-dtoa.o)
 .debug_loclists
                0x00008d13     0x18b9 /home/lovro/opt/cross-newlib/m68k-elf-rosco/lib/libc.a(libc_a-mprec.o)
 .debug_loclists
                0x0000a5cc       0x34 /home/lovro/opt/cross-newlib/m68k-elf-rosco/lib/libc.a(libc_a-locale.o)
 .debug_loclists
                0x0000a600      0x200 /home/lovro/opt/cross-newlib/m68k-elf-rosco/lib/libc.a(libc_a-callocr.o)
 .debug_loclists
                0x0000a800       0x3b /home/lovro/opt/cross-newlib/m68k-elf-rosco/lib/libc.a(libc_a-mbtowc_r.o)
 .debug_loclists
                0x0000a83b       0x3f /home/lovro/opt/cross-newlib/m68k-elf-rosco/lib/libc.a(libc_a-wctomb_r.o)
 .debug_loclists
                0x0000a87a       0xe0 /home/lovro/opt/cross-newlib/m68k-elf-rosco/lib/libc.a(libc_a-fiprintf.o)
 .debug_loclists
                0x0000a95a     0x1571 /home/lovro/opt/cross-newlib/m68k-elf-rosco/lib/libc.a(libc_a-vfiprintf.o)
 .debug_loclists
                0x0000becb      0x1e7 /home/lovro/opt/cross-newlib/m68k-elf-rosco/lib/libc.a(libc_a-signal.o)

.debug_rnglists
                0x00000000      0x9c2
 .debug_rnglists
                0x00000000       0x19 /home/lovro/opt/cross-newlib/m68k-elf-rosco/lib/libc.a(libc_a-getenv.o)
 .debug_rnglists
                0x00000019       0x1a /home/lovro/opt/cross-newlib/m68k-elf-rosco/lib/libc.a(libc_a-getenv_r.o)
 .debug_rnglists
                0x00000033       0x19 /home/lovro/opt/cross-newlib/m68k-elf-rosco/lib/libc.a(libc_a-malloc.o)
 .debug_rnglists
                0x0000004c       0x3c /home/lovro/opt/cross-newlib/m68k-elf-rosco/lib/libc.a(libc_a-mallocr.o)
 .debug_rnglists
                0x00000088       0x19 /home/lovro/opt/cross-newlib/m68k-elf-rosco/lib/libc.a(libc_a-mlock.o)
 .debug_rnglists
                0x000000a1       0x35 /home/lovro/opt/cross-newlib/m68k-elf-rosco/lib/libc.a(libc_a-fclose.o)
 .debug_rnglists
                0x000000d6       0x6f /home/lovro/opt/cross-newlib/m68k-elf-rosco/lib/libc.a(libc_a-fflush.o)
 .debug_rnglists
                0x00000145       0x6b /home/lovro/opt/cross-newlib/m68k-elf-rosco/lib/libc.a(libc_a-findfp.o)
 .debug_rnglists
                0x000001b0       0x1a /home/lovro/opt/cross-newlib/m68k-elf-rosco/lib/libc.a(libc_a-fopen.o)
 .debug_rnglists
                0x000001ca       0x26 /home/lovro/opt/cross-newlib/m68k-elf-rosco/lib/libc.a(libc_a-fputs.o)
 .debug_rnglists
                0x000001f0       0x19 /home/lovro/opt/cross-newlib/m68k-elf-rosco/lib/libc.a(libc_a-fseek.o)
 .debug_rnglists
                0x00000209       0x30 /home/lovro/opt/cross-newlib/m68k-elf-rosco/lib/libc.a(libc_a-fvwrite.o)
 .debug_rnglists
                0x00000239       0x13 /home/lovro/opt/cross-newlib/m68k-elf-rosco/lib/libc.a(libc_a-fwalk.o)
 .debug_rnglists
                0x0000024c       0x28 /home/lovro/opt/cross-newlib/m68k-elf-rosco/lib/libc.a(libc_a-perror.o)
 .debug_rnglists
                0x00000274       0x19 /home/lovro/opt/cross-newlib/m68k-elf-rosco/lib/libc.a(libc_a-printf.o)
 .debug_rnglists
                0x0000028d       0x26 /home/lovro/opt/cross-newlib/m68k-elf-rosco/lib/libc.a(libc_a-puts.o)
 .debug_rnglists
                0x000002b3       0x2c /home/lovro/opt/cross-newlib/m68k-elf-rosco/lib/libc.a(libc_a-stdio.o)
 .debug_rnglists
                0x000002df       0x22 /home/lovro/opt/cross-newlib/m68k-elf-rosco/lib/libc.a(libc_a-wsetup.o)
 .debug_rnglists
                0x00000301       0x40 /home/lovro/opt/cross-newlib/m68k-elf-rosco/lib/libc.a(libc_a-fseeko.o)
 .debug_rnglists
                0x00000341       0x14 /home/lovro/opt/cross-newlib/m68k-elf-rosco/lib/libc.a(libc_a-memchr.o)
 .debug_rnglists
                0x00000355       0x14 /home/lovro/opt/cross-newlib/m68k-elf-rosco/lib/libc.a(libc_a-memmove.o)
 .debug_rnglists
                0x00000369       0x20 /home/lovro/opt/cross-newlib/m68k-elf-rosco/lib/libc.a(libc_a-strerror.o)
 .debug_rnglists
                0x00000389       0x14 /home/lovro/opt/cross-newlib/m68k-elf-rosco/lib/libc.a(libc_a-strncmp.o)
 .debug_rnglists
                0x0000039d       0x13 /home/lovro/opt/cross-newlib/m68k-elf-rosco/lib/libc.a(libc_a-u_strerr.o)
 .debug_rnglists
                0x000003b0       0x13 /home/lovro/opt/cross-newlib/m68k-elf-rosco/lib/libc.a(libc_a-strlen.o)
 .debug_rnglists
                0x000003c3       0x19 /home/lovro/opt/cross-newlib/m68k-elf-rosco/lib/libc.a(libc_a-envlock.o)
 .debug_rnglists
                0x000003dc       0x1b /home/lovro/opt/cross-newlib/m68k-elf-rosco/lib/libc.a(libc_a-freer.o)
 .debug_rnglists
                0x000003f7       0xd9 /home/lovro/opt/cross-newlib/m68k-elf-rosco/lib/libc.a(libc_a-reallocr.o)
 .debug_rnglists
                0x000004d0      0x126 /home/lovro/opt/cross-newlib/m68k-elf-rosco/lib/libc.a(libc_a-vfprintf.o)
 .debug_rnglists
                0x000005f6       0x13 /home/lovro/opt/cross-newlib/m68k-elf-rosco/lib/libc.a(libc_a-sprint_r.o)
 .debug_rnglists
                0x00000609       0x1f /home/lovro/opt/cross-newlib/m68k-elf-rosco/lib/libc.a(libc_a-fileno.o)
 .debug_rnglists
                0x00000628       0x14 /home/lovro/opt/cross-newlib/m68k-elf-rosco/lib/libc.a(libc_a-flags.o)
 .debug_rnglists
                0x0000063c       0x1b /home/lovro/opt/cross-newlib/m68k-elf-rosco/lib/libc.a(libc_a-makebuf.o)
 .debug_rnglists
                0x00000657       0x34 /home/lovro/opt/cross-newlib/m68k-elf-rosco/lib/libc.a(libc_a-refill.o)
 .debug_rnglists
                0x0000068b       0x1f /home/lovro/opt/cross-newlib/m68k-elf-rosco/lib/libc.a(libc_a-localeconv.o)
 .debug_rnglists
                0x000006aa       0x3c /home/lovro/opt/cross-newlib/m68k-elf-rosco/lib/libc.a(libc_a-dtoa.o)
 .debug_rnglists
                0x000006e6      0x12c /home/lovro/opt/cross-newlib/m68k-elf-rosco/lib/libc.a(libc_a-mprec.o)
 .debug_rnglists
                0x00000812       0x2b /home/lovro/opt/cross-newlib/m68k-elf-rosco/lib/libc.a(libc_a-locale.o)
 .debug_rnglists
                0x0000083d       0x19 /home/lovro/opt/cross-newlib/m68k-elf-rosco/lib/libc.a(libc_a-assert.o)
 .debug_rnglists
                0x00000856       0x3c /home/lovro/opt/cross-newlib/m68k-elf-rosco/lib/libc.a(libc_a-callocr.o)
 .debug_rnglists
                0x00000892       0x19 /home/lovro/opt/cross-newlib/m68k-elf-rosco/lib/libc.a(libc_a-mbtowc_r.o)
 .debug_rnglists
                0x000008ab       0x19 /home/lovro/opt/cross-newlib/m68k-elf-rosco/lib/libc.a(libc_a-wctomb_r.o)
 .debug_rnglists
                0x000008c4       0x19 /home/lovro/opt/cross-newlib/m68k-elf-rosco/lib/libc.a(libc_a-fiprintf.o)
 .debug_rnglists