Archive member included to satisfy reference by file (symbol)

/home/lovro/opt/cross-newlib/m68k-elf-rosco/lib/libc.a(libc_a-atexit.o)
                              ../bin/crt0.o (atexit)
/home/lovro/opt/cross-newlib/m68k-elf-rosco/lib/libc.a(libc_a-calloc.o)
                              ../bin/shell.o (calloc)
/home/lovro/opt/cross-newlib/m68k-elf-rosco/lib/libc.a(libc_a-callocr.o)
                              /home/lovro/opt/cross-newlib/m68k-elf-rosco/lib/libc.a(libc_a-calloc.o) (_calloc_r)
/home/lovro/opt/cross-newlib/m68k-elf-rosco/lib/libc.a(libc_a-exit.o)
                              ../bin/crt0.o (exit)
/home/lovro/opt/cross-newlib/m68k-elf-rosco/lib/libc.a(libc_a-getenv.o)
                              ../bin/kernel_syscalls.o (getenv)
/home/lovro/opt/cross-newlib/m68k-elf-rosco/lib/libc.a(libc_a-getenv_r.o)
                              /home/lovro/opt/cross-newlib/m68k-elf-rosco/lib/libc.a(libc_a-getenv.o) (_findenv_r)
/home/lovro/opt/cross-newlib/m68k-elf-rosco/lib/libc.a(libc_a-itoa.o)
                              ../bin/elf_loader_68k.o (itoa)
/home/lovro/opt/cross-newlib/m68k-elf-rosco/lib/libc.a(libc_a-malloc.o)
                              ../bin/shell.o (malloc)
/home/lovro/opt/cross-newlib/m68k-elf-rosco/lib/libc.a(libc_a-mallocr.o)
                              /home/lovro/opt/cross-newlib/m68k-elf-rosco/lib/libc.a(libc_a-callocr.o) (_malloc_r)
/home/lovro/opt/cross-newlib/m68k-elf-rosco/lib/libc.a(libc_a-mlock.o)
                              /home/lovro/opt/cross-newlib/m68k-elf-rosco/lib/libc.a(libc_a-mallocr.o) (__malloc_lock)
/home/lovro/opt/cross-newlib/m68k-elf-rosco/lib/libc.a(libc_a-strtol.o)
                              ../bin/shell.o (strtol)
/home/lovro/opt/cross-newlib/m68k-elf-rosco/lib/libc.a(libc_a-utoa.o)
                              /home/lovro/opt/cross-newlib/m68k-elf-rosco/lib/libc.a(libc_a-itoa.o) (__utoa)
/home/lovro/opt/cross-newlib/m68k-elf-rosco/lib/libc.a(libc_a-setenv.o)
                              ../bin/kernel.o (setenv)
/home/lovro/opt/cross-newlib/m68k-elf-rosco/lib/libc.a(libc_a-setenv_r.o)
                              /home/lovro/opt/cross-newlib/m68k-elf-rosco/lib/libc.a(libc_a-setenv.o) (_setenv_r)
/home/lovro/opt/cross-newlib/m68k-elf-rosco/lib/libc.a(libc_a-ctype_.o)
                              ../bin/amix_sys.o (_ctype_)
/home/lovro/opt/cross-newlib/m68k-elf-rosco/lib/libc.a(libc_a-fflush.o)
                              ../bin/shell.o (fflush)
/home/lovro/opt/cross-newlib/m68k-elf-rosco/lib/libc.a(libc_a-findfp.o)
                              /home/lovro/opt/cross-newlib/m68k-elf-rosco/lib/libc.a(libc_a-fflush.o) (__sglue)
/home/lovro/opt/cross-newlib/m68k-elf-rosco/lib/libc.a(libc_a-fwalk.o)
                              /home/lovro/opt/cross-newlib/m68k-elf-rosco/lib/libc.a(libc_a-fflush.o) (_fwalk_sglue)
/home/lovro/opt/cross-newlib/m68k-elf-rosco/lib/libc.a(libc_a-printf.o)
                              ../bin/xmodem.o (printf)
/home/lovro/opt/cross-newlib/m68k-elf-rosco/lib/libc.a(libc_a-putchar.o)
                              ../bin/xmodem.o (putchar)
/home/lovro/opt/cross-newlib/m68k-elf-rosco/lib/libc.a(libc_a-puts.o)
                              ../bin/xmodem.o (puts)
/home/lovro/opt/cross-newlib/m68k-elf-rosco/lib/libc.a(libc_a-stdio.o)
                              /home/lovro/opt/cross-newlib/m68k-elf-rosco/lib/libc.a(libc_a-findfp.o) (__sread)
/home/lovro/opt/cross-newlib/m68k-elf-rosco/lib/libc.a(libc_a-memcmp.o)
                              ../bin/ff.o (memcmp)
/home/lovro/opt/cross-newlib/m68k-elf-rosco/lib/libc.a(libc_a-strcat.o)
                              ../bin/shell.o (strcat)
/home/lovro/opt/cross-newlib/m68k-elf-rosco/lib/libc.a(libc_a-strchr.o)
                              ../bin/ff.o (strchr)
/home/lovro/opt/cross-newlib/m68k-elf-rosco/lib/libc.a(libc_a-strcmp.o)
                              ../bin/shell.o (strcmp)
/home/lovro/opt/cross-newlib/m68k-elf-rosco/lib/libc.a(libc_a-strdup.o)
                              ../bin/shell.o (strdup)
/home/lovro/opt/cross-newlib/m68k-elf-rosco/lib/libc.a(libc_a-strdup_r.o)
                              /home/lovro/opt/cross-newlib/m68k-elf-rosco/lib/libc.a(libc_a-strdup.o) (_strdup_r)
/home/lovro/opt/cross-newlib/m68k-elf-rosco/lib/libc.a(libc_a-strncat.o)
                              ../bin/kernel.o (strncat)
/home/lovro/opt/cross-newlib/m68k-elf-rosco/lib/libc.a(libc_a-strncmp.o)
                              /home/lovro/opt/cross-newlib/m68k-elf-rosco/lib/libc.a(libc_a-getenv_r.o) (strncmp)
/home/lovro/opt/cross-newlib/m68k-elf-rosco/lib/libc.a(libc_a-strncpy.o)
                              ../bin/shell.o (strncpy)
/home/lovro/opt/cross-newlib/m68k-elf-rosco/lib/libc.a(libc_a-strrchr.o)
                              ../bin/kernel.o (strrchr)
/home/lovro/opt/cross-newlib/m68k-elf-rosco/lib/libc.a(libc_a-strtok.o)
                              ../bin/shell.o (strtok)
/home/lovro/opt/cross-newlib/m68k-elf-rosco/lib/libc.a(libc_a-strtok_r.o)
[...]
Memory Configuration

Name             Origin             Length             Attributes
ram              0x00130000         0x00200000         xrw
rom              0x00000000         0x00100000         xr
*default*        0x00000000         0xffffffff

Linker script and memory map

LOAD ../bin/crt0.o
LOAD ../bin/main.o
LOAD ../bin/xmodem.o
LOAD ../bin/kernel_dir.o
LOAD ../bin/diskio.o
LOAD ../bin/RTC_SPI.o
LOAD ../bin/ff.o
LOAD ../bin/sys_IDE.o
LOAD ../bin/ffsystem.o
LOAD ../bin/kernel_syscall.o
LOAD ../bin/amix_sys.o
LOAD ../bin/shell.o
LOAD ../bin/kernel.o
LOAD ../bin/syscalls_asm.o
LOAD ../bin/elf_loader_68k.o
LOAD ../bin/kernel_syscalls.o
LOAD ../bin/history.o
LOAD ../bin/amix-syscalls.o
LOAD /home/lovro/opt/cross-newlib/m68k-elf-rosco/lib/libc.a
LOAD /home/lovro/opt/cross-newlib/m68k-elf-rosco/lib/libm.a
LOAD /opt/m68k-toolchain/bin/../lib/gcc/m68k-elf/6.3.0/libgcc.a
LOAD /opt/m68k-toolchain/bin/../lib/gcc/m68k-elf/6.3.0/libgcc.a
LOAD /home/lovro/opt/cross-newlib/m68k-elf-rosco/lib/libc.a
LOAD /opt/m68k-toolchain/bin/../lib/gcc/m68k-elf/6.3.0/libgcc.a
START GROUP
LOAD /home/lovro/opt/cross-newlib/m68k-elf-rosco/lib/libc.a
LOAD /home/lovro/opt/cross-newlib/m68k-elf-rosco/lib/libm.a
LOAD /opt/m68k-toolchain/bin/../lib/gcc/m68k-elf/6.3.0/libgcc.a
END GROUP
                0x00000000                        __DYNAMIC = 0x0
                [!provide]                        PROVIDE (hardware_init_hook = 0x0)
                [!provide]                        PROVIDE (software_init_hook = 0x0)
                0x00000000                        PROVIDE (__INIT_SECTION__ = 0x0)
                0x00000000                        PROVIDE (__FINI_SECTION__ = 0x0)

.text           0x00130000    0x1023c
 *(.text.startup)
 *(.text .text.*)
 .text          0x00130000       0x68 ../bin/crt0.o
                0x00130000                _start
 .text.startup.main
                0x00130068       0x16 ../bin/main.o
                0x00130068                main
 .text.xmodem_receive
                0x0013007e      0x250 ../bin/xmodem.o
                0x0013007e                xmodem_receive
 .text.disk_initialize
                0x001302ce       0x14 ../bin/diskio.o
                0x001302ce                disk_initialize
 .text.disk_status
                0x001302e2        0xc ../bin/diskio.o
                0x001302e2                disk_status
 .text.disk_read
                0x001302ee       0x68 ../bin/diskio.o
                0x001302ee                disk_read
 .text.disk_write
                0x00130356       0x68 ../bin/diskio.o
                0x00130356                disk_write
 .text.disk_ioctl
                0x001303be       0x3c ../bin/diskio.o
                0x001303be                disk_ioctl
 .text.SPI_CS_HIGH
                0x001303fa       0x16 ../bin/RTC_SPI.o
 .text.SPI_SEND
                0x00130410       0x4c ../bin/RTC_SPI.o
                0x00130410                SPI_SEND
 .text.SPI_RECEVE
                0x0013045c       0x4c ../bin/RTC_SPI.o
                0x0013045c                SPI_RECEVE
 .text.rtc_init
                0x001304a8       0x56 ../bin/RTC_SPI.o
                0x001304a8                rtc_init
 .text.rtc_get_time
                0x001304fe      0x100 ../bin/RTC_SPI.o
                0x001304fe                rtc_get_time
 .text.ld_32    0x001305fe       0x22 ../bin/ff.o
 .text.st_32    0x00130620       0x2e ../bin/ff.o
 .text.clst2sect
                0x0013064e       0x3c ../bin/ff.o
 .text.get_ldnumber
                0x0013068a       0x5a ../bin/ff.o
 .text.validate
                0x001306e4       0x54 ../bin/ff.o
 .text.create_partition
                0x00130738      0x1f2 ../bin/ff.o
 .text.ld_clust.isra.0
                0x0013092a       0x44 ../bin/ff.o
 .text.st_clust.isra.1
                0x0013096e       0x34 ../bin/ff.o
 .text.get_fileinfo.part.2
                0x001309a2       0x96 ../bin/ff.o
 .text.sync_window.part.3
                0x00130a38       0x78 ../bin/ff.o
 .text.sync_fs  0x00130ab0       0xfa ../bin/ff.o
 .text.check_fs.part.5
                0x00130baa      0x118 ../bin/ff.o
 .text.dir_clear
                0x00130cc2       0x9e ../bin/ff.o
 .text.move_window
                0x00130d60       0x68 ../bin/ff.o
 .text.put_fat  0x00130dc8      0x160 ../bin/ff.o
 .text.get_fat.isra.7
                0x00130f28      0x12a ../bin/ff.o
 .text.dir_sdi  0x00131052       0xd2 ../bin/ff.o
 .text.create_chain
                0x00131124      0x144 ../bin/ff.o
 .text.remove_chain
                0x00131268       0xac ../bin/ff.o
 .text.dir_next
                0x00131314       0xf4 ../bin/ff.o
 .text.follow_path
                0x00131408      0x2ec ../bin/ff.o
 .text.dir_read.constprop.9
                0x001316f4       0x86 ../bin/ff.o
 .text.dir_register
                0x0013177a       0xac ../bin/ff.o
 .text.mount_volume
                0x00131826      0x442 ../bin/ff.o
 .text.f_mount  0x00131c68       0x86 ../bin/ff.o
                0x00131c68                f_mount
 .text.f_open   0x00131cee      0x2c2 ../bin/ff.o
                0x00131cee                f_open
 .text.f_read   0x00131fb0      0x1ea ../bin/ff.o
                0x00131fb0                f_read
 .text.f_write  0x0013219a      0x22c ../bin/ff.o
                0x0013219a                f_write
 .text.f_sync   0x001323c6       0xe0 ../bin/ff.o
                0x001323c6                f_sync
 .text.f_close  0x001324a6       0x34 ../bin/ff.o
                0x001324a6                f_close
 .text.f_chdir  0x001324da       0x86 ../bin/ff.o
                0x001324da                f_chdir
 .text.f_lseek  0x00132560      0x1f4 ../bin/ff.o
                0x00132560                f_lseek
 .text.f_opendir
                0x00132754       0xa2 ../bin/ff.o
                0x00132754                f_opendir
 .text.f_closedir
                0x001327f6       0x26 ../bin/ff.o
                0x001327f6                f_closedir
 .text.f_readdir
                0x0013281c       0x8e ../bin/ff.o
                0x0013281c                f_readdir
 .text.f_stat   0x001328aa       0x7c ../bin/ff.o
                0x001328aa                f_stat
 .text.f_getfree
                0x00132926      0x11c ../bin/ff.o
                0x00132926                f_getfree
 .text.f_unlink
                0x00132a42      0x10a ../bin/ff.o
                0x00132a42                f_unlink
 .text.f_mkdir  0x00132b4c      0x1b0 ../bin/ff.o
                0x00132b4c                f_mkdir
 .text.f_rename
                0x00132cfc      0x1a8 ../bin/ff.o
                0x00132cfc                f_rename
 .text.f_mkfs   0x00132ea4      0x874 ../bin/ff.o
                0x00132ea4                f_mkfs
 .text.f_fdisk  0x00133718       0x58 ../bin/ff.o
                0x00133718                f_fdisk
 .text.ide_wait_ready
                0x00133770       0x5e ../bin/sys_IDE.o
 .text.ide_wait_drq
                0x001337ce       0x5e ../bin/sys_IDE.o
 .text.sys_read_sectors
                0x0013382c      0x106 ../bin/sys_IDE.o
                0x0013382c                sys_read_sectors
 .text.sys_write_sectors
                0x00133932       0xf4 ../bin/sys_IDE.o
                0x00133932                sys_write_sectors
 *fill*         0x00133a26        0x2 
 .text          0x00133a28       0x18 ../bin/kernel_syscall.o
                0x00133a28                trap1_handler
 .text.sys_write_screen_string
                0x00133a40       0x3c ../bin/amix_sys.o
                0x00133a40                sys_write_screen_string
 .text.sys_scroll
                0x00133a7c       0x1c ../bin/amix_sys.o
                0x00133a7c                sys_scroll
 .text.sys_peek_UART
                0x00133a98       0x34 ../bin/amix_sys.o
                0x00133a98                sys_peek_UART
 .text.sys_send_UART
                0x00133acc       0x36 ../bin/amix_sys.o
                0x00133acc                sys_send_UART
 .text.sys_flush_fifo_UART
                0x00133b02       0x34 ../bin/amix_sys.o
                0x00133b02                sys_flush_fifo_UART
 .text.dump_memory
                0x00133b36       0xe8 ../bin/amix_sys.o
                0x00133b36                dump_memory
 .text.call_command
                0x00133c1e       0xc0 ../bin/shell.o
                0x00133c1e                call_command
 .text.free_tokens
                0x00133cde       0x32 ../bin/shell.o
                0x00133cde                free_tokens
 .text.free_command
                0x00133d10       0x5e ../bin/shell.o
                0x00133d10                free_command
 .text.tokenize_line
                0x00133d6e      0x1f0 ../bin/shell.o
                0x00133d6e                tokenize_line
 .text.parse_command
                0x00133f5e      0x118 ../bin/shell.o
                0x00133f5e                parse_command
 .text.parse_line
                0x00134076      0x62c ../bin/shell.o
                0x00134076                parse_line
 .text.shell_loop
                0x001346a2      0x1ea ../bin/shell.o
                0x001346a2                shell_loop
 .text.shell_start
                0x0013488c       0x54 ../bin/shell.o
                0x0013488c                shell_start
 .text.kernel_panic_print
                0x001348e0       0x2c ../bin/kernel.o
                0x001348e0                kernel_panic_print
 .text.kernel_start
                0x0013490c      0x2e6 ../bin/kernel.o
                0x0013490c                kernel_start
 *fill*         0x00134bf2        0x2 
 .text          0x00134bf4      0x122 ../bin/syscalls_asm.o
                0x00134bf4                syscall_trap0
                0x00134c0c                syscall_trap0_double
                0x00134c2a                syscall_trap0_triple
                0x00134c5c                sys_print_screen
                0x00134c6a                sys_print_uart
                0x00134c78                sys_get_keyboard
 .text.load_elf
                0x00134d16      0x31a ../bin/elf_loader_68k.o
                0x00134d16                load_elf
 .text.load_and_file_elf
                0x00135030      0x3fa ../bin/elf_loader_68k.o
                0x00135030                load_and_file_elf
 .text.call_address
                0x0013542a       0x1a ../bin/elf_loader_68k.o
                0x0013542a                call_address
 .text.is_elf_file
                0x00135444       0xa0 ../bin/elf_loader_68k.o
                0x00135444                is_elf_file
 .text.run_file
                0x001354e4      0x148 ../bin/elf_loader_68k.o
                0x001354e4                run_file
 .text._chdir_r
                0x0013562c       0x4a ../bin/kernel_syscalls.o
                0x0013562c                _chdir_r
 .text._getcwd_r
                0x00135676       0x5a ../bin/kernel_syscalls.o
                0x00135676                _getcwd_r
 .text.trap1_init
                0x001356d0       0x14 ../bin/kernel_syscalls.o
                0x001356d0                trap1_init
 .text._opendir_r
                0x001356e4       0x60 ../bin/kernel_syscalls.o
                0x001356e4                _opendir_r
 .text._readdir_r
                0x00135744       0x80 ../bin/kernel_syscalls.o
                0x00135744                _readdir_r
 .text._closedir_r
                0x001357c4       0x42 ../bin/kernel_syscalls.o
                0x001357c4                _closedir_r
 .text._mkdir_r
                0x00135806       0x42 ../bin/kernel_syscalls.o
                0x00135806                _mkdir_r
 .text._rmdir_r
                0x00135848       0x60 ../bin/kernel_syscalls.o
                0x00135848                _rmdir_r
 .text.trap1_dispatch
                0x001358a8      0x152 ../bin/kernel_syscalls.o
                0x001358a8                trap1_dispatch
 .text.history_start
                0x001359fa       0x38 ../bin/history.o
                0x001359fa                history_start
 .text.history_add
                0x00135a32       0x54 ../bin/history.o
                0x00135a32                history_add
 .text.history_get
                0x00135a86       0x48 ../bin/history.o
                0x00135a86                history_get
 .text.fatfs_to_errno
                0x00135ace       0x24 ../bin/amix-syscalls.o
                0x00135ace                fatfs_to_errno
 .text._exit    0x00135af2       0x5c ../bin/amix-syscalls.o
                0x00135af2                _exit
 .text._sbrk_r  0x00135b4e       0x3e ../bin/amix-syscalls.o
                0x00135b4e                _sbrk_r
 .text._fstat_r
                0x00135b8c       0xae ../bin/amix-syscalls.o
                0x00135b8c                _fstat_r
 .text._isatty_r
                0x00135c3a       0x16 ../bin/amix-syscalls.o
                0x00135c3a                _isatty_r
 .text._lseek_r
                0x00135c50       0x86 ../bin/amix-syscalls.o
                0x00135c50                _lseek_r
 .text.rtc_to_unix_epoch
                0x00135cd6       0xf0 ../bin/amix-syscalls.o
                0x00135cd6                rtc_to_unix_epoch
 .text._getpid_r
                0x00135dc6        0xa ../bin/amix-syscalls.o
                0x00135dc6                _getpid_r
 .text._kill_r  0x00135dd0       0x12 ../bin/amix-syscalls.o
                0x00135dd0                _kill_r
 .text._unlink_r
                0x00135de2       0x7c ../bin/amix-syscalls.o
                0x00135de2                _unlink_r
 .text._gettimeofday_r
                0x00135e5e       0x80 ../bin/amix-syscalls.o
                0x00135e5e                _gettimeofday_r
 .text._stat_r  0x00135ede       0x90 ../bin/amix-syscalls.o
                0x00135ede                _stat_r
 .text._write_r
                0x00135f6e       0xe0 ../bin/amix-syscalls.o
                0x00135f6e                _write_r
 .text._read_r  0x0013604e      0x10c ../bin/amix-syscalls.o
                0x0013604e                _read_r
 .text._open_r  0x0013615a       0xbe ../bin/amix-syscalls.o
                0x0013615a                _open_r
 .text._close_r
                0x00136218       0x58 ../bin/amix-syscalls.o
                0x00136218                _close_r
 .text.atexit   0x00136270       0x16 /home/lovro/opt/cross-newlib/m68k-elf-rosco/lib/libc.a(libc_a-atexit.o)
                0x00136270                atexit
 .text.calloc   0x00136286       0x1a /home/lovro/opt/cross-newlib/m68k-elf-rosco/lib/libc.a(libc_a-calloc.o)
                0x00136286                calloc
 .text._calloc_r
                0x001362a0      0x13a /home/lovro/opt/cross-newlib/m68k-elf-rosco/lib/libc.a(libc_a-callocr.o)
                0x001362a0                _calloc_r
 .text.exit     0x001363da       0x28 /home/lovro/opt/cross-newlib/m68k-elf-rosco/lib/libc.a(libc_a-exit.o)
                0x001363da                exit
 .text.getenv   0x00136402       0x20 /home/lovro/opt/cross-newlib/m68k-elf-rosco/lib/libc.a(libc_a-getenv.o)
                0x00136402                getenv
 .text._findenv_r
                0x00136422       0x9c /home/lovro/opt/cross-newlib/m68k-elf-rosco/lib/libc.a(libc_a-getenv_r.o)
                0x00136422                _findenv_r
 .text.itoa     0x001364be       0x6a /home/lovro/opt/cross-newlib/m68k-elf-rosco/lib/libc.a(libc_a-itoa.o)
                0x001364be                itoa
 .text.malloc   0x00136528       0x14 /home/lovro/opt/cross-newlib/m68k-elf-rosco/lib/libc.a(libc_a-malloc.o)
                0x00136528                malloc
 .text.free     0x0013653c       0x14 /home/lovro/opt/cross-newlib/m68k-elf-rosco/lib/libc.a(libc_a-malloc.o)
                0x0013653c                free
 .text._malloc_r
                0x00136550      0x842 /home/lovro/opt/cross-newlib/m68k-elf-rosco/lib/libc.a(libc_a-mallocr.o)
                0x00136550                _malloc_r
 .text.__malloc_lock
                0x00136d92        0x2 /home/lovro/opt/cross-newlib/m68k-elf-rosco/lib/libc.a(libc_a-mlock.o)
                0x00136d92                __malloc_lock
 .text.__malloc_unlock
                0x00136d94        0x2 /home/lovro/opt/cross-newlib/m68k-elf-rosco/lib/libc.a(libc_a-mlock.o)
                0x00136d94                __malloc_unlock
 .text._strtol_l.isra.0
                0x00136d96      0x256 /home/lovro/opt/cross-newlib/m68k-elf-rosco/lib/libc.a(libc_a-strtol.o)
 .text.strtol   0x00136fec       0x1e /home/lovro/opt/cross-newlib/m68k-elf-rosco/lib/libc.a(libc_a-strtol.o)
                0x00136fec                strtol
 .text.__utoa   0x0013700a       0xa4 /home/lovro/opt/cross-newlib/m68k-elf-rosco/lib/libc.a(libc_a-utoa.o)
                0x0013700a                __utoa
 .text.setenv   0x001370ae       0x1e /home/lovro/opt/cross-newlib/m68k-elf-rosco/lib/libc.a(libc_a-setenv.o)
                0x001370ae                setenv
 .text._setenv_r
                0x001370cc      0x200 /home/lovro/opt/cross-newlib/m68k-elf-rosco/lib/libc.a(libc_a-setenv_r.o)
                0x001370cc                _setenv_r
 .text.__sflush_r
                0x001372cc      0x1ba /home/lovro/opt/cross-newlib/m68k-elf-rosco/lib/libc.a(libc_a-fflush.o)
                0x001372cc                __sflush_r
 .text._fflush_r
                0x00137486       0x44 /home/lovro/opt/cross-newlib/m68k-elf-rosco/lib/libc.a(libc_a-fflush.o)
                0x00137486                _fflush_r
 .text.fflush   0x001374ca       0x74 /home/lovro/opt/cross-newlib/m68k-elf-rosco/lib/libc.a(libc_a-fflush.o)
                0x001374ca                fflush
 .text.stdio_exit_handler
                0x0013753e       0x1e /home/lovro/opt/cross-newlib/m68k-elf-rosco/lib/libc.a(libc_a-findfp.o)
 .text.cleanup_stdio
                0x0013755c       0x52 /home/lovro/opt/cross-newlib/m68k-elf-rosco/lib/libc.a(libc_a-findfp.o)
 .text.global_stdio_init.part.0
                0x001375ae      0x178 /home/lovro/opt/cross-newlib/m68k-elf-rosco/lib/libc.a(libc_a-findfp.o)
 .text.__sinit  0x00137726       0x22 /home/lovro/opt/cross-newlib/m68k-elf-rosco/lib/libc.a(libc_a-findfp.o)
                0x00137726                __sinit
 .text.__sfp_lock_acquire
                0x00137748        0x2 /home/lovro/opt/cross-newlib/m68k-elf-rosco/lib/libc.a(libc_a-findfp.o)
                0x00137748                __sfp_lock_acquire
 .text.__sfp_lock_release
                0x0013774a        0x2 /home/lovro/opt/cross-newlib/m68k-elf-rosco/lib/libc.a(libc_a-findfp.o)
                0x0013774a                __sfp_lock_release
 .text._fwalk_sglue
                0x0013774c       0x56 /home/lovro/opt/cross-newlib/m68k-elf-rosco/lib/libc.a(libc_a-fwalk.o)
                0x0013774c                _fwalk_sglue
 .text.printf   0x001377a2       0x26 /home/lovro/opt/cross-newlib/m68k-elf-rosco/lib/libc.a(libc_a-printf.o)
                0x001377a2                printf
 .text.putchar  0x001377c8       0x1c /home/lovro/opt/cross-newlib/m68k-elf-rosco/lib/libc.a(libc_a-putchar.o)
                0x001377c8                putchar
 .text._puts_r  0x001377e4       0xb0 /home/lovro/opt/cross-newlib/m68k-elf-rosco/lib/libc.a(libc_a-puts.o)
                0x001377e4                _puts_r
 .text.puts     0x00137894       0x14 /home/lovro/opt/cross-newlib/m68k-elf-rosco/lib/libc.a(libc_a-puts.o)
                0x00137894                puts
 .text.__sread  0x001378a8       0x38 /home/lovro/opt/cross-newlib/m68k-elf-rosco/lib/libc.a(libc_a-stdio.o)
                0x001378a8                __sread
 .text.__swrite
                0x001378e0       0x86 /home/lovro/opt/cross-newlib/m68k-elf-rosco/lib/libc.a(libc_a-stdio.o)
                0x001378e0                __swrite
 .text.__sseek  0x00137966       0x40 /home/lovro/opt/cross-newlib/m68k-elf-rosco/lib/libc.a(libc_a-stdio.o)
                0x00137966                __sseek
 .text.__sclose
                0x001379a6       0x12 /home/lovro/opt/cross-newlib/m68k-elf-rosco/lib/libc.a(libc_a-stdio.o)
                0x001379a6                __sclose
 .text.memcmp   0x001379b8       0x78 /home/lovro/opt/cross-newlib/m68k-elf-rosco/lib/libc.a(libc_a-memcmp.o)
                0x001379b8                memcmp
 .text.strcat   0x00137a30       0x5a /home/lovro/opt/cross-newlib/m68k-elf-rosco/lib/libc.a(libc_a-strcat.o)
                0x00137a30                strcat
 .text.strchr   0x00137a8a      0x10e /home/lovro/opt/cross-newlib/m68k-elf-rosco/lib/libc.a(libc_a-strchr.o)
                0x00137a8a                strchr
 .text.strcmp   0x00137b98       0x78 /home/lovro/opt/cross-newlib/m68k-elf-rosco/lib/libc.a(libc_a-strcmp.o)
                0x00137b98                strcmp
 .text.strdup   0x00137c10       0x14 /home/lovro/opt/cross-newlib/m68k-elf-rosco/lib/libc.a(libc_a-strdup.o)
                0x00137c10                strdup
 .text._strdup_r
                0x00137c24       0x40 /home/lovro/opt/cross-newlib/m68k-elf-rosco/lib/libc.a(libc_a-strdup_r.o)
                0x00137c24                _strdup_r
 .text.strncat  0x00137c64       0x66 /home/lovro/opt/cross-newlib/m68k-elf-rosco/lib/libc.a(libc_a-strncat.o)
                0x00137c64                strncat
 .text.strncmp  0x00137cca       0xa8 /home/lovro/opt/cross-newlib/m68k-elf-rosco/lib/libc.a(libc_a-strncmp.o)
                0x00137cca                strncmp
 .text.strncpy  0x00137d72       0x7c /home/lovro/opt/cross-newlib/m68k-elf-rosco/lib/libc.a(libc_a-strncpy.o)
                0x00137d72                strncpy
 .text.strrchr  0x00137dee       0x54 /home/lovro/opt/cross-newlib/m68k-elf-rosco/lib/libc.a(libc_a-strrchr.o)
                0x00137dee                strrchr
 .text.strtok   0x00137e42       0x22 /home/lovro/opt/cross-newlib/m68k-elf-rosco/lib/libc.a(libc_a-strtok.o)
                0x00137e42                strtok
 .text.__strtok_r
                0x00137e64       0xa2 /home/lovro/opt/cross-newlib/m68k-elf-rosco/lib/libc.a(libc_a-strtok_r.o)
                0x00137e64                __strtok_r
 .text.__errno  0x00137f06        0x8 /home/lovro/opt/cross-newlib/m68k-elf-rosco/lib/libc.a(libc_a-errno.o)
                0x00137f06                __errno
 .text.strcpy   0x00137f0e       0x14 /home/lovro/opt/cross-newlib/m68k-elf-rosco/lib/libc.a(libc_a-strcpy.o)
                0x00137f0e                strcpy
 .text.strlen   0x00137f22       0x14 /home/lovro/opt/cross-newlib/m68k-elf-rosco/lib/libc.a(libc_a-strlen.o)
                0x00137f22                strlen
 *fill*         0x00137f36        0x2 
 .text          0x00137f38       0x6e /home/lovro/opt/cross-newlib/m68k-elf-rosco/lib/libc.a(libc_a-memcpy.o)
                0x00137f38                memcpy
 *fill*         0x00137fa6        0x2 
 .text          0x00137fa8       0x72 /home/lovro/opt/cross-newlib/m68k-elf-rosco/lib/libc.a(libc_a-memset.o)
                0x00137fa8                memset
 .text.__register_exitproc
                0x0013801a       0x96 /home/lovro/opt/cross-newlib/m68k-elf-rosco/lib/libc.a(libc_a-__atexit.o)
                0x0013801a                __register_exitproc
 .text.__call_exitprocs
                0x001380b0       0xbc /home/lovro/opt/cross-newlib/m68k-elf-rosco/lib/libc.a(libc_a-__call_atexit.o)
                0x001380b0                __call_exitprocs
 .text.__env_lock
                0x0013816c        0x2 /home/lovro/opt/cross-newlib/m68k-elf-rosco/lib/libc.a(libc_a-envlock.o)
                0x0013816c                __env_lock
 .text.__env_unlock
                0x0013816e        0x2 /home/lovro/opt/cross-newlib/m68k-elf-rosco/lib/libc.a(libc_a-envlock.o)
                0x0013816e                __env_unlock
 .text._malloc_trim_r
                0x00138170       0xda /home/lovro/opt/cross-newlib/m68k-elf-rosco/lib/libc.a(libc_a-freer.o)
                0x00138170                _malloc_trim_r
 .text._free_r  0x0013824a      0x352 /home/lovro/opt/cross-newlib/m68k-elf-rosco/lib/libc.a(libc_a-freer.o)
                0x0013824a                _free_r
 .text._realloc_r
                0x0013859c      0x5f0 /home/lovro/opt/cross-newlib/m68k-elf-rosco/lib/libc.a(libc_a-reallocr.o)
                0x0013859c                _realloc_r
 .text._vfprintf_r
                0x00138b8c     0x1d04 /home/lovro/opt/cross-newlib/m68k-elf-rosco/lib/libc.a(libc_a-vfprintf.o)
                0x00138b8c                _vfprintf_r
 .text.__sbprintf
                0x0013a890       0xa4 /home/lovro/opt/cross-newlib/m68k-elf-rosco/lib/libc.a(libc_a-vfprintf.o)
 .text.__sprint_r
                0x0013a934       0x36 /home/lovro/opt/cross-newlib/m68k-elf-rosco/lib/libc.a(libc_a-sprint_r.o)
                0x0013a934                __sprint_r
 .text._fclose_r
                0x0013a96a       0xd8 /home/lovro/opt/cross-newlib/m68k-elf-rosco/lib/libc.a(libc_a-fclose.o)
                0x0013a96a                _fclose_r
 .text.__sfvwrite_r
                0x0013aa42      0x3b6 /home/lovro/opt/cross-newlib/m68k-elf-rosco/lib/libc.a(libc_a-fvwrite.o)
                0x0013aa42                __sfvwrite_r
 .text._putc_r  0x0013adf8       0x78 /home/lovro/opt/cross-newlib/m68k-elf-rosco/lib/libc.a(libc_a-putc.o)
                0x0013adf8                _putc_r
 .text.__swbuf_r
                0x0013ae70      0x100 /home/lovro/opt/cross-newlib/m68k-elf-rosco/lib/libc.a(libc_a-wbuf.o)
                0x0013ae70                __swbuf_r
 .text.__swsetup_r
                0x0013af70      0x128 /home/lovro/opt/cross-newlib/m68k-elf-rosco/lib/libc.a(libc_a-wsetup.o)
                0x0013af70                __swsetup_r
 .text.memchr   0x0013b098       0x9c /home/lovro/opt/cross-newlib/m68k-elf-rosco/lib/libc.a(libc_a-memchr.o)
                0x0013b098                memchr
 .text.memmove  0x0013b134       0xf8 /home/lovro/opt/cross-newlib/m68k-elf-rosco/lib/libc.a(libc_a-memmove.o)
                0x0013b134                memmove
 .text._localeconv_r
                0x0013b22c        0x8 /home/lovro/opt/cross-newlib/m68k-elf-rosco/lib/libc.a(libc_a-localeconv.o)
                0x0013b22c                _localeconv_r
 .text.quorem   0x0013b234      0x1a2 /home/lovro/opt/cross-newlib/m68k-elf-rosco/lib/libc.a(libc_a-dtoa.o)
 .text._dtoa_r  0x0013b3d6     0x196a /home/lovro/opt/cross-newlib/m68k-elf-rosco/lib/libc.a(libc_a-dtoa.o)
                0x0013b3d6                _dtoa_r
 .text._Balloc  0x0013cd40       0x90 /home/lovro/opt/cross-newlib/m68k-elf-rosco/lib/libc.a(libc_a-mprec.o)
                0x0013cd40                _Balloc
 .text._Bfree   0x0013cdd0       0x24 /home/lovro/opt/cross-newlib/m68k-elf-rosco/lib/libc.a(libc_a-mprec.o)
                0x0013cdd0                _Bfree
 .text.__multadd
                0x0013cdf4       0xfc /home/lovro/opt/cross-newlib/m68k-elf-rosco/lib/libc.a(libc_a-mprec.o)
                0x0013cdf4                __multadd
 .text.__hi0bits
                0x0013cef0       0x66 /home/lovro/opt/cross-newlib/m68k-elf-rosco/lib/libc.a(libc_a-mprec.o)
                0x0013cef0                __hi0bits
 .text.__lo0bits
                0x0013cf56       0x76 /home/lovro/opt/cross-newlib/m68k-elf-rosco/lib/libc.a(libc_a-mprec.o)
                0x0013cf56                __lo0bits
 .text.__i2b    0x0013cfcc       0xa4 /home/lovro/opt/cross-newlib/m68k-elf-rosco/lib/libc.a(libc_a-mprec.o)
                0x0013cfcc                __i2b
 .text.__multiply
                0x0013d070      0x20a /home/lovro/opt/cross-newlib/m68k-elf-rosco/lib/libc.a(libc_a-mprec.o)
                0x0013d070                __multiply
 .text.__pow5mult
                0x0013d27a       0xfc /home/lovro/opt/cross-newlib/m68k-elf-rosco/lib/libc.a(libc_a-mprec.o)
                0x0013d27a                __pow5mult
 .text.__lshift
                0x0013d376      0x112 /home/lovro/opt/cross-newlib/m68k-elf-rosco/lib/libc.a(libc_a-mprec.o)
                0x0013d376                __lshift
 .text.__mcmp   0x0013d488       0x4e /home/lovro/opt/cross-newlib/m68k-elf-rosco/lib/libc.a(libc_a-mprec.o)
                0x0013d488                __mcmp
 .text.__mdiff  0x0013d4d6      0x1d0 /home/lovro/opt/cross-newlib/m68k-elf-rosco/lib/libc.a(libc_a-mprec.o)
                0x0013d4d6                __mdiff
 .text.__d2b    0x0013d6a6      0x122 /home/lovro/opt/cross-newlib/m68k-elf-rosco/lib/libc.a(libc_a-mprec.o)
                0x0013d6a6                __d2b
 .text.__swhatbuf_r
                0x0013d7c8       0xb6 /home/lovro/opt/cross-newlib/m68k-elf-rosco/lib/libc.a(libc_a-makebuf.o)
                0x0013d7c8                __swhatbuf_r
 .text.__smakebuf_r
                0x0013d87e       0xde /home/lovro/opt/cross-newlib/m68k-elf-rosco/lib/libc.a(libc_a-makebuf.o)
                0x0013d87e                __smakebuf_r
 .text.__assert_func
                0x0013d95c       0x6c /home/lovro/opt/cross-newlib/m68k-elf-rosco/lib/libc.a(libc_a-assert.o)
                0x0013d95c                __assert_func
 .text.__ascii_mbtowc
                0x0013d9c8       0x44 /home/lovro/opt/cross-newlib/m68k-elf-rosco/lib/libc.a(libc_a-mbtowc_r.o)
                0x0013d9c8                __ascii_mbtowc
 .text.__ascii_wctomb
                0x0013da0c       0x2e /home/lovro/opt/cross-newlib/m68k-elf-rosco/lib/libc.a(libc_a-wctomb_r.o)
                0x0013da0c                __ascii_wctomb
 .text.fiprintf
                0x0013da3a       0x24 /home/lovro/opt/cross-newlib/m68k-elf-rosco/lib/libc.a(libc_a-fiprintf.o)
                0x0013da3a                fiprintf
 .text._vfiprintf_r
                0x0013da5e      0xdce /home/lovro/opt/cross-newlib/m68k-elf-rosco/lib/libc.a(libc_a-vfiprintf.o)
                0x0013da5e                _vfiprintf_r
 .text.__sbprintf
                0x0013e82c       0xa4 /home/lovro/opt/cross-newlib/m68k-elf-rosco/lib/libc.a(libc_a-vfiprintf.o)
 .text.abort    0x0013e8d0       0x14 /home/lovro/opt/cross-newlib/m68k-elf-rosco/lib/libc.a(libc_a-abort.o)
                0x0013e8d0                abort
 .text.raise    0x0013e8e4       0x7e /home/lovro/opt/cross-newlib/m68k-elf-rosco/lib/libc.a(libc_a-signal.o)
                0x0013e8e4                raise
 *fill*         0x0013e962        0x2 
 .text          0x0013e964       0x22 /opt/m68k-toolchain/bin/../lib/gcc/m68k-elf/6.3.0/libgcc.a(_mulsi3.o)
                0x0013e964                __mulsi3
 *fill*         0x0013e986        0x2 
 .text          0x0013e988       0x5c /opt/m68k-toolchain/bin/../lib/gcc/m68k-elf/6.3.0/libgcc.a(_udivsi3.o)
                0x0013e988                __udivsi3
 .text          0x0013e9e4       0x2e /opt/m68k-toolchain/bin/../lib/gcc/m68k-elf/6.3.0/libgcc.a(_divsi3.o)
                0x0013e9e4                __divsi3
 *fill*         0x0013ea12        0x2 
 .text          0x0013ea14       0x2e /opt/m68k-toolchain/bin/../lib/gcc/m68k-elf/6.3.0/libgcc.a(_umodsi3.o)
                0x0013ea14                __umodsi3
 *fill*         0x0013ea42        0x2 
 .text          0x0013ea44       0x2e /opt/m68k-toolchain/bin/../lib/gcc/m68k-elf/6.3.0/libgcc.a(_modsi3.o)
                0x0013ea44                __modsi3
 *fill*         0x0013ea72        0x2 
 .text          0x0013ea74      0x9cc /opt/m68k-toolchain/bin/../lib/gcc/m68k-elf/6.3.0/libgcc.a(_double.o)
                0x0013eace                __subdf3
                0x0013ead4                __adddf3
                0x0013ee6a                __muldf3
                0x0013f018                __divdf3
                0x0013f28c                __negdf2
                0x0013f2ea                __cmpdf2_internal
                0x0013f3ba                __cmpdf2
 .text          0x0013f440       0x6a /opt/m68k-toolchain/bin/../lib/gcc/m68k-elf/6.3.0/libgcc.a(_floatex.o)
                0x0013f440                __clear_sticky_bit
                0x0013f44e                $_exception_handler
 *fill*         0x0013f4aa        0x2 
 .text          0x0013f4ac       0x22 /opt/m68k-toolchain/bin/../lib/gcc/m68k-elf/6.3.0/libgcc.a(_eqdf2.o)
                0x0013f4ac                __eqdf2
 *fill*         0x0013f4ce        0x2 
 .text          0x0013f4d0       0x22 /opt/m68k-toolchain/bin/../lib/gcc/m68k-elf/6.3.0/libgcc.a(_nedf2.o)
                0x0013f4d0                __nedf2
 *fill*         0x0013f4f2        0x2 
 .text          0x0013f4f4       0x22 /opt/m68k-toolchain/bin/../lib/gcc/m68k-elf/6.3.0/libgcc.a(_gtdf2.o)
                0x0013f4f4                __gtdf2
 *fill*         0x0013f516        0x2 
 .text          0x0013f518       0x22 /opt/m68k-toolchain/bin/../lib/gcc/m68k-elf/6.3.0/libgcc.a(_ltdf2.o)
                0x0013f518                __ltdf2
 *fill*         0x0013f53a        0x2 
 .text          0x0013f53c       0x22 /opt/m68k-toolchain/bin/../lib/gcc/m68k-elf/6.3.0/libgcc.a(_ledf2.o)
                0x0013f53c                __ledf2
 *fill*         0x0013f55e        0x2 
 .text          0x0013f560      0x4ba /opt/m68k-toolchain/bin/../lib/gcc/m68k-elf/6.3.0/libgcc.a(fpgnulib.o)
                0x0013f560                __unordsf2
                0x0013f5c0                __unorddf2
                0x0013f632                __floatunsidf
                0x0013f69e                __floatsidf
                0x0013f768                __floatunsisf
                0x0013f782                __floatsisf
                0x0013f79c                __extendsfdf2
                0x0013f818                __truncdfsf2
                0x0013f96a                __fixdfsi
                0x0013fa00                __fixsfsi
 *fill*         0x0013fa1a        0x2 
 .text          0x0013fa1c      0x81e /opt/m68k-toolchain/bin/../lib/gcc/m68k-elf/6.3.0/libgcc.a(xfgnulib.o)
                0x0013fa1c                __unordxf2
                0x0013faa0                __extenddfxf2
                0x0013fbb6                __truncxfdf2
                0x0013fc9e                __extendsfxf2
                0x0013fce2                __truncxfsf2
                0x0013fd0a                __floatsixf
                0x0013fd50                __floatunsixf
                0x0013fd96                __fixxfsi
                0x0013fdbe                __addxf3
                0x0013fe34                __subxf3
                0x0013feaa                __mulxf3
                0x0013ff20                __divxf3
                0x0013ff96                __negxf2
                0x0013ffee                __cmpxf2
                0x00140042                __eqxf2
                0x00140096                __nexf2
                0x001400ea                __ltxf2
                0x0014013e                __lexf2
                0x00140192                __gtxf2
                0x001401e6                __gexf2
 *(.init*)
 *(.fini*)
                0x0014023c                        . = ALIGN (0x4)
 *fill*         0x0014023a        0x2 
                0x0014023c                        _etext = .

.got            0x0014023c        0x0
                0x0014023c                        _GLOBAL_OFFSET_TABLE_ = .
 *(.got.plt)
 *(.got)

.plt
 *(.plt)

.rodata         0x0014023c      0xaac
 *(.rodata .rodata.*)
 .rodata.xmodem_receive.str1.1
                0x0014023c       0xc3 ../bin/xmodem.o
 .rodata.check_fs.part.5.str1.1
                0x001402ff       0xc3 ../bin/ff.o
                                  0x9 (size before relaxing)
 .rodata.follow_path.str1.1
                0x001402ff        0xf ../bin/ff.o
 .rodata.f_mkfs.str1.1
                0x0014030e       0x34 ../bin/ff.o
 .rodata.cst.2550
                0x00140342        0xe ../bin/ff.o
 .rodata.cst32.2551
                0x00140350        0xe ../bin/ff.o
 .rodata.defopt.2552
                0x0014035e        0xe ../bin/ff.o
 .rodata.ide_wait_ready.str1.1
                0x0014036c       0x13 ../bin/sys_IDE.o
 .rodata.sys_read_sectors.str1.1
                0x0014037f       0x1a ../bin/sys_IDE.o
 .rodata.sys_write_sectors.str1.1
                0x00140399       0x1f ../bin/sys_IDE.o
 .rodata        0x001403b8       0x17 ../bin/amix_sys.o
 .rodata.tokenize_line.str1.1
                0x001403cf        0xf ../bin/shell.o
                                 0x13 (size before relaxing)
 .rodata.parse_line.str1.1
                0x001403de      0x21d ../bin/shell.o
                                0x225 (size before relaxing)
 .rodata.shell_loop.str1.1
                0x001405fb       0x16 ../bin/shell.o
 .rodata.shell_start.str1.1
                0x00140611       0x13 ../bin/shell.o
                                 0x16 (size before relaxing)
 .rodata.kernel_panic_print.str1.1
                0x00140624       0x13 ../bin/kernel.o
 .rodata.kernel_start.str1.1
                0x00140637      0x25e ../bin/kernel.o
                                0x263 (size before relaxing)
 .rodata.load_elf.str1.1
                0x00140895        0x5 ../bin/elf_loader_68k.o
 .rodata.load_and_file_elf.str1.1
                0x0014089a       0x17 ../bin/elf_loader_68k.o
 .rodata.run_file.str1.1
                0x001408b1       0x54 ../bin/elf_loader_68k.o
                                 0x56 (size before relaxing)
 .rodata._chdir_r.str1.1
                0x00140905        0x4 ../bin/kernel_syscalls.o
 .rodata.history_start.str1.1
                0x00140905       0x54 ../bin/history.o
                                  0x1 (size before relaxing)
 .rodata._exit.str1.1
                0x00140905       0x1c ../bin/amix-syscalls.o
 .rodata._write_r.str1.1
                0x00140921       0x36 ../bin/amix-syscalls.o
 .rodata.CSWTCH.27
                0x00140957       0x14 ../bin/amix-syscalls.o
 *fill*         0x0014096b        0x1 
 .rodata.days_before_month.4088
                0x0014096c       0x30 ../bin/amix-syscalls.o
 .rodata.__utoa.str1.1
                0x0014099c       0x25 /home/lovro/opt/cross-newlib/m68k-elf-rosco/lib/libc.a(libc_a-utoa.o)
 .rodata._ctype_
                0x001409c1      0x101 /home/lovro/opt/cross-newlib/m68k-elf-rosco/lib/libc.a(libc_a-ctype_.o)
                0x001409c1                _ctype_
 .rodata._puts_r.str1.1
                0x00140ac2       0x25 /home/lovro/opt/cross-newlib/m68k-elf-rosco/lib/libc.a(libc_a-puts.o)
                                  0x2 (size before relaxing)
 .rodata._vfprintf_r.str1.1
                0x00140ac2       0x39 /home/lovro/opt/cross-newlib/m68k-elf-rosco/lib/libc.a(libc_a-vfprintf.o)
                                 0x3b (size before relaxing)
 .rodata.zeroes.0
                0x00140afb       0x10 /home/lovro/opt/cross-newlib/m68k-elf-rosco/lib/libc.a(libc_a-vfprintf.o)
 .rodata.blanks.1
                0x00140b0b       0x10 /home/lovro/opt/cross-newlib/m68k-elf-rosco/lib/libc.a(libc_a-vfprintf.o)
 .rodata._dtoa_r.str1.1
                0x00140b1b       0x46 /home/lovro/opt/cross-newlib/m68k-elf-rosco/lib/libc.a(libc_a-dtoa.o)
                                 0x48 (size before relaxing)
 .rodata.__multadd.str1.1
                0x00140b61       0x29 /home/lovro/opt/cross-newlib/m68k-elf-rosco/lib/libc.a(libc_a-mprec.o)
                                 0x3a (size before relaxing)
 .rodata.p05.0  0x00140b8a        0xc /home/lovro/opt/cross-newlib/m68k-elf-rosco/lib/libc.a(libc_a-mprec.o)
 .rodata.__mprec_bigtens
                0x00140b96       0x28 /home/lovro/opt/cross-newlib/m68k-elf-rosco/lib/libc.a(libc_a-mprec.o)
                0x00140b96                __mprec_bigtens
 .rodata.__mprec_tens
                0x00140bbe       0xc8 /home/lovro/opt/cross-newlib/m68k-elf-rosco/lib/libc.a(libc_a-mprec.o)
                0x00140bbe                __mprec_tens
 .rodata._setlocale_r.str1.1
                0x00140c86        0x6 /home/lovro/opt/cross-newlib/m68k-elf-rosco/lib/libc.a(libc_a-locale.o)
                                  0x9 (size before relaxing)
 .rodata.str1.1
                0x00140c8c        0x6 /home/lovro/opt/cross-newlib/m68k-elf-rosco/lib/libc.a(libc_a-locale.o)
                                  0x2 (size before relaxing)
 .rodata.__assert_func.str1.1
                0x00140c8c       0x3c /home/lovro/opt/cross-newlib/m68k-elf-rosco/lib/libc.a(libc_a-assert.o)
                                 0x3d (size before relaxing)
 .rodata._vfiprintf_r.str1.1
                0x00140cc8       0x29 /home/lovro/opt/cross-newlib/m68k-elf-rosco/lib/libc.a(libc_a-vfiprintf.o)
 .rodata.zeroes.0
                0x00140cc8       0x10 /home/lovro/opt/cross-newlib/m68k-elf-rosco/lib/libc.a(libc_a-vfiprintf.o)
 .rodata.blanks.1
                0x00140cd8       0x10 /home/lovro/opt/cross-newlib/m68k-elf-rosco/lib/libc.a(libc_a-vfiprintf.o)

.data           0x00140ce8      0x6f8
                0x00140ce8                        _data_start = .
                0x00140ce8                        __CTOR_LIST__ = .
 *crtbegin*.o(.ctors)
 *(SORT_BY_NAME(.ctors.*))
 *(.ctors)
 *crtend*.o(.ctors)
                0x00140ce8        0x4 LONG 0x0
                0x00140cec                        __CTOR_END__ = .
                0x00140cec                        __DTOR_LIST__ = .
 *crtbegin*.o(.dtors)
 *(SORT_BY_NAME(.dtors.*))
 *(.dtors)
 *crtend*.o(.dtors)
                0x00140cec        0x4 LONG 0x0
                0x00140cf0                        __DTOR_END__ = .
 *(.data .data.*)
 .data          0x00140cf0       0x24 ../bin/crt0.o
                0x00140d10                environ
 .data.plist    0x00140d14        0xc ../bin/shell.o
                0x00140d14                plist
 .data.VolToPart
                0x00140d20        0x4 ../bin/shell.o
                0x00140d20                VolToPart
 .data.__malloc_sbrk_base
                0x00140d24        0x4 /home/lovro/opt/cross-newlib/m68k-elf-rosco/lib/libc.a(libc_a-mallocr.o)
                0x00140d24                __malloc_sbrk_base
 .data.__malloc_trim_threshold
                0x00140d28        0x4 /home/lovro/opt/cross-newlib/m68k-elf-rosco/lib/libc.a(libc_a-mallocr.o)
                0x00140d28                __malloc_trim_threshold
 .data.__malloc_av_
                0x00140d2c      0x408 /home/lovro/opt/cross-newlib/m68k-elf-rosco/lib/libc.a(libc_a-mallocr.o)
                0x00140d2c                __malloc_av_
 .data.__sglue  0x00141134        0xc /home/lovro/opt/cross-newlib/m68k-elf-rosco/lib/libc.a(libc_a-findfp.o)
                0x00141134                __sglue
 .data._impure_ptr
                0x00141140        0x4 /home/lovro/opt/cross-newlib/m68k-elf-rosco/lib/libc.a(libc_a-impure.o)
                0x00141140                _impure_ptr
 .data._impure_data
                0x00141144      0x116 /home/lovro/opt/cross-newlib/m68k-elf-rosco/lib/libc.a(libc_a-impure.o)
                0x00141144                _impure_data
 .data.__global_locale
                0x0014125a      0x168 /home/lovro/opt/cross-newlib/m68k-elf-rosco/lib/libc.a(libc_a-locale.o)
                0x0014125a                __global_locale
 *fill*         0x001413c2        0x2 
 .data          0x001413c4       0x1c /opt/m68k-toolchain/bin/../lib/gcc/m68k-elf/6.3.0/libgcc.a(_floatex.o)
                0x001413c4                _fpCCR
                0x001413e0                        . = ALIGN (0x4)
                0x001413e0                        _edata = .

.bss            0x001413e0    0x21518
                0x001413e0                        __bss_start = .
                0x001413e0                        _bss_start = .
 *(.bss .bss.*)
 .bss.times     0x001413e0        0x4 ../bin/xmodem.o
                0x001413e0                times
 .bss.CurrVol   0x001413e4        0x1 ../bin/ff.o
 *fill*         0x001413e5        0x1 
 .bss.Fsid      0x001413e6        0x2 ../bin/ff.o
 .bss.FatFs     0x001413e8        0x8 ../bin/ff.o
 .bss.history_cur
                0x001413f0        0x4 ../bin/shell.o
                0x001413f0                history_cur
 .bss.i         0x001413f4        0x4 ../bin/shell.o
                0x001413f4                i
 .bss.entry.3862
                0x001413f8      0x102 ../bin/kernel_syscalls.o
 .bss.heap_end.4049
                0x001414fa        0x4 ../bin/amix-syscalls.o
 .bss.fd_table  0x001414fe       0x20 ../bin/amix-syscalls.o
 .bss.__malloc_current_mallinfo
                0x0014151e       0x28 /home/lovro/opt/cross-newlib/m68k-elf-rosco/lib/libc.a(libc_a-mallocr.o)
                0x0014151e                __malloc_current_mallinfo
 .bss.__malloc_max_total_mem
                0x00141546        0x4 /home/lovro/opt/cross-newlib/m68k-elf-rosco/lib/libc.a(libc_a-mallocr.o)
                0x00141546                __malloc_max_total_mem
 .bss.__malloc_max_sbrked_mem
                0x0014154a        0x4 /home/lovro/opt/cross-newlib/m68k-elf-rosco/lib/libc.a(libc_a-mallocr.o)
                0x0014154a                __malloc_max_sbrked_mem
 .bss.__malloc_top_pad
                0x0014154e        0x4 /home/lovro/opt/cross-newlib/m68k-elf-rosco/lib/libc.a(libc_a-mallocr.o)
                0x0014154e                __malloc_top_pad
 .bss.alloced.0
                0x00141552        0x4 /home/lovro/opt/cross-newlib/m68k-elf-rosco/lib/libc.a(libc_a-setenv_r.o)
 *fill*         0x00141556        0x2 
 .bss.__sf      0x00141558      0x138 /home/lovro/opt/cross-newlib/m68k-elf-rosco/lib/libc.a(libc_a-findfp.o)
                0x00141558                __sf
 .bss.__stdio_exit_handler
                0x00141690        0x4 /home/lovro/opt/cross-newlib/m68k-elf-rosco/lib/libc.a(libc_a-findfp.o)
                0x00141690                __stdio_exit_handler
 .bss.__atexit0
                0x00141694      0x190 /home/lovro/opt/cross-newlib/m68k-elf-rosco/lib/libc.a(libc_a-__atexit.o)
                0x00141694                __atexit0
 .bss.__atexit  0x00141824        0x4 /home/lovro/opt/cross-newlib/m68k-elf-rosco/lib/libc.a(libc_a-__call_atexit.o)
                0x00141824                __atexit
 *(COMMON)
 COMMON         0x00141828      0x308 ../bin/main.o
                0x00141828                _BIN_PATH
                0x00141928                _WORKING_PROGRAM_ADD
                0x0014192c                _WORKING_PROGRAM_MAX_SIZE
                0x00141930                _SRC_PATH
                0x00141a30                _SYS_PATH
 COMMON         0x00141b30      0x2a2 ../bin/shell.o
                0x00141b30                line
                0x00141b81                print_buf
                0x00141bd2                work
 COMMON         0x00141dd2      0x238 ../bin/kernel.o
                0x00141dd2                fs
                0x00142006                _SYS_VER_STR
 COMMON         0x0014200a    0x20100 ../bin/elf_loader_68k.o
                0x0014200a                bigbuf
                0x0016200a                resbuff
 COMMON         0x0016210a      0x7ed ../bin/history.o
                0x0016210a                history_ptr
                0x0016210e                history_buffer
                0x001628f8                        . = ALIGN (0x4)
 *fill*         0x001628f7        0x1 
                0x001628f8                        _end = .
                0x001628f8                        __end = .
                0x001628f8                        . = ALIGN (0x8)
                0x001648f8                        . = (. + 0x2000)
                0x001648f8                        __stack = .
                0x001648fc                        _heap_start = (. + 0x4)

.stab
 *(.stab)

.stabstr
 *(.stabstr)

.debug_info     0x00000000    0x2e317
 *(.debug_info)
 .debug_info    0x00000000       0x26 ../bin/crt0.o
 .debug_info    0x00000026      0xb45 ../bin/main.o
 .debug_info    0x00000b6b      0xebf ../bin/xmodem.o
 .debug_info    0x00001a2a      0xb30 ../bin/diskio.o
 .debug_info    0x0000255a      0x5d6 ../bin/RTC_SPI.o
 .debug_info    0x00002b30     0x3f80 ../bin/ff.o
 .debug_info    0x00006ab0     0x110f ../bin/sys_IDE.o
 .debug_info    0x00007bbf       0x26 ../bin/kernel_syscall.o
 .debug_info    0x00007be5      0xcbb ../bin/amix_sys.o
 .debug_info    0x000088a0     0x1b1a ../bin/shell.o
 .debug_info    0x0000a3ba     0x102f ../bin/kernel.o
 .debug_info    0x0000b3e9       0x26 ../bin/syscalls_asm.o
 .debug_info    0x0000b40f     0x19ff ../bin/elf_loader_68k.o
 .debug_info    0x0000ce0e     0x133d ../bin/kernel_syscalls.o
 .debug_info    0x0000e14b      0x998 ../bin/history.o
 .debug_info    0x0000eae3     0x1898 ../bin/amix-syscalls.o
 .debug_info    0x0001037b       0xfc /home/lovro/opt/cross-newlib/m68k-elf-rosco/lib/libc.a(libc_a-atexit.o)
 .debug_info    0x00010477      0x769 /home/lovro/opt/cross-newlib/m68k-elf-rosco/lib/libc.a(libc_a-calloc.o)
 .debug_info    0x00010be0      0x8af /home/lovro/opt/cross-newlib/m68k-elf-rosco/lib/libc.a(libc_a-callocr.o)
 .debug_info    0x0001148f       0xee /home/lovro/opt/cross-newlib/m68k-elf-rosco/lib/libc.a(libc_a-exit.o)
 .debug_info    0x0001157d      0x7a8 /home/lovro/opt/cross-newlib/m68k-elf-rosco/lib/libc.a(libc_a-getenv.o)
 .debug_info    0x00011d25      0x852 /home/lovro/opt/cross-newlib/m68k-elf-rosco/lib/libc.a(libc_a-getenv_r.o)
 .debug_info    0x00012577      0x1ee /home/lovro/opt/cross-newlib/m68k-elf-rosco/lib/libc.a(libc_a-itoa.o)
 .debug_info    0x00012765      0x79a /home/lovro/opt/cross-newlib/m68k-elf-rosco/lib/libc.a(libc_a-malloc.o)
 .debug_info    0x00012eff      0xc34 /home/lovro/opt/cross-newlib/m68k-elf-rosco/lib/libc.a(libc_a-mallocr.o)
 .debug_info    0x00013b33      0x747 /home/lovro/opt/cross-newlib/m68k-elf-rosco/lib/libc.a(libc_a-mlock.o)
 .debug_info    0x0001427a      0xd66 /home/lovro/opt/cross-newlib/m68k-elf-rosco/lib/libc.a(libc_a-strtol.o)
 .debug_info    0x00014fe0      0x1bd /home/lovro/opt/cross-newlib/m68k-elf-rosco/lib/libc.a(libc_a-utoa.o)
 .debug_info    0x0001519d      0x7be /home/lovro/opt/cross-newlib/m68k-elf-rosco/lib/libc.a(libc_a-setenv.o)
 .debug_info    0x0001595b      0x9d7 /home/lovro/opt/cross-newlib/m68k-elf-rosco/lib/libc.a(libc_a-setenv_r.o)
 .debug_info    0x00016332       0xb9 /home/lovro/opt/cross-newlib/m68k-elf-rosco/lib/libc.a(libc_a-ctype_.o)
 .debug_info    0x000163eb      0x9ca /home/lovro/opt/cross-newlib/m68k-elf-rosco/lib/libc.a(libc_a-fflush.o)
 .debug_info    0x00016db5      0xdef /home/lovro/opt/cross-newlib/m68k-elf-rosco/lib/libc.a(libc_a-findfp.o)
 .debug_info    0x00017ba4      0x7d6 /home/lovro/opt/cross-newlib/m68k-elf-rosco/lib/libc.a(libc_a-fwalk.o)
 .debug_info    0x0001837a      0x82a /home/lovro/opt/cross-newlib/m68k-elf-rosco/lib/libc.a(libc_a-printf.o)
 .debug_info    0x00018ba4      0x7b1 /home/lovro/opt/cross-newlib/m68k-elf-rosco/lib/libc.a(libc_a-putchar.o)
 .debug_info    0x00019355      0x8d9 /home/lovro/opt/cross-newlib/m68k-elf-rosco/lib/libc.a(libc_a-puts.o)
 .debug_info    0x00019c2e      0x9ff /home/lovro/opt/cross-newlib/m68k-elf-rosco/lib/libc.a(libc_a-stdio.o)
 .debug_info    0x0001a62d      0x122 /home/lovro/opt/cross-newlib/m68k-elf-rosco/lib/libc.a(libc_a-memcmp.o)
 .debug_info    0x0001a74f      0x129 /home/lovro/opt/cross-newlib/m68k-elf-rosco/lib/libc.a(libc_a-strcat.o)
 .debug_info    0x0001a878      0x126 /home/lovro/opt/cross-newlib/m68k-elf-rosco/lib/libc.a(libc_a-strchr.o)
 .debug_info    0x0001a99e       0xeb /home/lovro/opt/cross-newlib/m68k-elf-rosco/lib/libc.a(libc_a-strcmp.o)
 .debug_info    0x0001aa89      0x74a /home/lovro/opt/cross-newlib/m68k-elf-rosco/lib/libc.a(libc_a-strdup.o)
 .debug_info    0x0001b1d3      0x7d5 /home/lovro/opt/cross-newlib/m68k-elf-rosco/lib/libc.a(libc_a-strdup_r.o)
 .debug_info    0x0001b9a8      0x121 /home/lovro/opt/cross-newlib/m68k-elf-rosco/lib/libc.a(libc_a-strncat.o)
 .debug_info    0x0001bac9      0x108 /home/lovro/opt/cross-newlib/m68k-elf-rosco/lib/libc.a(libc_a-strncmp.o)
 .debug_info    0x0001bbd1      0x146 /home/lovro/opt/cross-newlib/m68k-elf-rosco/lib/libc.a(libc_a-strncpy.o)
 .debug_info    0x0001bd17      0x11c /home/lovro/opt/cross-newlib/m68k-elf-rosco/lib/libc.a(libc_a-strrchr.o)
 .debug_info    0x0001be33      0x77c /home/lovro/opt/cross-newlib/m68k-elf-rosco/lib/libc.a(libc_a-strtok.o)
 .debug_info    0x0001c5af      0x187 /home/lovro/opt/cross-newlib/m68k-elf-rosco/lib/libc.a(libc_a-strtok_r.o)
 .debug_info    0x0001c736      0x735 /home/lovro/opt/cross-newlib/m68k-elf-rosco/lib/libc.a(libc_a-impure.o)
 .debug_info    0x0001ce6b      0x71b /home/lovro/opt/cross-newlib/m68k-elf-rosco/lib/libc.a(libc_a-errno.o)
 .debug_info    0x0001d586       0xe7 /home/lovro/opt/cross-newlib/m68k-elf-rosco/lib/libc.a(libc_a-strcpy.o)
 .debug_info    0x0001d66d       0xdb /home/lovro/opt/cross-newlib/m68k-elf-rosco/lib/libc.a(libc_a-strlen.o)
 .debug_info    0x0001d748       0x24 /home/lovro/opt/cross-newlib/m68k-elf-rosco/lib/libc.a(libc_a-memcpy.o)
 .debug_info    0x0001d76c       0x24 /home/lovro/opt/cross-newlib/m68k-elf-rosco/lib/libc.a(libc_a-memset.o)
 .debug_info    0x0001d790      0x1f0 /home/lovro/opt/cross-newlib/m68k-elf-rosco/lib/libc.a(libc_a-__atexit.o)
 .debug_info    0x0001d980      0x21b /home/lovro/opt/cross-newlib/m68k-elf-rosco/lib/libc.a(libc_a-__call_atexit.o)
 .debug_info    0x0001db9b      0x747 /home/lovro/opt/cross-newlib/m68k-elf-rosco/lib/libc.a(libc_a-envlock.o)
 .debug_info    0x0001e2e2      0xac7 /home/lovro/opt/cross-newlib/m68k-elf-rosco/lib/libc.a(libc_a-freer.o)
 .debug_info    0x0001eda9      0xb69 /home/lovro/opt/cross-newlib/m68k-elf-rosco/lib/libc.a(libc_a-reallocr.o)
 .debug_info    0x0001f912     0x157f /home/lovro/opt/cross-newlib/m68k-elf-rosco/lib/libc.a(libc_a-vfprintf.o)
 .debug_info    0x00020e91      0x7fc /home/lovro/opt/cross-newlib/m68k-elf-rosco/lib/libc.a(libc_a-sprint_r.o)
 .debug_info    0x0002168d      0x897 /home/lovro/opt/cross-newlib/m68k-elf-rosco/lib/libc.a(libc_a-fclose.o)
 .debug_info    0x00021f24      0xa20 /home/lovro/opt/cross-newlib/m68k-elf-rosco/lib/libc.a(libc_a-fvwrite.o)
 .debug_info    0x00022944      0x8e7 /home/lovro/opt/cross-newlib/m68k-elf-rosco/lib/libc.a(libc_a-putc.o)
 .debug_info    0x0002322b      0x830 /home/lovro/opt/cross-newlib/m68k-elf-rosco/lib/libc.a(libc_a-wbuf.o)
 .debug_info    0x00023a5b      0x7b9 /home/lovro/opt/cross-newlib/m68k-elf-rosco/lib/libc.a(libc_a-wsetup.o)
 .debug_info    0x00024214      0x142 /home/lovro/opt/cross-newlib/m68k-elf-rosco/lib/libc.a(libc_a-memchr.o)
 .debug_info    0x00024356      0x144 /home/lovro/opt/cross-newlib/m68k-elf-rosco/lib/libc.a(libc_a-memmove.o)
 .debug_info    0x0002449a      0xa2e /home/lovro/opt/cross-newlib/m68k-elf-rosco/lib/libc.a(libc_a-localeconv.o)
 .debug_info    0x00024ec8     0x1513 /home/lovro/opt/cross-newlib/m68k-elf-rosco/lib/libc.a(libc_a-dtoa.o)
 .debug_info    0x000263db     0x1b90 /home/lovro/opt/cross-newlib/m68k-elf-rosco/lib/libc.a(libc_a-mprec.o)
 .debug_info    0x00027f6b      0xa92 /home/lovro/opt/cross-newlib/m68k-elf-rosco/lib/libc.a(libc_a-makebuf.o)
 .debug_info    0x000289fd      0xb5a /home/lovro/opt/cross-newlib/m68k-elf-rosco/lib/libc.a(libc_a-locale.o)
 .debug_info    0x00029557      0x7ef /home/lovro/opt/cross-newlib/m68k-elf-rosco/lib/libc.a(libc_a-assert.o)
 .debug_info    0x00029d46      0xaa2 /home/lovro/opt/cross-newlib/m68k-elf-rosco/lib/libc.a(libc_a-mbtowc_r.o)
 .debug_info    0x0002a7e8      0xa63 /home/lovro/opt/cross-newlib/m68k-elf-rosco/lib/libc.a(libc_a-wctomb_r.o)
 .debug_info    0x0002b24b      0x830 /home/lovro/opt/cross-newlib/m68k-elf-rosco/lib/libc.a(libc_a-fiprintf.o)
 .debug_info    0x0002ba7b     0x1003 /home/lovro/opt/cross-newlib/m68k-elf-rosco/lib/libc.a(libc_a-vfiprintf.o)
 .debug_info    0x0002ca7e       0xc8 /home/lovro/opt/cross-newlib/m68k-elf-rosco/lib/libc.a(libc_a-abort.o)
 .debug_info    0x0002cb46      0xb66 /home/lovro/opt/cross-newlib/m68k-elf-rosco/lib/libc.a(libc_a-signal.o)
 .debug_info    0x0002d6ac       0x26 /opt/m68k-toolchain/bin/../lib/gcc/m68k-elf/6.3.0/libgcc.a(_mulsi3.o)
 .debug_info    0x0002d6d2       0x26 /opt/m68k-toolchain/bin/../lib/gcc/m68k-elf/6.3.0/libgcc.a(_udivsi3.o)
 .debug_info    0x0002d6f8       0x26 /opt/m68k-toolchain/bin/../lib/gcc/m68k-elf/6.3.0/libgcc.a(_divsi3.o)
 .debug_info    0x0002d71e       0x26 /opt/m68k-toolchain/bin/../lib/gcc/m68k-elf/6.3.0/libgcc.a(_umodsi3.o)
 .debug_info    0x0002d744       0x26 /opt/m68k-toolchain/bin/../lib/gcc/m68k-elf/6.3.0/libgcc.a(_modsi3.o)
 .debug_info    0x0002d76a       0x26 /opt/m68k-toolchain/bin/../lib/gcc/m68k-elf/6.3.0/libgcc.a(_double.o)
 .debug_info    0x0002d790       0x26 /opt/m68k-toolchain/bin/../lib/gcc/m68k-elf/6.3.0/libgcc.a(_floatex.o)
 .debug_info    0x0002d7b6       0x26 /opt/m68k-toolchain/bin/../lib/gcc/m68k-elf/6.3.0/libgcc.a(_eqdf2.o)
 .debug_info    0x0002d7dc       0x26 /opt/m68k-toolchain/bin/../lib/gcc/m68k-elf/6.3.0/libgcc.a(_nedf2.o)
 .debug_info    0x0002d802       0x26 /opt/m68k-toolchain/bin/../lib/gcc/m68k-elf/6.3.0/libgcc.a(_gtdf2.o)
 .debug_info    0x0002d828       0x26 /opt/m68k-toolchain/bin/../lib/gcc/m68k-elf/6.3.0/libgcc.a(_ltdf2.o)
 .debug_info    0x0002d84e       0x26 /opt/m68k-toolchain/bin/../lib/gcc/m68k-elf/6.3.0/libgcc.a(_ledf2.o)
 .debug_info    0x0002d874      0x44e /opt/m68k-toolchain/bin/../lib/gcc/m68k-elf/6.3.0/libgcc.a(fpgnulib.o)
 .debug_info    0x0002dcc2      0x655 /opt/m68k-toolchain/bin/../lib/gcc/m68k-elf/6.3.0/libgcc.a(xfgnulib.o)

.debug_abbrev   0x00000000     0xa757
 *(.debug_abbrev)
 .debug_abbrev  0x00000000       0x14 ../bin/crt0.o
 .debug_abbrev  0x00000014      0x213 ../bin/main.o
 .debug_abbrev  0x00000227      0x2be ../bin/xmodem.o
 .debug_abbrev  0x000004e5      0x281 ../bin/diskio.o
 .debug_abbrev  0x00000766      0x19f ../bin/RTC_SPI.o
 .debug_abbrev  0x00000905      0x45d ../bin/ff.o
 .debug_abbrev  0x00000d62      0x361 ../bin/sys_IDE.o
 .debug_abbrev  0x000010c3       0x14 ../bin/kernel_syscall.o
 .debug_abbrev  0x000010d7      0x2a1 ../bin/amix_sys.o
 .debug_abbrev  0x00001378      0x40c ../bin/shell.o
 .debug_abbrev  0x00001784      0x2c6 ../bin/kernel.o
 .debug_abbrev  0x00001a4a       0x14 ../bin/syscalls_asm.o
 .debug_abbrev  0x00001a5e      0x3f3 ../bin/elf_loader_68k.o
 .debug_abbrev  0x00001e51      0x343 ../bin/kernel_syscalls.o
 .debug_abbrev  0x00002194      0x247 ../bin/history.o
 .debug_abbrev  0x000023db      0x44c ../bin/amix-syscalls.o
 .debug_abbrev  0x00002827       0xb2 /home/lovro/opt/cross-newlib/m68k-elf-rosco/lib/libc.a(libc_a-atexit.o)
 .debug_abbrev  0x000028d9      0x1dc /home/lovro/opt/cross-newlib/m68k-elf-rosco/lib/libc.a(libc_a-calloc.o)
 .debug_abbrev  0x00002ab5      0x238 /home/lovro/opt/cross-newlib/m68k-elf-rosco/lib/libc.a(libc_a-callocr.o)
 .debug_abbrev  0x00002ced       0xbe /home/lovro/opt/cross-newlib/m68k-elf-rosco/lib/libc.a(libc_a-exit.o)
 .debug_abbrev  0x00002dab      0x20e /home/lovro/opt/cross-newlib/m68k-elf-rosco/lib/libc.a(libc_a-getenv.o)
 .debug_abbrev  0x00002fb9      0x240 /home/lovro/opt/cross-newlib/m68k-elf-rosco/lib/libc.a(libc_a-getenv_r.o)
 .debug_abbrev  0x000031f9      0x13a /home/lovro/opt/cross-newlib/m68k-elf-rosco/lib/libc.a(libc_a-itoa.o)
 .debug_abbrev  0x00003333      0x1fc /home/lovro/opt/cross-newlib/m68k-elf-rosco/lib/libc.a(libc_a-malloc.o)
 .debug_abbrev  0x0000352f      0x2c8 /home/lovro/opt/cross-newlib/m68k-elf-rosco/lib/libc.a(libc_a-mallocr.o)
 .debug_abbrev  0x000037f7      0x1ce /home/lovro/opt/cross-newlib/m68k-elf-rosco/lib/libc.a(libc_a-mlock.o)
 .debug_abbrev  0x000039c5      0x330 /home/lovro/opt/cross-newlib/m68k-elf-rosco/lib/libc.a(libc_a-strtol.o)
 .debug_abbrev  0x00003cf5      0x13b /home/lovro/opt/cross-newlib/m68k-elf-rosco/lib/libc.a(libc_a-utoa.o)
 .debug_abbrev  0x00003e30      0x200 /home/lovro/opt/cross-newlib/m68k-elf-rosco/lib/libc.a(libc_a-setenv.o)
 .debug_abbrev  0x00004030      0x2a1 /home/lovro/opt/cross-newlib/m68k-elf-rosco/lib/libc.a(libc_a-setenv_r.o)
 .debug_abbrev  0x000042d1       0x62 /home/lovro/opt/cross-newlib/m68k-elf-rosco/lib/libc.a(libc_a-ctype_.o)
 .debug_abbrev  0x00004333      0x311 /home/lovro/opt/cross-newlib/m68k-elf-rosco/lib/libc.a(libc_a-fflush.o)
 .debug_abbrev  0x00004644      0x41c /home/lovro/opt/cross-newlib/m68k-elf-rosco/lib/libc.a(libc_a-findfp.o)
 .debug_abbrev  0x00004a60      0x1d6 /home/lovro/opt/cross-newlib/m68k-elf-rosco/lib/libc.a(libc_a-fwalk.o)
 .debug_abbrev  0x00004c36      0x227 /home/lovro/opt/cross-newlib/m68k-elf-rosco/lib/libc.a(libc_a-printf.o)
 .debug_abbrev  0x00004e5d      0x1fd /home/lovro/opt/cross-newlib/m68k-elf-rosco/lib/libc.a(libc_a-putchar.o)
 .debug_abbrev  0x0000505a      0x265 /home/lovro/opt/cross-newlib/m68k-elf-rosco/lib/libc.a(libc_a-puts.o)
 .debug_abbrev  0x000052bf      0x243 /home/lovro/opt/cross-newlib/m68k-elf-rosco/lib/libc.a(libc_a-stdio.o)
 .debug_abbrev  0x00005502       0xa1 /home/lovro/opt/cross-newlib/m68k-elf-rosco/lib/libc.a(libc_a-memcmp.o)
 .debug_abbrev  0x000055a3       0xdc /home/lovro/opt/cross-newlib/m68k-elf-rosco/lib/libc.a(libc_a-strcat.o)
 .debug_abbrev  0x0000567f       0x94 /home/lovro/opt/cross-newlib/m68k-elf-rosco/lib/libc.a(libc_a-strchr.o)
 .debug_abbrev  0x00005713       0x83 /home/lovro/opt/cross-newlib/m68k-elf-rosco/lib/libc.a(libc_a-strcmp.o)
 .debug_abbrev  0x00005796      0x1cb /home/lovro/opt/cross-newlib/m68k-elf-rosco/lib/libc.a(libc_a-strdup.o)
 .debug_abbrev  0x00005961      0x216 /home/lovro/opt/cross-newlib/m68k-elf-rosco/lib/libc.a(libc_a-strdup_r.o)
 .debug_abbrev  0x00005b77       0xb2 /home/lovro/opt/cross-newlib/m68k-elf-rosco/lib/libc.a(libc_a-strncat.o)
 .debug_abbrev  0x00005c29       0x92 /home/lovro/opt/cross-newlib/m68k-elf-rosco/lib/libc.a(libc_a-strncmp.o)
 .debug_abbrev  0x00005cbb       0xbe /home/lovro/opt/cross-newlib/m68k-elf-rosco/lib/libc.a(libc_a-strncpy.o)
 .debug_abbrev  0x00005d79       0xd6 /home/lovro/opt/cross-newlib/m68k-elf-rosco/lib/libc.a(libc_a-strrchr.o)
 .debug_abbrev  0x00005e4f      0x1f2 /home/lovro/opt/cross-newlib/m68k-elf-rosco/lib/libc.a(libc_a-strtok.o)
 .debug_abbrev  0x00006041      0x100 /home/lovro/opt/cross-newlib/m68k-elf-rosco/lib/libc.a(libc_a-strtok_r.o)
 .debug_abbrev  0x00006141      0x185 /home/lovro/opt/cross-newlib/m68k-elf-rosco/lib/libc.a(libc_a-impure.o)
 .debug_abbrev  0x000062c6      0x19a /home/lovro/opt/cross-newlib/m68k-elf-rosco/lib/libc.a(libc_a-errno.o)
 .debug_abbrev  0x00006460       0x90 /home/lovro/opt/cross-newlib/m68k-elf-rosco/lib/libc.a(libc_a-strcpy.o)
 .debug_abbrev  0x000064f0       0x8a /home/lovro/opt/cross-newlib/m68k-elf-rosco/lib/libc.a(libc_a-strlen.o)
 .debug_abbrev  0x0000657a       0x14 /home/lovro/opt/cross-newlib/m68k-elf-rosco/lib/libc.a(libc_a-memcpy.o)
 .debug_abbrev  0x0000658e       0x14 /home/lovro/opt/cross-newlib/m68k-elf-rosco/lib/libc.a(libc_a-memset.o)
 .debug_abbrev  0x000065a2      0x13f /home/lovro/opt/cross-newlib/m68k-elf-rosco/lib/libc.a(libc_a-__atexit.o)
 .debug_abbrev  0x000066e1      0x154 /home/lovro/opt/cross-newlib/m68k-elf-rosco/lib/libc.a(libc_a-__call_atexit.o)
 .debug_abbrev  0x00006835      0x1ce /home/lovro/opt/cross-newlib/m68k-elf-rosco/lib/libc.a(libc_a-envlock.o)
 .debug_abbrev  0x00006a03      0x274 /home/lovro/opt/cross-newlib/m68k-elf-rosco/lib/libc.a(libc_a-freer.o)
 .debug_abbrev  0x00006c77      0x256 /home/lovro/opt/cross-newlib/m68k-elf-rosco/lib/libc.a(libc_a-reallocr.o)
 .debug_abbrev  0x00006ecd      0x4cf /home/lovro/opt/cross-newlib/m68k-elf-rosco/lib/libc.a(libc_a-vfprintf.o)
 .debug_abbrev  0x0000739c      0x1d1 /home/lovro/opt/cross-newlib/m68k-elf-rosco/lib/libc.a(libc_a-sprint_r.o)
 .debug_abbrev  0x0000756d      0x2c1 /home/lovro/opt/cross-newlib/m68k-elf-rosco/lib/libc.a(libc_a-fclose.o)
 .debug_abbrev  0x0000782e      0x23e /home/lovro/opt/cross-newlib/m68k-elf-rosco/lib/libc.a(libc_a-fvwrite.o)
 .debug_abbrev  0x00007a6c      0x28f /home/lovro/opt/cross-newlib/m68k-elf-rosco/lib/libc.a(libc_a-putc.o)
 .debug_abbrev  0x00007cfb      0x25a /home/lovro/opt/cross-newlib/m68k-elf-rosco/lib/libc.a(libc_a-wbuf.o)
 .debug_abbrev  0x00007f55      0x1fe /home/lovro/opt/cross-newlib/m68k-elf-rosco/lib/libc.a(libc_a-wsetup.o)
 .debug_abbrev  0x00008153       0xd4 /home/lovro/opt/cross-newlib/m68k-elf-rosco/lib/libc.a(libc_a-memchr.o)
 .debug_abbrev  0x00008227       0xc3 /home/lovro/opt/cross-newlib/m68k-elf-rosco/lib/libc.a(libc_a-memmove.o)
 .debug_abbrev  0x000082ea      0x264 /home/lovro/opt/cross-newlib/m68k-elf-rosco/lib/libc.a(libc_a-localeconv.o)
 .debug_abbrev  0x0000854e      0x365 /home/lovro/opt/cross-newlib/m68k-elf-rosco/lib/libc.a(libc_a-dtoa.o)
 .debug_abbrev  0x000088b3      0x529 /home/lovro/opt/cross-newlib/m68k-elf-rosco/lib/libc.a(libc_a-mprec.o)
 .debug_abbrev  0x00008ddc      0x260 /home/lovro/opt/cross-newlib/m68k-elf-rosco/lib/libc.a(libc_a-makebuf.o)
 .debug_abbrev  0x0000903c      0x2cb /home/lovro/opt/cross-newlib/m68k-elf-rosco/lib/libc.a(libc_a-locale.o)
 .debug_abbrev  0x00009307      0x206 /home/lovro/opt/cross-newlib/m68k-elf-rosco/lib/libc.a(libc_a-assert.o)
 .debug_abbrev  0x0000950d      0x252 /home/lovro/opt/cross-newlib/m68k-elf-rosco/lib/libc.a(libc_a-mbtowc_r.o)
 .debug_abbrev  0x0000975f      0x226 /home/lovro/opt/cross-newlib/m68k-elf-rosco/lib/libc.a(libc_a-wctomb_r.o)
 .debug_abbrev  0x00009985      0x221 /home/lovro/opt/cross-newlib/m68k-elf-rosco/lib/libc.a(libc_a-fiprintf.o)
 .debug_abbrev  0x00009ba6      0x3e2 /home/lovro/opt/cross-newlib/m68k-elf-rosco/lib/libc.a(libc_a-vfiprintf.o)
 .debug_abbrev  0x00009f88       0x85 /home/lovro/opt/cross-newlib/m68k-elf-rosco/lib/libc.a(libc_a-abort.o)
 .debug_abbrev  0x0000a00d      0x2fa /home/lovro/opt/cross-newlib/m68k-elf-rosco/lib/libc.a(libc_a-signal.o)
 .debug_abbrev  0x0000a307       0x14 /opt/m68k-toolchain/bin/../lib/gcc/m68k-elf/6.3.0/libgcc.a(_mulsi3.o)
 .debug_abbrev  0x0000a31b       0x14 /opt/m68k-toolchain/bin/../lib/gcc/m68k-elf/6.3.0/libgcc.a(_udivsi3.o)
 .debug_abbrev  0x0000a32f       0x14 /opt/m68k-toolchain/bin/../lib/gcc/m68k-elf/6.3.0/libgcc.a(_divsi3.o)
 .debug_abbrev  0x0000a343       0x14 /opt/m68k-toolchain/bin/../lib/gcc/m68k-elf/6.3.0/libgcc.a(_umodsi3.o)
 .debug_abbrev  0x0000a357       0x14 /opt/m68k-toolchain/bin/../lib/gcc/m68k-elf/6.3.0/libgcc.a(_modsi3.o)
 .debug_abbrev  0x0000a36b       0x14 /opt/m68k-toolchain/bin/../lib/gcc/m68k-elf/6.3.0/libgcc.a(_double.o)
 .debug_abbrev  0x0000a37f       0x14 /opt/m68k-toolchain/bin/../lib/gcc/m68k-elf/6.3.0/libgcc.a(_floatex.o)
 .debug_abbrev  0x0000a393       0x14 /opt/m68k-toolchain/bin/../lib/gcc/m68k-elf/6.3.0/libgcc.a(_eqdf2.o)
 .debug_abbrev  0x0000a3a7       0x14 /opt/m68k-toolchain/bin/../lib/gcc/m68k-elf/6.3.0/libgcc.a(_nedf2.o)
 .debug_abbrev  0x0000a3bb       0x14 /opt/m68k-toolchain/bin/../lib/gcc/m68k-elf/6.3.0/libgcc.a(_gtdf2.o)
 .debug_abbrev  0x0000a3cf       0x14 /opt/m68k-toolchain/bin/../lib/gcc/m68k-elf/6.3.0/libgcc.a(_ltdf2.o)
 .debug_abbrev  0x0000a3e3       0x14 /opt/m68k-toolchain/bin/../lib/gcc/m68k-elf/6.3.0/libgcc.a(_ledf2.o)
 .debug_abbrev  0x0000a3f7      0x1e1 /opt/m68k-toolchain/bin/../lib/gcc/m68k-elf/6.3.0/libgcc.a(fpgnulib.o)
 .debug_abbrev  0x0000a5d8      0x17f /opt/m68k-toolchain/bin/../lib/gcc/m68k-elf/6.3.0/libgcc.a(xfgnulib.o)

.debug_line     0x00000000    0x126e6
 *(.debug_line)
 .debug_line    0x00000000       0x59 ../bin/crt0.o
 .debug_line    0x00000059      0x1c6 ../bin/main.o
 .debug_line    0x0000021f      0x263 ../bin/xmodem.o
 .debug_line    0x00000482      0x22e ../bin/diskio.o
 .debug_line    0x000006b0      0x1eb ../bin/RTC_SPI.o
 .debug_line    0x0000089b     0x1080 ../bin/ff.o
 .debug_line    0x0000191b      0x2b4 ../bin/sys_IDE.o
 .debug_line    0x00001bcf       0x4b ../bin/kernel_syscall.o
 .debug_line    0x00001c1a      0x2ff ../bin/amix_sys.o
 .debug_line    0x00001f19      0x4f8 ../bin/shell.o
 .debug_line    0x00002411      0x2b6 ../bin/kernel.o
 .debug_line    0x000026c7       0xa5 ../bin/syscalls_asm.o
 .debug_line    0x0000276c      0x3a0 ../bin/elf_loader_68k.o
 .debug_line    0x00002b0c      0x2e3 ../bin/kernel_syscalls.o
 .debug_line    0x00002def      0x195 ../bin/history.o
 .debug_line    0x00002f84      0x4a3 ../bin/amix-syscalls.o
 .debug_line    0x00003427       0xc1 /home/lovro/opt/cross-newlib/m68k-elf-rosco/lib/libc.a(libc_a-atexit.o)
 .debug_line    0x000034e8      0x161 /home/lovro/opt/cross-newlib/m68k-elf-rosco/lib/libc.a(libc_a-calloc.o)
 .debug_line    0x00003649      0x2a1 /home/lovro/opt/cross-newlib/m68k-elf-rosco/lib/libc.a(libc_a-callocr.o)
 .debug_line    0x000038ea      0x126 /home/lovro/opt/cross-newlib/m68k-elf-rosco/lib/libc.a(libc_a-exit.o)
 .debug_line    0x00003a10      0x184 /home/lovro/opt/cross-newlib/m68k-elf-rosco/lib/libc.a(libc_a-getenv.o)
 .debug_line    0x00003b94      0x24d /home/lovro/opt/cross-newlib/m68k-elf-rosco/lib/libc.a(libc_a-getenv_r.o)
 .debug_line    0x00003de1      0x195 /home/lovro/opt/cross-newlib/m68k-elf-rosco/lib/libc.a(libc_a-itoa.o)
 .debug_line    0x00003f76      0x17b /home/lovro/opt/cross-newlib/m68k-elf-rosco/lib/libc.a(libc_a-malloc.o)
 .debug_line    0x000040f1      0x995 /home/lovro/opt/cross-newlib/m68k-elf-rosco/lib/libc.a(libc_a-mallocr.o)
 .debug_line    0x00004a86      0x16c /home/lovro/opt/cross-newlib/m68k-elf-rosco/lib/libc.a(libc_a-mlock.o)
 .debug_line    0x00004bf2      0x4e9 /home/lovro/opt/cross-newlib/m68k-elf-rosco/lib/libc.a(libc_a-strtol.o)
 .debug_line    0x000050db      0x178 /home/lovro/opt/cross-newlib/m68k-elf-rosco/lib/libc.a(libc_a-utoa.o)
 .debug_line    0x00005253      0x181 /home/lovro/opt/cross-newlib/m68k-elf-rosco/lib/libc.a(libc_a-setenv.o)
 .debug_line    0x000053d4      0x4c1 /home/lovro/opt/cross-newlib/m68k-elf-rosco/lib/libc.a(libc_a-setenv_r.o)
 .debug_line    0x00005895       0x93 /home/lovro/opt/cross-newlib/m68k-elf-rosco/lib/libc.a(libc_a-ctype_.o)
 .debug_line    0x00005928      0x475 /home/lovro/opt/cross-newlib/m68k-elf-rosco/lib/libc.a(libc_a-fflush.o)
 .debug_line    0x00005d9d      0x5db /home/lovro/opt/cross-newlib/m68k-elf-rosco/lib/libc.a(libc_a-findfp.o)
 .debug_line    0x00006378      0x1c1 /home/lovro/opt/cross-newlib/m68k-elf-rosco/lib/libc.a(libc_a-fwalk.o)
 .debug_line    0x00006539      0x1b5 /home/lovro/opt/cross-newlib/m68k-elf-rosco/lib/libc.a(libc_a-printf.o)
 .debug_line    0x000066ee      0x193 /home/lovro/opt/cross-newlib/m68k-elf-rosco/lib/libc.a(libc_a-putchar.o)
 .debug_line    0x00006881      0x265 /home/lovro/opt/cross-newlib/m68k-elf-rosco/lib/libc.a(libc_a-puts.o)
 .debug_line    0x00006ae6      0x270 /home/lovro/opt/cross-newlib/m68k-elf-rosco/lib/libc.a(libc_a-stdio.o)
 .debug_line    0x00006d56      0x179 /home/lovro/opt/cross-newlib/m68k-elf-rosco/lib/libc.a(libc_a-memcmp.o)
 .debug_line    0x00006ecf       0xf9 /home/lovro/opt/cross-newlib/m68k-elf-rosco/lib/libc.a(libc_a-strcat.o)
 .debug_line    0x00006fc8      0x1ec /home/lovro/opt/cross-newlib/m68k-elf-rosco/lib/libc.a(libc_a-strchr.o)
 .debug_line    0x000071b4      0x14c /home/lovro/opt/cross-newlib/m68k-elf-rosco/lib/libc.a(libc_a-strcmp.o)
 .debug_line    0x00007300      0x15f /home/lovro/opt/cross-newlib/m68k-elf-rosco/lib/libc.a(libc_a-strdup.o)
 .debug_line    0x0000745f      0x18e /home/lovro/opt/cross-newlib/m68k-elf-rosco/lib/libc.a(libc_a-strdup_r.o)
 .debug_line    0x000075ed      0x167 /home/lovro/opt/cross-newlib/m68k-elf-rosco/lib/libc.a(libc_a-strncat.o)
 .debug_line    0x00007754      0x1e6 /home/lovro/opt/cross-newlib/m68k-elf-rosco/lib/libc.a(libc_a-strncmp.o)
 .debug_line    0x0000793a      0x186 /home/lovro/opt/cross-newlib/m68k-elf-rosco/lib/libc.a(libc_a-strncpy.o)
 .debug_line    0x00007ac0       0xf8 /home/lovro/opt/cross-newlib/m68k-elf-rosco/lib/libc.a(libc_a-strrchr.o)
 .debug_line    0x00007bb8      0x168 /home/lovro/opt/cross-newlib/m68k-elf-rosco/lib/libc.a(libc_a-strtok.o)
 .debug_line    0x00007d20      0x1fb /home/lovro/opt/cross-newlib/m68k-elf-rosco/lib/libc.a(libc_a-strtok_r.o)
 .debug_line    0x00007f1b       0xf5 /home/lovro/opt/cross-newlib/m68k-elf-rosco/lib/libc.a(libc_a-impure.o)
 .debug_line    0x00008010      0x117 /home/lovro/opt/cross-newlib/m68k-elf-rosco/lib/libc.a(libc_a-errno.o)
 .debug_line    0x00008127       0xbb /home/lovro/opt/cross-newlib/m68k-elf-rosco/lib/libc.a(libc_a-strcpy.o)
 .debug_line    0x000081e2      0x106 /home/lovro/opt/cross-newlib/m68k-elf-rosco/lib/libc.a(libc_a-strlen.o)
 .debug_line    0x000082e8       0x69 /home/lovro/opt/cross-newlib/m68k-elf-rosco/lib/libc.a(libc_a-memcpy.o)
 .debug_line    0x00008351       0x6d /home/lovro/opt/cross-newlib/m68k-elf-rosco/lib/libc.a(libc_a-memset.o)
 .debug_line    0x000083be      0x158 /home/lovro/opt/cross-newlib/m68k-elf-rosco/lib/libc.a(libc_a-__atexit.o)
 .debug_line    0x00008516      0x1d4 /home/lovro/opt/cross-newlib/m68k-elf-rosco/lib/libc.a(libc_a-__call_atexit.o)
 .debug_line    0x000086ea      0x16e /home/lovro/opt/cross-newlib/m68k-elf-rosco/lib/libc.a(libc_a-envlock.o)
 .debug_line    0x00008858      0x579 /home/lovro/opt/cross-newlib/m68k-elf-rosco/lib/libc.a(libc_a-freer.o)
 .debug_line    0x00008dd1      0x905 /home/lovro/opt/cross-newlib/m68k-elf-rosco/lib/libc.a(libc_a-reallocr.o)
 .debug_line    0x000096d6     0x1db2 /home/lovro/opt/cross-newlib/m68k-elf-rosco/lib/libc.a(libc_a-vfprintf.o)
 .debug_line    0x0000b488      0x194 /home/lovro/opt/cross-newlib/m68k-elf-rosco/lib/libc.a(libc_a-sprint_r.o)
 .debug_line    0x0000b61c      0x271 /home/lovro/opt/cross-newlib/m68k-elf-rosco/lib/libc.a(libc_a-fclose.o)
 .debug_line    0x0000b88d      0x5f1 /home/lovro/opt/cross-newlib/m68k-elf-rosco/lib/libc.a(libc_a-fvwrite.o)
 .debug_line    0x0000be7e      0x286 /home/lovro/opt/cross-newlib/m68k-elf-rosco/lib/libc.a(libc_a-putc.o)
 .debug_line    0x0000c104      0x26e /home/lovro/opt/cross-newlib/m68k-elf-rosco/lib/libc.a(libc_a-wbuf.o)
 .debug_line    0x0000c372      0x2c2 /home/lovro/opt/cross-newlib/m68k-elf-rosco/lib/libc.a(libc_a-wsetup.o)
 .debug_line    0x0000c634      0x1a2 /home/lovro/opt/cross-newlib/m68k-elf-rosco/lib/libc.a(libc_a-memchr.o)
 .debug_line    0x0000c7d6      0x1ed /home/lovro/opt/cross-newlib/m68k-elf-rosco/lib/libc.a(libc_a-memmove.o)
 .debug_line    0x0000c9c3      0x1aa /home/lovro/opt/cross-newlib/m68k-elf-rosco/lib/libc.a(libc_a-localeconv.o)
 .debug_line    0x0000cb6d     0x1552 /home/lovro/opt/cross-newlib/m68k-elf-rosco/lib/libc.a(libc_a-dtoa.o)
 .debug_line    0x0000e0bf     0x1442 /home/lovro/opt/cross-newlib/m68k-elf-rosco/lib/libc.a(libc_a-mprec.o)
 .debug_line    0x0000f501      0x381 /home/lovro/opt/cross-newlib/m68k-elf-rosco/lib/libc.a(libc_a-makebuf.o)
 .debug_line    0x0000f882      0x292 /home/lovro/opt/cross-newlib/m68k-elf-rosco/lib/libc.a(libc_a-locale.o)
 .debug_line    0x0000fb14      0x1bf /home/lovro/opt/cross-newlib/m68k-elf-rosco/lib/libc.a(libc_a-assert.o)
 .debug_line    0x0000fcd3      0x217 /home/lovro/opt/cross-newlib/m68k-elf-rosco/lib/libc.a(libc_a-mbtowc_r.o)
 .debug_line    0x0000feea      0x210 /home/lovro/opt/cross-newlib/m68k-elf-rosco/lib/libc.a(libc_a-wctomb_r.o)
 .debug_line    0x000100fa      0x1a7 /home/lovro/opt/cross-newlib/m68k-elf-rosco/lib/libc.a(libc_a-fiprintf.o)
 .debug_line    0x000102a1     0x10eb /home/lovro/opt/cross-newlib/m68k-elf-rosco/lib/libc.a(libc_a-vfiprintf.o)
 .debug_line    0x0001138c      0x107 /home/lovro/opt/cross-newlib/m68k-elf-rosco/lib/libc.a(libc_a-abort.o)
 .debug_line    0x00011493      0x6fb /home/lovro/opt/cross-newlib/m68k-elf-rosco/lib/libc.a(libc_a-signal.o)
 .debug_line    0x00011b8e       0x74 /opt/m68k-toolchain/bin/../lib/gcc/m68k-elf/6.3.0/libgcc.a(_mulsi3.o)
 .debug_line    0x00011c02       0x8d /opt/m68k-toolchain/bin/../lib/gcc/m68k-elf/6.3.0/libgcc.a(_udivsi3.o)
 .debug_line    0x00011c8f       0x7c /opt/m68k-toolchain/bin/../lib/gcc/m68k-elf/6.3.0/libgcc.a(_divsi3.o)
 .debug_line    0x00011d0b       0x78 /opt/m68k-toolchain/bin/../lib/gcc/m68k-elf/6.3.0/libgcc.a(_umodsi3.o)
 .debug_line    0x00011d83       0x78 /opt/m68k-toolchain/bin/../lib/gcc/m68k-elf/6.3.0/libgcc.a(_modsi3.o)
 .debug_line    0x00011dfb      0x3eb /opt/m68k-toolchain/bin/../lib/gcc/m68k-elf/6.3.0/libgcc.a(_double.o)
 .debug_line    0x000121e6       0x83 /opt/m68k-toolchain/bin/../lib/gcc/m68k-elf/6.3.0/libgcc.a(_floatex.o)
 .debug_line    0x00012269       0x72 /opt/m68k-toolchain/bin/../lib/gcc/m68k-elf/6.3.0/libgcc.a(_eqdf2.o)
 .debug_line    0x000122db       0x72 /opt/m68k-toolchain/bin/../lib/gcc/m68k-elf/6.3.0/libgcc.a(_nedf2.o)
 .debug_line    0x0001234d       0x72 /opt/m68k-toolchain/bin/../lib/gcc/m68k-elf/6.3.0/libgcc.a(_gtdf2.o)
 .debug_line    0x000123bf       0x72 /opt/m68k-toolchain/bin/../lib/gcc/m68k-elf/6.3.0/libgcc.a(_ltdf2.o)
 .debug_line    0x00012431       0x72 /opt/m68k-toolchain/bin/../lib/gcc/m68k-elf/6.3.0/libgcc.a(_ledf2.o)
 .debug_line    0x000124a3      0x16d /opt/m68k-toolchain/bin/../lib/gcc/m68k-elf/6.3.0/libgcc.a(fpgnulib.o)
 .debug_line    0x00012610       0xd6 /opt/m68k-toolchain/bin/../lib/gcc/m68k-elf/6.3.0/libgcc.a(xfgnulib.o)

.debug_str      0x00000000     0x363d
 *(.debug_str)
 .debug_str     0x00000000       0x3f ../bin/crt0.o
 .debug_str     0x0000003f      0x575 ../bin/main.o
                                0x682 (size before relaxing)
 .debug_str     0x000005b4      0x250 ../bin/xmodem.o
                                0x836 (size before relaxing)
 .debug_str     0x00000804       0xc6 ../bin/diskio.o
                                0x5fb (size before relaxing)
 .debug_str     0x000008ca       0xc7 ../bin/RTC_SPI.o
                                0x1e6 (size before relaxing)
 .debug_str     0x00000991      0x3c5 ../bin/ff.o
                                0xba7 (size before relaxing)
 .debug_str     0x00000d56       0x8f ../bin/sys_IDE.o
                                0x5f9 (size before relaxing)
 .debug_str     0x00000de5       0x18 ../bin/kernel_syscall.o
                                 0x49 (size before relaxing)
 .debug_str     0x00000dfd      0x129 ../bin/amix_sys.o
                                0x6b7 (size before relaxing)
 .debug_str     0x00000f26      0x2aa ../bin/shell.o
                                0xb9c (size before relaxing)
 .debug_str     0x000011d0       0xb3 ../bin/kernel.o
                                0x952 (size before relaxing)
 .debug_str     0x00001283       0x16 ../bin/syscalls_asm.o
                                 0x47 (size before relaxing)
 .debug_str     0x00001299      0x316 ../bin/elf_loader_68k.o
                                0xb6b (size before relaxing)
 .debug_str     0x000015af      0x238 ../bin/kernel_syscalls.o
                                0xa7c (size before relaxing)
 .debug_str     0x000017e7       0x35 ../bin/history.o
                                0x565 (size before relaxing)
 .debug_str     0x0000181c      0x20f ../bin/amix-syscalls.o
                                0xbc6 (size before relaxing)
 .debug_str     0x00001a2b      0x110 /home/lovro/opt/cross-newlib/m68k-elf-rosco/lib/libc.a(libc_a-atexit.o)
                                0x1ac (size before relaxing)
 .debug_str     0x00001b3b       0x34 /home/lovro/opt/cross-newlib/m68k-elf-rosco/lib/libc.a(libc_a-calloc.o)
                                0x49c (size before relaxing)
 .debug_str     0x00001b6f       0x6f /home/lovro/opt/cross-newlib/m68k-elf-rosco/lib/libc.a(libc_a-callocr.o)
                                0x4dd (size before relaxing)
 .debug_str     0x00001bde       0x39 /home/lovro/opt/cross-newlib/m68k-elf-rosco/lib/libc.a(libc_a-exit.o)
                                0x195 (size before relaxing)
 .debug_str     0x00001c17       0x3e /home/lovro/opt/cross-newlib/m68k-elf-rosco/lib/libc.a(libc_a-getenv.o)
                                0x4a6 (size before relaxing)
 .debug_str     0x00001c55       0x60 /home/lovro/opt/cross-newlib/m68k-elf-rosco/lib/libc.a(libc_a-getenv_r.o)
                                0x4d9 (size before relaxing)
 .debug_str     0x00001cb5       0x3d /home/lovro/opt/cross-newlib/m68k-elf-rosco/lib/libc.a(libc_a-itoa.o)
                                0x184 (size before relaxing)
 .debug_str     0x00001cf2       0x3e /home/lovro/opt/cross-newlib/m68k-elf-rosco/lib/libc.a(libc_a-malloc.o)
                                0x4b0 (size before relaxing)
 .debug_str     0x00001d30      0x1da /home/lovro/opt/cross-newlib/m68k-elf-rosco/lib/libc.a(libc_a-mallocr.o)
                                0x6ab (size before relaxing)
 .debug_str     0x00001f0a       0x42 /home/lovro/opt/cross-newlib/m68k-elf-rosco/lib/libc.a(libc_a-mlock.o)
                                0x4a9 (size before relaxing)
 .debug_str     0x00001f4c      0x1eb /home/lovro/opt/cross-newlib/m68k-elf-rosco/lib/libc.a(libc_a-strtol.o)
                                0x720 (size before relaxing)
 .debug_str     0x00002137       0x39 /home/lovro/opt/cross-newlib/m68k-elf-rosco/lib/libc.a(libc_a-utoa.o)
                                0x19f (size before relaxing)
 .debug_str     0x00002170       0x51 /home/lovro/opt/cross-newlib/m68k-elf-rosco/lib/libc.a(libc_a-setenv.o)
                                0x4b8 (size before relaxing)
 .debug_str     0x000021c1       0x47 /home/lovro/opt/cross-newlib/m68k-elf-rosco/lib/libc.a(libc_a-setenv_r.o)
                                0x52d (size before relaxing)
 .debug_str     0x00002208       0x29 /home/lovro/opt/cross-newlib/m68k-elf-rosco/lib/libc.a(libc_a-ctype_.o)
                                0x168 (size before relaxing)
 .debug_str     0x00002231       0x74 /home/lovro/opt/cross-newlib/m68k-elf-rosco/lib/libc.a(libc_a-fflush.o)
                                0x512 (size before relaxing)
 .debug_str     0x000022a5      0x1a9 /home/lovro/opt/cross-newlib/m68k-elf-rosco/lib/libc.a(libc_a-findfp.o)
                                0x693 (size before relaxing)
 .debug_str     0x0000244e       0x28 /home/lovro/opt/cross-newlib/m68k-elf-rosco/lib/libc.a(libc_a-fwalk.o)
                                0x49b (size before relaxing)
 .debug_str     0x00002476       0x60 /home/lovro/opt/cross-newlib/m68k-elf-rosco/lib/libc.a(libc_a-printf.o)
                                0x4c9 (size before relaxing)
 .debug_str     0x000024d6       0x3d /home/lovro/opt/cross-newlib/m68k-elf-rosco/lib/libc.a(libc_a-putchar.o)
                                0x4a5 (size before relaxing)
 .debug_str     0x00002513       0x78 /home/lovro/opt/cross-newlib/m68k-elf-rosco/lib/libc.a(libc_a-puts.o)
                                0x504 (size before relaxing)
 .debug_str     0x0000258b       0x33 /home/lovro/opt/cross-newlib/m68k-elf-rosco/lib/libc.a(libc_a-stdio.o)
                                0x4ef (size before relaxing)
 .debug_str     0x000025be       0x2a /home/lovro/opt/cross-newlib/m68k-elf-rosco/lib/libc.a(libc_a-memcmp.o)
                                0x16f (size before relaxing)
 .debug_str     0x000025e8       0x35 /home/lovro/opt/cross-newlib/m68k-elf-rosco/lib/libc.a(libc_a-strcat.o)
                                0x17a (size before relaxing)
 .debug_str     0x0000261d       0x37 /home/lovro/opt/cross-newlib/m68k-elf-rosco/lib/libc.a(libc_a-strchr.o)
                                0x17a (size before relaxing)
 .debug_str     0x00002654       0x2a /home/lovro/opt/cross-newlib/m68k-elf-rosco/lib/libc.a(libc_a-strcmp.o)
                                0x168 (size before relaxing)
 .debug_str     0x0000267e       0x34 /home/lovro/opt/cross-newlib/m68k-elf-rosco/lib/libc.a(libc_a-strdup.o)
                                0x490 (size before relaxing)
 .debug_str     0x000026b2       0x31 /home/lovro/opt/cross-newlib/m68k-elf-rosco/lib/libc.a(libc_a-strdup_r.o)
                                0x4ad (size before relaxing)
 .debug_str     0x000026e3       0x2b /home/lovro/opt/cross-newlib/m68k-elf-rosco/lib/libc.a(libc_a-strncat.o)
                                0x17c (size before relaxing)
 .debug_str     0x0000270e       0x2b /home/lovro/opt/cross-newlib/m68k-elf-rosco/lib/libc.a(libc_a-strncmp.o)
                                0x171 (size before relaxing)
 .debug_str     0x00002739       0x4d /home/lovro/opt/cross-newlib/m68k-elf-rosco/lib/libc.a(libc_a-strncpy.o)
                                0x199 (size before relaxing)
 .debug_str     0x00002786       0x2b /home/lovro/opt/cross-newlib/m68k-elf-rosco/lib/libc.a(libc_a-strrchr.o)
                                0x176 (size before relaxing)
 .debug_str     0x000027b1       0x35 /home/lovro/opt/cross-newlib/m68k-elf-rosco/lib/libc.a(libc_a-strtok.o)
                                0x49d (size before relaxing)
 .debug_str     0x000027e6       0x50 /home/lovro/opt/cross-newlib/m68k-elf-rosco/lib/libc.a(libc_a-strtok_r.o)
                                0x1a1 (size before relaxing)
 .debug_str     0x00002836       0x29 /home/lovro/opt/cross-newlib/m68k-elf-rosco/lib/libc.a(libc_a-impure.o)
                                0x490 (size before relaxing)
 .debug_str     0x0000285f       0x28 /home/lovro/opt/cross-newlib/m68k-elf-rosco/lib/libc.a(libc_a-errno.o)
                                0x485 (size before relaxing)
 .debug_str     0x00002887       0x35 /home/lovro/opt/cross-newlib/m68k-elf-rosco/lib/libc.a(libc_a-strcpy.o)
                                0x173 (size before relaxing)
 .debug_str     0x000028bc       0x30 /home/lovro/opt/cross-newlib/m68k-elf-rosco/lib/libc.a(libc_a-strlen.o)
                                0x175 (size before relaxing)
 .debug_str     0x000028ec       0x3c /home/lovro/opt/cross-newlib/m68k-elf-rosco/lib/libc.a(libc_a-memcpy.o)
                                 0x82 (size before relaxing)
 .debug_str     0x00002928       0x30 /home/lovro/opt/cross-newlib/m68k-elf-rosco/lib/libc.a(libc_a-memset.o)
                                 0x82 (size before relaxing)
 .debug_str     0x00002958       0x2c /home/lovro/opt/cross-newlib/m68k-elf-rosco/lib/libc.a(libc_a-__atexit.o)
                                0x217 (size before relaxing)
 .debug_str     0x00002984       0x58 /home/lovro/opt/cross-newlib/m68k-elf-rosco/lib/libc.a(libc_a-__call_atexit.o)
                                0x206 (size before relaxing)
 .debug_str     0x000029dc       0x41 /home/lovro/opt/cross-newlib/m68k-elf-rosco/lib/libc.a(libc_a-envlock.o)
                                0x4a2 (size before relaxing)
 .debug_str     0x00002a1d       0x5d /home/lovro/opt/cross-newlib/m68k-elf-rosco/lib/libc.a(libc_a-freer.o)
                                0x5f3 (size before relaxing)
 .debug_str     0x00002a7a       0x85 /home/lovro/opt/cross-newlib/m68k-elf-rosco/lib/libc.a(libc_a-reallocr.o)
                                0x57e (size before relaxing)
 .debug_str     0x00002aff      0x1c2 /home/lovro/opt/cross-newlib/m68k-elf-rosco/lib/libc.a(libc_a-vfprintf.o)
                                0x906 (size before relaxing)
 .debug_str     0x00002cc1       0x2b /home/lovro/opt/cross-newlib/m68k-elf-rosco/lib/libc.a(libc_a-sprint_r.o)
                                0x4d4 (size before relaxing)
 .debug_str     0x00002cec       0x30 /home/lovro/opt/cross-newlib/m68k-elf-rosco/lib/libc.a(libc_a-fclose.o)
                                0x4ea (size before relaxing)
 .debug_str     0x00002d1c       0x40 /home/lovro/opt/cross-newlib/m68k-elf-rosco/lib/libc.a(libc_a-fvwrite.o)
                                0x52f (size before relaxing)
 .debug_str     0x00002d5c       0x40 /home/lovro/opt/cross-newlib/m68k-elf-rosco/lib/libc.a(libc_a-putc.o)
                                0x4cc (size before relaxing)
 .debug_str     0x00002d9c       0x2f /home/lovro/opt/cross-newlib/m68k-elf-rosco/lib/libc.a(libc_a-wbuf.o)
                                0x4c1 (size before relaxing)
 .debug_str     0x00002dcb       0x36 /home/lovro/opt/cross-newlib/m68k-elf-rosco/lib/libc.a(libc_a-wsetup.o)
                                0x4bc (size before relaxing)
 .debug_str     0x00002e01       0x38 /home/lovro/opt/cross-newlib/m68k-elf-rosco/lib/libc.a(libc_a-memchr.o)
                                0x189 (size before relaxing)
 .debug_str     0x00002e39       0x34 /home/lovro/opt/cross-newlib/m68k-elf-rosco/lib/libc.a(libc_a-memmove.o)
                                0x1a2 (size before relaxing)
 .debug_str     0x00002e6d       0x57 /home/lovro/opt/cross-newlib/m68k-elf-rosco/lib/libc.a(libc_a-localeconv.o)
                                0x6d1 (size before relaxing)
 .debug_str     0x00002ec4      0x198 /home/lovro/opt/cross-newlib/m68k-elf-rosco/lib/libc.a(libc_a-dtoa.o)
                                0x835 (size before relaxing)
 .debug_str     0x0000305c       0x8a /home/lovro/opt/cross-newlib/m68k-elf-rosco/lib/libc.a(libc_a-mprec.o)
                                0x799 (size before relaxing)
 .debug_str     0x000030e6       0x4f /home/lovro/opt/cross-newlib/m68k-elf-rosco/lib/libc.a(libc_a-makebuf.o)
                                0x61e (size before relaxing)
 .debug_str     0x00003135       0x88 /home/lovro/opt/cross-newlib/m68k-elf-rosco/lib/libc.a(libc_a-locale.o)
                                0x70a (size before relaxing)
 .debug_str     0x000031bd       0x44 /home/lovro/opt/cross-newlib/m68k-elf-rosco/lib/libc.a(libc_a-assert.o)
                                0x4c4 (size before relaxing)
 .debug_str     0x00003201       0x36 /home/lovro/opt/cross-newlib/m68k-elf-rosco/lib/libc.a(libc_a-mbtowc_r.o)
                                0x6b1 (size before relaxing)
 .debug_str     0x00003237       0x3d /home/lovro/opt/cross-newlib/m68k-elf-rosco/lib/libc.a(libc_a-wctomb_r.o)
                                0x6b8 (size before relaxing)
 .debug_str     0x00003274       0x44 /home/lovro/opt/cross-newlib/m68k-elf-rosco/lib/libc.a(libc_a-fiprintf.o)
                                0x4d0 (size before relaxing)
 .debug_str     0x000032b8       0x36 /home/lovro/opt/cross-newlib/m68k-elf-rosco/lib/libc.a(libc_a-vfiprintf.o)
                                0x819 (size before relaxing)
 .debug_str     0x000032ee       0x2f /home/lovro/opt/cross-newlib/m68k-elf-rosco/lib/libc.a(libc_a-abort.o)
                                0x172 (size before relaxing)
 .debug_str     0x0000331d       0x7e /home/lovro/opt/cross-newlib/m68k-elf-rosco/lib/libc.a(libc_a-signal.o)
                                0x512 (size before relaxing)
 .debug_str     0x0000339b       0x92 /opt/m68k-toolchain/bin/../lib/gcc/m68k-elf/6.3.0/libgcc.a(_mulsi3.o)
 .debug_str     0x0000342d       0x92 /opt/m68k-toolchain/bin/../lib/gcc/m68k-elf/6.3.0/libgcc.a(_udivsi3.o)
 .debug_str     0x0000342d       0x92 /opt/m68k-toolchain/bin/../lib/gcc/m68k-elf/6.3.0/libgcc.a(_divsi3.o)
 .debug_str     0x0000342d       0x92 /opt/m68k-toolchain/bin/../lib/gcc/m68k-elf/6.3.0/libgcc.a(_umodsi3.o)
 .debug_str     0x0000342d       0x92 /opt/m68k-toolchain/bin/../lib/gcc/m68k-elf/6.3.0/libgcc.a(_modsi3.o)
 .debug_str     0x0000342d       0x92 /opt/m68k-toolchain/bin/../lib/gcc/m68k-elf/6.3.0/libgcc.a(_double.o)
 .debug_str     0x0000342d       0x92 /opt/m68k-toolchain/bin/../lib/gcc/m68k-elf/6.3.0/libgcc.a(_floatex.o)
 .debug_str     0x0000342d       0x92 /opt/m68k-toolchain/bin/../lib/gcc/m68k-elf/6.3.0/libgcc.a(_eqdf2.o)
 .debug_str     0x0000342d       0x92 /opt/m68k-toolchain/bin/../lib/gcc/m68k-elf/6.3.0/libgcc.a(_nedf2.o)
 .debug_str     0x0000342d       0x92 /opt/m68k-toolchain/bin/../lib/gcc/m68k-elf/6.3.0/libgcc.a(_gtdf2.o)
 .debug_str     0x0000342d       0x92 /opt/m68k-toolchain/bin/../lib/gcc/m68k-elf/6.3.0/libgcc.a(_ltdf2.o)
 .debug_str     0x0000342d       0x92 /opt/m68k-toolchain/bin/../lib/gcc/m68k-elf/6.3.0/libgcc.a(_ledf2.o)
 .debug_str     0x0000342d      0x126 /opt/m68k-toolchain/bin/../lib/gcc/m68k-elf/6.3.0/libgcc.a(fpgnulib.o)
                                0x1e1 (size before relaxing)
 .debug_str     0x00003553       0xea /opt/m68k-toolchain/bin/../lib/gcc/m68k-elf/6.3.0/libgcc.a(xfgnulib.o)
                                0x238 (size before relaxing)

.debug_ranges   0x00000000      0xd70
 *(.debug_ranges)
 .debug_ranges  0x00000000       0x10 ../bin/main.o
 .debug_ranges  0x00000010       0x70 ../bin/xmodem.o
 .debug_ranges  0x00000080       0x58 ../bin/diskio.o
 .debug_ranges  0x000000d8       0xb0 ../bin/RTC_SPI.o
 .debug_ranges  0x00000188      0x3c8 ../bin/ff.o
 .debug_ranges  0x00000550       0xb0 ../bin/sys_IDE.o
 .debug_ranges  0x00000600      0x168 ../bin/amix_sys.o
 .debug_ranges  0x00000768      0x210 ../bin/shell.o
 .debug_ranges  0x00000978       0x20 ../bin/kernel.o
 .debug_ranges  0x00000998      0x240 ../bin/elf_loader_68k.o
 .debug_ranges  0x00000bd8       0x68 ../bin/kernel_syscalls.o
 .debug_ranges  0x00000c40       0x20 ../bin/history.o
 .debug_ranges  0x00000c60       0xf8 ../bin/amix-syscalls.o
 .debug_ranges  0x00000d58       0x18 /opt/m68k-toolchain/bin/../lib/gcc/m68k-elf/6.3.0/libgcc.a(fpgnulib.o)
OUTPUT(../bin/program.elf elf32-m68k)

.debug_aranges  0x00000000     0x11d0
 .debug_aranges
                0x00000000       0x20 ../bin/crt0.o
 .debug_aranges
                0x00000020       0x20 ../bin/main.o
 .debug_aranges
                0x00000040       0x28 ../bin/xmodem.o
 .debug_aranges
                0x00000068       0x38 ../bin/diskio.o
 .debug_aranges
                0x000000a0       0x48 ../bin/RTC_SPI.o
 .debug_aranges
                0x000000e8      0x190 ../bin/ff.o
 .debug_aranges
                0x00000278       0x40 ../bin/sys_IDE.o
 .debug_aranges
                0x000002b8       0x20 ../bin/kernel_syscall.o
 .debug_aranges
                0x000002d8       0x80 ../bin/amix_sys.o
 .debug_aranges
                0x00000358       0x70 ../bin/shell.o
 .debug_aranges
                0x000003c8       0x30 ../bin/kernel.o
 .debug_aranges
                0x000003f8       0x20 ../bin/syscalls_asm.o
 .debug_aranges
                0x00000418       0x40 ../bin/elf_loader_68k.o
 .debug_aranges
                0x00000458       0x60 ../bin/kernel_syscalls.o
 .debug_aranges
                0x000004b8       0x30 ../bin/history.o
 .debug_aranges
                0x000004e8       0xa0 ../bin/amix-syscalls.o
 .debug_aranges
                0x00000588       0x20 /home/lovro/opt/cross-newlib/m68k-elf-rosco/lib/libc.a(libc_a-atexit.o)
 .debug_aranges
                0x000005a8       0x20 /home/lovro/opt/cross-newlib/m68k-elf-rosco/lib/libc.a(libc_a-calloc.o)
 .debug_aranges
                0x000005c8       0x20 /home/lovro/opt/cross-newlib/m68k-elf-rosco/lib/libc.a(libc_a-callocr.o)
 .debug_aranges
                0x000005e8       0x20 /home/lovro/opt/cross-newlib/m68k-elf-rosco/lib/libc.a(libc_a-exit.o)
 .debug_aranges
                0x00000608       0x28 /home/lovro/opt/cross-newlib/m68k-elf-rosco/lib/libc.a(libc_a-getenv.o)
 .debug_aranges
                0x00000630       0x28 /home/lovro/opt/cross-newlib/m68k-elf-rosco/lib/libc.a(libc_a-getenv_r.o)
 .debug_aranges
                0x00000658       0x28 /home/lovro/opt/cross-newlib/m68k-elf-rosco/lib/libc.a(libc_a-itoa.o)
 .debug_aranges
                0x00000680       0x28 /home/lovro/opt/cross-newlib/m68k-elf-rosco/lib/libc.a(libc_a-malloc.o)
 .debug_aranges
                0x000006a8       0x20 /home/lovro/opt/cross-newlib/m68k-elf-rosco/lib/libc.a(libc_a-mallocr.o)
 .debug_aranges
                0x000006c8       0x28 /home/lovro/opt/cross-newlib/m68k-elf-rosco/lib/libc.a(libc_a-mlock.o)
 .debug_aranges
                0x000006f0       0x38 /home/lovro/opt/cross-newlib/m68k-elf-rosco/lib/libc.a(libc_a-strtol.o)
 .debug_aranges
                0x00000728       0x28 /home/lovro/opt/cross-newlib/m68k-elf-rosco/lib/libc.a(libc_a-utoa.o)
 .debug_aranges