Archive member included to satisfy reference by file (symbol)

/home/lovro/opt/cross-newlib/m68k-elf-rosco/lib/libc.a(libc_a-fflush.o)
                              ../tmp/main.o (fflush)
/home/lovro/opt/cross-newlib/m68k-elf-rosco/lib/libc.a(libc_a-findfp.o)
                              /home/lovro/opt/cross-newlib/m68k-elf-rosco/lib/libc.a(libc_a-fflush.o) (__sglue)
/home/lovro/opt/cross-newlib/m68k-elf-rosco/lib/libc.a(libc_a-fwalk.o)
                              /home/lovro/opt/cross-newlib/m68k-elf-rosco/lib/libc.a(libc_a-fflush.o) (_fwalk_sglue)
/home/lovro/opt/cross-newlib/m68k-elf-rosco/lib/libc.a(libc_a-putchar.o)
                              ../tmp/main.o (putchar)
/home/lovro/opt/cross-newlib/m68k-elf-rosco/lib/libc.a(libc_a-puts.o)
                              ../tmp/main.o (puts)
/home/lovro/opt/cross-newlib/m68k-elf-rosco/lib/libc.a(libc_a-stdio.o)
                              /home/lovro/opt/cross-newlib/m68k-elf-rosco/lib/libc.a(libc_a-findfp.o) (__sread)
/home/lovro/opt/cross-newlib/m68k-elf-rosco/lib/libc.a(libc_a-impure.o)
                              ../tmp/main.o (_impure_ptr)
/home/lovro/opt/cross-newlib/m68k-elf-rosco/lib/libc.a(libc_a-errno.o)
                              ../tmp/amix-syscalls.o (__errno)
/home/lovro/opt/cross-newlib/m68k-elf-rosco/lib/libc.a(libc_a-strlen.o)
                              /home/lovro/opt/cross-newlib/m68k-elf-rosco/lib/libc.a(libc_a-puts.o) (strlen)
/home/lovro/opt/cross-newlib/m68k-elf-rosco/lib/libc.a(libc_a-memset.o)
                              /home/lovro/opt/cross-newlib/m68k-elf-rosco/lib/libc.a(libc_a-findfp.o) (memset)
/home/lovro/opt/cross-newlib/m68k-elf-rosco/lib/libc.a(libc_a-freer.o)
                              /home/lovro/opt/cross-newlib/m68k-elf-rosco/lib/libc.a(libc_a-fflush.o) (_free_r)
/home/lovro/opt/cross-newlib/m68k-elf-rosco/lib/libc.a(libc_a-mallocr.o)
                              /home/lovro/opt/cross-newlib/m68k-elf-rosco/lib/libc.a(libc_a-findfp.o) (_malloc_r)
/home/lovro/opt/cross-newlib/m68k-elf-rosco/lib/libc.a(libc_a-mlock.o)
                              /home/lovro/opt/cross-newlib/m68k-elf-rosco/lib/libc.a(libc_a-freer.o) (__malloc_lock)
/home/lovro/opt/cross-newlib/m68k-elf-rosco/lib/libc.a(libc_a-fclose.o)
                              /home/lovro/opt/cross-newlib/m68k-elf-rosco/lib/libc.a(libc_a-findfp.o) (_fclose_r)
/home/lovro/opt/cross-newlib/m68k-elf-rosco/lib/libc.a(libc_a-fvwrite.o)
                              /home/lovro/opt/cross-newlib/m68k-elf-rosco/lib/libc.a(libc_a-puts.o) (__sfvwrite_r)
/home/lovro/opt/cross-newlib/m68k-elf-rosco/lib/libc.a(libc_a-putc.o)
                              /home/lovro/opt/cross-newlib/m68k-elf-rosco/lib/libc.a(libc_a-putchar.o) (_putc_r)
/home/lovro/opt/cross-newlib/m68k-elf-rosco/lib/libc.a(libc_a-wbuf.o)
                              /home/lovro/opt/cross-newlib/m68k-elf-rosco/lib/libc.a(libc_a-putc.o) (__swbuf_r)
/home/lovro/opt/cross-newlib/m68k-elf-rosco/lib/libc.a(libc_a-wsetup.o)
                              /home/lovro/opt/cross-newlib/m68k-elf-rosco/lib/libc.a(libc_a-fvwrite.o) (__swsetup_r)
/home/lovro/opt/cross-newlib/m68k-elf-rosco/lib/libc.a(libc_a-memchr.o)
                              /home/lovro/opt/cross-newlib/m68k-elf-rosco/lib/libc.a(libc_a-fvwrite.o) (memchr)
/home/lovro/opt/cross-newlib/m68k-elf-rosco/lib/libc.a(libc_a-memmove.o)
                              /home/lovro/opt/cross-newlib/m68k-elf-rosco/lib/libc.a(libc_a-fvwrite.o) (memmove)
/home/lovro/opt/cross-newlib/m68k-elf-rosco/lib/libc.a(libc_a-memcpy.o)
                              /home/lovro/opt/cross-newlib/m68k-elf-rosco/lib/libc.a(libc_a-fvwrite.o) (memcpy)
/home/lovro/opt/cross-newlib/m68k-elf-rosco/lib/libc.a(libc_a-reallocr.o)
                              /home/lovro/opt/cross-newlib/m68k-elf-rosco/lib/libc.a(libc_a-fvwrite.o) (_realloc_r)
/home/lovro/opt/cross-newlib/m68k-elf-rosco/lib/libc.a(libc_a-makebuf.o)
                              /home/lovro/opt/cross-newlib/m68k-elf-rosco/lib/libc.a(libc_a-wsetup.o) (__smakebuf_r)
/opt/m68k-toolchain/bin/../lib/gcc/m68k-elf/6.3.0/libgcc.a(_mulsi3.o)
                              /home/lovro/opt/cross-newlib/m68k-elf-rosco/lib/libc.a(libc_a-fvwrite.o) (__mulsi3)
/opt/m68k-toolchain/bin/../lib/gcc/m68k-elf/6.3.0/libgcc.a(_divsi3.o)
                              /home/lovro/opt/cross-newlib/m68k-elf-rosco/lib/libc.a(libc_a-fvwrite.o) (__divsi3)
/opt/m68k-toolchain/bin/../lib/gcc/m68k-elf/6.3.0/libgcc.a(_modsi3.o)
                              /home/lovro/opt/cross-newlib/m68k-elf-rosco/lib/libc.a(libc_a-fvwrite.o) (__modsi3)
/opt/m68k-toolchain/bin/../lib/gcc/m68k-elf/6.3.0/libgcc.a(_udivsi3.o)
                              /opt/m68k-toolchain/bin/../lib/gcc/m68k-elf/6.3.0/libgcc.a(_divsi3.o) (__udivsi3)

Discarded input sections

 .bss           0x00000000        0x0 ../tmp/crt0.o
 .text          0x00000000        0x0 ../tmp/main.o
 .data          0x00000000        0x0 ../tmp/main.o
 .bss           0x00000000        0x0 ../tmp/main.o
 .text          0x00000000        0x0 ../tmp/amix-syscalls.o
 .data          0x00000000        0x0 ../tmp/amix-syscalls.o
 .bss           0x00000000        0x0 ../tmp/amix-syscalls.o
 .text._exit    0x00000000        0x6 ../tmp/amix-syscalls.o
 .text._getpid_r
                0x00000000        0xa ../tmp/amix-syscalls.o
 .text._kill_r  0x00000000       0x12 ../tmp/amix-syscalls.o
 .text._link_r  0x00000000       0x12 ../tmp/amix-syscalls.o
 .text._gettimeofday_r
                0x00000000       0x20 ../tmp/amix-syscalls.o
 .text._open_r  0x00000000       0x20 ../tmp/amix-syscalls.o
 .text._stat_r  0x00000000       0x20 ../tmp/amix-syscalls.o
 .text.getcwd   0x00000000       0x3a ../tmp/amix-syscalls.o
 .text.chdir    0x00000000       0x38 ../tmp/amix-syscalls.o
 .text.opendir  0x00000000       0x38 ../tmp/amix-syscalls.o
 .text.readdir  0x00000000       0x38 ../tmp/amix-syscalls.o
 .text.closedir
                0x00000000       0x38 ../tmp/amix-syscalls.o
 .text.mkdir    0x00000000       0x3a ../tmp/amix-syscalls.o
 .text.rmdir    0x00000000       0x38 ../tmp/amix-syscalls.o
 .text._unlink_r
                0x00000000       0x38 ../tmp/amix-syscalls.o
 .bss.rent      0x00000000      0x116 ../tmp/amix-syscalls.o
 .text          0x00000000      0x122 ../tmp/syscalls_asm.o
 .data          0x00000000        0x0 ../tmp/syscalls_asm.o
 .bss           0x00000000        0x0 ../tmp/syscalls_asm.o
 .debug_line    0x00000000       0xa8 ../tmp/syscalls_asm.o
 .debug_info    0x00000000       0x26 ../tmp/syscalls_asm.o
 .debug_abbrev  0x00000000       0x14 ../tmp/syscalls_asm.o
 .debug_aranges
                0x00000000       0x20 ../tmp/syscalls_asm.o
 .debug_str     0x00000000       0x4e ../tmp/syscalls_asm.o
 .text          0x00000000        0x0 /home/lovro/opt/cross-newlib/m68k-elf-rosco/lib/libc.a(libc_a-fflush.o)
 .data          0x00000000        0x0 /home/lovro/opt/cross-newlib/m68k-elf-rosco/lib/libc.a(libc_a-fflush.o)
 .bss           0x00000000        0x0 /home/lovro/opt/cross-newlib/m68k-elf-rosco/lib/libc.a(libc_a-fflush.o)
 .text          0x00000000        0x0 /home/lovro/opt/cross-newlib/m68k-elf-rosco/lib/libc.a(libc_a-findfp.o)
 .data          0x00000000        0x0 /home/lovro/opt/cross-newlib/m68k-elf-rosco/lib/libc.a(libc_a-findfp.o)
 .bss           0x00000000        0x0 /home/lovro/opt/cross-newlib/m68k-elf-rosco/lib/libc.a(libc_a-findfp.o)
 .text.__fp_lock
                0x00000000        0x4 /home/lovro/opt/cross-newlib/m68k-elf-rosco/lib/libc.a(libc_a-findfp.o)
 .text.__fp_unlock
                0x00000000        0x4 /home/lovro/opt/cross-newlib/m68k-elf-rosco/lib/libc.a(libc_a-findfp.o)
 .text.__sfp    0x00000000      0x100 /home/lovro/opt/cross-newlib/m68k-elf-rosco/lib/libc.a(libc_a-findfp.o)
 .text.__fp_lock_all
                0x00000000       0x1a /home/lovro/opt/cross-newlib/m68k-elf-rosco/lib/libc.a(libc_a-findfp.o)
 .text.__fp_unlock_all
                0x00000000       0x1a /home/lovro/opt/cross-newlib/m68k-elf-rosco/lib/libc.a(libc_a-findfp.o)
 .text          0x00000000        0x0 /home/lovro/opt/cross-newlib/m68k-elf-rosco/lib/libc.a(libc_a-fwalk.o)
 .data          0x00000000        0x0 /home/lovro/opt/cross-newlib/m68k-elf-rosco/lib/libc.a(libc_a-fwalk.o)
 .bss           0x00000000        0x0 /home/lovro/opt/cross-newlib/m68k-elf-rosco/lib/libc.a(libc_a-fwalk.o)
 .text          0x00000000        0x0 /home/lovro/opt/cross-newlib/m68k-elf-rosco/lib/libc.a(libc_a-putchar.o)
 .data          0x00000000        0x0 /home/lovro/opt/cross-newlib/m68k-elf-rosco/lib/libc.a(libc_a-putchar.o)
 .bss           0x00000000        0x0 /home/lovro/opt/cross-newlib/m68k-elf-rosco/lib/libc.a(libc_a-putchar.o)
 .text._putchar_r
                0x00000000       0x1a /home/lovro/opt/cross-newlib/m68k-elf-rosco/lib/libc.a(libc_a-putchar.o)
 .text          0x00000000        0x0 /home/lovro/opt/cross-newlib/m68k-elf-rosco/lib/libc.a(libc_a-puts.o)
 .data          0x00000000        0x0 /home/lovro/opt/cross-newlib/m68k-elf-rosco/lib/libc.a(libc_a-puts.o)
 .bss           0x00000000        0x0 /home/lovro/opt/cross-newlib/m68k-elf-rosco/lib/libc.a(libc_a-puts.o)
 .text          0x00000000        0x0 /home/lovro/opt/cross-newlib/m68k-elf-rosco/lib/libc.a(libc_a-stdio.o)
 .data          0x00000000        0x0 /home/lovro/opt/cross-newlib/m68k-elf-rosco/lib/libc.a(libc_a-stdio.o)
 .bss           0x00000000        0x0 /home/lovro/opt/cross-newlib/m68k-elf-rosco/lib/libc.a(libc_a-stdio.o)
 .text.__seofread
                0x00000000        0x4 /home/lovro/opt/cross-newlib/m68k-elf-rosco/lib/libc.a(libc_a-stdio.o)
 .text          0x00000000        0x0 /home/lovro/opt/cross-newlib/m68k-elf-rosco/lib/libc.a(libc_a-impure.o)
 .data          0x00000000        0x0 /home/lovro/opt/cross-newlib/m68k-elf-rosco/lib/libc.a(libc_a-impure.o)
 .bss           0x00000000        0x0 /home/lovro/opt/cross-newlib/m68k-elf-rosco/lib/libc.a(libc_a-impure.o)
 .text          0x00000000        0x0 /home/lovro/opt/cross-newlib/m68k-elf-rosco/lib/libc.a(libc_a-errno.o)
 .data          0x00000000        0x0 /home/lovro/opt/cross-newlib/m68k-elf-rosco/lib/libc.a(libc_a-errno.o)
 .bss           0x00000000        0x0 /home/lovro/opt/cross-newlib/m68k-elf-rosco/lib/libc.a(libc_a-errno.o)
 .text.__errno  0x00000000        0x8 /home/lovro/opt/cross-newlib/m68k-elf-rosco/lib/libc.a(libc_a-errno.o)
 .debug_info    0x00000000      0x71b /home/lovro/opt/cross-newlib/m68k-elf-rosco/lib/libc.a(libc_a-errno.o)
 .debug_abbrev  0x00000000      0x19a /home/lovro/opt/cross-newlib/m68k-elf-rosco/lib/libc.a(libc_a-errno.o)
 .debug_aranges
                0x00000000       0x20 /home/lovro/opt/cross-newlib/m68k-elf-rosco/lib/libc.a(libc_a-errno.o)
 .debug_rnglists
                0x00000000       0x13 /home/lovro/opt/cross-newlib/m68k-elf-rosco/lib/libc.a(libc_a-errno.o)
 .debug_line    0x00000000      0x117 /home/lovro/opt/cross-newlib/m68k-elf-rosco/lib/libc.a(libc_a-errno.o)
 .debug_str     0x00000000      0x485 /home/lovro/opt/cross-newlib/m68k-elf-rosco/lib/libc.a(libc_a-errno.o)
 .comment       0x00000000       0x1c /home/lovro/opt/cross-newlib/m68k-elf-rosco/lib/libc.a(libc_a-errno.o)
 .debug_frame   0x00000000       0x24 /home/lovro/opt/cross-newlib/m68k-elf-rosco/lib/libc.a(libc_a-errno.o)
 .text          0x00000000        0x0 /home/lovro/opt/cross-newlib/m68k-elf-rosco/lib/libc.a(libc_a-strlen.o)
 .data          0x00000000        0x0 /home/lovro/opt/cross-newlib/m68k-elf-rosco/lib/libc.a(libc_a-strlen.o)
 .bss           0x00000000        0x0 /home/lovro/opt/cross-newlib/m68k-elf-rosco/lib/libc.a(libc_a-strlen.o)
 .data          0x00000000        0x0 /home/lovro/opt/cross-newlib/m68k-elf-rosco/lib/libc.a(libc_a-memset.o)
 .bss           0x00000000        0x0 /home/lovro/opt/cross-newlib/m68k-elf-rosco/lib/libc.a(libc_a-memset.o)
 .text          0x00000000        0x0 /home/lovro/opt/cross-newlib/m68k-elf-rosco/lib/libc.a(libc_a-freer.o)
 .data          0x00000000        0x0 /home/lovro/opt/cross-newlib/m68k-elf-rosco/lib/libc.a(libc_a-freer.o)
 .bss           0x00000000        0x0 /home/lovro/opt/cross-newlib/m68k-elf-rosco/lib/libc.a(libc_a-freer.o)
 .text          0x00000000        0x0 /home/lovro/opt/cross-newlib/m68k-elf-rosco/lib/libc.a(libc_a-mallocr.o)
 .data          0x00000000        0x0 /home/lovro/opt/cross-newlib/m68k-elf-rosco/lib/libc.a(libc_a-mallocr.o)
 .bss           0x00000000        0x0 /home/lovro/opt/cross-newlib/m68k-elf-rosco/lib/libc.a(libc_a-mallocr.o)
 .text          0x00000000        0x0 /home/lovro/opt/cross-newlib/m68k-elf-rosco/lib/libc.a(libc_a-mlock.o)
 .data          0x00000000        0x0 /home/lovro/opt/cross-newlib/m68k-elf-rosco/lib/libc.a(libc_a-mlock.o)
 .bss           0x00000000        0x0 /home/lovro/opt/cross-newlib/m68k-elf-rosco/lib/libc.a(libc_a-mlock.o)
 .text          0x00000000        0x0 /home/lovro/opt/cross-newlib/m68k-elf-rosco/lib/libc.a(libc_a-fclose.o)
 .data          0x00000000        0x0 /home/lovro/opt/cross-newlib/m68k-elf-rosco/lib/libc.a(libc_a-fclose.o)
 .bss           0x00000000        0x0 /home/lovro/opt/cross-newlib/m68k-elf-rosco/lib/libc.a(libc_a-fclose.o)
 .text.fclose   0x00000000       0x14 /home/lovro/opt/cross-newlib/m68k-elf-rosco/lib/libc.a(libc_a-fclose.o)
 .text          0x00000000        0x0 /home/lovro/opt/cross-newlib/m68k-elf-rosco/lib/libc.a(libc_a-fvwrite.o)
 .data          0x00000000        0x0 /home/lovro/opt/cross-newlib/m68k-elf-rosco/lib/libc.a(libc_a-fvwrite.o)
 .bss           0x00000000        0x0 /home/lovro/opt/cross-newlib/m68k-elf-rosco/lib/libc.a(libc_a-fvwrite.o)
 .text          0x00000000        0x0 /home/lovro/opt/cross-newlib/m68k-elf-rosco/lib/libc.a(libc_a-putc.o)
 .data          0x00000000        0x0 /home/lovro/opt/cross-newlib/m68k-elf-rosco/lib/libc.a(libc_a-putc.o)
 .bss           0x00000000        0x0 /home/lovro/opt/cross-newlib/m68k-elf-rosco/lib/libc.a(libc_a-putc.o)
 .text.putc     0x00000000       0x74 /home/lovro/opt/cross-newlib/m68k-elf-rosco/lib/libc.a(libc_a-putc.o)
 .text          0x00000000        0x0 /home/lovro/opt/cross-newlib/m68k-elf-rosco/lib/libc.a(libc_a-wbuf.o)
 .data          0x00000000        0x0 /home/lovro/opt/cross-newlib/m68k-elf-rosco/lib/libc.a(libc_a-wbuf.o)
 .bss           0x00000000        0x0 /home/lovro/opt/cross-newlib/m68k-elf-rosco/lib/libc.a(libc_a-wbuf.o)
 .text.__swbuf  0x00000000       0x1a /home/lovro/opt/cross-newlib/m68k-elf-rosco/lib/libc.a(libc_a-wbuf.o)
 .text          0x00000000        0x0 /home/lovro/opt/cross-newlib/m68k-elf-rosco/lib/libc.a(libc_a-wsetup.o)
 .data          0x00000000        0x0 /home/lovro/opt/cross-newlib/m68k-elf-rosco/lib/libc.a(libc_a-wsetup.o)
 .bss           0x00000000        0x0 /home/lovro/opt/cross-newlib/m68k-elf-rosco/lib/libc.a(libc_a-wsetup.o)
 .text          0x00000000        0x0 /home/lovro/opt/cross-newlib/m68k-elf-rosco/lib/libc.a(libc_a-memchr.o)
 .data          0x00000000        0x0 /home/lovro/opt/cross-newlib/m68k-elf-rosco/lib/libc.a(libc_a-memchr.o)
 .bss           0x00000000        0x0 /home/lovro/opt/cross-newlib/m68k-elf-rosco/lib/libc.a(libc_a-memchr.o)
 .text          0x00000000        0x0 /home/lovro/opt/cross-newlib/m68k-elf-rosco/lib/libc.a(libc_a-memmove.o)
 .data          0x00000000        0x0 /home/lovro/opt/cross-newlib/m68k-elf-rosco/lib/libc.a(libc_a-memmove.o)
 .bss           0x00000000        0x0 /home/lovro/opt/cross-newlib/m68k-elf-rosco/lib/libc.a(libc_a-memmove.o)
 .data          0x00000000        0x0 /home/lovro/opt/cross-newlib/m68k-elf-rosco/lib/libc.a(libc_a-memcpy.o)
 .bss           0x00000000        0x0 /home/lovro/opt/cross-newlib/m68k-elf-rosco/lib/libc.a(libc_a-memcpy.o)
 .text          0x00000000        0x0 /home/lovro/opt/cross-newlib/m68k-elf-rosco/lib/libc.a(libc_a-reallocr.o)
 .data          0x00000000        0x0 /home/lovro/opt/cross-newlib/m68k-elf-rosco/lib/libc.a(libc_a-reallocr.o)
 .bss           0x00000000        0x0 /home/lovro/opt/cross-newlib/m68k-elf-rosco/lib/libc.a(libc_a-reallocr.o)
 .text          0x00000000        0x0 /home/lovro/opt/cross-newlib/m68k-elf-rosco/lib/libc.a(libc_a-makebuf.o)
 .data          0x00000000        0x0 /home/lovro/opt/cross-newlib/m68k-elf-rosco/lib/libc.a(libc_a-makebuf.o)
 .bss           0x00000000        0x0 /home/lovro/opt/cross-newlib/m68k-elf-rosco/lib/libc.a(libc_a-makebuf.o)
 .data          0x00000000        0x0 /opt/m68k-toolchain/bin/../lib/gcc/m68k-elf/6.3.0/libgcc.a(_mulsi3.o)
 .bss           0x00000000        0x0 /opt/m68k-toolchain/bin/../lib/gcc/m68k-elf/6.3.0/libgcc.a(_mulsi3.o)
 .data          0x00000000        0x0 /opt/m68k-toolchain/bin/../lib/gcc/m68k-elf/6.3.0/libgcc.a(_divsi3.o)
 .bss           0x00000000        0x0 /opt/m68k-toolchain/bin/../lib/gcc/m68k-elf/6.3.0/libgcc.a(_divsi3.o)
 .data          0x00000000        0x0 /opt/m68k-toolchain/bin/../lib/gcc/m68k-elf/6.3.0/libgcc.a(_modsi3.o)
 .bss           0x00000000        0x0 /opt/m68k-toolchain/bin/../lib/gcc/m68k-elf/6.3.0/libgcc.a(_modsi3.o)
 .data          0x00000000        0x0 /opt/m68k-toolchain/bin/../lib/gcc/m68k-elf/6.3.0/libgcc.a(_udivsi3.o)
 .bss           0x00000000        0x0 /opt/m68k-toolchain/bin/../lib/gcc/m68k-elf/6.3.0/libgcc.a(_udivsi3.o)

Memory Configuration

Name             Origin             Length             Attributes
ram              0x00000000         0x00200000         xrw
rom              0x00000000         0x00100000         xr
*default*        0x00000000         0xffffffff

Linker script and memory map

LOAD ../tmp/crt0.o
LOAD ../tmp/main.o
LOAD ../tmp/amix-syscalls.o
LOAD ../tmp/syscalls_asm.o
LOAD /home/lovro/opt/cross-newlib/m68k-elf-rosco/lib/libc.a
LOAD /home/lovro/opt/cross-newlib/m68k-elf-rosco/lib/libm.a
LOAD /opt/m68k-toolchain/bin/../lib/gcc/m68k-elf/6.3.0/libgcc.a
LOAD /opt/m68k-toolchain/bin/../lib/gcc/m68k-elf/6.3.0/libgcc.a
LOAD /home/lovro/opt/cross-newlib/m68k-elf-rosco/lib/libc.a
LOAD /opt/m68k-toolchain/bin/../lib/gcc/m68k-elf/6.3.0/libgcc.a
START GROUP
LOAD /home/lovro/opt/cross-newlib/m68k-elf-rosco/lib/libc.a
LOAD /home/lovro/opt/cross-newlib/m68k-elf-rosco/lib/libm.a
LOAD /opt/m68k-toolchain/bin/../lib/gcc/m68k-elf/6.3.0/libgcc.a
END GROUP
                0x00000000                        __DYNAMIC = 0x0
                [!provide]                        PROVIDE (hardware_init_hook = 0x0)
                [!provide]                        PROVIDE (software_init_hook = 0x0)
                [!provide]                        PROVIDE (__INIT_SECTION__ = 0x0)
                [!provide]                        PROVIDE (__FINI_SECTION__ = 0x0)

.text           0x00000000     0x26f4
 *(.text.startup)
 *(.text .text.*)
 .text          0x00000000       0x4c ../tmp/crt0.o
                0x00000000                _start
 .text.startup.main
                0x0000004c       0x30 ../tmp/main.o
                0x0000004c                main
 .text.syscall_trap1
                0x0000007c       0x34 ../tmp/amix-syscalls.o
 .text._sbrk_r  0x000000b0       0x2c ../tmp/amix-syscalls.o
                0x000000b0                _sbrk_r
 .text._close_r
                0x000000dc       0x1e ../tmp/amix-syscalls.o
                0x000000dc                _close_r
 .text._read_r  0x000000fa       0x22 ../tmp/amix-syscalls.o
                0x000000fa                _read_r
 .text._write_r
                0x0000011c       0x22 ../tmp/amix-syscalls.o
                0x0000011c                _write_r
 .text._lseek_r
                0x0000013e       0x22 ../tmp/amix-syscalls.o
                0x0000013e                _lseek_r
 .text._fstat_r
                0x00000160       0x20 ../tmp/amix-syscalls.o
                0x00000160                _fstat_r
 .text._isatty_r
                0x00000180       0x1e ../tmp/amix-syscalls.o
                0x00000180                _isatty_r
 .text.__sflush_r
                0x0000019e      0x1ba /home/lovro/opt/cross-newlib/m68k-elf-rosco/lib/libc.a(libc_a-fflush.o)
                0x0000019e                __sflush_r
 .text._fflush_r
                0x00000358       0x44 /home/lovro/opt/cross-newlib/m68k-elf-rosco/lib/libc.a(libc_a-fflush.o)
                0x00000358                _fflush_r
 .text.fflush   0x0000039c       0x74 /home/lovro/opt/cross-newlib/m68k-elf-rosco/lib/libc.a(libc_a-fflush.o)
                0x0000039c                fflush
 .text.stdio_exit_handler
                0x00000410       0x1e /home/lovro/opt/cross-newlib/m68k-elf-rosco/lib/libc.a(libc_a-findfp.o)
 .text.cleanup_stdio
                0x0000042e       0x52 /home/lovro/opt/cross-newlib/m68k-elf-rosco/lib/libc.a(libc_a-findfp.o)
 .text.global_stdio_init.part.0
                0x00000480      0x178 /home/lovro/opt/cross-newlib/m68k-elf-rosco/lib/libc.a(libc_a-findfp.o)
 .text.__sinit  0x000005f8       0x22 /home/lovro/opt/cross-newlib/m68k-elf-rosco/lib/libc.a(libc_a-findfp.o)
                0x000005f8                __sinit
 .text.__sfp_lock_acquire
                0x0000061a        0x2 /home/lovro/opt/cross-newlib/m68k-elf-rosco/lib/libc.a(libc_a-findfp.o)
                0x0000061a                __sfp_lock_acquire
 .text.__sfp_lock_release
                0x0000061c        0x2 /home/lovro/opt/cross-newlib/m68k-elf-rosco/lib/libc.a(libc_a-findfp.o)
                0x0000061c                __sfp_lock_release
 .text._fwalk_sglue
                0x0000061e       0x56 /home/lovro/opt/cross-newlib/m68k-elf-rosco/lib/libc.a(libc_a-fwalk.o)
                0x0000061e                _fwalk_sglue
 .text.putchar  0x00000674       0x1c /home/lovro/opt/cross-newlib/m68k-elf-rosco/lib/libc.a(libc_a-putchar.o)
                0x00000674                putchar
 .text._puts_r  0x00000690       0xb0 /home/lovro/opt/cross-newlib/m68k-elf-rosco/lib/libc.a(libc_a-puts.o)
                0x00000690                _puts_r
 .text.puts     0x00000740       0x14 /home/lovro/opt/cross-newlib/m68k-elf-rosco/lib/libc.a(libc_a-puts.o)
                0x00000740                puts
 .text.__sread  0x00000754       0x38 /home/lovro/opt/cross-newlib/m68k-elf-rosco/lib/libc.a(libc_a-stdio.o)
                0x00000754                __sread
 .text.__swrite
                0x0000078c       0x86 /home/lovro/opt/cross-newlib/m68k-elf-rosco/lib/libc.a(libc_a-stdio.o)
                0x0000078c                __swrite
 .text.__sseek  0x00000812       0x40 /home/lovro/opt/cross-newlib/m68k-elf-rosco/lib/libc.a(libc_a-stdio.o)
                0x00000812                __sseek
 .text.__sclose
                0x00000852       0x12 /home/lovro/opt/cross-newlib/m68k-elf-rosco/lib/libc.a(libc_a-stdio.o)
                0x00000852                __sclose
 .text.strlen   0x00000864       0x14 /home/lovro/opt/cross-newlib/m68k-elf-rosco/lib/libc.a(libc_a-strlen.o)
                0x00000864                strlen
 .text          0x00000878       0x72 /home/lovro/opt/cross-newlib/m68k-elf-rosco/lib/libc.a(libc_a-memset.o)
                0x00000878                memset
 .text._malloc_trim_r
                0x000008ea       0xda /home/lovro/opt/cross-newlib/m68k-elf-rosco/lib/libc.a(libc_a-freer.o)
                0x000008ea                _malloc_trim_r
 .text._free_r  0x000009c4      0x352 /home/lovro/opt/cross-newlib/m68k-elf-rosco/lib/libc.a(libc_a-freer.o)
                0x000009c4                _free_r
 .text._malloc_r
                0x00000d16      0x842 /home/lovro/opt/cross-newlib/m68k-elf-rosco/lib/libc.a(libc_a-mallocr.o)
                0x00000d16                _malloc_r
 .text.__malloc_lock
                0x00001558        0x2 /home/lovro/opt/cross-newlib/m68k-elf-rosco/lib/libc.a(libc_a-mlock.o)
                0x00001558                __malloc_lock
 .text.__malloc_unlock
                0x0000155a        0x2 /home/lovro/opt/cross-newlib/m68k-elf-rosco/lib/libc.a(libc_a-mlock.o)
                0x0000155a                __malloc_unlock
 .text._fclose_r
                0x0000155c       0xd8 /home/lovro/opt/cross-newlib/m68k-elf-rosco/lib/libc.a(libc_a-fclose.o)
                0x0000155c                _fclose_r
 .text.__sfvwrite_r
                0x00001634      0x3b6 /home/lovro/opt/cross-newlib/m68k-elf-rosco/lib/libc.a(libc_a-fvwrite.o)
                0x00001634                __sfvwrite_r
 .text._putc_r  0x000019ea       0x78 /home/lovro/opt/cross-newlib/m68k-elf-rosco/lib/libc.a(libc_a-putc.o)
                0x000019ea                _putc_r
 .text.__swbuf_r
                0x00001a62      0x100 /home/lovro/opt/cross-newlib/m68k-elf-rosco/lib/libc.a(libc_a-wbuf.o)
                0x00001a62                __swbuf_r
 .text.__swsetup_r
                0x00001b62      0x128 /home/lovro/opt/cross-newlib/m68k-elf-rosco/lib/libc.a(libc_a-wsetup.o)
                0x00001b62                __swsetup_r
 .text.memchr   0x00001c8a       0x9c /home/lovro/opt/cross-newlib/m68k-elf-rosco/lib/libc.a(libc_a-memchr.o)
                0x00001c8a                memchr
 .text.memmove  0x00001d26       0xf8 /home/lovro/opt/cross-newlib/m68k-elf-rosco/lib/libc.a(libc_a-memmove.o)
                0x00001d26                memmove
 *fill*         0x00001e1e        0x2 
 .text          0x00001e20       0x6e /home/lovro/opt/cross-newlib/m68k-elf-rosco/lib/libc.a(libc_a-memcpy.o)
                0x00001e20                memcpy
 .text._realloc_r
                0x00001e8e      0x5f0 /home/lovro/opt/cross-newlib/m68k-elf-rosco/lib/libc.a(libc_a-reallocr.o)
                0x00001e8e                _realloc_r
 .text.__swhatbuf_r
                0x0000247e       0xb6 /home/lovro/opt/cross-newlib/m68k-elf-rosco/lib/libc.a(libc_a-makebuf.o)
                0x0000247e                __swhatbuf_r
 .text.__smakebuf_r
                0x00002534       0xde /home/lovro/opt/cross-newlib/m68k-elf-rosco/lib/libc.a(libc_a-makebuf.o)
                0x00002534                __smakebuf_r
 *fill*         0x00002612        0x2 
 .text          0x00002614       0x22 /opt/m68k-toolchain/bin/../lib/gcc/m68k-elf/6.3.0/libgcc.a(_mulsi3.o)
                0x00002614                __mulsi3
 *fill*         0x00002636        0x2 
 .text          0x00002638       0x2e /opt/m68k-toolchain/bin/../lib/gcc/m68k-elf/6.3.0/libgcc.a(_divsi3.o)
                0x00002638                __divsi3
 *fill*         0x00002666        0x2 
 .text          0x00002668       0x2e /opt/m68k-toolchain/bin/../lib/gcc/m68k-elf/6.3.0/libgcc.a(_modsi3.o)
                0x00002668                __modsi3
 *fill*         0x00002696        0x2 
 .text          0x00002698       0x5c /opt/m68k-toolchain/bin/../lib/gcc/m68k-elf/6.3.0/libgcc.a(_udivsi3.o)
                0x00002698                __udivsi3
 *(.init*)
 *(.fini*)
                0x000026f4                        . = ALIGN (0x4)
                0x000026f4                        _etext = .

.got            0x000026f4        0x0
                0x000026f4                        _GLOBAL_OFFSET_TABLE_ = .
 *(.got.plt)
 *(.got)

.plt
 *(.plt)

.rodata         0x000026f4       0x17
 *(.rodata .rodata.*)
 .rodata.main.str1.1
                0x000026f4       0x15 ../tmp/main.o
 .rodata._puts_r.str1.1
                0x00002709        0x2 /home/lovro/opt/cross-newlib/m68k-elf-rosco/lib/libc.a(libc_a-puts.o)

.data           0x0000270c      0x560
                0x0000270c                        _data_start = .
                0x0000270c                        __CTOR_LIST__ = .
 *crtbegin*.o(.ctors)
 *(SORT_BY_NAME(.ctors.*))
 *(.ctors)
 *crtend*.o(.ctors)
                0x0000270c        0x4 LONG 0x0
                0x00002710                        __CTOR_END__ = .
                0x00002710                        __DTOR_LIST__ = .
 *crtbegin*.o(.dtors)
 *(SORT_BY_NAME(.dtors.*))
 *(.dtors)
 *crtend*.o(.dtors)
                0x00002710        0x4 LONG 0x0
                0x00002714                        __DTOR_END__ = .
 *(.data .data.*)
 .data          0x00002714       0x20 ../tmp/crt0.o
                0x00002730                environ
 .data.__sglue  0x00002734        0xc /home/lovro/opt/cross-newlib/m68k-elf-rosco/lib/libc.a(libc_a-findfp.o)
                0x00002734                __sglue
 .data._impure_ptr
                0x00002740        0x4 /home/lovro/opt/cross-newlib/m68k-elf-rosco/lib/libc.a(libc_a-impure.o)
                0x00002740                _impure_ptr
 .data._impure_data
                0x00002744      0x116 /home/lovro/opt/cross-newlib/m68k-elf-rosco/lib/libc.a(libc_a-impure.o)
                0x00002744                _impure_data
 .data.__malloc_sbrk_base
                0x0000285a        0x4 /home/lovro/opt/cross-newlib/m68k-elf-rosco/lib/libc.a(libc_a-mallocr.o)
                0x0000285a                __malloc_sbrk_base
 .data.__malloc_trim_threshold
                0x0000285e        0x4 /home/lovro/opt/cross-newlib/m68k-elf-rosco/lib/libc.a(libc_a-mallocr.o)
                0x0000285e                __malloc_trim_threshold
 .data.__malloc_av_
                0x00002862      0x408 /home/lovro/opt/cross-newlib/m68k-elf-rosco/lib/libc.a(libc_a-mallocr.o)
                0x00002862                __malloc_av_
                0x00002c6c                        . = ALIGN (0x4)
 *fill*         0x00002c6a        0x2 
                0x00002c6c                        _edata = .

.bss            0x00002c6c      0x174
                0x00002c6c                        __bss_start = .
                0x00002c6c                        _bss_start = .
 *(.bss .bss.*)
 .bss.heap_end.3679
                0x00002c6c        0x4 ../tmp/amix-syscalls.o
 .bss.__sf      0x00002c70      0x138 /home/lovro/opt/cross-newlib/m68k-elf-rosco/lib/libc.a(libc_a-findfp.o)
                0x00002c70                __sf
 .bss.__stdio_exit_handler
                0x00002da8        0x4 /home/lovro/opt/cross-newlib/m68k-elf-rosco/lib/libc.a(libc_a-findfp.o)
                0x00002da8                __stdio_exit_handler
 .bss.__malloc_current_mallinfo
                0x00002dac       0x28 /home/lovro/opt/cross-newlib/m68k-elf-rosco/lib/libc.a(libc_a-mallocr.o)
                0x00002dac                __malloc_current_mallinfo
 .bss.__malloc_max_total_mem
                0x00002dd4        0x4 /home/lovro/opt/cross-newlib/m68k-elf-rosco/lib/libc.a(libc_a-mallocr.o)
                0x00002dd4                __malloc_max_total_mem
 .bss.__malloc_max_sbrked_mem
                0x00002dd8        0x4 /home/lovro/opt/cross-newlib/m68k-elf-rosco/lib/libc.a(libc_a-mallocr.o)
                0x00002dd8                __malloc_max_sbrked_mem
 .bss.__malloc_top_pad
                0x00002ddc        0x4 /home/lovro/opt/cross-newlib/m68k-elf-rosco/lib/libc.a(libc_a-mallocr.o)
                0x00002ddc                __malloc_top_pad
 *(COMMON)
                0x00002de0                        . = ALIGN (0x4)
                0x00002de0                        _end = .
                0x00002de0                        __end = .
                0x00002de0                        . = ALIGN (0x8)
                0x00004de0                        . = (. + 0x2000)
                0x00004de0                        __stack = .
                0x00004de4                        _heap_start = (. + 0x4)

.stab
 *(.stab)

.stabstr
 *(.stabstr)

.debug_info     0x00000000     0xc28a
 *(.debug_info)
 .debug_info    0x00000000       0x26 ../tmp/crt0.o
 .debug_info    0x00000026      0x882 ../tmp/main.o
 .debug_info    0x000008a8     0x1490 ../tmp/amix-syscalls.o
 .debug_info    0x00001d38      0x9ca /home/lovro/opt/cross-newlib/m68k-elf-rosco/lib/libc.a(libc_a-fflush.o)
 .debug_info    0x00002702      0xdef /home/lovro/opt/cross-newlib/m68k-elf-rosco/lib/libc.a(libc_a-findfp.o)
 .debug_info    0x000034f1      0x7d6 /home/lovro/opt/cross-newlib/m68k-elf-rosco/lib/libc.a(libc_a-fwalk.o)
 .debug_info    0x00003cc7      0x7b1 /home/lovro/opt/cross-newlib/m68k-elf-rosco/lib/libc.a(libc_a-putchar.o)
 .debug_info    0x00004478      0x8d9 /home/lovro/opt/cross-newlib/m68k-elf-rosco/lib/libc.a(libc_a-puts.o)
 .debug_info    0x00004d51      0x9ff /home/lovro/opt/cross-newlib/m68k-elf-rosco/lib/libc.a(libc_a-stdio.o)
 .debug_info    0x00005750      0x735 /home/lovro/opt/cross-newlib/m68k-elf-rosco/lib/libc.a(libc_a-impure.o)
 .debug_info    0x00005e85       0xdb /home/lovro/opt/cross-newlib/m68k-elf-rosco/lib/libc.a(libc_a-strlen.o)
 .debug_info    0x00005f60       0x24 /home/lovro/opt/cross-newlib/m68k-elf-rosco/lib/libc.a(libc_a-memset.o)
 .debug_info    0x00005f84      0xac7 /home/lovro/opt/cross-newlib/m68k-elf-rosco/lib/libc.a(libc_a-freer.o)
 .debug_info    0x00006a4b      0xc34 /home/lovro/opt/cross-newlib/m68k-elf-rosco/lib/libc.a(libc_a-mallocr.o)
 .debug_info    0x0000767f      0x747 /home/lovro/opt/cross-newlib/m68k-elf-rosco/lib/libc.a(libc_a-mlock.o)
 .debug_info    0x00007dc6      0x897 /home/lovro/opt/cross-newlib/m68k-elf-rosco/lib/libc.a(libc_a-fclose.o)
 .debug_info    0x0000865d      0xa20 /home/lovro/opt/cross-newlib/m68k-elf-rosco/lib/libc.a(libc_a-fvwrite.o)
 .debug_info    0x0000907d      0x8e7 /home/lovro/opt/cross-newlib/m68k-elf-rosco/lib/libc.a(libc_a-putc.o)
 .debug_info    0x00009964      0x830 /home/lovro/opt/cross-newlib/m68k-elf-rosco/lib/libc.a(libc_a-wbuf.o)
 .debug_info    0x0000a194      0x7b9 /home/lovro/opt/cross-newlib/m68k-elf-rosco/lib/libc.a(libc_a-wsetup.o)
 .debug_info    0x0000a94d      0x142 /home/lovro/opt/cross-newlib/m68k-elf-rosco/lib/libc.a(libc_a-memchr.o)
 .debug_info    0x0000aa8f      0x144 /home/lovro/opt/cross-newlib/m68k-elf-rosco/lib/libc.a(libc_a-memmove.o)
 .debug_info    0x0000abd3       0x24 /home/lovro/opt/cross-newlib/m68k-elf-rosco/lib/libc.a(libc_a-memcpy.o)
 .debug_info    0x0000abf7      0xb69 /home/lovro/opt/cross-newlib/m68k-elf-rosco/lib/libc.a(libc_a-reallocr.o)
 .debug_info    0x0000b760      0xa92 /home/lovro/opt/cross-newlib/m68k-elf-rosco/lib/libc.a(libc_a-makebuf.o)
 .debug_info    0x0000c1f2       0x26 /opt/m68k-toolchain/bin/../lib/gcc/m68k-elf/6.3.0/libgcc.a(_mulsi3.o)
 .debug_info    0x0000c218       0x26 /opt/m68k-toolchain/bin/../lib/gcc/m68k-elf/6.3.0/libgcc.a(_divsi3.o)
 .debug_info    0x0000c23e       0x26 /opt/m68k-toolchain/bin/../lib/gcc/m68k-elf/6.3.0/libgcc.a(_modsi3.o)
 .debug_info    0x0000c264       0x26 /opt/m68k-toolchain/bin/../lib/gcc/m68k-elf/6.3.0/libgcc.a(_udivsi3.o)

.debug_abbrev   0x00000000     0x2fe6
 *(.debug_abbrev)
 .debug_abbrev  0x00000000       0x14 ../tmp/crt0.o
 .debug_abbrev  0x00000014      0x1c7 ../tmp/main.o
 .debug_abbrev  0x000001db      0x29f ../tmp/amix-syscalls.o
 .debug_abbrev  0x0000047a      0x311 /home/lovro/opt/cross-newlib/m68k-elf-rosco/lib/libc.a(libc_a-fflush.o)
 .debug_abbrev  0x0000078b      0x41c /home/lovro/opt/cross-newlib/m68k-elf-rosco/lib/libc.a(libc_a-findfp.o)
 .debug_abbrev  0x00000ba7      0x1d6 /home/lovro/opt/cross-newlib/m68k-elf-rosco/lib/libc.a(libc_a-fwalk.o)
 .debug_abbrev  0x00000d7d      0x1fd /home/lovro/opt/cross-newlib/m68k-elf-rosco/lib/libc.a(libc_a-putchar.o)
 .debug_abbrev  0x00000f7a      0x265 /home/lovro/opt/cross-newlib/m68k-elf-rosco/lib/libc.a(libc_a-puts.o)
 .debug_abbrev  0x000011df      0x243 /home/lovro/opt/cross-newlib/m68k-elf-rosco/lib/libc.a(libc_a-stdio.o)
 .debug_abbrev  0x00001422      0x185 /home/lovro/opt/cross-newlib/m68k-elf-rosco/lib/libc.a(libc_a-impure.o)
 .debug_abbrev  0x000015a7       0x8a /home/lovro/opt/cross-newlib/m68k-elf-rosco/lib/libc.a(libc_a-strlen.o)
 .debug_abbrev  0x00001631       0x14 /home/lovro/opt/cross-newlib/m68k-elf-rosco/lib/libc.a(libc_a-memset.o)
 .debug_abbrev  0x00001645      0x274 /home/lovro/opt/cross-newlib/m68k-elf-rosco/lib/libc.a(libc_a-freer.o)
 .debug_abbrev  0x000018b9      0x2c8 /home/lovro/opt/cross-newlib/m68k-elf-rosco/lib/libc.a(libc_a-mallocr.o)
 .debug_abbrev  0x00001b81      0x1ce /home/lovro/opt/cross-newlib/m68k-elf-rosco/lib/libc.a(libc_a-mlock.o)
 .debug_abbrev  0x00001d4f      0x2c1 /home/lovro/opt/cross-newlib/m68k-elf-rosco/lib/libc.a(libc_a-fclose.o)
 .debug_abbrev  0x00002010      0x23e /home/lovro/opt/cross-newlib/m68k-elf-rosco/lib/libc.a(libc_a-fvwrite.o)
 .debug_abbrev  0x0000224e      0x28f /home/lovro/opt/cross-newlib/m68k-elf-rosco/lib/libc.a(libc_a-putc.o)
 .debug_abbrev  0x000024dd      0x25a /home/lovro/opt/cross-newlib/m68k-elf-rosco/lib/libc.a(libc_a-wbuf.o)
 .debug_abbrev  0x00002737      0x1fe /home/lovro/opt/cross-newlib/m68k-elf-rosco/lib/libc.a(libc_a-wsetup.o)
 .debug_abbrev  0x00002935       0xd4 /home/lovro/opt/cross-newlib/m68k-elf-rosco/lib/libc.a(libc_a-memchr.o)
 .debug_abbrev  0x00002a09       0xc3 /home/lovro/opt/cross-newlib/m68k-elf-rosco/lib/libc.a(libc_a-memmove.o)
 .debug_abbrev  0x00002acc       0x14 /home/lovro/opt/cross-newlib/m68k-elf-rosco/lib/libc.a(libc_a-memcpy.o)
 .debug_abbrev  0x00002ae0      0x256 /home/lovro/opt/cross-newlib/m68k-elf-rosco/lib/libc.a(libc_a-reallocr.o)
 .debug_abbrev  0x00002d36      0x260 /home/lovro/opt/cross-newlib/m68k-elf-rosco/lib/libc.a(libc_a-makebuf.o)
 .debug_abbrev  0x00002f96       0x14 /opt/m68k-toolchain/bin/../lib/gcc/m68k-elf/6.3.0/libgcc.a(_mulsi3.o)
 .debug_abbrev  0x00002faa       0x14 /opt/m68k-toolchain/bin/../lib/gcc/m68k-elf/6.3.0/libgcc.a(_divsi3.o)
 .debug_abbrev  0x00002fbe       0x14 /opt/m68k-toolchain/bin/../lib/gcc/m68k-elf/6.3.0/libgcc.a(_modsi3.o)
 .debug_abbrev  0x00002fd2       0x14 /opt/m68k-toolchain/bin/../lib/gcc/m68k-elf/6.3.0/libgcc.a(_udivsi3.o)

.debug_line     0x00000000     0x4cf7
 *(.debug_line)
 .debug_line    0x00000000       0x59 ../tmp/crt0.o
 .debug_line    0x00000059      0x129 ../tmp/main.o
 .debug_line    0x00000182      0x38f ../tmp/amix-syscalls.o
 .debug_line    0x00000511      0x475 /home/lovro/opt/cross-newlib/m68k-elf-rosco/lib/libc.a(libc_a-fflush.o)
 .debug_line    0x00000986      0x5db /home/lovro/opt/cross-newlib/m68k-elf-rosco/lib/libc.a(libc_a-findfp.o)
 .debug_line    0x00000f61      0x1c1 /home/lovro/opt/cross-newlib/m68k-elf-rosco/lib/libc.a(libc_a-fwalk.o)
 .debug_line    0x00001122      0x193 /home/lovro/opt/cross-newlib/m68k-elf-rosco/lib/libc.a(libc_a-putchar.o)
 .debug_line    0x000012b5      0x265 /home/lovro/opt/cross-newlib/m68k-elf-rosco/lib/libc.a(libc_a-puts.o)
 .debug_line    0x0000151a      0x270 /home/lovro/opt/cross-newlib/m68k-elf-rosco/lib/libc.a(libc_a-stdio.o)
 .debug_line    0x0000178a       0xf5 /home/lovro/opt/cross-newlib/m68k-elf-rosco/lib/libc.a(libc_a-impure.o)
 .debug_line    0x0000187f      0x106 /home/lovro/opt/cross-newlib/m68k-elf-rosco/lib/libc.a(libc_a-strlen.o)
 .debug_line    0x00001985       0x6d /home/lovro/opt/cross-newlib/m68k-elf-rosco/lib/libc.a(libc_a-memset.o)
 .debug_line    0x000019f2      0x579 /home/lovro/opt/cross-newlib/m68k-elf-rosco/lib/libc.a(libc_a-freer.o)
 .debug_line    0x00001f6b      0x995 /home/lovro/opt/cross-newlib/m68k-elf-rosco/lib/libc.a(libc_a-mallocr.o)
 .debug_line    0x00002900      0x16c /home/lovro/opt/cross-newlib/m68k-elf-rosco/lib/libc.a(libc_a-mlock.o)
 .debug_line    0x00002a6c      0x271 /home/lovro/opt/cross-newlib/m68k-elf-rosco/lib/libc.a(libc_a-fclose.o)
 .debug_line    0x00002cdd      0x5f1 /home/lovro/opt/cross-newlib/m68k-elf-rosco/lib/libc.a(libc_a-fvwrite.o)
 .debug_line    0x000032ce      0x286 /home/lovro/opt/cross-newlib/m68k-elf-rosco/lib/libc.a(libc_a-putc.o)
 .debug_line    0x00003554      0x26e /home/lovro/opt/cross-newlib/m68k-elf-rosco/lib/libc.a(libc_a-wbuf.o)
 .debug_line    0x000037c2      0x2c2 /home/lovro/opt/cross-newlib/m68k-elf-rosco/lib/libc.a(libc_a-wsetup.o)
 .debug_line    0x00003a84      0x1a2 /home/lovro/opt/cross-newlib/m68k-elf-rosco/lib/libc.a(libc_a-memchr.o)
 .debug_line    0x00003c26      0x1ed /home/lovro/opt/cross-newlib/m68k-elf-rosco/lib/libc.a(libc_a-memmove.o)
 .debug_line    0x00003e13       0x69 /home/lovro/opt/cross-newlib/m68k-elf-rosco/lib/libc.a(libc_a-memcpy.o)
 .debug_line    0x00003e7c      0x905 /home/lovro/opt/cross-newlib/m68k-elf-rosco/lib/libc.a(libc_a-reallocr.o)
 .debug_line    0x00004781      0x381 /home/lovro/opt/cross-newlib/m68k-elf-rosco/lib/libc.a(libc_a-makebuf.o)
 .debug_line    0x00004b02       0x74 /opt/m68k-toolchain/bin/../lib/gcc/m68k-elf/6.3.0/libgcc.a(_mulsi3.o)
 .debug_line    0x00004b76       0x7c /opt/m68k-toolchain/bin/../lib/gcc/m68k-elf/6.3.0/libgcc.a(_divsi3.o)
 .debug_line    0x00004bf2       0x78 /opt/m68k-toolchain/bin/../lib/gcc/m68k-elf/6.3.0/libgcc.a(_modsi3.o)
 .debug_line    0x00004c6a       0x8d /opt/m68k-toolchain/bin/../lib/gcc/m68k-elf/6.3.0/libgcc.a(_udivsi3.o)

.debug_str      0x00000000     0x145d
 *(.debug_str)
 .debug_str     0x00000000       0x46 ../tmp/crt0.o
 .debug_str     0x00000046      0x45f ../tmp/main.o
                                0x511 (size before relaxing)
 .debug_str     0x000004a5      0x454 ../tmp/amix-syscalls.o
                                0x9a8 (size before relaxing)
 .debug_str     0x000008f9      0x11e /home/lovro/opt/cross-newlib/m68k-elf-rosco/lib/libc.a(libc_a-fflush.o)
                                0x512 (size before relaxing)
 .debug_str     0x00000a17      0x1ba /home/lovro/opt/cross-newlib/m68k-elf-rosco/lib/libc.a(libc_a-findfp.o)
                                0x693 (size before relaxing)
 .debug_str     0x00000bd1       0x28 /home/lovro/opt/cross-newlib/m68k-elf-rosco/lib/libc.a(libc_a-fwalk.o)
                                0x49b (size before relaxing)
 .debug_str     0x00000bf9       0x3d /home/lovro/opt/cross-newlib/m68k-elf-rosco/lib/libc.a(libc_a-putchar.o)
                                0x4a5 (size before relaxing)
 .debug_str     0x00000c36       0x7f /home/lovro/opt/cross-newlib/m68k-elf-rosco/lib/libc.a(libc_a-puts.o)
                                0x504 (size before relaxing)
 .debug_str     0x00000cb5       0x33 /home/lovro/opt/cross-newlib/m68k-elf-rosco/lib/libc.a(libc_a-stdio.o)
                                0x4ef (size before relaxing)
 .debug_str     0x00000ce8       0x29 /home/lovro/opt/cross-newlib/m68k-elf-rosco/lib/libc.a(libc_a-impure.o)
                                0x490 (size before relaxing)
 .debug_str     0x00000d11       0x30 /home/lovro/opt/cross-newlib/m68k-elf-rosco/lib/libc.a(libc_a-strlen.o)
                                0x175 (size before relaxing)
 .debug_str     0x00000d41       0x3c /home/lovro/opt/cross-newlib/m68k-elf-rosco/lib/libc.a(libc_a-memset.o)
                                 0x82 (size before relaxing)
 .debug_str     0x00000d7d      0x15e /home/lovro/opt/cross-newlib/m68k-elf-rosco/lib/libc.a(libc_a-freer.o)
                                0x5f3 (size before relaxing)
 .debug_str     0x00000edb      0x110 /home/lovro/opt/cross-newlib/m68k-elf-rosco/lib/libc.a(libc_a-mallocr.o)
                                0x6ab (size before relaxing)
 .debug_str     0x00000feb       0x42 /home/lovro/opt/cross-newlib/m68k-elf-rosco/lib/libc.a(libc_a-mlock.o)
                                0x4a9 (size before relaxing)
 .debug_str     0x0000102d       0x35 /home/lovro/opt/cross-newlib/m68k-elf-rosco/lib/libc.a(libc_a-fclose.o)
                                0x4ea (size before relaxing)
 .debug_str     0x00001062       0x75 /home/lovro/opt/cross-newlib/m68k-elf-rosco/lib/libc.a(libc_a-fvwrite.o)
                                0x52f (size before relaxing)
 .debug_str     0x000010d7       0x40 /home/lovro/opt/cross-newlib/m68k-elf-rosco/lib/libc.a(libc_a-putc.o)
                                0x4cc (size before relaxing)
 .debug_str     0x00001117       0x2f /home/lovro/opt/cross-newlib/m68k-elf-rosco/lib/libc.a(libc_a-wbuf.o)
                                0x4c1 (size before relaxing)
 .debug_str     0x00001146       0x36 /home/lovro/opt/cross-newlib/m68k-elf-rosco/lib/libc.a(libc_a-wsetup.o)
                                0x4bc (size before relaxing)
 .debug_str     0x0000117c       0x44 /home/lovro/opt/cross-newlib/m68k-elf-rosco/lib/libc.a(libc_a-memchr.o)
                                0x189 (size before relaxing)
 .debug_str     0x000011c0       0x4c /home/lovro/opt/cross-newlib/m68k-elf-rosco/lib/libc.a(libc_a-memmove.o)
                                0x1a2 (size before relaxing)
 .debug_str     0x0000120c       0x30 /home/lovro/opt/cross-newlib/m68k-elf-rosco/lib/libc.a(libc_a-memcpy.o)
                                 0x82 (size before relaxing)
 .debug_str     0x0000123c       0x7a /home/lovro/opt/cross-newlib/m68k-elf-rosco/lib/libc.a(libc_a-reallocr.o)
                                0x57e (size before relaxing)
 .debug_str     0x000012b6      0x115 /home/lovro/opt/cross-newlib/m68k-elf-rosco/lib/libc.a(libc_a-makebuf.o)
                                0x61e (size before relaxing)
 .debug_str     0x000013cb       0x92 /opt/m68k-toolchain/bin/../lib/gcc/m68k-elf/6.3.0/libgcc.a(_mulsi3.o)
 .debug_str     0x0000145d       0x92 /opt/m68k-toolchain/bin/../lib/gcc/m68k-elf/6.3.0/libgcc.a(_divsi3.o)
 .debug_str     0x0000145d       0x92 /opt/m68k-toolchain/bin/../lib/gcc/m68k-elf/6.3.0/libgcc.a(_modsi3.o)
 .debug_str     0x0000145d       0x92 /opt/m68k-toolchain/bin/../lib/gcc/m68k-elf/6.3.0/libgcc.a(_udivsi3.o)

.debug_ranges   0x00000000       0xd0
 *(.debug_ranges)
 .debug_ranges  0x00000000       0x10 ../tmp/main.o
 .debug_ranges  0x00000010       0xc0 ../tmp/amix-syscalls.o
OUTPUT(../bin/test.elf elf32-m68k)

.debug_aranges  0x00000000      0x508
 .debug_aranges
                0x00000000       0x20 ../tmp/crt0.o
 .debug_aranges
                0x00000020       0x20 ../tmp/main.o
 .debug_aranges
                0x00000040       0xd0 ../tmp/amix-syscalls.o
 .debug_aranges
                0x00000110       0x30 /home/lovro/opt/cross-newlib/m68k-elf-rosco/lib/libc.a(libc_a-fflush.o)
 .debug_aranges
                0x00000140       0x70 /home/lovro/opt/cross-newlib/m68k-elf-rosco/lib/libc.a(libc_a-findfp.o)
 .debug_aranges
                0x000001b0       0x20 /home/lovro/opt/cross-newlib/m68k-elf-rosco/lib/libc.a(libc_a-fwalk.o)
 .debug_aranges
                0x000001d0       0x28 /home/lovro/opt/cross-newlib/m68k-elf-rosco/lib/libc.a(libc_a-putchar.o)
 .debug_aranges
                0x000001f8       0x28 /home/lovro/opt/cross-newlib/m68k-elf-rosco/lib/libc.a(libc_a-puts.o)
 .debug_aranges
                0x00000220       0x40 /home/lovro/opt/cross-newlib/m68k-elf-rosco/lib/libc.a(libc_a-stdio.o)
 .debug_aranges
                0x00000260       0x18 /home/lovro/opt/cross-newlib/m68k-elf-rosco/lib/libc.a(libc_a-impure.o)
 .debug_aranges
                0x00000278       0x20 /home/lovro/opt/cross-newlib/m68k-elf-rosco/lib/libc.a(libc_a-strlen.o)
 .debug_aranges
                0x00000298       0x20 /home/lovro/opt/cross-newlib/m68k-elf-rosco/lib/libc.a(libc_a-memset.o)
 .debug_aranges
                0x000002b8       0x28 /home/lovro/opt/cross-newlib/m68k-elf-rosco/lib/libc.a(libc_a-freer.o)
 .debug_aranges
                0x000002e0       0x20 /home/lovro/opt/cross-newlib/m68k-elf-rosco/lib/libc.a(libc_a-mallocr.o)
 .debug_aranges
                0x00000300       0x28 /home/lovro/opt/cross-newlib/m68k-elf-rosco/lib/libc.a(libc_a-mlock.o)
 .debug_aranges
                0x00000328       0x28 /home/lovro/opt/cross-newlib/m68k-elf-rosco/lib/libc.a(libc_a-fclose.o)
 .debug_aranges
                0x00000350       0x20 /home/lovro/opt/cross-newlib/m68k-elf-rosco/lib/libc.a(libc_a-fvwrite.o)
 .debug_aranges
                0x00000370       0x28 /home/lovro/opt/cross-newlib/m68k-elf-rosco/lib/libc.a(libc_a-putc.o)
 .debug_aranges
                0x00000398       0x28 /home/lovro/opt/cross-newlib/m68k-elf-rosco/lib/libc.a(libc_a-wbuf.o)
 .debug_aranges
                0x000003c0       0x20 /home/lovro/opt/cross-newlib/m68k-elf-rosco/lib/libc.a(libc_a-wsetup.o)
 .debug_aranges
                0x000003e0       0x20 /home/lovro/opt/cross-newlib/m68k-elf-rosco/lib/libc.a(libc_a-memchr.o)
 .debug_aranges
                0x00000400       0x20 /home/lovro/opt/cross-newlib/m68k-elf-rosco/lib/libc.a(libc_a-memmove.o)
 .debug_aranges
                0x00000420       0x20 /home/lovro/opt/cross-newlib/m68k-elf-rosco/lib/libc.a(libc_a-memcpy.o)
 .debug_aranges
                0x00000440       0x20 /home/lovro/opt/cross-newlib/m68k-elf-rosco/lib/libc.a(libc_a-reallocr.o)
 .debug_aranges
                0x00000460       0x28 /home/lovro/opt/cross-newlib/m68k-elf-rosco/lib/libc.a(libc_a-makebuf.o)
 .debug_aranges
                0x00000488       0x20 /opt/m68k-toolchain/bin/../lib/gcc/m68k-elf/6.3.0/libgcc.a(_mulsi3.o)
 .debug_aranges
                0x000004a8       0x20 /opt/m68k-toolchain/bin/../lib/gcc/m68k-elf/6.3.0/libgcc.a(_divsi3.o)
 .debug_aranges
                0x000004c8       0x20 /opt/m68k-toolchain/bin/../lib/gcc/m68k-elf/6.3.0/libgcc.a(_modsi3.o)
 .debug_aranges
                0x000004e8       0x20 /opt/m68k-toolchain/bin/../lib/gcc/m68k-elf/6.3.0/libgcc.a(_udivsi3.o)

.comment        0x00000000       0x2c
 .comment       0x00000000       0x11 ../tmp/main.o
                                 0x12 (size before relaxing)
 .comment       0x00000011       0x12 ../tmp/amix-syscalls.o
 .comment       0x00000011       0x1b /home/lovro/opt/cross-newlib/m68k-elf-rosco/lib/libc.a(libc_a-fflush.o)
                                 0x1c (size before relaxing)
 .comment       0x0000002c       0x1c /home/lovro/opt/cross-newlib/m68k-elf-rosco/lib/libc.a(libc_a-findfp.o)
 .comment       0x0000002c       0x1c /home/lovro/opt/cross-newlib/m68k-elf-rosco/lib/libc.a(libc_a-fwalk.o)
 .comment       0x0000002c       0x1c /home/lovro/opt/cross-newlib/m68k-elf-rosco/lib/libc.a(libc_a-putchar.o)
 .comment       0x0000002c       0x1c /home/lovro/opt/cross-newlib/m68k-elf-rosco/lib/libc.a(libc_a-puts.o)
 .comment       0x0000002c       0x1c /home/lovro/opt/cross-newlib/m68k-elf-rosco/lib/libc.a(libc_a-stdio.o)
 .comment       0x0000002c       0x1c /home/lovro/opt/cross-newlib/m68k-elf-rosco/lib/libc.a(libc_a-impure.o)
 .comment       0x0000002c       0x1c /home/lovro/opt/cross-newlib/m68k-elf-rosco/lib/libc.a(libc_a-strlen.o)
 .comment       0x0000002c       0x1c /home/lovro/opt/cross-newlib/m68k-elf-rosco/lib/libc.a(libc_a-freer.o)
 .comment       0x0000002c       0x1c /home/lovro/opt/cross-newlib/m68k-elf-rosco/lib/libc.a(libc_a-mallocr.o)
 .comment       0x0000002c       0x1c /home/lovro/opt/cross-newlib/m68k-elf-rosco/lib/libc.a(libc_a-mlock.o)
 .comment       0x0000002c       0x1c /home/lovro/opt/cross-newlib/m68k-elf-rosco/lib/libc.a(libc_a-fclose.o)
 .comment       0x0000002c       0x1c /home/lovro/opt/cross-newlib/m68k-elf-rosco/lib/libc.a(libc_a-fvwrite.o)
 .comment       0x0000002c       0x1c /home/lovro/opt/cross-newlib/m68k-elf-rosco/lib/libc.a(libc_a-putc.o)
 .comment       0x0000002c       0x1c /home/lovro/opt/cross-newlib/m68k-elf-rosco/lib/libc.a(libc_a-wbuf.o)
 .comment       0x0000002c       0x1c /home/lovro/opt/cross-newlib/m68k-elf-rosco/lib/libc.a(libc_a-wsetup.o)
 .comment       0x0000002c       0x1c /home/lovro/opt/cross-newlib/m68k-elf-rosco/lib/libc.a(libc_a-memchr.o)
 .comment       0x0000002c       0x1c /home/lovro/opt/cross-newlib/m68k-elf-rosco/lib/libc.a(libc_a-memmove.o)
 .comment       0x0000002c       0x1c /home/lovro/opt/cross-newlib/m68k-elf-rosco/lib/libc.a(libc_a-reallocr.o)
 .comment       0x0000002c       0x1c /home/lovro/opt/cross-newlib/m68k-elf-rosco/lib/libc.a(libc_a-makebuf.o)

.debug_frame    0x00000000      0xbdc
 .debug_frame   0x00000000       0x2c ../tmp/main.o
 .debug_frame   0x0000002c      0x268 ../tmp/amix-syscalls.o
 .debug_frame   0x00000294       0xd0 /home/lovro/opt/cross-newlib/m68k-elf-rosco/lib/libc.a(libc_a-fflush.o)
 .debug_frame   0x00000364      0x15c /home/lovro/opt/cross-newlib/m68k-elf-rosco/lib/libc.a(libc_a-findfp.o)
 .debug_frame   0x000004c0       0x3c /home/lovro/opt/cross-newlib/m68k-elf-rosco/lib/libc.a(libc_a-fwalk.o)
 .debug_frame   0x000004fc       0x4c /home/lovro/opt/cross-newlib/m68k-elf-rosco/lib/libc.a(libc_a-putchar.o)
 .debug_frame   0x00000548       0x4c /home/lovro/opt/cross-newlib/m68k-elf-rosco/lib/libc.a(libc_a-puts.o)
 .debug_frame   0x00000594       0xa8 /home/lovro/opt/cross-newlib/m68k-elf-rosco/lib/libc.a(libc_a-stdio.o)
 .debug_frame   0x0000063c       0x24 /home/lovro/opt/cross-newlib/m68k-elf-rosco/lib/libc.a(libc_a-strlen.o)
 .debug_frame   0x00000660       0x90 /home/lovro/opt/cross-newlib/m68k-elf-rosco/lib/libc.a(libc_a-freer.o)
 .debug_frame   0x000006f0       0xa4 /home/lovro/opt/cross-newlib/m68k-elf-rosco/lib/libc.a(libc_a-mallocr.o)
 .debug_frame   0x00000794       0x34 /home/lovro/opt/cross-newlib/m68k-elf-rosco/lib/libc.a(libc_a-mlock.o)
 .debug_frame   0x000007c8       0x7c /home/lovro/opt/cross-newlib/m68k-elf-rosco/lib/libc.a(libc_a-fclose.o)
 .debug_frame   0x00000844      0x108 /home/lovro/opt/cross-newlib/m68k-elf-rosco/lib/libc.a(libc_a-fvwrite.o)
 .debug_frame   0x0000094c       0x64 /home/lovro/opt/cross-newlib/m68k-elf-rosco/lib/libc.a(libc_a-putc.o)
 .debug_frame   0x000009b0       0x70 /home/lovro/opt/cross-newlib/m68k-elf-rosco/lib/libc.a(libc_a-wbuf.o)
 .debug_frame   0x00000a20       0x48 /home/lovro/opt/cross-newlib/m68k-elf-rosco/lib/libc.a(libc_a-wsetup.o)
 .debug_frame   0x00000a68       0x30 /home/lovro/opt/cross-newlib/m68k-elf-rosco/lib/libc.a(libc_a-memchr.o)
 .debug_frame   0x00000a98       0x34 /home/lovro/opt/cross-newlib/m68k-elf-rosco/lib/libc.a(libc_a-memmove.o)
 .debug_frame   0x00000acc       0xc0 /home/lovro/opt/cross-newlib/m68k-elf-rosco/lib/libc.a(libc_a-reallocr.o)
 .debug_frame   0x00000b8c       0x50 /home/lovro/opt/cross-newlib/m68k-elf-rosco/lib/libc.a(libc_a-makebuf.o)

.debug_loc      0x00000000      0x148
 .debug_loc     0x00000000      0x148 ../tmp/amix-syscalls.o

.debug_loclists
                0x00000000     0x305f
 .debug_loclists
                0x00000000      0x168 /home/lovro/opt/cross-newlib/m68k-elf-rosco/lib/libc.a(libc_a-fflush.o)
 .debug_loclists
                0x00000168      0x1a1 /home/lovro/opt/cross-newlib/m68k-elf-rosco/lib/libc.a(libc_a-findfp.o)
 .debug_loclists
                0x00000309       0x74 /home/lovro/opt/cross-newlib/m68k-elf-rosco/lib/libc.a(libc_a-fwalk.o)
 .debug_loclists
                0x0000037d       0x17 /home/lovro/opt/cross-newlib/m68k-elf-rosco/lib/libc.a(libc_a-putchar.o)
 .debug_loclists
                0x00000394       0xe8 /home/lovro/opt/cross-newlib/m68k-elf-rosco/lib/libc.a(libc_a-puts.o)
 .debug_loclists
                0x0000047c       0x9a /home/lovro/opt/cross-newlib/m68k-elf-rosco/lib/libc.a(libc_a-stdio.o)
 .debug_loclists
                0x00000516       0x2d /home/lovro/opt/cross-newlib/m68k-elf-rosco/lib/libc.a(libc_a-strlen.o)
 .debug_loclists
                0x00000543      0x402 /home/lovro/opt/cross-newlib/m68k-elf-rosco/lib/libc.a(libc_a-freer.o)
 .debug_loclists
                0x00000945      0x9ae /home/lovro/opt/cross-newlib/m68k-elf-rosco/lib/libc.a(libc_a-mallocr.o)
 .debug_loclists
                0x000012f3       0x7a /home/lovro/opt/cross-newlib/m68k-elf-rosco/lib/libc.a(libc_a-fclose.o)
 .debug_loclists
                0x0000136d      0x3f9 /home/lovro/opt/cross-newlib/m68k-elf-rosco/lib/libc.a(libc_a-fvwrite.o)
 .debug_loclists
                0x00001766      0x120 /home/lovro/opt/cross-newlib/m68k-elf-rosco/lib/libc.a(libc_a-putc.o)
 .debug_loclists
                0x00001886       0x97 /home/lovro/opt/cross-newlib/m68k-elf-rosco/lib/libc.a(libc_a-wbuf.o)
 .debug_loclists
                0x0000191d       0x22 /home/lovro/opt/cross-newlib/m68k-elf-rosco/lib/libc.a(libc_a-wsetup.o)
 .debug_loclists
                0x0000193f       0xf7 /home/lovro/opt/cross-newlib/m68k-elf-rosco/lib/libc.a(libc_a-memchr.o)
 .debug_loclists
                0x00001a36      0x2cf /home/lovro/opt/cross-newlib/m68k-elf-rosco/lib/libc.a(libc_a-memmove.o)
 .debug_loclists
                0x00001d05     0x1165 /home/lovro/opt/cross-newlib/m68k-elf-rosco/lib/libc.a(libc_a-reallocr.o)
 .debug_loclists
                0x00002e6a      0x1f5 /home/lovro/opt/cross-newlib/m68k-elf-rosco/lib/libc.a(libc_a-makebuf.o)

.debug_rnglists
                0x00000000      0x3f2
 .debug_rnglists
                0x00000000       0x6f /home/lovro/opt/cross-newlib/m68k-elf-rosco/lib/libc.a(libc_a-fflush.o)
 .debug_rnglists
                0x0000006f       0x6b /home/lovro/opt/cross-newlib/m68k-elf-rosco/lib/libc.a(libc_a-findfp.o)
 .debug_rnglists
                0x000000da       0x13 /home/lovro/opt/cross-newlib/m68k-elf-rosco/lib/libc.a(libc_a-fwalk.o)
 .debug_rnglists
                0x000000ed       0x19 /home/lovro/opt/cross-newlib/m68k-elf-rosco/lib/libc.a(libc_a-putchar.o)
 .debug_rnglists
                0x00000106       0x26 /home/lovro/opt/cross-newlib/m68k-elf-rosco/lib/libc.a(libc_a-puts.o)
 .debug_rnglists
                0x0000012c       0x2c /home/lovro/opt/cross-newlib/m68k-elf-rosco/lib/libc.a(libc_a-stdio.o)
 .debug_rnglists
                0x00000158       0x13 /home/lovro/opt/cross-newlib/m68k-elf-rosco/lib/libc.a(libc_a-strlen.o)
 .debug_rnglists
                0x0000016b       0x1b /home/lovro/opt/cross-newlib/m68k-elf-rosco/lib/libc.a(libc_a-freer.o)
 .debug_rnglists
                0x00000186       0x3c /home/lovro/opt/cross-newlib/m68k-elf-rosco/lib/libc.a(libc_a-mallocr.o)
 .debug_rnglists
                0x000001c2       0x19 /home/lovro/opt/cross-newlib/m68k-elf-rosco/lib/libc.a(libc_a-mlock.o)
 .debug_rnglists
                0x000001db       0x35 /home/lovro/opt/cross-newlib/m68k-elf-rosco/lib/libc.a(libc_a-fclose.o)
 .debug_rnglists
                0x00000210       0x30 /home/lovro/opt/cross-newlib/m68k-elf-rosco/lib/libc.a(libc_a-fvwrite.o)
 .debug_rnglists
                0x00000240       0x4c /home/lovro/opt/cross-newlib/m68k-elf-rosco/lib/libc.a(libc_a-putc.o)
 .debug_rnglists
                0x0000028c       0x28 /home/lovro/opt/cross-newlib/m68k-elf-rosco/lib/libc.a(libc_a-wbuf.o)
 .debug_rnglists
                0x000002b4       0x22 /home/lovro/opt/cross-newlib/m68k-elf-rosco/lib/libc.a(libc_a-wsetup.o)
 .debug_rnglists
                0x000002d6       0x14 /home/lovro/opt/cross-newlib/m68k-elf-rosco/lib/libc.a(libc_a-memchr.o)
 .debug_rnglists
                0x000002ea       0x14 /home/lovro/opt/cross-newlib/m68k-elf-rosco/lib/libc.a(libc_a-memmove.o)
 .debug_rnglists
                0x000002fe       0xd9 /home/lovro/opt/cross-newlib/m68k-elf-rosco/lib/libc.a(libc_a-reallocr.o)
 .debug_rnglists
                0x000003d7       0x1b /home/lovro/opt/cross-newlib/m68k-elf-rosco/lib/libc.a(libc_a-makebuf.o)

.debug_line_str
                0x00000000       0x7f
 .debug_line_str
                0x00000000       0x76 /home/lovro/opt/cross-newlib/m68k-elf-rosco/lib/libc.a(libc_a-memset.o)
 .debug_line_str
                0x00000076        0x9 /home/lovro/opt/cross-newlib/m68k-elf-rosco/lib/libc.a(libc_a-memcpy.o)
                                 0x76 (size before relaxing)
