Archive member included to satisfy reference by file (symbol)

/home/lovro/opt/cross-newlib/m68k-elf-rosco/lib/libc.a(libc_a-environ.o)
                              ../tmp/main.o (environ)
/home/lovro/opt/cross-newlib/m68k-elf-rosco/lib/libc.a(libc_a-fflush.o)
                              ../tmp/amix-syscalls.o (fflush)
/home/lovro/opt/cross-newlib/m68k-elf-rosco/lib/libc.a(libc_a-findfp.o)
                              /home/lovro/opt/cross-newlib/m68k-elf-rosco/lib/libc.a(libc_a-fflush.o) (__sglue)
/home/lovro/opt/cross-newlib/m68k-elf-rosco/lib/libc.a(libc_a-fwalk.o)
                              /home/lovro/opt/cross-newlib/m68k-elf-rosco/lib/libc.a(libc_a-fflush.o) (_fwalk_sglue)
/home/lovro/opt/cross-newlib/m68k-elf-rosco/lib/libc.a(libc_a-puts.o)
                              ../tmp/main.o (puts)
/home/lovro/opt/cross-newlib/m68k-elf-rosco/lib/libc.a(libc_a-stdio.o)
                              /home/lovro/opt/cross-newlib/m68k-elf-rosco/lib/libc.a(libc_a-findfp.o) (__sread)
/home/lovro/opt/cross-newlib/m68k-elf-rosco/lib/libc.a(libc_a-impure.o)
                              ../tmp/amix-syscalls.o (_impure_ptr)
/home/lovro/opt/cross-newlib/m68k-elf-rosco/lib/libc.a(libc_a-errno.o)
                              ../tmp/amix-syscalls.o (__errno)
/home/lovro/opt/cross-newlib/m68k-elf-rosco/lib/libc.a(libc_a-sysgetpid.o)
                              ../tmp/amix-syscalls.o (getpid)
/home/lovro/opt/cross-newlib/m68k-elf-rosco/lib/libc.a(libc_a-syskill.o)
                              ../tmp/amix-syscalls.o (kill)
/home/lovro/opt/cross-newlib/m68k-elf-rosco/lib/libc.a(libc_a-strlen.o)
                              /home/lovro/opt/cross-newlib/m68k-elf-rosco/lib/libc.a(libc_a-puts.o) (strlen)
/home/lovro/opt/cross-newlib/m68k-elf-rosco/lib/libc.a(libc_a-memset.o)
                              /home/lovro/opt/cross-newlib/m68k-elf-rosco/lib/libc.a(libc_a-findfp.o) (memset)
/home/lovro/opt/cross-newlib/m68k-elf-rosco/lib/libc.a(libc_a-freer.o)
                              /home/lovro/opt/cross-newlib/m68k-elf-rosco/lib/libc.a(libc_a-fflush.o) (_free_r)
/home/lovro/opt/cross-newlib/m68k-elf-rosco/lib/libc.a(libc_a-mallocr.o)
                              /home/lovro/opt/cross-newlib/m68k-elf-rosco/lib/libc.a(libc_a-findfp.o) (_malloc_r)
/home/lovro/opt/cross-newlib/m68k-elf-rosco/lib/libc.a(libc_a-mlock.o)
                              /home/lovro/opt/cross-newlib/m68k-elf-rosco/lib/libc.a(libc_a-freer.o) (__malloc_lock)
/home/lovro/opt/cross-newlib/m68k-elf-rosco/lib/libc.a(libc_a-fclose.o)
                              /home/lovro/opt/cross-newlib/m68k-elf-rosco/lib/libc.a(libc_a-findfp.o) (_fclose_r)
/home/lovro/opt/cross-newlib/m68k-elf-rosco/lib/libc.a(libc_a-fvwrite.o)
                              /home/lovro/opt/cross-newlib/m68k-elf-rosco/lib/libc.a(libc_a-puts.o) (__sfvwrite_r)
/home/lovro/opt/cross-newlib/m68k-elf-rosco/lib/libc.a(libc_a-wsetup.o)
                              /home/lovro/opt/cross-newlib/m68k-elf-rosco/lib/libc.a(libc_a-fvwrite.o) (__swsetup_r)
/home/lovro/opt/cross-newlib/m68k-elf-rosco/lib/libc.a(libc_a-memchr.o)
                              /home/lovro/opt/cross-newlib/m68k-elf-rosco/lib/libc.a(libc_a-fvwrite.o) (memchr)
/home/lovro/opt/cross-newlib/m68k-elf-rosco/lib/libc.a(libc_a-memmove.o)
                              /home/lovro/opt/cross-newlib/m68k-elf-rosco/lib/libc.a(libc_a-fvwrite.o) (memmove)
/home/lovro/opt/cross-newlib/m68k-elf-rosco/lib/libc.a(libc_a-memcpy.o)
                              /home/lovro/opt/cross-newlib/m68k-elf-rosco/lib/libc.a(libc_a-fvwrite.o) (memcpy)
/home/lovro/opt/cross-newlib/m68k-elf-rosco/lib/libc.a(libc_a-reallocr.o)
                              /home/lovro/opt/cross-newlib/m68k-elf-rosco/lib/libc.a(libc_a-fvwrite.o) (_realloc_r)
/home/lovro/opt/cross-newlib/m68k-elf-rosco/lib/libc.a(libc_a-makebuf.o)
                              /home/lovro/opt/cross-newlib/m68k-elf-rosco/lib/libc.a(libc_a-wsetup.o) (__smakebuf_r)
/opt/m68k-toolchain/bin/../lib/gcc/m68k-elf/6.3.0/libgcc.a(_mulsi3.o)
                              /home/lovro/opt/cross-newlib/m68k-elf-rosco/lib/libc.a(libc_a-fvwrite.o) (__mulsi3)
/opt/m68k-toolchain/bin/../lib/gcc/m68k-elf/6.3.0/libgcc.a(_divsi3.o)
                              /home/lovro/opt/cross-newlib/m68k-elf-rosco/lib/libc.a(libc_a-fvwrite.o) (__divsi3)
/opt/m68k-toolchain/bin/../lib/gcc/m68k-elf/6.3.0/libgcc.a(_modsi3.o)
                              /home/lovro/opt/cross-newlib/m68k-elf-rosco/lib/libc.a(libc_a-fvwrite.o) (__modsi3)
/opt/m68k-toolchain/bin/../lib/gcc/m68k-elf/6.3.0/libgcc.a(_udivsi3.o)
                              /opt/m68k-toolchain/bin/../lib/gcc/m68k-elf/6.3.0/libgcc.a(_divsi3.o) (__udivsi3)

Allocating common symbols
Common symbol       size              file

environ_ptr         0x4               ../tmp/amix-syscalls.o

Discarded input sections

 .data          0x00000000       0x1c ../tmp/crt0.o
 .bss           0x00000000        0x0 ../tmp/crt0.o
 .text          0x00000000        0x0 ../tmp/main.o
 .data          0x00000000        0x0 ../tmp/main.o
 .bss           0x00000000        0x0 ../tmp/main.o
 .text          0x00000000        0x0 ../tmp/amix-syscalls.o
 .data          0x00000000        0x0 ../tmp/amix-syscalls.o
 .bss           0x00000000        0x0 ../tmp/amix-syscalls.o
 .text._link_r  0x00000000       0x12 ../tmp/amix-syscalls.o
 .text._gettimeofday_r
                0x00000000       0x20 ../tmp/amix-syscalls.o
 .text._open_r  0x00000000       0x20 ../tmp/amix-syscalls.o
 .text._stat_r  0x00000000       0x20 ../tmp/amix-syscalls.o
 .text.getcwd   0x00000000       0x3a ../tmp/amix-syscalls.o
 .text.chdir    0x00000000       0x38 ../tmp/amix-syscalls.o
 .text.opendir  0x00000000       0x38 ../tmp/amix-syscalls.o
 .text.readdir  0x00000000       0x38 ../tmp/amix-syscalls.o
 .text.closedir
                0x00000000       0x38 ../tmp/amix-syscalls.o
 .text.mkdir    0x00000000       0x3a ../tmp/amix-syscalls.o
 .text.rmdir    0x00000000       0x38 ../tmp/amix-syscalls.o
 .text._unlink_r
                0x00000000       0x38 ../tmp/amix-syscalls.o
 .bss.rent      0x00000000      0x116 ../tmp/amix-syscalls.o
 COMMON         0x00000000        0x4 ../tmp/amix-syscalls.o
 .text          0x00000000      0x122 ../tmp/syscalls_asm.o
 .data          0x00000000        0x0 ../tmp/syscalls_asm.o
 .bss           0x00000000        0x0 ../tmp/syscalls_asm.o
 .debug_line    0x00000000       0xa8 ../tmp/syscalls_asm.o
 .debug_info    0x00000000       0x26 ../tmp/syscalls_asm.o
 .debug_abbrev  0x00000000       0x14 ../tmp/syscalls_asm.o
 .debug_aranges
                0x00000000       0x20 ../tmp/syscalls_asm.o
 .debug_str     0x00000000       0x4e ../tmp/syscalls_asm.o
 .text          0x00000000        0x0 /home/lovro/opt/cross-newlib/m68k-elf-rosco/lib/libc.a(libc_a-environ.o)
 .data          0x00000000        0x0 /home/lovro/opt/cross-newlib/m68k-elf-rosco/lib/libc.a(libc_a-environ.o)
 .bss           0x00000000        0x0 /home/lovro/opt/cross-newlib/m68k-elf-rosco/lib/libc.a(libc_a-environ.o)
 .text          0x00000000        0x0 /home/lovro/opt/cross-newlib/m68k-elf-rosco/lib/libc.a(libc_a-fflush.o)
 .data          0x00000000        0x0 /home/lovro/opt/cross-newlib/m68k-elf-rosco/lib/libc.a(libc_a-fflush.o)
 .bss           0x00000000        0x0 /home/lovro/opt/cross-newlib/m68k-elf-rosco/lib/libc.a(libc_a-fflush.o)
 .text          0x00000000        0x0 /home/lovro/opt/cross-newlib/m68k-elf-rosco/lib/libc.a(libc_a-findfp.o)
 .data          0x00000000        0x0 /home/lovro/opt/cross-newlib/m68k-elf-rosco/lib/libc.a(libc_a-findfp.o)
 .bss           0x00000000        0x0 /home/lovro/opt/cross-newlib/m68k-elf-rosco/lib/libc.a(libc_a-findfp.o)
 .text.__fp_lock
                0x00000000        0x4 /home/lovro/opt/cross-newlib/m68k-elf-rosco/lib/libc.a(libc_a-findfp.o)
 .text.__fp_unlock
                0x00000000        0x4 /home/lovro/opt/cross-newlib/m68k-elf-rosco/lib/libc.a(libc_a-findfp.o)
 .text.__sfp    0x00000000      0x100 /home/lovro/opt/cross-newlib/m68k-elf-rosco/lib/libc.a(libc_a-findfp.o)
 .text.__fp_lock_all
                0x00000000       0x1a /home/lovro/opt/cross-newlib/m68k-elf-rosco/lib/libc.a(libc_a-findfp.o)
 .text.__fp_unlock_all
                0x00000000       0x1a /home/lovro/opt/cross-newlib/m68k-elf-rosco/lib/libc.a(libc_a-findfp.o)
 .text          0x00000000        0x0 /home/lovro/opt/cross-newlib/m68k-elf-rosco/lib/libc.a(libc_a-fwalk.o)
 .data          0x00000000        0x0 /home/lovro/opt/cross-newlib/m68k-elf-rosco/lib/libc.a(libc_a-fwalk.o)
 .bss           0x00000000        0x0 /home/lovro/opt/cross-newlib/m68k-elf-rosco/lib/libc.a(libc_a-fwalk.o)
 .text          0x00000000        0x0 /home/lovro/opt/cross-newlib/m68k-elf-rosco/lib/libc.a(libc_a-puts.o)
 .data          0x00000000        0x0 /home/lovro/opt/cross-newlib/m68k-elf-rosco/lib/libc.a(libc_a-puts.o)
 .bss           0x00000000        0x0 /home/lovro/opt/cross-newlib/m68k-elf-rosco/lib/libc.a(libc_a-puts.o)
 .text          0x00000000        0x0 /home/lovro/opt/cross-newlib/m68k-elf-rosco/lib/libc.a(libc_a-stdio.o)
 .data          0x00000000        0x0 /home/lovro/opt/cross-newlib/m68k-elf-rosco/lib/libc.a(libc_a-stdio.o)
 .bss           0x00000000        0x0 /home/lovro/opt/cross-newlib/m68k-elf-rosco/lib/libc.a(libc_a-stdio.o)
 .text.__seofread
                0x00000000        0x4 /home/lovro/opt/cross-newlib/m68k-elf-rosco/lib/libc.a(libc_a-stdio.o)
 .text          0x00000000        0x0 /home/lovro/opt/cross-newlib/m68k-elf-rosco/lib/libc.a(libc_a-impure.o)
 .data          0x00000000        0x0 /home/lovro/opt/cross-newlib/m68k-elf-rosco/lib/libc.a(libc_a-impure.o)
 .bss           0x00000000        0x0 /home/lovro/opt/cross-newlib/m68k-elf-rosco/lib/libc.a(libc_a-impure.o)
 .text          0x00000000        0x0 /home/lovro/opt/cross-newlib/m68k-elf-rosco/lib/libc.a(libc_a-errno.o)
 .data          0x00000000        0x0 /home/lovro/opt/cross-newlib/m68k-elf-rosco/lib/libc.a(libc_a-errno.o)
 .bss           0x00000000        0x0 /home/lovro/opt/cross-newlib/m68k-elf-rosco/lib/libc.a(libc_a-errno.o)
 .text.__errno  0x00000000        0x8 /home/lovro/opt/cross-newlib/m68k-elf-rosco/lib/libc.a(libc_a-errno.o)
 .debug_info    0x00000000      0x71b /home/lovro/opt/cross-newlib/m68k-elf-rosco/lib/libc.a(libc_a-errno.o)
 .debug_abbrev  0x00000000      0x19a /home/lovro/opt/cross-newlib/m68k-elf-rosco/lib/libc.a(libc_a-errno.o)
 .debug_aranges
                0x00000000       0x20 /home/lovro/opt/cross-newlib/m68k-elf-rosco/lib/libc.a(libc_a-errno.o)
 .debug_rnglists
                0x00000000       0x13 /home/lovro/opt/cross-newlib/m68k-elf-rosco/lib/libc.a(libc_a-errno.o)
 .debug_line    0x00000000      0x117 /home/lovro/opt/cross-newlib/m68k-elf-rosco/lib/libc.a(libc_a-errno.o)
 .debug_str     0x00000000      0x485 /home/lovro/opt/cross-newlib/m68k-elf-rosco/lib/libc.a(libc_a-errno.o)
 .comment       0x00000000       0x1c /home/lovro/opt/cross-newlib/m68k-elf-rosco/lib/libc.a(libc_a-errno.o)
 .debug_frame   0x00000000       0x24 /home/lovro/opt/cross-newlib/m68k-elf-rosco/lib/libc.a(libc_a-errno.o)
 .text          0x00000000        0x0 /home/lovro/opt/cross-newlib/m68k-elf-rosco/lib/libc.a(libc_a-sysgetpid.o)
 .data          0x00000000        0x0 /home/lovro/opt/cross-newlib/m68k-elf-rosco/lib/libc.a(libc_a-sysgetpid.o)
 .bss           0x00000000        0x0 /home/lovro/opt/cross-newlib/m68k-elf-rosco/lib/libc.a(libc_a-sysgetpid.o)
 .text          0x00000000        0x0 /home/lovro/opt/cross-newlib/m68k-elf-rosco/lib/libc.a(libc_a-syskill.o)
 .data          0x00000000        0x0 /home/lovro/opt/cross-newlib/m68k-elf-rosco/lib/libc.a(libc_a-syskill.o)
 .bss           0x00000000        0x0 /home/lovro/opt/cross-newlib/m68k-elf-rosco/lib/libc.a(libc_a-syskill.o)
 .text          0x00000000        0x0 /home/lovro/opt/cross-newlib/m68k-elf-rosco/lib/libc.a(libc_a-strlen.o)
 .data          0x00000000        0x0 /home/lovro/opt/cross-newlib/m68k-elf-rosco/lib/libc.a(libc_a-strlen.o)
 .bss           0x00000000        0x0 /home/lovro/opt/cross-newlib/m68k-elf-rosco/lib/libc.a(libc_a-strlen.o)
 .data          0x00000000        0x0 /home/lovro/opt/cross-newlib/m68k-elf-rosco/lib/libc.a(libc_a-memset.o)
 .bss           0x00000000        0x0 /home/lovro/opt/cross-newlib/m68k-elf-rosco/lib/libc.a(libc_a-memset.o)
 .text          0x00000000        0x0 /home/lovro/opt/cross-newlib/m68k-elf-rosco/lib/libc.a(libc_a-freer.o)
 .data          0x00000000        0x0 /home/lovro/opt/cross-newlib/m68k-elf-rosco/lib/libc.a(libc_a-freer.o)
 .bss           0x00000000        0x0 /home/lovro/opt/cross-newlib/m68k-elf-rosco/lib/libc.a(libc_a-freer.o)
 .text          0x00000000        0x0 /home/lovro/opt/cross-newlib/m68k-elf-rosco/lib/libc.a(libc_a-mallocr.o)
 .data          0x00000000        0x0 /home/lovro/opt/cross-newlib/m68k-elf-rosco/lib/libc.a(libc_a-mallocr.o)
 .bss           0x00000000        0x0 /home/lovro/opt/cross-newlib/m68k-elf-rosco/lib/libc.a(libc_a-mallocr.o)
 .text          0x00000000        0x0 /home/lovro/opt/cross-newlib/m68k-elf-rosco/lib/libc.a(libc_a-mlock.o)
 .data          0x00000000        0x0 /home/lovro/opt/cross-newlib/m68k-elf-rosco/lib/libc.a(libc_a-mlock.o)
 .bss           0x00000000        0x0 /home/lovro/opt/cross-newlib/m68k-elf-rosco/lib/libc.a(libc_a-mlock.o)
 .text          0x00000000        0x0 /home/lovro/opt/cross-newlib/m68k-elf-rosco/lib/libc.a(libc_a-fclose.o)
 .data          0x00000000        0x0 /home/lovro/opt/cross-newlib/m68k-elf-rosco/lib/libc.a(libc_a-fclose.o)
 .bss           0x00000000        0x0 /home/lovro/opt/cross-newlib/m68k-elf-rosco/lib/libc.a(libc_a-fclose.o)
 .text.fclose   0x00000000       0x14 /home/lovro/opt/cross-newlib/m68k-elf-rosco/lib/libc.a(libc_a-fclose.o)
 .text          0x00000000        0x0 /home/lovro/opt/cross-newlib/m68k-elf-rosco/lib/libc.a(libc_a-fvwrite.o)
 .data          0x00000000        0x0 /home/lovro/opt/cross-newlib/m68k-elf-rosco/lib/libc.a(libc_a-fvwrite.o)
 .bss           0x00000000        0x0 /home/lovro/opt/cross-newlib/m68k-elf-rosco/lib/libc.a(libc_a-fvwrite.o)
 .text          0x00000000        0x0 /home/lovro/opt/cross-newlib/m68k-elf-rosco/lib/libc.a(libc_a-wsetup.o)
 .data          0x00000000        0x0 /home/lovro/opt/cross-newlib/m68k-elf-rosco/lib/libc.a(libc_a-wsetup.o)
 .bss           0x00000000        0x0 /home/lovro/opt/cross-newlib/m68k-elf-rosco/lib/libc.a(libc_a-wsetup.o)
 .text          0x00000000        0x0 /home/lovro/opt/cross-newlib/m68k-elf-rosco/lib/libc.a(libc_a-memchr.o)
 .data          0x00000000        0x0 /home/lovro/opt/cross-newlib/m68k-elf-rosco/lib/libc.a(libc_a-memchr.o)
 .bss           0x00000000        0x0 /home/lovro/opt/cross-newlib/m68k-elf-rosco/lib/libc.a(libc_a-memchr.o)
 .text          0x00000000        0x0 /home/lovro/opt/cross-newlib/m68k-elf-rosco/lib/libc.a(libc_a-memmove.o)
 .data          0x00000000        0x0 /home/lovro/opt/cross-newlib/m68k-elf-rosco/lib/libc.a(libc_a-memmove.o)
 .bss           0x00000000        0x0 /home/lovro/opt/cross-newlib/m68k-elf-rosco/lib/libc.a(libc_a-memmove.o)
 .data          0x00000000        0x0 /home/lovro/opt/cross-newlib/m68k-elf-rosco/lib/libc.a(libc_a-memcpy.o)
 .bss           0x00000000        0x0 /home/lovro/opt/cross-newlib/m68k-elf-rosco/lib/libc.a(libc_a-memcpy.o)
 .text          0x00000000        0x0 /home/lovro/opt/cross-newlib/m68k-elf-rosco/lib/libc.a(libc_a-reallocr.o)
 .data          0x00000000        0x0 /home/lovro/opt/cross-newlib/m68k-elf-rosco/lib/libc.a(libc_a-reallocr.o)
 .bss           0x00000000        0x0 /home/lovro/opt/cross-newlib/m68k-elf-rosco/lib/libc.a(libc_a-reallocr.o)
 .text          0x00000000        0x0 /home/lovro/opt/cross-newlib/m68k-elf-rosco/lib/libc.a(libc_a-makebuf.o)
 .data          0x00000000        0x0 /home/lovro/opt/cross-newlib/m68k-elf-rosco/lib/libc.a(libc_a-makebuf.o)
 .bss           0x00000000        0x0 /home/lovro/opt/cross-newlib/m68k-elf-rosco/lib/libc.a(libc_a-makebuf.o)
 .data          0x00000000        0x0 /opt/m68k-toolchain/bin/../lib/gcc/m68k-elf/6.3.0/libgcc.a(_mulsi3.o)
 .bss           0x00000000        0x0 /opt/m68k-toolchain/bin/../lib/gcc/m68k-elf/6.3.0/libgcc.a(_mulsi3.o)
 .data          0x00000000        0x0 /opt/m68k-toolchain/bin/../lib/gcc/m68k-elf/6.3.0/libgcc.a(_divsi3.o)
 .bss           0x00000000        0x0 /opt/m68k-toolchain/bin/../lib/gcc/m68k-elf/6.3.0/libgcc.a(_divsi3.o)
 .data          0x00000000        0x0 /opt/m68k-toolchain/bin/../lib/gcc/m68k-elf/6.3.0/libgcc.a(_modsi3.o)
 .bss           0x00000000        0x0 /opt/m68k-toolchain/bin/../lib/gcc/m68k-elf/6.3.0/libgcc.a(_modsi3.o)
 .data          0x00000000        0x0 /opt/m68k-toolchain/bin/../lib/gcc/m68k-elf/6.3.0/libgcc.a(_udivsi3.o)
 .bss           0x00000000        0x0 /opt/m68k-toolchain/bin/../lib/gcc/m68k-elf/6.3.0/libgcc.a(_udivsi3.o)

Memory Configuration

Name             Origin             Length             Attributes
ram              0x00000000         0x00200000         xrw
rom              0x00000000         0x00100000         xr
*default*        0x00000000         0xffffffff

Linker script and memory map

LOAD ../tmp/crt0.o
LOAD ../tmp/main.o
LOAD ../tmp/amix-syscalls.o
LOAD ../tmp/syscalls_asm.o
LOAD /home/lovro/opt/cross-newlib/m68k-elf-rosco/lib/libc.a
LOAD /home/lovro/opt/cross-newlib/m68k-elf-rosco/lib/libm.a
LOAD /opt/m68k-toolchain/bin/../lib/gcc/m68k-elf/6.3.0/libgcc.a
LOAD /opt/m68k-toolchain/bin/../lib/gcc/m68k-elf/6.3.0/libgcc.a
LOAD /home/lovro/opt/cross-newlib/m68k-elf-rosco/lib/libc.a
LOAD /opt/m68k-toolchain/bin/../lib/gcc/m68k-elf/6.3.0/libgcc.a
START GROUP
LOAD /home/lovro/opt/cross-newlib/m68k-elf-rosco/lib/libc.a
LOAD /home/lovro/opt/cross-newlib/m68k-elf-rosco/lib/libm.a
LOAD /opt/m68k-toolchain/bin/../lib/gcc/m68k-elf/6.3.0/libgcc.a
END GROUP
                0x00000000                        __DYNAMIC = 0x0
                [!provide]                        PROVIDE (hardware_init_hook = 0x0)
                [!provide]                        PROVIDE (software_init_hook = 0x0)
                [!provide]                        PROVIDE (__INIT_SECTION__ = 0x0)
                [!provide]                        PROVIDE (__FINI_SECTION__ = 0x0)

.text           0x00000000     0x25e8
 *(.text.startup)
 *(.text .text.*)
 .text          0x00000000       0x2c ../tmp/crt0.o
                0x00000000                _start
 .text.startup.main
                0x0000002c       0x34 ../tmp/main.o
                0x0000002c                main
 .text.syscall_trap1
                0x00000060       0x34 ../tmp/amix-syscalls.o
 .text._INIT    0x00000094       0x10 ../tmp/amix-syscalls.o
                0x00000094                _INIT
 .text._exit    0x000000a4       0x2c ../tmp/amix-syscalls.o
                0x000000a4                _exit
 .text._sbrk_r  0x000000d0       0x2c ../tmp/amix-syscalls.o
                0x000000d0                _sbrk_r
 .text._close_r
                0x000000fc       0x1e ../tmp/amix-syscalls.o
                0x000000fc                _close_r
 .text._read_r  0x0000011a       0x22 ../tmp/amix-syscalls.o
                0x0000011a                _read_r
 .text._write_r
                0x0000013c       0x22 ../tmp/amix-syscalls.o
                0x0000013c                _write_r
 .text._lseek_r
                0x0000015e       0x22 ../tmp/amix-syscalls.o
                0x0000015e                _lseek_r
 .text._fstat_r
                0x00000180       0x20 ../tmp/amix-syscalls.o
                0x00000180                _fstat_r
 .text._isatty_r
                0x000001a0       0x1e ../tmp/amix-syscalls.o
                0x000001a0                _isatty_r
 .text._getpid_r
                0x000001be       0x1c ../tmp/amix-syscalls.o
                0x000001be                _getpid_r
 .text._kill_r  0x000001da       0x20 ../tmp/amix-syscalls.o
                0x000001da                _kill_r
 .text.__sflush_r
                0x000001fa      0x1ba /home/lovro/opt/cross-newlib/m68k-elf-rosco/lib/libc.a(libc_a-fflush.o)
                0x000001fa                __sflush_r
 .text._fflush_r
                0x000003b4       0x44 /home/lovro/opt/cross-newlib/m68k-elf-rosco/lib/libc.a(libc_a-fflush.o)
                0x000003b4                _fflush_r
 .text.fflush   0x000003f8       0x74 /home/lovro/opt/cross-newlib/m68k-elf-rosco/lib/libc.a(libc_a-fflush.o)
                0x000003f8                fflush
 .text.stdio_exit_handler
                0x0000046c       0x1e /home/lovro/opt/cross-newlib/m68k-elf-rosco/lib/libc.a(libc_a-findfp.o)
 .text.cleanup_stdio
                0x0000048a       0x52 /home/lovro/opt/cross-newlib/m68k-elf-rosco/lib/libc.a(libc_a-findfp.o)
 .text.global_stdio_init.part.0
                0x000004dc      0x178 /home/lovro/opt/cross-newlib/m68k-elf-rosco/lib/libc.a(libc_a-findfp.o)
 .text.__sinit  0x00000654       0x22 /home/lovro/opt/cross-newlib/m68k-elf-rosco/lib/libc.a(libc_a-findfp.o)
                0x00000654                __sinit
 .text.__sfp_lock_acquire
                0x00000676        0x2 /home/lovro/opt/cross-newlib/m68k-elf-rosco/lib/libc.a(libc_a-findfp.o)
                0x00000676                __sfp_lock_acquire
 .text.__sfp_lock_release
                0x00000678        0x2 /home/lovro/opt/cross-newlib/m68k-elf-rosco/lib/libc.a(libc_a-findfp.o)
                0x00000678                __sfp_lock_release
 .text._fwalk_sglue
                0x0000067a       0x56 /home/lovro/opt/cross-newlib/m68k-elf-rosco/lib/libc.a(libc_a-fwalk.o)
                0x0000067a                _fwalk_sglue
 .text._puts_r  0x000006d0       0xb0 /home/lovro/opt/cross-newlib/m68k-elf-rosco/lib/libc.a(libc_a-puts.o)
                0x000006d0                _puts_r
 .text.puts     0x00000780       0x14 /home/lovro/opt/cross-newlib/m68k-elf-rosco/lib/libc.a(libc_a-puts.o)
                0x00000780                puts
 .text.__sread  0x00000794       0x38 /home/lovro/opt/cross-newlib/m68k-elf-rosco/lib/libc.a(libc_a-stdio.o)
                0x00000794                __sread
 .text.__swrite
                0x000007cc       0x86 /home/lovro/opt/cross-newlib/m68k-elf-rosco/lib/libc.a(libc_a-stdio.o)
                0x000007cc                __swrite
 .text.__sseek  0x00000852       0x40 /home/lovro/opt/cross-newlib/m68k-elf-rosco/lib/libc.a(libc_a-stdio.o)
                0x00000852                __sseek
 .text.__sclose
                0x00000892       0x12 /home/lovro/opt/cross-newlib/m68k-elf-rosco/lib/libc.a(libc_a-stdio.o)
                0x00000892                __sclose
 .text.getpid   0x000008a4       0x10 /home/lovro/opt/cross-newlib/m68k-elf-rosco/lib/libc.a(libc_a-sysgetpid.o)
                0x000008a4                getpid
 .text.kill     0x000008b4       0x1a /home/lovro/opt/cross-newlib/m68k-elf-rosco/lib/libc.a(libc_a-syskill.o)
                0x000008b4                kill
 .text.strlen   0x000008ce       0x14 /home/lovro/opt/cross-newlib/m68k-elf-rosco/lib/libc.a(libc_a-strlen.o)
                0x000008ce                strlen
 *fill*         0x000008e2        0x2 
 .text          0x000008e4       0x72 /home/lovro/opt/cross-newlib/m68k-elf-rosco/lib/libc.a(libc_a-memset.o)
                0x000008e4                memset
 .text._malloc_trim_r
                0x00000956       0xda /home/lovro/opt/cross-newlib/m68k-elf-rosco/lib/libc.a(libc_a-freer.o)
                0x00000956                _malloc_trim_r
 .text._free_r  0x00000a30      0x352 /home/lovro/opt/cross-newlib/m68k-elf-rosco/lib/libc.a(libc_a-freer.o)
                0x00000a30                _free_r
 .text._malloc_r
                0x00000d82      0x842 /home/lovro/opt/cross-newlib/m68k-elf-rosco/lib/libc.a(libc_a-mallocr.o)
                0x00000d82                _malloc_r
 .text.__malloc_lock
                0x000015c4        0x2 /home/lovro/opt/cross-newlib/m68k-elf-rosco/lib/libc.a(libc_a-mlock.o)
                0x000015c4                __malloc_lock
 .text.__malloc_unlock
                0x000015c6        0x2 /home/lovro/opt/cross-newlib/m68k-elf-rosco/lib/libc.a(libc_a-mlock.o)
                0x000015c6                __malloc_unlock
 .text._fclose_r
                0x000015c8       0xd8 /home/lovro/opt/cross-newlib/m68k-elf-rosco/lib/libc.a(libc_a-fclose.o)
                0x000015c8                _fclose_r
 .text.__sfvwrite_r
                0x000016a0      0x3b6 /home/lovro/opt/cross-newlib/m68k-elf-rosco/lib/libc.a(libc_a-fvwrite.o)
                0x000016a0                __sfvwrite_r
 .text.__swsetup_r
                0x00001a56      0x128 /home/lovro/opt/cross-newlib/m68k-elf-rosco/lib/libc.a(libc_a-wsetup.o)
                0x00001a56                __swsetup_r
 .text.memchr   0x00001b7e       0x9c /home/lovro/opt/cross-newlib/m68k-elf-rosco/lib/libc.a(libc_a-memchr.o)
                0x00001b7e                memchr
 .text.memmove  0x00001c1a       0xf8 /home/lovro/opt/cross-newlib/m68k-elf-rosco/lib/libc.a(libc_a-memmove.o)
                0x00001c1a                memmove
 *fill*         0x00001d12        0x2 
 .text          0x00001d14       0x6e /home/lovro/opt/cross-newlib/m68k-elf-rosco/lib/libc.a(libc_a-memcpy.o)
                0x00001d14                memcpy
 .text._realloc_r
                0x00001d82      0x5f0 /home/lovro/opt/cross-newlib/m68k-elf-rosco/lib/libc.a(libc_a-reallocr.o)
                0x00001d82                _realloc_r
 .text.__swhatbuf_r
                0x00002372       0xb6 /home/lovro/opt/cross-newlib/m68k-elf-rosco/lib/libc.a(libc_a-makebuf.o)
                0x00002372                __swhatbuf_r
 .text.__smakebuf_r
                0x00002428       0xde /home/lovro/opt/cross-newlib/m68k-elf-rosco/lib/libc.a(libc_a-makebuf.o)
                0x00002428                __smakebuf_r
 *fill*         0x00002506        0x2 
 .text          0x00002508       0x22 /opt/m68k-toolchain/bin/../lib/gcc/m68k-elf/6.3.0/libgcc.a(_mulsi3.o)
                0x00002508                __mulsi3
 *fill*         0x0000252a        0x2 
 .text          0x0000252c       0x2e /opt/m68k-toolchain/bin/../lib/gcc/m68k-elf/6.3.0/libgcc.a(_divsi3.o)
                0x0000252c                __divsi3
 *fill*         0x0000255a        0x2 
 .text          0x0000255c       0x2e /opt/m68k-toolchain/bin/../lib/gcc/m68k-elf/6.3.0/libgcc.a(_modsi3.o)
                0x0000255c                __modsi3
 *fill*         0x0000258a        0x2 
 .text          0x0000258c       0x5c /opt/m68k-toolchain/bin/../lib/gcc/m68k-elf/6.3.0/libgcc.a(_udivsi3.o)
                0x0000258c                __udivsi3
 *(.init*)
 *(.fini*)
                0x000025e8                        . = ALIGN (0x4)
                0x000025e8                        _etext = .

.got            0x000025e8        0x0
                0x000025e8                        _GLOBAL_OFFSET_TABLE_ = .
 *(.got.plt)
 *(.got)

.plt
 *(.plt)

.rodata         0x000025e8        0x2
 *(.rodata .rodata.*)
 .rodata._puts_r.str1.1
                0x000025e8        0x2 /home/lovro/opt/cross-newlib/m68k-elf-rosco/lib/libc.a(libc_a-puts.o)

.data           0x000025ec      0x544
                0x000025ec                        _data_start = .
                0x000025ec                        __CTOR_LIST__ = .
 *crtbegin*.o(.ctors)
 *(SORT_BY_NAME(.ctors.*))
 *(.ctors)
 *crtend*.o(.ctors)
                0x000025ec        0x4 LONG 0x0
                0x000025f0                        __CTOR_END__ = .
                0x000025f0                        __DTOR_LIST__ = .
 *crtbegin*.o(.dtors)
 *(SORT_BY_NAME(.dtors.*))
 *(.dtors)
 *crtend*.o(.dtors)
                0x000025f0        0x4 LONG 0x0
                0x000025f4                        __DTOR_END__ = .
 *(.data .data.*)
 .data.environ  0x000025f4        0x4 /home/lovro/opt/cross-newlib/m68k-elf-rosco/lib/libc.a(libc_a-environ.o)
                0x000025f4                environ
 .data.__sglue  0x000025f8        0xc /home/lovro/opt/cross-newlib/m68k-elf-rosco/lib/libc.a(libc_a-findfp.o)
                0x000025f8                __sglue
 .data._impure_ptr
                0x00002604        0x4 /home/lovro/opt/cross-newlib/m68k-elf-rosco/lib/libc.a(libc_a-impure.o)
                0x00002604                _impure_ptr
 .data._impure_data
                0x00002608      0x116 /home/lovro/opt/cross-newlib/m68k-elf-rosco/lib/libc.a(libc_a-impure.o)
                0x00002608                _impure_data
 .data.__malloc_sbrk_base
                0x0000271e        0x4 /home/lovro/opt/cross-newlib/m68k-elf-rosco/lib/libc.a(libc_a-mallocr.o)
                0x0000271e                __malloc_sbrk_base
 .data.__malloc_trim_threshold
                0x00002722        0x4 /home/lovro/opt/cross-newlib/m68k-elf-rosco/lib/libc.a(libc_a-mallocr.o)
                0x00002722                __malloc_trim_threshold
 .data.__malloc_av_
                0x00002726      0x408 /home/lovro/opt/cross-newlib/m68k-elf-rosco/lib/libc.a(libc_a-mallocr.o)
                0x00002726                __malloc_av_
                0x00002b30                        . = ALIGN (0x4)
 *fill*         0x00002b2e        0x2 
                0x00002b30                        _edata = .

.bss            0x00002b30      0x178
                0x00002b30                        __bss_start = .
                0x00002b30                        _bss_start = .
 *(.bss .bss.*)
 .bss.heap_end.3789
                0x00002b30        0x4 ../tmp/amix-syscalls.o
 .bss.initial_env
                0x00002b34        0x4 /home/lovro/opt/cross-newlib/m68k-elf-rosco/lib/libc.a(libc_a-environ.o)
 .bss.__sf      0x00002b38      0x138 /home/lovro/opt/cross-newlib/m68k-elf-rosco/lib/libc.a(libc_a-findfp.o)
                0x00002b38                __sf
 .bss.__stdio_exit_handler
                0x00002c70        0x4 /home/lovro/opt/cross-newlib/m68k-elf-rosco/lib/libc.a(libc_a-findfp.o)
                0x00002c70                __stdio_exit_handler
 .bss.__malloc_current_mallinfo
                0x00002c74       0x28 /home/lovro/opt/cross-newlib/m68k-elf-rosco/lib/libc.a(libc_a-mallocr.o)
                0x00002c74                __malloc_current_mallinfo
 .bss.__malloc_max_total_mem
                0x00002c9c        0x4 /home/lovro/opt/cross-newlib/m68k-elf-rosco/lib/libc.a(libc_a-mallocr.o)
                0x00002c9c                __malloc_max_total_mem
 .bss.__malloc_max_sbrked_mem
                0x00002ca0        0x4 /home/lovro/opt/cross-newlib/m68k-elf-rosco/lib/libc.a(libc_a-mallocr.o)
                0x00002ca0                __malloc_max_sbrked_mem
 .bss.__malloc_top_pad
                0x00002ca4        0x4 /home/lovro/opt/cross-newlib/m68k-elf-rosco/lib/libc.a(libc_a-mallocr.o)
                0x00002ca4                __malloc_top_pad
 *(COMMON)
                0x00002ca8                        . = ALIGN (0x4)
                0x00002ca8                        _end = .
                0x00002ca8                        __end = .
                0x00002ca8                        . = ALIGN (0x8)
                0x00004ca8                        . = (. + 0x2000)
                0x00004ca8                        __stack = .
                0x00004cac                        _heap_start = (. + 0x4)

.stab
 *(.stab)

.stabstr
 *(.stabstr)

.debug_info     0x00000000     0xb964
 *(.debug_info)
 .debug_info    0x00000000       0x26 ../tmp/crt0.o
 .debug_info    0x00000026      0x896 ../tmp/main.o
 .debug_info    0x000008bc     0x1521 ../tmp/amix-syscalls.o
 .debug_info    0x00001ddd       0x6b /home/lovro/opt/cross-newlib/m68k-elf-rosco/lib/libc.a(libc_a-environ.o)
 .debug_info    0x00001e48      0x9ca /home/lovro/opt/cross-newlib/m68k-elf-rosco/lib/libc.a(libc_a-fflush.o)
 .debug_info    0x00002812      0xdef /home/lovro/opt/cross-newlib/m68k-elf-rosco/lib/libc.a(libc_a-findfp.o)
 .debug_info    0x00003601      0x7d6 /home/lovro/opt/cross-newlib/m68k-elf-rosco/lib/libc.a(libc_a-fwalk.o)
 .debug_info    0x00003dd7      0x8d9 /home/lovro/opt/cross-newlib/m68k-elf-rosco/lib/libc.a(libc_a-puts.o)
 .debug_info    0x000046b0      0x9ff /home/lovro/opt/cross-newlib/m68k-elf-rosco/lib/libc.a(libc_a-stdio.o)
 .debug_info    0x000050af      0x735 /home/lovro/opt/cross-newlib/m68k-elf-rosco/lib/libc.a(libc_a-impure.o)
 .debug_info    0x000057e4      0x736 /home/lovro/opt/cross-newlib/m68k-elf-rosco/lib/libc.a(libc_a-sysgetpid.o)
 .debug_info    0x00005f1a      0x75c /home/lovro/opt/cross-newlib/m68k-elf-rosco/lib/libc.a(libc_a-syskill.o)
 .debug_info    0x00006676       0xdb /home/lovro/opt/cross-newlib/m68k-elf-rosco/lib/libc.a(libc_a-strlen.o)
 .debug_info    0x00006751       0x24 /home/lovro/opt/cross-newlib/m68k-elf-rosco/lib/libc.a(libc_a-memset.o)
 .debug_info    0x00006775      0xac7 /home/lovro/opt/cross-newlib/m68k-elf-rosco/lib/libc.a(libc_a-freer.o)
 .debug_info    0x0000723c      0xc34 /home/lovro/opt/cross-newlib/m68k-elf-rosco/lib/libc.a(libc_a-mallocr.o)
 .debug_info    0x00007e70      0x747 /home/lovro/opt/cross-newlib/m68k-elf-rosco/lib/libc.a(libc_a-mlock.o)
 .debug_info    0x000085b7      0x897 /home/lovro/opt/cross-newlib/m68k-elf-rosco/lib/libc.a(libc_a-fclose.o)
 .debug_info    0x00008e4e      0xa20 /home/lovro/opt/cross-newlib/m68k-elf-rosco/lib/libc.a(libc_a-fvwrite.o)
 .debug_info    0x0000986e      0x7b9 /home/lovro/opt/cross-newlib/m68k-elf-rosco/lib/libc.a(libc_a-wsetup.o)
 .debug_info    0x0000a027      0x142 /home/lovro/opt/cross-newlib/m68k-elf-rosco/lib/libc.a(libc_a-memchr.o)
 .debug_info    0x0000a169      0x144 /home/lovro/opt/cross-newlib/m68k-elf-rosco/lib/libc.a(libc_a-memmove.o)
 .debug_info    0x0000a2ad       0x24 /home/lovro/opt/cross-newlib/m68k-elf-rosco/lib/libc.a(libc_a-memcpy.o)
 .debug_info    0x0000a2d1      0xb69 /home/lovro/opt/cross-newlib/m68k-elf-rosco/lib/libc.a(libc_a-reallocr.o)
 .debug_info    0x0000ae3a      0xa92 /home/lovro/opt/cross-newlib/m68k-elf-rosco/lib/libc.a(libc_a-makebuf.o)
 .debug_info    0x0000b8cc       0x26 /opt/m68k-toolchain/bin/../lib/gcc/m68k-elf/6.3.0/libgcc.a(_mulsi3.o)
 .debug_info    0x0000b8f2       0x26 /opt/m68k-toolchain/bin/../lib/gcc/m68k-elf/6.3.0/libgcc.a(_divsi3.o)
 .debug_info    0x0000b918       0x26 /opt/m68k-toolchain/bin/../lib/gcc/m68k-elf/6.3.0/libgcc.a(_modsi3.o)
 .debug_info    0x0000b93e       0x26 /opt/m68k-toolchain/bin/../lib/gcc/m68k-elf/6.3.0/libgcc.a(_udivsi3.o)

.debug_abbrev   0x00000000     0x2d31
 *(.debug_abbrev)
 .debug_abbrev  0x00000000       0x14 ../tmp/crt0.o
 .debug_abbrev  0x00000014      0x1ee ../tmp/main.o
 .debug_abbrev  0x00000202      0x2c8 ../tmp/amix-syscalls.o
 .debug_abbrev  0x000004ca       0x5b /home/lovro/opt/cross-newlib/m68k-elf-rosco/lib/libc.a(libc_a-environ.o)
 .debug_abbrev  0x00000525      0x311 /home/lovro/opt/cross-newlib/m68k-elf-rosco/lib/libc.a(libc_a-fflush.o)
 .debug_abbrev  0x00000836      0x41c /home/lovro/opt/cross-newlib/m68k-elf-rosco/lib/libc.a(libc_a-findfp.o)
 .debug_abbrev  0x00000c52      0x1d6 /home/lovro/opt/cross-newlib/m68k-elf-rosco/lib/libc.a(libc_a-fwalk.o)
 .debug_abbrev  0x00000e28      0x265 /home/lovro/opt/cross-newlib/m68k-elf-rosco/lib/libc.a(libc_a-puts.o)
 .debug_abbrev  0x0000108d      0x243 /home/lovro/opt/cross-newlib/m68k-elf-rosco/lib/libc.a(libc_a-stdio.o)
 .debug_abbrev  0x000012d0      0x185 /home/lovro/opt/cross-newlib/m68k-elf-rosco/lib/libc.a(libc_a-impure.o)
 .debug_abbrev  0x00001455      0x1ba /home/lovro/opt/cross-newlib/m68k-elf-rosco/lib/libc.a(libc_a-sysgetpid.o)
 .debug_abbrev  0x0000160f      0x1cc /home/lovro/opt/cross-newlib/m68k-elf-rosco/lib/libc.a(libc_a-syskill.o)
 .debug_abbrev  0x000017db       0x8a /home/lovro/opt/cross-newlib/m68k-elf-rosco/lib/libc.a(libc_a-strlen.o)
 .debug_abbrev  0x00001865       0x14 /home/lovro/opt/cross-newlib/m68k-elf-rosco/lib/libc.a(libc_a-memset.o)
 .debug_abbrev  0x00001879      0x274 /home/lovro/opt/cross-newlib/m68k-elf-rosco/lib/libc.a(libc_a-freer.o)
 .debug_abbrev  0x00001aed      0x2c8 /home/lovro/opt/cross-newlib/m68k-elf-rosco/lib/libc.a(libc_a-mallocr.o)
 .debug_abbrev  0x00001db5      0x1ce /home/lovro/opt/cross-newlib/m68k-elf-rosco/lib/libc.a(libc_a-mlock.o)
 .debug_abbrev  0x00001f83      0x2c1 /home/lovro/opt/cross-newlib/m68k-elf-rosco/lib/libc.a(libc_a-fclose.o)
 .debug_abbrev  0x00002244      0x23e /home/lovro/opt/cross-newlib/m68k-elf-rosco/lib/libc.a(libc_a-fvwrite.o)
 .debug_abbrev  0x00002482      0x1fe /home/lovro/opt/cross-newlib/m68k-elf-rosco/lib/libc.a(libc_a-wsetup.o)
 .debug_abbrev  0x00002680       0xd4 /home/lovro/opt/cross-newlib/m68k-elf-rosco/lib/libc.a(libc_a-memchr.o)
 .debug_abbrev  0x00002754       0xc3 /home/lovro/opt/cross-newlib/m68k-elf-rosco/lib/libc.a(libc_a-memmove.o)
 .debug_abbrev  0x00002817       0x14 /home/lovro/opt/cross-newlib/m68k-elf-rosco/lib/libc.a(libc_a-memcpy.o)
 .debug_abbrev  0x0000282b      0x256 /home/lovro/opt/cross-newlib/m68k-elf-rosco/lib/libc.a(libc_a-reallocr.o)
 .debug_abbrev  0x00002a81      0x260 /home/lovro/opt/cross-newlib/m68k-elf-rosco/lib/libc.a(libc_a-makebuf.o)
 .debug_abbrev  0x00002ce1       0x14 /opt/m68k-toolchain/bin/../lib/gcc/m68k-elf/6.3.0/libgcc.a(_mulsi3.o)
 .debug_abbrev  0x00002cf5       0x14 /opt/m68k-toolchain/bin/../lib/gcc/m68k-elf/6.3.0/libgcc.a(_divsi3.o)
 .debug_abbrev  0x00002d09       0x14 /opt/m68k-toolchain/bin/../lib/gcc/m68k-elf/6.3.0/libgcc.a(_modsi3.o)
 .debug_abbrev  0x00002d1d       0x14 /opt/m68k-toolchain/bin/../lib/gcc/m68k-elf/6.3.0/libgcc.a(_udivsi3.o)

.debug_line     0x00000000     0x4984
 *(.debug_line)
 .debug_line    0x00000000       0x4f ../tmp/crt0.o
 .debug_line    0x0000004f       0xf3 ../tmp/main.o
 .debug_line    0x00000142      0x3bc ../tmp/amix-syscalls.o
 .debug_line    0x000004fe       0x4b /home/lovro/opt/cross-newlib/m68k-elf-rosco/lib/libc.a(libc_a-environ.o)
 .debug_line    0x00000549      0x475 /home/lovro/opt/cross-newlib/m68k-elf-rosco/lib/libc.a(libc_a-fflush.o)
 .debug_line    0x000009be      0x5db /home/lovro/opt/cross-newlib/m68k-elf-rosco/lib/libc.a(libc_a-findfp.o)
 .debug_line    0x00000f99      0x1c1 /home/lovro/opt/cross-newlib/m68k-elf-rosco/lib/libc.a(libc_a-fwalk.o)
 .debug_line    0x0000115a      0x265 /home/lovro/opt/cross-newlib/m68k-elf-rosco/lib/libc.a(libc_a-puts.o)
 .debug_line    0x000013bf      0x270 /home/lovro/opt/cross-newlib/m68k-elf-rosco/lib/libc.a(libc_a-stdio.o)
 .debug_line    0x0000162f       0xf5 /home/lovro/opt/cross-newlib/m68k-elf-rosco/lib/libc.a(libc_a-impure.o)
 .debug_line    0x00001724      0x16f /home/lovro/opt/cross-newlib/m68k-elf-rosco/lib/libc.a(libc_a-sysgetpid.o)
 .debug_line    0x00001893      0x16d /home/lovro/opt/cross-newlib/m68k-elf-rosco/lib/libc.a(libc_a-syskill.o)
 .debug_line    0x00001a00      0x106 /home/lovro/opt/cross-newlib/m68k-elf-rosco/lib/libc.a(libc_a-strlen.o)
 .debug_line    0x00001b06       0x6d /home/lovro/opt/cross-newlib/m68k-elf-rosco/lib/libc.a(libc_a-memset.o)
 .debug_line    0x00001b73      0x579 /home/lovro/opt/cross-newlib/m68k-elf-rosco/lib/libc.a(libc_a-freer.o)
 .debug_line    0x000020ec      0x995 /home/lovro/opt/cross-newlib/m68k-elf-rosco/lib/libc.a(libc_a-mallocr.o)
 .debug_line    0x00002a81      0x16c /home/lovro/opt/cross-newlib/m68k-elf-rosco/lib/libc.a(libc_a-mlock.o)
 .debug_line    0x00002bed      0x271 /home/lovro/opt/cross-newlib/m68k-elf-rosco/lib/libc.a(libc_a-fclose.o)
 .debug_line    0x00002e5e      0x5f1 /home/lovro/opt/cross-newlib/m68k-elf-rosco/lib/libc.a(libc_a-fvwrite.o)
 .debug_line    0x0000344f      0x2c2 /home/lovro/opt/cross-newlib/m68k-elf-rosco/lib/libc.a(libc_a-wsetup.o)
 .debug_line    0x00003711      0x1a2 /home/lovro/opt/cross-newlib/m68k-elf-rosco/lib/libc.a(libc_a-memchr.o)
 .debug_line    0x000038b3      0x1ed /home/lovro/opt/cross-newlib/m68k-elf-rosco/lib/libc.a(libc_a-memmove.o)
 .debug_line    0x00003aa0       0x69 /home/lovro/opt/cross-newlib/m68k-elf-rosco/lib/libc.a(libc_a-memcpy.o)
 .debug_line    0x00003b09      0x905 /home/lovro/opt/cross-newlib/m68k-elf-rosco/lib/libc.a(libc_a-reallocr.o)
 .debug_line    0x0000440e      0x381 /home/lovro/opt/cross-newlib/m68k-elf-rosco/lib/libc.a(libc_a-makebuf.o)
 .debug_line    0x0000478f       0x74 /opt/m68k-toolchain/bin/../lib/gcc/m68k-elf/6.3.0/libgcc.a(_mulsi3.o)
 .debug_line    0x00004803       0x7c /opt/m68k-toolchain/bin/../lib/gcc/m68k-elf/6.3.0/libgcc.a(_divsi3.o)
 .debug_line    0x0000487f       0x78 /opt/m68k-toolchain/bin/../lib/gcc/m68k-elf/6.3.0/libgcc.a(_modsi3.o)
 .debug_line    0x000048f7       0x8d /opt/m68k-toolchain/bin/../lib/gcc/m68k-elf/6.3.0/libgcc.a(_udivsi3.o)

.debug_str      0x00000000     0x147e
 *(.debug_str)
 .debug_str     0x00000000       0x46 ../tmp/crt0.o
 .debug_str     0x00000046      0x458 ../tmp/main.o
                                0x502 (size before relaxing)
 .debug_str     0x0000049e      0x495 ../tmp/amix-syscalls.o
                                0x9f1 (size before relaxing)
 .debug_str     0x00000933       0xd9 /home/lovro/opt/cross-newlib/m68k-elf-rosco/lib/libc.a(libc_a-environ.o)
                                 0xf8 (size before relaxing)
 .debug_str     0x00000a0c       0x7c /home/lovro/opt/cross-newlib/m68k-elf-rosco/lib/libc.a(libc_a-fflush.o)
                                0x512 (size before relaxing)
 .debug_str     0x00000a88      0x1ba /home/lovro/opt/cross-newlib/m68k-elf-rosco/lib/libc.a(libc_a-findfp.o)
                                0x693 (size before relaxing)
 .debug_str     0x00000c42       0x28 /home/lovro/opt/cross-newlib/m68k-elf-rosco/lib/libc.a(libc_a-fwalk.o)
                                0x49b (size before relaxing)
 .debug_str     0x00000c6a       0x7f /home/lovro/opt/cross-newlib/m68k-elf-rosco/lib/libc.a(libc_a-puts.o)
                                0x504 (size before relaxing)
 .debug_str     0x00000ce9       0x33 /home/lovro/opt/cross-newlib/m68k-elf-rosco/lib/libc.a(libc_a-stdio.o)
                                0x4ef (size before relaxing)
 .debug_str     0x00000d1c       0x29 /home/lovro/opt/cross-newlib/m68k-elf-rosco/lib/libc.a(libc_a-impure.o)
                                0x490 (size before relaxing)
 .debug_str     0x00000d45       0x2f /home/lovro/opt/cross-newlib/m68k-elf-rosco/lib/libc.a(libc_a-sysgetpid.o)
                                0x495 (size before relaxing)
 .debug_str     0x00000d74       0x2d /home/lovro/opt/cross-newlib/m68k-elf-rosco/lib/libc.a(libc_a-syskill.o)
                                0x48f (size before relaxing)
 .debug_str     0x00000da1       0x30 /home/lovro/opt/cross-newlib/m68k-elf-rosco/lib/libc.a(libc_a-strlen.o)
                                0x175 (size before relaxing)
 .debug_str     0x00000dd1       0x3c /home/lovro/opt/cross-newlib/m68k-elf-rosco/lib/libc.a(libc_a-memset.o)
                                 0x82 (size before relaxing)
 .debug_str     0x00000e0d      0x15e /home/lovro/opt/cross-newlib/m68k-elf-rosco/lib/libc.a(libc_a-freer.o)
                                0x5f3 (size before relaxing)
 .debug_str     0x00000f6b      0x110 /home/lovro/opt/cross-newlib/m68k-elf-rosco/lib/libc.a(libc_a-mallocr.o)
                                0x6ab (size before relaxing)
 .debug_str     0x0000107b       0x42 /home/lovro/opt/cross-newlib/m68k-elf-rosco/lib/libc.a(libc_a-mlock.o)
                                0x4a9 (size before relaxing)
 .debug_str     0x000010bd       0x35 /home/lovro/opt/cross-newlib/m68k-elf-rosco/lib/libc.a(libc_a-fclose.o)
                                0x4ea (size before relaxing)
 .debug_str     0x000010f2       0x75 /home/lovro/opt/cross-newlib/m68k-elf-rosco/lib/libc.a(libc_a-fvwrite.o)
                                0x52f (size before relaxing)
 .debug_str     0x00001167       0x36 /home/lovro/opt/cross-newlib/m68k-elf-rosco/lib/libc.a(libc_a-wsetup.o)
                                0x4bc (size before relaxing)
 .debug_str     0x0000119d       0x44 /home/lovro/opt/cross-newlib/m68k-elf-rosco/lib/libc.a(libc_a-memchr.o)
                                0x189 (size before relaxing)
 .debug_str     0x000011e1       0x4c /home/lovro/opt/cross-newlib/m68k-elf-rosco/lib/libc.a(libc_a-memmove.o)
                                0x1a2 (size before relaxing)
 .debug_str     0x0000122d       0x30 /home/lovro/opt/cross-newlib/m68k-elf-rosco/lib/libc.a(libc_a-memcpy.o)
                                 0x82 (size before relaxing)
 .debug_str     0x0000125d       0x7a /home/lovro/opt/cross-newlib/m68k-elf-rosco/lib/libc.a(libc_a-reallocr.o)
                                0x57e (size before relaxing)
 .debug_str     0x000012d7      0x115 /home/lovro/opt/cross-newlib/m68k-elf-rosco/lib/libc.a(libc_a-makebuf.o)
                                0x61e (size before relaxing)
 .debug_str     0x000013ec       0x92 /opt/m68k-toolchain/bin/../lib/gcc/m68k-elf/6.3.0/libgcc.a(_mulsi3.o)
 .debug_str     0x0000147e       0x92 /opt/m68k-toolchain/bin/../lib/gcc/m68k-elf/6.3.0/libgcc.a(_divsi3.o)
 .debug_str     0x0000147e       0x92 /opt/m68k-toolchain/bin/../lib/gcc/m68k-elf/6.3.0/libgcc.a(_modsi3.o)
 .debug_str     0x0000147e       0x92 /opt/m68k-toolchain/bin/../lib/gcc/m68k-elf/6.3.0/libgcc.a(_udivsi3.o)

.debug_ranges   0x00000000       0xf0
 *(.debug_ranges)
 .debug_ranges  0x00000000       0x28 ../tmp/main.o
 .debug_ranges  0x00000028       0xc8 ../tmp/amix-syscalls.o
OUTPUT(../bin/test.elf elf32-m68k)

.debug_aranges  0x00000000      0x4f0
 .debug_aranges
                0x00000000       0x20 ../tmp/crt0.o
 .debug_aranges
                0x00000020       0x20 ../tmp/main.o
 .debug_aranges
                0x00000040       0xd8 ../tmp/amix-syscalls.o
 .debug_aranges
                0x00000118       0x18 /home/lovro/opt/cross-newlib/m68k-elf-rosco/lib/libc.a(libc_a-environ.o)
 .debug_aranges
                0x00000130       0x30 /home/lovro/opt/cross-newlib/m68k-elf-rosco/lib/libc.a(libc_a-fflush.o)
 .debug_aranges
                0x00000160       0x70 /home/lovro/opt/cross-newlib/m68k-elf-rosco/lib/libc.a(libc_a-findfp.o)
 .debug_aranges
                0x000001d0       0x20 /home/lovro/opt/cross-newlib/m68k-elf-rosco/lib/libc.a(libc_a-fwalk.o)
 .debug_aranges
                0x000001f0       0x28 /home/lovro/opt/cross-newlib/m68k-elf-rosco/lib/libc.a(libc_a-puts.o)
 .debug_aranges
                0x00000218       0x40 /home/lovro/opt/cross-newlib/m68k-elf-rosco/lib/libc.a(libc_a-stdio.o)
 .debug_aranges
                0x00000258       0x18 /home/lovro/opt/cross-newlib/m68k-elf-rosco/lib/libc.a(libc_a-impure.o)
 .debug_aranges
                0x00000270       0x20 /home/lovro/opt/cross-newlib/m68k-elf-rosco/lib/libc.a(libc_a-sysgetpid.o)
 .debug_aranges
                0x00000290       0x20 /home/lovro/opt/cross-newlib/m68k-elf-rosco/lib/libc.a(libc_a-syskill.o)
 .debug_aranges
                0x000002b0       0x20 /home/lovro/opt/cross-newlib/m68k-elf-rosco/lib/libc.a(libc_a-strlen.o)
 .debug_aranges
                0x000002d0       0x20 /home/lovro/opt/cross-newlib/m68k-elf-rosco/lib/libc.a(libc_a-memset.o)
 .debug_aranges
                0x000002f0       0x28 /home/lovro/opt/cross-newlib/m68k-elf-rosco/lib/libc.a(libc_a-freer.o)
 .debug_aranges
                0x00000318       0x20 /home/lovro/opt/cross-newlib/m68k-elf-rosco/lib/libc.a(libc_a-mallocr.o)
 .debug_aranges
                0x00000338       0x28 /home/lovro/opt/cross-newlib/m68k-elf-rosco/lib/libc.a(libc_a-mlock.o)
 .debug_aranges
                0x00000360       0x28 /home/lovro/opt/cross-newlib/m68k-elf-rosco/lib/libc.a(libc_a-fclose.o)
 .debug_aranges
                0x00000388       0x20 /home/lovro/opt/cross-newlib/m68k-elf-rosco/lib/libc.a(libc_a-fvwrite.o)
 .debug_aranges
                0x000003a8       0x20 /home/lovro/opt/cross-newlib/m68k-elf-rosco/lib/libc.a(libc_a-wsetup.o)
 .debug_aranges
                0x000003c8       0x20 /home/lovro/opt/cross-newlib/m68k-elf-rosco/lib/libc.a(libc_a-memchr.o)
 .debug_aranges
                0x000003e8       0x20 /home/lovro/opt/cross-newlib/m68k-elf-rosco/lib/libc.a(libc_a-memmove.o)
 .debug_aranges
                0x00000408       0x20 /home/lovro/opt/cross-newlib/m68k-elf-rosco/lib/libc.a(libc_a-memcpy.o)
 .debug_aranges
                0x00000428       0x20 /home/lovro/opt/cross-newlib/m68k-elf-rosco/lib/libc.a(libc_a-reallocr.o)
 .debug_aranges
                0x00000448       0x28 /home/lovro/opt/cross-newlib/m68k-elf-rosco/lib/libc.a(libc_a-makebuf.o)
 .debug_aranges
                0x00000470       0x20 /opt/m68k-toolchain/bin/../lib/gcc/m68k-elf/6.3.0/libgcc.a(_mulsi3.o)
 .debug_aranges
                0x00000490       0x20 /opt/m68k-toolchain/bin/../lib/gcc/m68k-elf/6.3.0/libgcc.a(_divsi3.o)
 .debug_aranges
                0x000004b0       0x20 /opt/m68k-toolchain/bin/../lib/gcc/m68k-elf/6.3.0/libgcc.a(_modsi3.o)
 .debug_aranges
                0x000004d0       0x20 /opt/m68k-toolchain/bin/../lib/gcc/m68k-elf/6.3.0/libgcc.a(_udivsi3.o)

.debug_loc      0x00000000      0x19e
 .debug_loc     0x00000000       0x14 ../tmp/main.o
 .debug_loc     0x00000014      0x18a ../tmp/amix-syscalls.o

.comment        0x00000000       0x2c
 .comment       0x00000000       0x11 ../tmp/main.o
                                 0x12 (size before relaxing)
 .comment       0x00000011       0x12 ../tmp/amix-syscalls.o
 .comment       0x00000011       0x1b /home/lovro/opt/cross-newlib/m68k-elf-rosco/lib/libc.a(libc_a-environ.o)
                                 0x1c (size before relaxing)
 .comment       0x0000002c       0x1c /home/lovro/opt/cross-newlib/m68k-elf-rosco/lib/libc.a(libc_a-fflush.o)
 .comment       0x0000002c       0x1c /home/lovro/opt/cross-newlib/m68k-elf-rosco/lib/libc.a(libc_a-findfp.o)
 .comment       0x0000002c       0x1c /home/lovro/opt/cross-newlib/m68k-elf-rosco/lib/libc.a(libc_a-fwalk.o)
 .comment       0x0000002c       0x1c /home/lovro/opt/cross-newlib/m68k-elf-rosco/lib/libc.a(libc_a-puts.o)
 .comment       0x0000002c       0x1c /home/lovro/opt/cross-newlib/m68k-elf-rosco/lib/libc.a(libc_a-stdio.o)
 .comment       0x0000002c       0x1c /home/lovro/opt/cross-newlib/m68k-elf-rosco/lib/libc.a(libc_a-impure.o)
 .comment       0x0000002c       0x1c /home/lovro/opt/cross-newlib/m68k-elf-rosco/lib/libc.a(libc_a-sysgetpid.o)
 .comment       0x0000002c       0x1c /home/lovro/opt/cross-newlib/m68k-elf-rosco/lib/libc.a(libc_a-syskill.o)
 .comment       0x0000002c       0x1c /home/lovro/opt/cross-newlib/m68k-elf-rosco/lib/libc.a(libc_a-strlen.o)
 .comment       0x0000002c       0x1c /home/lovro/opt/cross-newlib/m68k-elf-rosco/lib/libc.a(libc_a-freer.o)
 .comment       0x0000002c       0x1c /home/lovro/opt/cross-newlib/m68k-elf-rosco/lib/libc.a(libc_a-mallocr.o)
 .comment       0x0000002c       0x1c /home/lovro/opt/cross-newlib/m68k-elf-rosco/lib/libc.a(libc_a-mlock.o)
 .comment       0x0000002c       0x1c /home/lovro/opt/cross-newlib/m68k-elf-rosco/lib/libc.a(libc_a-fclose.o)
 .comment       0x0000002c       0x1c /home/lovro/opt/cross-newlib/m68k-elf-rosco/lib/libc.a(libc_a-fvwrite.o)
 .comment       0x0000002c       0x1c /home/lovro/opt/cross-newlib/m68k-elf-rosco/lib/libc.a(libc_a-wsetup.o)
 .comment       0x0000002c       0x1c /home/lovro/opt/cross-newlib/m68k-elf-rosco/lib/libc.a(libc_a-memchr.o)
 .comment       0x0000002c       0x1c /home/lovro/opt/cross-newlib/m68k-elf-rosco/lib/libc.a(libc_a-memmove.o)
 .comment       0x0000002c       0x1c /home/lovro/opt/cross-newlib/m68k-elf-rosco/lib/libc.a(libc_a-reallocr.o)
 .comment       0x0000002c       0x1c /home/lovro/opt/cross-newlib/m68k-elf-rosco/lib/libc.a(libc_a-makebuf.o)

.debug_frame    0x00000000      0xb34
 .debug_frame   0x00000000       0x30 ../tmp/main.o
 .debug_frame   0x00000030      0x280 ../tmp/amix-syscalls.o
 .debug_frame   0x000002b0       0xd0 /home/lovro/opt/cross-newlib/m68k-elf-rosco/lib/libc.a(libc_a-fflush.o)
 .debug_frame   0x00000380      0x15c /home/lovro/opt/cross-newlib/m68k-elf-rosco/lib/libc.a(libc_a-findfp.o)
 .debug_frame   0x000004dc       0x3c /home/lovro/opt/cross-newlib/m68k-elf-rosco/lib/libc.a(libc_a-fwalk.o)
 .debug_frame   0x00000518       0x4c /home/lovro/opt/cross-newlib/m68k-elf-rosco/lib/libc.a(libc_a-puts.o)
 .debug_frame   0x00000564       0xa8 /home/lovro/opt/cross-newlib/m68k-elf-rosco/lib/libc.a(libc_a-stdio.o)
 .debug_frame   0x0000060c       0x2c /home/lovro/opt/cross-newlib/m68k-elf-rosco/lib/libc.a(libc_a-sysgetpid.o)
 .debug_frame   0x00000638       0x30 /home/lovro/opt/cross-newlib/m68k-elf-rosco/lib/libc.a(libc_a-syskill.o)
 .debug_frame   0x00000668       0x24 /home/lovro/opt/cross-newlib/m68k-elf-rosco/lib/libc.a(libc_a-strlen.o)
 .debug_frame   0x0000068c       0x90 /home/lovro/opt/cross-newlib/m68k-elf-rosco/lib/libc.a(libc_a-freer.o)
 .debug_frame   0x0000071c       0xa4 /home/lovro/opt/cross-newlib/m68k-elf-rosco/lib/libc.a(libc_a-mallocr.o)
 .debug_frame   0x000007c0       0x34 /home/lovro/opt/cross-newlib/m68k-elf-rosco/lib/libc.a(libc_a-mlock.o)
 .debug_frame   0x000007f4       0x7c /home/lovro/opt/cross-newlib/m68k-elf-rosco/lib/libc.a(libc_a-fclose.o)
 .debug_frame   0x00000870      0x108 /home/lovro/opt/cross-newlib/m68k-elf-rosco/lib/libc.a(libc_a-fvwrite.o)
 .debug_frame   0x00000978       0x48 /home/lovro/opt/cross-newlib/m68k-elf-rosco/lib/libc.a(libc_a-wsetup.o)
 .debug_frame   0x000009c0       0x30 /home/lovro/opt/cross-newlib/m68k-elf-rosco/lib/libc.a(libc_a-memchr.o)
 .debug_frame   0x000009f0       0x34 /home/lovro/opt/cross-newlib/m68k-elf-rosco/lib/libc.a(libc_a-memmove.o)
 .debug_frame   0x00000a24       0xc0 /home/lovro/opt/cross-newlib/m68k-elf-rosco/lib/libc.a(libc_a-reallocr.o)
 .debug_frame   0x00000ae4       0x50 /home/lovro/opt/cross-newlib/m68k-elf-rosco/lib/libc.a(libc_a-makebuf.o)

.debug_loclists
                0x00000000     0x2e91
 .debug_loclists
                0x00000000      0x168 /home/lovro/opt/cross-newlib/m68k-elf-rosco/lib/libc.a(libc_a-fflush.o)
 .debug_loclists
                0x00000168      0x1a1 /home/lovro/opt/cross-newlib/m68k-elf-rosco/lib/libc.a(libc_a-findfp.o)
 .debug_loclists
                0x00000309       0x74 /home/lovro/opt/cross-newlib/m68k-elf-rosco/lib/libc.a(libc_a-fwalk.o)
 .debug_loclists
                0x0000037d       0xe8 /home/lovro/opt/cross-newlib/m68k-elf-rosco/lib/libc.a(libc_a-puts.o)
 .debug_loclists
                0x00000465       0x9a /home/lovro/opt/cross-newlib/m68k-elf-rosco/lib/libc.a(libc_a-stdio.o)
 .debug_loclists
                0x000004ff       0x2d /home/lovro/opt/cross-newlib/m68k-elf-rosco/lib/libc.a(libc_a-strlen.o)
 .debug_loclists
                0x0000052c      0x402 /home/lovro/opt/cross-newlib/m68k-elf-rosco/lib/libc.a(libc_a-freer.o)
 .debug_loclists
                0x0000092e      0x9ae /home/lovro/opt/cross-newlib/m68k-elf-rosco/lib/libc.a(libc_a-mallocr.o)
 .debug_loclists
                0x000012dc       0x7a /home/lovro/opt/cross-newlib/m68k-elf-rosco/lib/libc.a(libc_a-fclose.o)
 .debug_loclists
                0x00001356      0x3f9 /home/lovro/opt/cross-newlib/m68k-elf-rosco/lib/libc.a(libc_a-fvwrite.o)
 .debug_loclists
                0x0000174f       0x22 /home/lovro/opt/cross-newlib/m68k-elf-rosco/lib/libc.a(libc_a-wsetup.o)
 .debug_loclists
                0x00001771       0xf7 /home/lovro/opt/cross-newlib/m68k-elf-rosco/lib/libc.a(libc_a-memchr.o)
 .debug_loclists
                0x00001868      0x2cf /home/lovro/opt/cross-newlib/m68k-elf-rosco/lib/libc.a(libc_a-memmove.o)
 .debug_loclists
                0x00001b37     0x1165 /home/lovro/opt/cross-newlib/m68k-elf-rosco/lib/libc.a(libc_a-reallocr.o)
 .debug_loclists
                0x00002c9c      0x1f5 /home/lovro/opt/cross-newlib/m68k-elf-rosco/lib/libc.a(libc_a-makebuf.o)

.debug_rnglists
                0x00000000      0x38b
 .debug_rnglists
                0x00000000       0x6f /home/lovro/opt/cross-newlib/m68k-elf-rosco/lib/libc.a(libc_a-fflush.o)
 .debug_rnglists
                0x0000006f       0x6b /home/lovro/opt/cross-newlib/m68k-elf-rosco/lib/libc.a(libc_a-findfp.o)
 .debug_rnglists
                0x000000da       0x13 /home/lovro/opt/cross-newlib/m68k-elf-rosco/lib/libc.a(libc_a-fwalk.o)
 .debug_rnglists
                0x000000ed       0x26 /home/lovro/opt/cross-newlib/m68k-elf-rosco/lib/libc.a(libc_a-puts.o)
 .debug_rnglists
                0x00000113       0x2c /home/lovro/opt/cross-newlib/m68k-elf-rosco/lib/libc.a(libc_a-stdio.o)
 .debug_rnglists
                0x0000013f       0x13 /home/lovro/opt/cross-newlib/m68k-elf-rosco/lib/libc.a(libc_a-sysgetpid.o)
 .debug_rnglists
                0x00000152       0x13 /home/lovro/opt/cross-newlib/m68k-elf-rosco/lib/libc.a(libc_a-syskill.o)
 .debug_rnglists
                0x00000165       0x13 /home/lovro/opt/cross-newlib/m68k-elf-rosco/lib/libc.a(libc_a-strlen.o)
 .debug_rnglists
                0x00000178       0x1b /home/lovro/opt/cross-newlib/m68k-elf-rosco/lib/libc.a(libc_a-freer.o)
 .debug_rnglists
                0x00000193       0x3c /home/lovro/opt/cross-newlib/m68k-elf-rosco/lib/libc.a(libc_a-mallocr.o)
 .debug_rnglists
                0x000001cf       0x19 /home/lovro/opt/cross-newlib/m68k-elf-rosco/lib/libc.a(libc_a-mlock.o)
 .debug_rnglists
                0x000001e8       0x35 /home/lovro/opt/cross-newlib/m68k-elf-rosco/lib/libc.a(libc_a-fclose.o)
 .debug_rnglists
                0x0000021d       0x30 /home/lovro/opt/cross-newlib/m68k-elf-rosco/lib/libc.a(libc_a-fvwrite.o)
 .debug_rnglists
                0x0000024d       0x22 /home/lovro/opt/cross-newlib/m68k-elf-rosco/lib/libc.a(libc_a-wsetup.o)
 .debug_rnglists
                0x0000026f       0x14 /home/lovro/opt/cross-newlib/m68k-elf-rosco/lib/libc.a(libc_a-memchr.o)
 .debug_rnglists
                0x00000283       0x14 /home/lovro/opt/cross-newlib/m68k-elf-rosco/lib/libc.a(libc_a-memmove.o)
 .debug_rnglists
                0x00000297       0xd9 /home/lovro/opt/cross-newlib/m68k-elf-rosco/lib/libc.a(libc_a-reallocr.o)
 .debug_rnglists
                0x00000370       0x1b /home/lovro/opt/cross-newlib/m68k-elf-rosco/lib/libc.a(libc_a-makebuf.o)

.debug_line_str
                0x00000000       0x7f
 .debug_line_str
                0x00000000       0x76 /home/lovro/opt/cross-newlib/m68k-elf-rosco/lib/libc.a(libc_a-memset.o)
 .debug_line_str
                0x00000076        0x9 /home/lovro/opt/cross-newlib/m68k-elf-rosco/lib/libc.a(libc_a-memcpy.o)
                                 0x76 (size before relaxing)
