Archive member included to satisfy reference by file (symbol)

/home/lovro/opt/cross-newlib/m68k-elf-rosco/lib/libc.a(libc_a-atexit.o)
                              ../bin/crt0.o (atexit)
/home/lovro/opt/cross-newlib/m68k-elf-rosco/lib/libc.a(libc_a-exit.o)
                              ../bin/crt0.o (exit)
/home/lovro/opt/cross-newlib/m68k-elf-rosco/lib/libc.a(libc_a-getenv.o)
                              ../bin/kernel.o (getenv)
/home/lovro/opt/cross-newlib/m68k-elf-rosco/lib/libc.a(libc_a-getenv_r.o)
                              /home/lovro/opt/cross-newlib/m68k-elf-rosco/lib/libc.a(libc_a-getenv.o) (_findenv_r)
/home/lovro/opt/cross-newlib/m68k-elf-rosco/lib/libc.a(libc_a-itoa.o)
                              ../bin/elf_loader_68k.o (itoa)
/home/lovro/opt/cross-newlib/m68k-elf-rosco/lib/libc.a(libc_a-strtol.o)
                              ../bin/main.o (strtol)
/home/lovro/opt/cross-newlib/m68k-elf-rosco/lib/libc.a(libc_a-utoa.o)
                              /home/lovro/opt/cross-newlib/m68k-elf-rosco/lib/libc.a(libc_a-itoa.o) (__utoa)
/home/lovro/opt/cross-newlib/m68k-elf-rosco/lib/libc.a(libc_a-setenv.o)
                              ../bin/elf_loader_68k.o (setenv)
/home/lovro/opt/cross-newlib/m68k-elf-rosco/lib/libc.a(libc_a-setenv_r.o)
                              /home/lovro/opt/cross-newlib/m68k-elf-rosco/lib/libc.a(libc_a-setenv.o) (_setenv_r)
/home/lovro/opt/cross-newlib/m68k-elf-rosco/lib/libc.a(libc_a-ctype_.o)
                              ../bin/amix_sys.o (_ctype_)
/home/lovro/opt/cross-newlib/m68k-elf-rosco/lib/libc.a(libc_a-fflush.o)
                              ../bin/main.o (fflush)
/home/lovro/opt/cross-newlib/m68k-elf-rosco/lib/libc.a(libc_a-findfp.o)
                              /home/lovro/opt/cross-newlib/m68k-elf-rosco/lib/libc.a(libc_a-fflush.o) (__sglue)
/home/lovro/opt/cross-newlib/m68k-elf-rosco/lib/libc.a(libc_a-fwalk.o)
                              /home/lovro/opt/cross-newlib/m68k-elf-rosco/lib/libc.a(libc_a-fflush.o) (_fwalk_sglue)
/home/lovro/opt/cross-newlib/m68k-elf-rosco/lib/libc.a(libc_a-perror.o)
                              ../bin/elf_loader_68k.o (perror)
/home/lovro/opt/cross-newlib/m68k-elf-rosco/lib/libc.a(libc_a-printf.o)
                              ../bin/main.o (printf)
/home/lovro/opt/cross-newlib/m68k-elf-rosco/lib/libc.a(libc_a-putchar.o)
                              ../bin/main.o (putchar)
/home/lovro/opt/cross-newlib/m68k-elf-rosco/lib/libc.a(libc_a-puts.o)
                              ../bin/main.o (puts)
/home/lovro/opt/cross-newlib/m68k-elf-rosco/lib/libc.a(libc_a-stdio.o)
                              /home/lovro/opt/cross-newlib/m68k-elf-rosco/lib/libc.a(libc_a-findfp.o) (__sread)
/home/lovro/opt/cross-newlib/m68k-elf-rosco/lib/libc.a(libc_a-memcmp.o)
                              ../bin/ff.o (memcmp)
/home/lovro/opt/cross-newlib/m68k-elf-rosco/lib/libc.a(libc_a-strcat.o)
                              ../bin/main.o (strcat)
/home/lovro/opt/cross-newlib/m68k-elf-rosco/lib/libc.a(libc_a-strchr.o)
                              ../bin/ff.o (strchr)
/home/lovro/opt/cross-newlib/m68k-elf-rosco/lib/libc.a(libc_a-strcmp.o)
                              ../bin/main.o (strcmp)
/home/lovro/opt/cross-newlib/m68k-elf-rosco/lib/libc.a(libc_a-strerror.o)
                              /home/lovro/opt/cross-newlib/m68k-elf-rosco/lib/libc.a(libc_a-perror.o) (_strerror_r)
/home/lovro/opt/cross-newlib/m68k-elf-rosco/lib/libc.a(libc_a-strncat.o)
                              ../bin/kernel.o (strncat)
/home/lovro/opt/cross-newlib/m68k-elf-rosco/lib/libc.a(libc_a-strncmp.o)
                              /home/lovro/opt/cross-newlib/m68k-elf-rosco/lib/libc.a(libc_a-getenv_r.o) (strncmp)
/home/lovro/opt/cross-newlib/m68k-elf-rosco/lib/libc.a(libc_a-strncpy.o)
                              ../bin/history.o (strncpy)
/home/lovro/opt/cross-newlib/m68k-elf-rosco/lib/libc.a(libc_a-strrchr.o)
                              ../bin/kernel.o (strrchr)
/home/lovro/opt/cross-newlib/m68k-elf-rosco/lib/libc.a(libc_a-strtok.o)
                              ../bin/main.o (strtok)
/home/lovro/opt/cross-newlib/m68k-elf-rosco/lib/libc.a(libc_a-strtok_r.o)
                              /home/lovro/opt/cross-newlib/m68k-elf-rosco/lib/libc.a(libc_a-strtok.o) (__strtok_r)
/home/lovro/opt/cross-newlib/m68k-elf-rosco/lib/libc.a(libc_a-u_strerr.o)
                              /home/lovro/opt/cross-newlib/m68k-elf-rosco/lib/libc.a(libc_a-strerror.o) (_user_strerror)
/home/lovro/opt/cross-newlib/m68k-elf-rosco/lib/libc.a(libc_a-impure.o)
                              ../bin/main.o (_impure_ptr)
/home/lovro/opt/cross-newlib/m68k-elf-rosco/lib/libc.a(libc_a-errno.o)
                              ../bin/main.o (__errno)
/home/lovro/opt/cross-newlib/m68k-elf-rosco/lib/libc.a(libc_a-strcpy.o)
                              ../bin/main.o (strcpy)
/home/lovro/opt/cross-newlib/m68k-elf-rosco/lib/libc.a(libc_a-strlen.o)
                              ../bin/main.o (strlen)
[...]
Memory Configuration

Name             Origin             Length             Attributes
ram              0x00130000         0x00200000         xrw
rom              0x00000000         0x00100000         xr
*default*        0x00000000         0xffffffff

Linker script and memory map

LOAD ../bin/crt0.o
LOAD ../bin/main.o
LOAD ../bin/xmodem.o
LOAD ../bin/diskio.o
LOAD ../bin/ff.o
LOAD ../bin/sys_IDE.o
LOAD ../bin/amix_sys.o
LOAD ../bin/kernel.o
LOAD ../bin/syscalls_asm.o
LOAD ../bin/elf_loader_68k.o
LOAD ../bin/history.o
LOAD ../bin/amix-syscalls.o
LOAD /home/lovro/opt/cross-newlib/m68k-elf-rosco/lib/libc.a
LOAD /home/lovro/opt/cross-newlib/m68k-elf-rosco/lib/libm.a
LOAD /opt/m68k-toolchain/bin/../lib/gcc/m68k-elf/6.3.0/libgcc.a
LOAD /opt/m68k-toolchain/bin/../lib/gcc/m68k-elf/6.3.0/libgcc.a
LOAD /home/lovro/opt/cross-newlib/m68k-elf-rosco/lib/libc.a
LOAD /opt/m68k-toolchain/bin/../lib/gcc/m68k-elf/6.3.0/libgcc.a
START GROUP
LOAD /home/lovro/opt/cross-newlib/m68k-elf-rosco/lib/libc.a
LOAD /home/lovro/opt/cross-newlib/m68k-elf-rosco/lib/libm.a
LOAD /opt/m68k-toolchain/bin/../lib/gcc/m68k-elf/6.3.0/libgcc.a
END GROUP
                0x00000000                        __DYNAMIC = 0x0
                [!provide]                        PROVIDE (hardware_init_hook = 0x0)
                [!provide]                        PROVIDE (software_init_hook = 0x0)
                0x00000000                        PROVIDE (__INIT_SECTION__ = 0x0)
                0x00000000                        PROVIDE (__FINI_SECTION__ = 0x0)

.text           0x00130000     0xf6e0
 *(.text.startup)
 *(.text .text.*)
 .text          0x00130000       0x68 ../bin/crt0.o
                0x00130000                _start
 .text.list_dir
                0x00130068       0xae ../bin/main.o
                0x00130068                list_dir
 .text.parse_line
                0x00130116      0x6ec ../bin/main.o
                0x00130116                parse_line
 .text.startup.main
                0x00130802      0x1c4 ../bin/main.o
                0x00130802                main
 .text.xmodem_receive
                0x001309c6      0x250 ../bin/xmodem.o
                0x001309c6                xmodem_receive
 .text.disk_initialize
                0x00130c16       0x14 ../bin/diskio.o
                0x00130c16                disk_initialize
 .text.disk_status
                0x00130c2a        0xc ../bin/diskio.o
                0x00130c2a                disk_status
 .text.disk_read
                0x00130c36       0x68 ../bin/diskio.o
                0x00130c36                disk_read
 .text.disk_write
                0x00130c9e       0x68 ../bin/diskio.o
                0x00130c9e                disk_write
 .text.disk_ioctl
                0x00130d06       0x3c ../bin/diskio.o
                0x00130d06                disk_ioctl
 .text.ld_32    0x00130d42       0x22 ../bin/ff.o
 .text.st_32    0x00130d64       0x2e ../bin/ff.o
 .text.clst2sect
                0x00130d92       0x3c ../bin/ff.o
 .text.get_ldnumber
                0x00130dce       0x5a ../bin/ff.o
 .text.validate
                0x00130e28       0x54 ../bin/ff.o
 .text.create_partition
                0x00130e7c      0x1f2 ../bin/ff.o
 .text.ld_clust.isra.0
                0x0013106e       0x44 ../bin/ff.o
 .text.st_clust.isra.1
                0x001310b2       0x34 ../bin/ff.o
 .text.get_fileinfo.part.2
                0x001310e6       0x96 ../bin/ff.o
 .text.sync_window.part.3
                0x0013117c       0x78 ../bin/ff.o
 .text.sync_fs  0x001311f4       0xfa ../bin/ff.o
 .text.check_fs.part.5
                0x001312ee      0x118 ../bin/ff.o
 .text.dir_clear
                0x00131406       0x9e ../bin/ff.o
 .text.move_window
                0x001314a4       0x68 ../bin/ff.o
 .text.put_fat  0x0013150c      0x160 ../bin/ff.o
 .text.get_fat.isra.7
                0x0013166c      0x12a ../bin/ff.o
 .text.dir_sdi  0x00131796       0xd2 ../bin/ff.o
 .text.create_chain
                0x00131868      0x144 ../bin/ff.o
 .text.remove_chain
                0x001319ac       0xac ../bin/ff.o
 .text.dir_next
                0x00131a58       0xf4 ../bin/ff.o
 .text.follow_path
                0x00131b4c      0x2ec ../bin/ff.o
 .text.dir_read.constprop.9
                0x00131e38       0x86 ../bin/ff.o
 .text.dir_register
                0x00131ebe       0xac ../bin/ff.o
 .text.mount_volume
                0x00131f6a      0x442 ../bin/ff.o
 .text.f_mount  0x001323ac       0x86 ../bin/ff.o
                0x001323ac                f_mount
 .text.f_open   0x00132432      0x2c2 ../bin/ff.o
                0x00132432                f_open
 .text.f_read   0x001326f4      0x1ea ../bin/ff.o
                0x001326f4                f_read
 .text.f_write  0x001328de      0x22c ../bin/ff.o
                0x001328de                f_write
 .text.f_sync   0x00132b0a       0xe0 ../bin/ff.o
                0x00132b0a                f_sync
 .text.f_close  0x00132bea       0x34 ../bin/ff.o
                0x00132bea                f_close
 .text.f_chdir  0x00132c1e       0x86 ../bin/ff.o
                0x00132c1e                f_chdir
 .text.f_getcwd
                0x00132ca4      0x19a ../bin/ff.o
                0x00132ca4                f_getcwd
 .text.f_opendir
                0x00132e3e       0xa2 ../bin/ff.o
                0x00132e3e                f_opendir
 .text.f_closedir
                0x00132ee0       0x26 ../bin/ff.o
                0x00132ee0                f_closedir
 .text.f_readdir
                0x00132f06       0x8e ../bin/ff.o
                0x00132f06                f_readdir
 .text.f_stat   0x00132f94       0x7c ../bin/ff.o
                0x00132f94                f_stat
 .text.f_getfree
                0x00133010      0x11c ../bin/ff.o
                0x00133010                f_getfree
 .text.f_unlink
                0x0013312c      0x10a ../bin/ff.o
                0x0013312c                f_unlink
 .text.f_mkdir  0x00133236      0x1b0 ../bin/ff.o
                0x00133236                f_mkdir
 .text.f_rename
                0x001333e6      0x1a8 ../bin/ff.o
                0x001333e6                f_rename
 .text.f_mkfs   0x0013358e      0x874 ../bin/ff.o
                0x0013358e                f_mkfs
 .text.f_fdisk  0x00133e02       0x58 ../bin/ff.o
                0x00133e02                f_fdisk
 .text.ide_wait_ready
                0x00133e5a       0x2a ../bin/sys_IDE.o
 .text.ide_wait_drq
                0x00133e84       0x2e ../bin/sys_IDE.o
 .text.sys_read_sectors
                0x00133eb2      0x106 ../bin/sys_IDE.o
                0x00133eb2                sys_read_sectors
 .text.sys_write_sectors
                0x00133fb8       0xf0 ../bin/sys_IDE.o
                0x00133fb8                sys_write_sectors
 .text.sys_write_screen_string
                0x001340a8       0x3c ../bin/amix_sys.o
                0x001340a8                sys_write_screen_string
 .text.sys_scroll
                0x001340e4       0x1c ../bin/amix_sys.o
                0x001340e4                sys_scroll
 .text.sys_peek_UART
                0x00134100       0x34 ../bin/amix_sys.o
                0x00134100                sys_peek_UART
 .text.sys_send_UART
                0x00134134       0x36 ../bin/amix_sys.o
                0x00134134                sys_send_UART
 .text.sys_flush_fifo_UART
                0x0013416a       0x34 ../bin/amix_sys.o
                0x0013416a                sys_flush_fifo_UART
 .text.dump_memory
                0x0013419e       0xe8 ../bin/amix_sys.o
                0x0013419e                dump_memory
 .text.kernel_panic_print
                0x00134286       0x2c ../bin/kernel.o
                0x00134286                kernel_panic_print
 .text.kernel_start
                0x001342b2      0x2a0 ../bin/kernel.o
                0x001342b2                kernel_start
 *fill*         0x00134552        0x2 
 .text          0x00134554      0x122 ../bin/syscalls_asm.o
                0x00134554                syscall_trap0
                0x0013456c                syscall_trap0_double
                0x0013458a                syscall_trap0_triple
                0x001345bc                sys_print_screen
                0x001345ca                sys_print_uart
                0x001345d8                sys_get_keyboard
 .text.load_elf
                0x00134676      0x31a ../bin/elf_loader_68k.o
                0x00134676                load_elf
 .text.load_and_file_elf
                0x00134990      0x3ce ../bin/elf_loader_68k.o
                0x00134990                load_and_file_elf
 .text.call_address
                0x00134d5e       0x28 ../bin/elf_loader_68k.o
                0x00134d5e                call_address
 .text.is_elf_file
                0x00134d86       0xa0 ../bin/elf_loader_68k.o
                0x00134d86                is_elf_file
 .text.run_file
                0x00134e26      0x100 ../bin/elf_loader_68k.o
                0x00134e26                run_file
 .text.history_start
                0x00134f26       0x38 ../bin/history.o
                0x00134f26                history_start
 .text.history_add
                0x00134f5e       0x54 ../bin/history.o
                0x00134f5e                history_add
 .text.history_get
                0x00134fb2       0x48 ../bin/history.o
                0x00134fb2                history_get
 .text._exit    0x00134ffa       0x5c ../bin/amix-syscalls.o
                0x00134ffa                _exit
 .text._write_r
                0x00135056       0x8e ../bin/amix-syscalls.o
                0x00135056                _write_r
 .text._read_r  0x001350e4       0x5a ../bin/amix-syscalls.o
                0x001350e4                _read_r
 .text._sbrk_r  0x0013513e       0x3e ../bin/amix-syscalls.o
                0x0013513e                _sbrk_r
 .text._close_r
                0x0013517c        0xa ../bin/amix-syscalls.o
                0x0013517c                _close_r
 .text._fstat_r
                0x00135186       0x16 ../bin/amix-syscalls.o
                0x00135186                _fstat_r
 .text._isatty_r
                0x0013519c       0x16 ../bin/amix-syscalls.o
                0x0013519c                _isatty_r
 .text._lseek_r
                0x001351b2        0xa ../bin/amix-syscalls.o
                0x001351b2                _lseek_r
 .text._getpid_r
                0x001351bc        0xa ../bin/amix-syscalls.o
                0x001351bc                _getpid_r
 .text._kill_r  0x001351c6       0x12 ../bin/amix-syscalls.o
                0x001351c6                _kill_r
 .text.atexit   0x001351d8       0x16 /home/lovro/opt/cross-newlib/m68k-elf-rosco/lib/libc.a(libc_a-atexit.o)
                0x001351d8                atexit
 .text.exit     0x001351ee       0x28 /home/lovro/opt/cross-newlib/m68k-elf-rosco/lib/libc.a(libc_a-exit.o)
                0x001351ee                exit
 .text.getenv   0x00135216       0x20 /home/lovro/opt/cross-newlib/m68k-elf-rosco/lib/libc.a(libc_a-getenv.o)
                0x00135216                getenv
 .text._findenv_r
                0x00135236       0x9c /home/lovro/opt/cross-newlib/m68k-elf-rosco/lib/libc.a(libc_a-getenv_r.o)
                0x00135236                _findenv_r
 .text.itoa     0x001352d2       0x6a /home/lovro/opt/cross-newlib/m68k-elf-rosco/lib/libc.a(libc_a-itoa.o)
                0x001352d2                itoa
 .text._strtol_l.isra.0
                0x0013533c      0x256 /home/lovro/opt/cross-newlib/m68k-elf-rosco/lib/libc.a(libc_a-strtol.o)
 .text.strtol   0x00135592       0x1e /home/lovro/opt/cross-newlib/m68k-elf-rosco/lib/libc.a(libc_a-strtol.o)
                0x00135592                strtol
 .text.__utoa   0x001355b0       0xa4 /home/lovro/opt/cross-newlib/m68k-elf-rosco/lib/libc.a(libc_a-utoa.o)
                0x001355b0                __utoa
 .text.setenv   0x00135654       0x1e /home/lovro/opt/cross-newlib/m68k-elf-rosco/lib/libc.a(libc_a-setenv.o)
                0x00135654                setenv
 .text._setenv_r
                0x00135672      0x200 /home/lovro/opt/cross-newlib/m68k-elf-rosco/lib/libc.a(libc_a-setenv_r.o)
                0x00135672                _setenv_r
 .text.__sflush_r
                0x00135872      0x1ba /home/lovro/opt/cross-newlib/m68k-elf-rosco/lib/libc.a(libc_a-fflush.o)
                0x00135872                __sflush_r
 .text._fflush_r
                0x00135a2c       0x44 /home/lovro/opt/cross-newlib/m68k-elf-rosco/lib/libc.a(libc_a-fflush.o)
                0x00135a2c                _fflush_r
 .text.fflush   0x00135a70       0x74 /home/lovro/opt/cross-newlib/m68k-elf-rosco/lib/libc.a(libc_a-fflush.o)
                0x00135a70                fflush
 .text.stdio_exit_handler
                0x00135ae4       0x1e /home/lovro/opt/cross-newlib/m68k-elf-rosco/lib/libc.a(libc_a-findfp.o)
 .text.cleanup_stdio
                0x00135b02       0x52 /home/lovro/opt/cross-newlib/m68k-elf-rosco/lib/libc.a(libc_a-findfp.o)
 .text.global_stdio_init.part.0
                0x00135b54      0x178 /home/lovro/opt/cross-newlib/m68k-elf-rosco/lib/libc.a(libc_a-findfp.o)
 .text.__sinit  0x00135ccc       0x22 /home/lovro/opt/cross-newlib/m68k-elf-rosco/lib/libc.a(libc_a-findfp.o)
                0x00135ccc                __sinit
 .text.__sfp_lock_acquire
                0x00135cee        0x2 /home/lovro/opt/cross-newlib/m68k-elf-rosco/lib/libc.a(libc_a-findfp.o)
                0x00135cee                __sfp_lock_acquire
 .text.__sfp_lock_release
                0x00135cf0        0x2 /home/lovro/opt/cross-newlib/m68k-elf-rosco/lib/libc.a(libc_a-findfp.o)
                0x00135cf0                __sfp_lock_release
 .text._fwalk_sglue
                0x00135cf2       0x56 /home/lovro/opt/cross-newlib/m68k-elf-rosco/lib/libc.a(libc_a-fwalk.o)
                0x00135cf2                _fwalk_sglue
 .text._perror_r
                0x00135d48      0x172 /home/lovro/opt/cross-newlib/m68k-elf-rosco/lib/libc.a(libc_a-perror.o)
                0x00135d48                _perror_r
 .text.perror   0x00135eba       0x14 /home/lovro/opt/cross-newlib/m68k-elf-rosco/lib/libc.a(libc_a-perror.o)
                0x00135eba                perror
 .text.printf   0x00135ece       0x26 /home/lovro/opt/cross-newlib/m68k-elf-rosco/lib/libc.a(libc_a-printf.o)
                0x00135ece                printf
 .text.putchar  0x00135ef4       0x1c /home/lovro/opt/cross-newlib/m68k-elf-rosco/lib/libc.a(libc_a-putchar.o)
                0x00135ef4                putchar
 .text._puts_r  0x00135f10       0xb0 /home/lovro/opt/cross-newlib/m68k-elf-rosco/lib/libc.a(libc_a-puts.o)
                0x00135f10                _puts_r
 .text.puts     0x00135fc0       0x14 /home/lovro/opt/cross-newlib/m68k-elf-rosco/lib/libc.a(libc_a-puts.o)
                0x00135fc0                puts
 .text.__sread  0x00135fd4       0x38 /home/lovro/opt/cross-newlib/m68k-elf-rosco/lib/libc.a(libc_a-stdio.o)
                0x00135fd4                __sread
 .text.__swrite
                0x0013600c       0x86 /home/lovro/opt/cross-newlib/m68k-elf-rosco/lib/libc.a(libc_a-stdio.o)
                0x0013600c                __swrite
 .text.__sseek  0x00136092       0x40 /home/lovro/opt/cross-newlib/m68k-elf-rosco/lib/libc.a(libc_a-stdio.o)
                0x00136092                __sseek
 .text.__sclose
                0x001360d2       0x12 /home/lovro/opt/cross-newlib/m68k-elf-rosco/lib/libc.a(libc_a-stdio.o)
                0x001360d2                __sclose
 .text.memcmp   0x001360e4       0x78 /home/lovro/opt/cross-newlib/m68k-elf-rosco/lib/libc.a(libc_a-memcmp.o)
                0x001360e4                memcmp
 .text.strcat   0x0013615c       0x5a /home/lovro/opt/cross-newlib/m68k-elf-rosco/lib/libc.a(libc_a-strcat.o)
                0x0013615c                strcat
 .text.strchr   0x001361b6      0x10e /home/lovro/opt/cross-newlib/m68k-elf-rosco/lib/libc.a(libc_a-strchr.o)
                0x001361b6                strchr
 .text.strcmp   0x001362c4       0x78 /home/lovro/opt/cross-newlib/m68k-elf-rosco/lib/libc.a(libc_a-strcmp.o)
                0x001362c4                strcmp
 .text._strerror_r
                0x0013633c      0x406 /home/lovro/opt/cross-newlib/m68k-elf-rosco/lib/libc.a(libc_a-strerror.o)
                0x0013633c                _strerror_r
 .text.strncat  0x00136742       0x66 /home/lovro/opt/cross-newlib/m68k-elf-rosco/lib/libc.a(libc_a-strncat.o)
                0x00136742                strncat
 .text.strncmp  0x001367a8       0xa8 /home/lovro/opt/cross-newlib/m68k-elf-rosco/lib/libc.a(libc_a-strncmp.o)
                0x001367a8                strncmp
 .text.strncpy  0x00136850       0x7c /home/lovro/opt/cross-newlib/m68k-elf-rosco/lib/libc.a(libc_a-strncpy.o)
                0x00136850                strncpy
 .text.strrchr  0x001368cc       0x54 /home/lovro/opt/cross-newlib/m68k-elf-rosco/lib/libc.a(libc_a-strrchr.o)
                0x001368cc                strrchr
 .text.strtok   0x00136920       0x22 /home/lovro/opt/cross-newlib/m68k-elf-rosco/lib/libc.a(libc_a-strtok.o)
                0x00136920                strtok
 .text.__strtok_r
                0x00136942       0xa2 /home/lovro/opt/cross-newlib/m68k-elf-rosco/lib/libc.a(libc_a-strtok_r.o)
                0x00136942                __strtok_r
 .text._user_strerror
                0x001369e4        0x4 /home/lovro/opt/cross-newlib/m68k-elf-rosco/lib/libc.a(libc_a-u_strerr.o)
                0x001369e4                _user_strerror
 .text.__errno  0x001369e8        0x8 /home/lovro/opt/cross-newlib/m68k-elf-rosco/lib/libc.a(libc_a-errno.o)
                0x001369e8                __errno
 .text.strcpy   0x001369f0       0x14 /home/lovro/opt/cross-newlib/m68k-elf-rosco/lib/libc.a(libc_a-strcpy.o)
                0x001369f0                strcpy
 .text.strlen   0x00136a04       0x14 /home/lovro/opt/cross-newlib/m68k-elf-rosco/lib/libc.a(libc_a-strlen.o)
                0x00136a04                strlen
 .text          0x00136a18       0x6e /home/lovro/opt/cross-newlib/m68k-elf-rosco/lib/libc.a(libc_a-memcpy.o)
                0x00136a18                memcpy
 *fill*         0x00136a86        0x2 
 .text          0x00136a88       0x72 /home/lovro/opt/cross-newlib/m68k-elf-rosco/lib/libc.a(libc_a-memset.o)
                0x00136a88                memset
 .text.__register_exitproc
                0x00136afa       0x96 /home/lovro/opt/cross-newlib/m68k-elf-rosco/lib/libc.a(libc_a-__atexit.o)
                0x00136afa                __register_exitproc
 .text.__call_exitprocs
                0x00136b90       0xbc /home/lovro/opt/cross-newlib/m68k-elf-rosco/lib/libc.a(libc_a-__call_atexit.o)
                0x00136b90                __call_exitprocs
 .text.__env_lock
                0x00136c4c        0x2 /home/lovro/opt/cross-newlib/m68k-elf-rosco/lib/libc.a(libc_a-envlock.o)
                0x00136c4c                __env_lock
 .text.__env_unlock
                0x00136c4e        0x2 /home/lovro/opt/cross-newlib/m68k-elf-rosco/lib/libc.a(libc_a-envlock.o)
                0x00136c4e                __env_unlock
 .text._malloc_trim_r
                0x00136c50       0xda /home/lovro/opt/cross-newlib/m68k-elf-rosco/lib/libc.a(libc_a-freer.o)
                0x00136c50                _malloc_trim_r
 .text._free_r  0x00136d2a      0x352 /home/lovro/opt/cross-newlib/m68k-elf-rosco/lib/libc.a(libc_a-freer.o)
                0x00136d2a                _free_r
 .text._malloc_r
                0x0013707c      0x842 /home/lovro/opt/cross-newlib/m68k-elf-rosco/lib/libc.a(libc_a-mallocr.o)
                0x0013707c                _malloc_r
 .text.__malloc_lock
                0x001378be        0x2 /home/lovro/opt/cross-newlib/m68k-elf-rosco/lib/libc.a(libc_a-mlock.o)
                0x001378be                __malloc_lock
 .text.__malloc_unlock
                0x001378c0        0x2 /home/lovro/opt/cross-newlib/m68k-elf-rosco/lib/libc.a(libc_a-mlock.o)
                0x001378c0                __malloc_unlock
 .text._realloc_r
                0x001378c2      0x5f0 /home/lovro/opt/cross-newlib/m68k-elf-rosco/lib/libc.a(libc_a-reallocr.o)
                0x001378c2                _realloc_r
 .text._vfprintf_r
                0x00137eb2     0x1d04 /home/lovro/opt/cross-newlib/m68k-elf-rosco/lib/libc.a(libc_a-vfprintf.o)
                0x00137eb2                _vfprintf_r
 .text.__sbprintf
                0x00139bb6       0xa4 /home/lovro/opt/cross-newlib/m68k-elf-rosco/lib/libc.a(libc_a-vfprintf.o)
 .text.__sprint_r
                0x00139c5a       0x36 /home/lovro/opt/cross-newlib/m68k-elf-rosco/lib/libc.a(libc_a-sprint_r.o)
                0x00139c5a                __sprint_r
 .text._fclose_r
                0x00139c90       0xd8 /home/lovro/opt/cross-newlib/m68k-elf-rosco/lib/libc.a(libc_a-fclose.o)
                0x00139c90                _fclose_r
 .text.fileno   0x00139d68       0x44 /home/lovro/opt/cross-newlib/m68k-elf-rosco/lib/libc.a(libc_a-fileno.o)
                0x00139d68                fileno
 .text.__sfvwrite_r
                0x00139dac      0x3b6 /home/lovro/opt/cross-newlib/m68k-elf-rosco/lib/libc.a(libc_a-fvwrite.o)
                0x00139dac                __sfvwrite_r
 .text._putc_r  0x0013a162       0x78 /home/lovro/opt/cross-newlib/m68k-elf-rosco/lib/libc.a(libc_a-putc.o)
                0x0013a162                _putc_r
 .text.__swbuf_r
                0x0013a1da      0x100 /home/lovro/opt/cross-newlib/m68k-elf-rosco/lib/libc.a(libc_a-wbuf.o)
                0x0013a1da                __swbuf_r
 .text.__swsetup_r
                0x0013a2da      0x128 /home/lovro/opt/cross-newlib/m68k-elf-rosco/lib/libc.a(libc_a-wsetup.o)
                0x0013a2da                __swsetup_r
 .text.memchr   0x0013a402       0x9c /home/lovro/opt/cross-newlib/m68k-elf-rosco/lib/libc.a(libc_a-memchr.o)
                0x0013a402                memchr
 .text.memmove  0x0013a49e       0xf8 /home/lovro/opt/cross-newlib/m68k-elf-rosco/lib/libc.a(libc_a-memmove.o)
                0x0013a49e                memmove
 .text._localeconv_r
                0x0013a596        0x8 /home/lovro/opt/cross-newlib/m68k-elf-rosco/lib/libc.a(libc_a-localeconv.o)
                0x0013a596                _localeconv_r
 .text.quorem   0x0013a59e      0x1a2 /home/lovro/opt/cross-newlib/m68k-elf-rosco/lib/libc.a(libc_a-dtoa.o)
 .text._dtoa_r  0x0013a740     0x196a /home/lovro/opt/cross-newlib/m68k-elf-rosco/lib/libc.a(libc_a-dtoa.o)
                0x0013a740                _dtoa_r
 .text._Balloc  0x0013c0aa       0x90 /home/lovro/opt/cross-newlib/m68k-elf-rosco/lib/libc.a(libc_a-mprec.o)
                0x0013c0aa                _Balloc
 .text._Bfree   0x0013c13a       0x24 /home/lovro/opt/cross-newlib/m68k-elf-rosco/lib/libc.a(libc_a-mprec.o)
                0x0013c13a                _Bfree
 .text.__multadd
                0x0013c15e       0xfc /home/lovro/opt/cross-newlib/m68k-elf-rosco/lib/libc.a(libc_a-mprec.o)
                0x0013c15e                __multadd
 .text.__hi0bits
                0x0013c25a       0x66 /home/lovro/opt/cross-newlib/m68k-elf-rosco/lib/libc.a(libc_a-mprec.o)
                0x0013c25a                __hi0bits
 .text.__lo0bits
                0x0013c2c0       0x76 /home/lovro/opt/cross-newlib/m68k-elf-rosco/lib/libc.a(libc_a-mprec.o)
                0x0013c2c0                __lo0bits
 .text.__i2b    0x0013c336       0xa4 /home/lovro/opt/cross-newlib/m68k-elf-rosco/lib/libc.a(libc_a-mprec.o)
                0x0013c336                __i2b
 .text.__multiply
                0x0013c3da      0x20a /home/lovro/opt/cross-newlib/m68k-elf-rosco/lib/libc.a(libc_a-mprec.o)
                0x0013c3da                __multiply
 .text.__pow5mult
                0x0013c5e4       0xfc /home/lovro/opt/cross-newlib/m68k-elf-rosco/lib/libc.a(libc_a-mprec.o)
                0x0013c5e4                __pow5mult
 .text.__lshift
                0x0013c6e0      0x112 /home/lovro/opt/cross-newlib/m68k-elf-rosco/lib/libc.a(libc_a-mprec.o)
                0x0013c6e0                __lshift
 .text.__mcmp   0x0013c7f2       0x4e /home/lovro/opt/cross-newlib/m68k-elf-rosco/lib/libc.a(libc_a-mprec.o)
                0x0013c7f2                __mcmp
 .text.__mdiff  0x0013c840      0x1d0 /home/lovro/opt/cross-newlib/m68k-elf-rosco/lib/libc.a(libc_a-mprec.o)
                0x0013c840                __mdiff
 .text.__d2b    0x0013ca10      0x122 /home/lovro/opt/cross-newlib/m68k-elf-rosco/lib/libc.a(libc_a-mprec.o)
                0x0013ca10                __d2b
 .text.__swhatbuf_r
                0x0013cb32       0xb6 /home/lovro/opt/cross-newlib/m68k-elf-rosco/lib/libc.a(libc_a-makebuf.o)
                0x0013cb32                __swhatbuf_r
 .text.__smakebuf_r
                0x0013cbe8       0xde /home/lovro/opt/cross-newlib/m68k-elf-rosco/lib/libc.a(libc_a-makebuf.o)
                0x0013cbe8                __smakebuf_r
 .text.__assert_func
                0x0013ccc6       0x6c /home/lovro/opt/cross-newlib/m68k-elf-rosco/lib/libc.a(libc_a-assert.o)
                0x0013ccc6                __assert_func
 .text._calloc_r
                0x0013cd32      0x13a /home/lovro/opt/cross-newlib/m68k-elf-rosco/lib/libc.a(libc_a-callocr.o)
                0x0013cd32                _calloc_r
 .text.__ascii_mbtowc
                0x0013ce6c       0x44 /home/lovro/opt/cross-newlib/m68k-elf-rosco/lib/libc.a(libc_a-mbtowc_r.o)
                0x0013ce6c                __ascii_mbtowc
 .text.__ascii_wctomb
                0x0013ceb0       0x2e /home/lovro/opt/cross-newlib/m68k-elf-rosco/lib/libc.a(libc_a-wctomb_r.o)
                0x0013ceb0                __ascii_wctomb
 .text.fiprintf
                0x0013cede       0x24 /home/lovro/opt/cross-newlib/m68k-elf-rosco/lib/libc.a(libc_a-fiprintf.o)
                0x0013cede                fiprintf
 .text._vfiprintf_r
                0x0013cf02      0xdce /home/lovro/opt/cross-newlib/m68k-elf-rosco/lib/libc.a(libc_a-vfiprintf.o)
                0x0013cf02                _vfiprintf_r
 .text.__sbprintf
                0x0013dcd0       0xa4 /home/lovro/opt/cross-newlib/m68k-elf-rosco/lib/libc.a(libc_a-vfiprintf.o)
 .text.abort    0x0013dd74       0x14 /home/lovro/opt/cross-newlib/m68k-elf-rosco/lib/libc.a(libc_a-abort.o)
                0x0013dd74                abort
 .text.raise    0x0013dd88       0x7e /home/lovro/opt/cross-newlib/m68k-elf-rosco/lib/libc.a(libc_a-signal.o)
                0x0013dd88                raise
 *fill*         0x0013de06        0x2 
 .text          0x0013de08       0x22 /opt/m68k-toolchain/bin/../lib/gcc/m68k-elf/6.3.0/libgcc.a(_mulsi3.o)
                0x0013de08                __mulsi3
 *fill*         0x0013de2a        0x2 
 .text          0x0013de2c       0x5c /opt/m68k-toolchain/bin/../lib/gcc/m68k-elf/6.3.0/libgcc.a(_udivsi3.o)
                0x0013de2c                __udivsi3
 .text          0x0013de88       0x2e /opt/m68k-toolchain/bin/../lib/gcc/m68k-elf/6.3.0/libgcc.a(_divsi3.o)
                0x0013de88                __divsi3
 *fill*         0x0013deb6        0x2 
 .text          0x0013deb8       0x2e /opt/m68k-toolchain/bin/../lib/gcc/m68k-elf/6.3.0/libgcc.a(_umodsi3.o)
                0x0013deb8                __umodsi3
 *fill*         0x0013dee6        0x2 
 .text          0x0013dee8       0x2e /opt/m68k-toolchain/bin/../lib/gcc/m68k-elf/6.3.0/libgcc.a(_modsi3.o)
                0x0013dee8                __modsi3
 *fill*         0x0013df16        0x2 
 .text          0x0013df18      0x9cc /opt/m68k-toolchain/bin/../lib/gcc/m68k-elf/6.3.0/libgcc.a(_double.o)
                0x0013df72                __subdf3
                0x0013df78                __adddf3
                0x0013e30e                __muldf3
                0x0013e4bc                __divdf3
                0x0013e730                __negdf2
                0x0013e78e                __cmpdf2_internal
                0x0013e85e                __cmpdf2
 .text          0x0013e8e4       0x6a /opt/m68k-toolchain/bin/../lib/gcc/m68k-elf/6.3.0/libgcc.a(_floatex.o)
                0x0013e8e4                __clear_sticky_bit
                0x0013e8f2                $_exception_handler
 *fill*         0x0013e94e        0x2 
 .text          0x0013e950       0x22 /opt/m68k-toolchain/bin/../lib/gcc/m68k-elf/6.3.0/libgcc.a(_eqdf2.o)
                0x0013e950                __eqdf2
 *fill*         0x0013e972        0x2 
 .text          0x0013e974       0x22 /opt/m68k-toolchain/bin/../lib/gcc/m68k-elf/6.3.0/libgcc.a(_nedf2.o)
                0x0013e974                __nedf2
 *fill*         0x0013e996        0x2 
 .text          0x0013e998       0x22 /opt/m68k-toolchain/bin/../lib/gcc/m68k-elf/6.3.0/libgcc.a(_gtdf2.o)
                0x0013e998                __gtdf2
 *fill*         0x0013e9ba        0x2 
 .text          0x0013e9bc       0x22 /opt/m68k-toolchain/bin/../lib/gcc/m68k-elf/6.3.0/libgcc.a(_ltdf2.o)
                0x0013e9bc                __ltdf2
 *fill*         0x0013e9de        0x2 
 .text          0x0013e9e0       0x22 /opt/m68k-toolchain/bin/../lib/gcc/m68k-elf/6.3.0/libgcc.a(_ledf2.o)
                0x0013e9e0                __ledf2
 *fill*         0x0013ea02        0x2 
 .text          0x0013ea04      0x4ba /opt/m68k-toolchain/bin/../lib/gcc/m68k-elf/6.3.0/libgcc.a(fpgnulib.o)
                0x0013ea04                __unordsf2
                0x0013ea64                __unorddf2
                0x0013ead6                __floatunsidf
                0x0013eb42                __floatsidf
                0x0013ec0c                __floatunsisf
                0x0013ec26                __floatsisf
                0x0013ec40                __extendsfdf2
                0x0013ecbc                __truncdfsf2
                0x0013ee0e                __fixdfsi
                0x0013eea4                __fixsfsi
 *fill*         0x0013eebe        0x2 
 .text          0x0013eec0      0x81e /opt/m68k-toolchain/bin/../lib/gcc/m68k-elf/6.3.0/libgcc.a(xfgnulib.o)
                0x0013eec0                __unordxf2
                0x0013ef44                __extenddfxf2
                0x0013f05a                __truncxfdf2
                0x0013f142                __extendsfxf2
                0x0013f186                __truncxfsf2
                0x0013f1ae                __floatsixf
                0x0013f1f4                __floatunsixf
                0x0013f23a                __fixxfsi
                0x0013f262                __addxf3
                0x0013f2d8                __subxf3
                0x0013f34e                __mulxf3
                0x0013f3c4                __divxf3
                0x0013f43a                __negxf2
                0x0013f492                __cmpxf2
                0x0013f4e6                __eqxf2
                0x0013f53a                __nexf2
                0x0013f58e                __ltxf2
                0x0013f5e2                __lexf2
                0x0013f636                __gtxf2
                0x0013f68a                __gexf2
 *(.init*)
 *(.fini*)
                0x0013f6e0                        . = ALIGN (0x4)
 *fill*         0x0013f6de        0x2 
                0x0013f6e0                        _etext = .

.got            0x0013f6e0        0x0
                0x0013f6e0                        _GLOBAL_OFFSET_TABLE_ = .
 *(.got.plt)
 *(.got)

.plt
 *(.plt)

.rodata         0x0013f6e0     0x1102
 *(.rodata .rodata.*)
 .rodata.list_dir.str1.1
                0x0013f6e0       0x48 ../bin/main.o
 .rodata.parse_line.str1.1
                0x0013f728      0x275 ../bin/main.o
                                0x27f (size before relaxing)
 .rodata.main.str1.1
                0x0013f99d       0x29 ../bin/main.o
 .rodata.xmodem_receive.str1.1
                0x0013f9c6       0xc3 ../bin/xmodem.o
 .rodata.check_fs.part.5.str1.1
                0x0013fa89       0xc3 ../bin/ff.o
                                  0x9 (size before relaxing)
 .rodata.follow_path.str1.1
                0x0013fa89        0xf ../bin/ff.o
 .rodata.f_mkfs.str1.1
                0x0013fa98       0x34 ../bin/ff.o
 .rodata.cst.2535
                0x0013facc        0xe ../bin/ff.o
 .rodata.cst32.2536
                0x0013fada        0xe ../bin/ff.o
 .rodata.defopt.2537
                0x0013fae8        0xe ../bin/ff.o
 .rodata.sys_read_sectors.str1.1
                0x0013faf6       0x1a ../bin/sys_IDE.o
 .rodata.sys_write_sectors.str1.1
                0x0013fb10       0x1b ../bin/sys_IDE.o
 .rodata        0x0013fb2b       0x17 ../bin/amix_sys.o
 .rodata.kernel_panic_print.str1.1
                0x0013fb42       0x13 ../bin/kernel.o
 .rodata.kernel_start.str1.1
                0x0013fb55      0x22c ../bin/kernel.o
                                0x22f (size before relaxing)
 .rodata.load_elf.str1.1
                0x0013fd81        0x5 ../bin/elf_loader_68k.o
 .rodata.call_address.str1.1
                0x0013fd86       0x1c ../bin/elf_loader_68k.o
 .rodata.run_file.str1.1
                0x0013fda2       0x50 ../bin/elf_loader_68k.o
                                 0x52 (size before relaxing)
 .rodata.history_start.str1.1
                0x0013fdf2       0x50 ../bin/history.o
                                  0x1 (size before relaxing)
 .rodata._exit.str1.1
                0x0013fdf2       0x1c ../bin/amix-syscalls.o
 .rodata.__utoa.str1.1
                0x0013fe0e       0x25 /home/lovro/opt/cross-newlib/m68k-elf-rosco/lib/libc.a(libc_a-utoa.o)
 .rodata._ctype_
                0x0013fe33      0x101 /home/lovro/opt/cross-newlib/m68k-elf-rosco/lib/libc.a(libc_a-ctype_.o)
                0x0013fe33                _ctype_
 .rodata._perror_r.str1.1
                0x0013ff34       0x25 /home/lovro/opt/cross-newlib/m68k-elf-rosco/lib/libc.a(libc_a-perror.o)
                                  0x5 (size before relaxing)
 .rodata._puts_r.str1.1
                0x0013ff34        0x2 /home/lovro/opt/cross-newlib/m68k-elf-rosco/lib/libc.a(libc_a-puts.o)
 .rodata._strerror_r.str1.1
                0x0013ff34      0x687 /home/lovro/opt/cross-newlib/m68k-elf-rosco/lib/libc.a(libc_a-strerror.o)
                                0x697 (size before relaxing)
 .rodata._vfprintf_r.str1.1
                0x001405bb       0x39 /home/lovro/opt/cross-newlib/m68k-elf-rosco/lib/libc.a(libc_a-vfprintf.o)
                                 0x3b (size before relaxing)
 .rodata.zeroes.0
                0x001405f4       0x10 /home/lovro/opt/cross-newlib/m68k-elf-rosco/lib/libc.a(libc_a-vfprintf.o)
 .rodata.blanks.1
                0x00140604       0x10 /home/lovro/opt/cross-newlib/m68k-elf-rosco/lib/libc.a(libc_a-vfprintf.o)
 .rodata._dtoa_r.str1.1
                0x00140614       0x46 /home/lovro/opt/cross-newlib/m68k-elf-rosco/lib/libc.a(libc_a-dtoa.o)
                                 0x48 (size before relaxing)
 .rodata.__multadd.str1.1
                0x0014065a       0x29 /home/lovro/opt/cross-newlib/m68k-elf-rosco/lib/libc.a(libc_a-mprec.o)
                                 0x3a (size before relaxing)
 *fill*         0x00140683        0x1 
 .rodata.p05.0  0x00140684        0xc /home/lovro/opt/cross-newlib/m68k-elf-rosco/lib/libc.a(libc_a-mprec.o)
 .rodata.__mprec_bigtens
                0x00140690       0x28 /home/lovro/opt/cross-newlib/m68k-elf-rosco/lib/libc.a(libc_a-mprec.o)
                0x00140690                __mprec_bigtens
 .rodata.__mprec_tens
                0x001406b8       0xc8 /home/lovro/opt/cross-newlib/m68k-elf-rosco/lib/libc.a(libc_a-mprec.o)
                0x001406b8                __mprec_tens
 .rodata._setlocale_r.str1.1
                0x00140780        0x6 /home/lovro/opt/cross-newlib/m68k-elf-rosco/lib/libc.a(libc_a-locale.o)
                                  0x9 (size before relaxing)
 .rodata.str1.1
                0x00140786        0x2 /home/lovro/opt/cross-newlib/m68k-elf-rosco/lib/libc.a(libc_a-locale.o)
 .rodata.__assert_func.str1.1
                0x00140786       0x3c /home/lovro/opt/cross-newlib/m68k-elf-rosco/lib/libc.a(libc_a-assert.o)
                                 0x3d (size before relaxing)
 .rodata._vfiprintf_r.str1.1
                0x001407c2       0x29 /home/lovro/opt/cross-newlib/m68k-elf-rosco/lib/libc.a(libc_a-vfiprintf.o)
 .rodata.zeroes.0
                0x001407c2       0x10 /home/lovro/opt/cross-newlib/m68k-elf-rosco/lib/libc.a(libc_a-vfiprintf.o)
 .rodata.blanks.1
                0x001407d2       0x10 /home/lovro/opt/cross-newlib/m68k-elf-rosco/lib/libc.a(libc_a-vfiprintf.o)

.data           0x001407e4      0x6f8
                0x001407e4                        _data_start = .
                0x001407e4                        __CTOR_LIST__ = .
 *crtbegin*.o(.ctors)
 *(SORT_BY_NAME(.ctors.*))
 *(.ctors)
 *crtend*.o(.ctors)
                0x001407e4        0x4 LONG 0x0
                0x001407e8                        __CTOR_END__ = .
                0x001407e8                        __DTOR_LIST__ = .
 *crtbegin*.o(.dtors)
 *(SORT_BY_NAME(.dtors.*))
 *(.dtors)
 *crtend*.o(.dtors)
                0x001407e8        0x4 LONG 0x0
                0x001407ec                        __DTOR_END__ = .
 *(.data .data.*)
 .data          0x001407ec       0x24 ../bin/crt0.o
                0x0014080c                environ
 .data.plist    0x00140810        0xc ../bin/main.o
                0x00140810                plist
 .data.VolToPart
                0x0014081c        0x4 ../bin/main.o
                0x0014081c                VolToPart
 .data.__sglue  0x00140820        0xc /home/lovro/opt/cross-newlib/m68k-elf-rosco/lib/libc.a(libc_a-findfp.o)
                0x00140820                __sglue
 .data._impure_ptr
                0x0014082c        0x4 /home/lovro/opt/cross-newlib/m68k-elf-rosco/lib/libc.a(libc_a-impure.o)
                0x0014082c                _impure_ptr
 .data._impure_data
                0x00140830      0x116 /home/lovro/opt/cross-newlib/m68k-elf-rosco/lib/libc.a(libc_a-impure.o)
                0x00140830                _impure_data
 .data.__malloc_sbrk_base
                0x00140946        0x4 /home/lovro/opt/cross-newlib/m68k-elf-rosco/lib/libc.a(libc_a-mallocr.o)
                0x00140946                __malloc_sbrk_base
 .data.__malloc_trim_threshold
                0x0014094a        0x4 /home/lovro/opt/cross-newlib/m68k-elf-rosco/lib/libc.a(libc_a-mallocr.o)
                0x0014094a                __malloc_trim_threshold
 .data.__malloc_av_
                0x0014094e      0x408 /home/lovro/opt/cross-newlib/m68k-elf-rosco/lib/libc.a(libc_a-mallocr.o)
                0x0014094e                __malloc_av_
 .data.__global_locale
                0x00140d56      0x168 /home/lovro/opt/cross-newlib/m68k-elf-rosco/lib/libc.a(libc_a-locale.o)
                0x00140d56                __global_locale
 *fill*         0x00140ebe        0x2 
 .data          0x00140ec0       0x1c /opt/m68k-toolchain/bin/../lib/gcc/m68k-elf/6.3.0/libgcc.a(_floatex.o)
                0x00140ec0                _fpCCR
                0x00140edc                        . = ALIGN (0x4)
                0x00140edc                        _edata = .

.bss            0x00140edc    0x2174c
                0x00140edc                        __bss_start = .
                0x00140edc                        _bss_start = .
 *(.bss .bss.*)
 .bss.times     0x00140edc        0x4 ../bin/xmodem.o
                0x00140edc                times
 .bss.CurrVol   0x00140ee0        0x1 ../bin/ff.o
 *fill*         0x00140ee1        0x1 
 .bss.Fsid      0x00140ee2        0x2 ../bin/ff.o
 .bss.FatFs     0x00140ee4        0x8 ../bin/ff.o
 .bss.heap_end.3097
                0x00140eec        0x4 ../bin/amix-syscalls.o
 .bss.alloced.0
                0x00140ef0        0x4 /home/lovro/opt/cross-newlib/m68k-elf-rosco/lib/libc.a(libc_a-setenv_r.o)
 .bss.__sf      0x00140ef4      0x138 /home/lovro/opt/cross-newlib/m68k-elf-rosco/lib/libc.a(libc_a-findfp.o)
                0x00140ef4                __sf
 .bss.__stdio_exit_handler
                0x0014102c        0x4 /home/lovro/opt/cross-newlib/m68k-elf-rosco/lib/libc.a(libc_a-findfp.o)
                0x0014102c                __stdio_exit_handler
 .bss.__atexit0
                0x00141030      0x190 /home/lovro/opt/cross-newlib/m68k-elf-rosco/lib/libc.a(libc_a-__atexit.o)
                0x00141030                __atexit0
 .bss.__atexit  0x001411c0        0x4 /home/lovro/opt/cross-newlib/m68k-elf-rosco/lib/libc.a(libc_a-__call_atexit.o)
                0x001411c0                __atexit
 .bss.__malloc_current_mallinfo
                0x001411c4       0x28 /home/lovro/opt/cross-newlib/m68k-elf-rosco/lib/libc.a(libc_a-mallocr.o)
                0x001411c4                __malloc_current_mallinfo
 .bss.__malloc_max_total_mem
                0x001411ec        0x4 /home/lovro/opt/cross-newlib/m68k-elf-rosco/lib/libc.a(libc_a-mallocr.o)
                0x001411ec                __malloc_max_total_mem
 .bss.__malloc_max_sbrked_mem
                0x001411f0        0x4 /home/lovro/opt/cross-newlib/m68k-elf-rosco/lib/libc.a(libc_a-mallocr.o)
                0x001411f0                __malloc_max_sbrked_mem
 .bss.__malloc_top_pad
                0x001411f4        0x4 /home/lovro/opt/cross-newlib/m68k-elf-rosco/lib/libc.a(libc_a-mallocr.o)
                0x001411f4                __malloc_top_pad
 *(COMMON)
 COMMON         0x001411f8      0x50c ../bin/main.o
                0x001411f8                _BIN_PATH
                0x001412f8                _WORKING_PROGRAM_ADD
                0x001412fc                _WORKING_PROGRAM_MAX_SIZE
                0x00141300                buffer
                0x00141304                _SRC_PATH
                0x00141404                _SYS_PATH
                0x00141504                work
 COMMON         0x00141704      0x234 ../bin/kernel.o
                0x00141704                fs
 COMMON         0x00141938    0x20100 ../bin/elf_loader_68k.o
                0x00141938                bigbuf
                0x00161938                resbuff
 COMMON         0x00161a38      0x7ed ../bin/history.o
                0x00161a38                history_ptr
                0x00161a3c                history_buffer
 *fill*         0x00162225        0x1 
 COMMON         0x00162226      0x400 ../bin/amix-syscalls.o
                0x00162226                cbuf
                0x00162628                        . = ALIGN (0x4)
 *fill*         0x00162626        0x2 
                0x00162628                        _end = .
                0x00162628                        __end = .
                0x00162628                        . = ALIGN (0x8)
                0x00164628                        . = (. + 0x2000)
                0x00164628                        __stack = .
                0x0016462c                        _heap_start = (. + 0x4)

.stab
 *(.stab)

.stabstr
 *(.stabstr)

.debug_info     0x00000000    0x2ad16
 *(.debug_info)
 .debug_info    0x00000000       0x26 ../bin/crt0.o
 .debug_info    0x00000026     0x1813 ../bin/main.o
 .debug_info    0x00001839      0xebf ../bin/xmodem.o
 .debug_info    0x000026f8      0xb30 ../bin/diskio.o
 .debug_info    0x00003228     0x3e5a ../bin/ff.o
 .debug_info    0x00007082     0x1028 ../bin/sys_IDE.o
 .debug_info    0x000080aa      0xcbb ../bin/amix_sys.o
 .debug_info    0x00008d65      0xf53 ../bin/kernel.o
 .debug_info    0x00009cb8       0x26 ../bin/syscalls_asm.o
 .debug_info    0x00009cde     0x19c3 ../bin/elf_loader_68k.o
 .debug_info    0x0000b6a1      0x998 ../bin/history.o
 .debug_info    0x0000c039     0x10c1 ../bin/amix-syscalls.o
 .debug_info    0x0000d0fa       0xfc /home/lovro/opt/cross-newlib/m68k-elf-rosco/lib/libc.a(libc_a-atexit.o)
 .debug_info    0x0000d1f6       0xee /home/lovro/opt/cross-newlib/m68k-elf-rosco/lib/libc.a(libc_a-exit.o)
 .debug_info    0x0000d2e4      0x7a8 /home/lovro/opt/cross-newlib/m68k-elf-rosco/lib/libc.a(libc_a-getenv.o)
 .debug_info    0x0000da8c      0x852 /home/lovro/opt/cross-newlib/m68k-elf-rosco/lib/libc.a(libc_a-getenv_r.o)
 .debug_info    0x0000e2de      0x1ee /home/lovro/opt/cross-newlib/m68k-elf-rosco/lib/libc.a(libc_a-itoa.o)
 .debug_info    0x0000e4cc      0xd66 /home/lovro/opt/cross-newlib/m68k-elf-rosco/lib/libc.a(libc_a-strtol.o)
 .debug_info    0x0000f232      0x1bd /home/lovro/opt/cross-newlib/m68k-elf-rosco/lib/libc.a(libc_a-utoa.o)
 .debug_info    0x0000f3ef      0x7be /home/lovro/opt/cross-newlib/m68k-elf-rosco/lib/libc.a(libc_a-setenv.o)
 .debug_info    0x0000fbad      0x9d7 /home/lovro/opt/cross-newlib/m68k-elf-rosco/lib/libc.a(libc_a-setenv_r.o)
 .debug_info    0x00010584       0xb9 /home/lovro/opt/cross-newlib/m68k-elf-rosco/lib/libc.a(libc_a-ctype_.o)
 .debug_info    0x0001063d      0x9ca /home/lovro/opt/cross-newlib/m68k-elf-rosco/lib/libc.a(libc_a-fflush.o)
 .debug_info    0x00011007      0xdef /home/lovro/opt/cross-newlib/m68k-elf-rosco/lib/libc.a(libc_a-findfp.o)
 .debug_info    0x00011df6      0x7d6 /home/lovro/opt/cross-newlib/m68k-elf-rosco/lib/libc.a(libc_a-fwalk.o)
 .debug_info    0x000125cc      0xa5e /home/lovro/opt/cross-newlib/m68k-elf-rosco/lib/libc.a(libc_a-perror.o)
 .debug_info    0x0001302a      0x82a /home/lovro/opt/cross-newlib/m68k-elf-rosco/lib/libc.a(libc_a-printf.o)
 .debug_info    0x00013854      0x7b1 /home/lovro/opt/cross-newlib/m68k-elf-rosco/lib/libc.a(libc_a-putchar.o)
 .debug_info    0x00014005      0x8d9 /home/lovro/opt/cross-newlib/m68k-elf-rosco/lib/libc.a(libc_a-puts.o)
 .debug_info    0x000148de      0x9ff /home/lovro/opt/cross-newlib/m68k-elf-rosco/lib/libc.a(libc_a-stdio.o)
 .debug_info    0x000152dd      0x122 /home/lovro/opt/cross-newlib/m68k-elf-rosco/lib/libc.a(libc_a-memcmp.o)
 .debug_info    0x000153ff      0x129 /home/lovro/opt/cross-newlib/m68k-elf-rosco/lib/libc.a(libc_a-strcat.o)
 .debug_info    0x00015528      0x126 /home/lovro/opt/cross-newlib/m68k-elf-rosco/lib/libc.a(libc_a-strchr.o)
 .debug_info    0x0001564e       0xeb /home/lovro/opt/cross-newlib/m68k-elf-rosco/lib/libc.a(libc_a-strcmp.o)
 .debug_info    0x00015739      0x83f /home/lovro/opt/cross-newlib/m68k-elf-rosco/lib/libc.a(libc_a-strerror.o)
 .debug_info    0x00015f78      0x121 /home/lovro/opt/cross-newlib/m68k-elf-rosco/lib/libc.a(libc_a-strncat.o)
 .debug_info    0x00016099      0x108 /home/lovro/opt/cross-newlib/m68k-elf-rosco/lib/libc.a(libc_a-strncmp.o)
 .debug_info    0x000161a1      0x146 /home/lovro/opt/cross-newlib/m68k-elf-rosco/lib/libc.a(libc_a-strncpy.o)
 .debug_info    0x000162e7      0x11c /home/lovro/opt/cross-newlib/m68k-elf-rosco/lib/libc.a(libc_a-strrchr.o)
 .debug_info    0x00016403      0x77c /home/lovro/opt/cross-newlib/m68k-elf-rosco/lib/libc.a(libc_a-strtok.o)
 .debug_info    0x00016b7f      0x187 /home/lovro/opt/cross-newlib/m68k-elf-rosco/lib/libc.a(libc_a-strtok_r.o)
 .debug_info    0x00016d06       0x84 /home/lovro/opt/cross-newlib/m68k-elf-rosco/lib/libc.a(libc_a-u_strerr.o)
 .debug_info    0x00016d8a      0x735 /home/lovro/opt/cross-newlib/m68k-elf-rosco/lib/libc.a(libc_a-impure.o)
 .debug_info    0x000174bf      0x71b /home/lovro/opt/cross-newlib/m68k-elf-rosco/lib/libc.a(libc_a-errno.o)
 .debug_info    0x00017bda       0xe7 /home/lovro/opt/cross-newlib/m68k-elf-rosco/lib/libc.a(libc_a-strcpy.o)
 .debug_info    0x00017cc1       0xdb /home/lovro/opt/cross-newlib/m68k-elf-rosco/lib/libc.a(libc_a-strlen.o)
 .debug_info    0x00017d9c       0x24 /home/lovro/opt/cross-newlib/m68k-elf-rosco/lib/libc.a(libc_a-memcpy.o)
 .debug_info    0x00017dc0       0x24 /home/lovro/opt/cross-newlib/m68k-elf-rosco/lib/libc.a(libc_a-memset.o)
 .debug_info    0x00017de4      0x1f0 /home/lovro/opt/cross-newlib/m68k-elf-rosco/lib/libc.a(libc_a-__atexit.o)
 .debug_info    0x00017fd4      0x21b /home/lovro/opt/cross-newlib/m68k-elf-rosco/lib/libc.a(libc_a-__call_atexit.o)
 .debug_info    0x000181ef      0x747 /home/lovro/opt/cross-newlib/m68k-elf-rosco/lib/libc.a(libc_a-envlock.o)
 .debug_info    0x00018936      0xac7 /home/lovro/opt/cross-newlib/m68k-elf-rosco/lib/libc.a(libc_a-freer.o)
 .debug_info    0x000193fd      0xc34 /home/lovro/opt/cross-newlib/m68k-elf-rosco/lib/libc.a(libc_a-mallocr.o)
 .debug_info    0x0001a031      0x747 /home/lovro/opt/cross-newlib/m68k-elf-rosco/lib/libc.a(libc_a-mlock.o)
 .debug_info    0x0001a778      0xb69 /home/lovro/opt/cross-newlib/m68k-elf-rosco/lib/libc.a(libc_a-reallocr.o)
 .debug_info    0x0001b2e1     0x157f /home/lovro/opt/cross-newlib/m68k-elf-rosco/lib/libc.a(libc_a-vfprintf.o)
 .debug_info    0x0001c860      0x7fc /home/lovro/opt/cross-newlib/m68k-elf-rosco/lib/libc.a(libc_a-sprint_r.o)
 .debug_info    0x0001d05c      0x897 /home/lovro/opt/cross-newlib/m68k-elf-rosco/lib/libc.a(libc_a-fclose.o)
 .debug_info    0x0001d8f3      0x781 /home/lovro/opt/cross-newlib/m68k-elf-rosco/lib/libc.a(libc_a-fileno.o)
 .debug_info    0x0001e074      0xa20 /home/lovro/opt/cross-newlib/m68k-elf-rosco/lib/libc.a(libc_a-fvwrite.o)
 .debug_info    0x0001ea94      0x8e7 /home/lovro/opt/cross-newlib/m68k-elf-rosco/lib/libc.a(libc_a-putc.o)
 .debug_info    0x0001f37b      0x830 /home/lovro/opt/cross-newlib/m68k-elf-rosco/lib/libc.a(libc_a-wbuf.o)
 .debug_info    0x0001fbab      0x7b9 /home/lovro/opt/cross-newlib/m68k-elf-rosco/lib/libc.a(libc_a-wsetup.o)
 .debug_info    0x00020364      0x142 /home/lovro/opt/cross-newlib/m68k-elf-rosco/lib/libc.a(libc_a-memchr.o)
 .debug_info    0x000204a6      0x144 /home/lovro/opt/cross-newlib/m68k-elf-rosco/lib/libc.a(libc_a-memmove.o)
 .debug_info    0x000205ea      0xa2e /home/lovro/opt/cross-newlib/m68k-elf-rosco/lib/libc.a(libc_a-localeconv.o)
 .debug_info    0x00021018     0x1513 /home/lovro/opt/cross-newlib/m68k-elf-rosco/lib/libc.a(libc_a-dtoa.o)
 .debug_info    0x0002252b     0x1b90 /home/lovro/opt/cross-newlib/m68k-elf-rosco/lib/libc.a(libc_a-mprec.o)
 .debug_info    0x000240bb      0xa92 /home/lovro/opt/cross-newlib/m68k-elf-rosco/lib/libc.a(libc_a-makebuf.o)
 .debug_info    0x00024b4d      0xb5a /home/lovro/opt/cross-newlib/m68k-elf-rosco/lib/libc.a(libc_a-locale.o)
 .debug_info    0x000256a7      0x7ef /home/lovro/opt/cross-newlib/m68k-elf-rosco/lib/libc.a(libc_a-assert.o)
 .debug_info    0x00025e96      0x8af /home/lovro/opt/cross-newlib/m68k-elf-rosco/lib/libc.a(libc_a-callocr.o)
 .debug_info    0x00026745      0xaa2 /home/lovro/opt/cross-newlib/m68k-elf-rosco/lib/libc.a(libc_a-mbtowc_r.o)
 .debug_info    0x000271e7      0xa63 /home/lovro/opt/cross-newlib/m68k-elf-rosco/lib/libc.a(libc_a-wctomb_r.o)
 .debug_info    0x00027c4a      0x830 /home/lovro/opt/cross-newlib/m68k-elf-rosco/lib/libc.a(libc_a-fiprintf.o)
 .debug_info    0x0002847a     0x1003 /home/lovro/opt/cross-newlib/m68k-elf-rosco/lib/libc.a(libc_a-vfiprintf.o)
 .debug_info    0x0002947d       0xc8 /home/lovro/opt/cross-newlib/m68k-elf-rosco/lib/libc.a(libc_a-abort.o)
 .debug_info    0x00029545      0xb66 /home/lovro/opt/cross-newlib/m68k-elf-rosco/lib/libc.a(libc_a-signal.o)
 .debug_info    0x0002a0ab       0x26 /opt/m68k-toolchain/bin/../lib/gcc/m68k-elf/6.3.0/libgcc.a(_mulsi3.o)
 .debug_info    0x0002a0d1       0x26 /opt/m68k-toolchain/bin/../lib/gcc/m68k-elf/6.3.0/libgcc.a(_udivsi3.o)
 .debug_info    0x0002a0f7       0x26 /opt/m68k-toolchain/bin/../lib/gcc/m68k-elf/6.3.0/libgcc.a(_divsi3.o)
 .debug_info    0x0002a11d       0x26 /opt/m68k-toolchain/bin/../lib/gcc/m68k-elf/6.3.0/libgcc.a(_umodsi3.o)
 .debug_info    0x0002a143       0x26 /opt/m68k-toolchain/bin/../lib/gcc/m68k-elf/6.3.0/libgcc.a(_modsi3.o)
 .debug_info    0x0002a169       0x26 /opt/m68k-toolchain/bin/../lib/gcc/m68k-elf/6.3.0/libgcc.a(_double.o)
 .debug_info    0x0002a18f       0x26 /opt/m68k-toolchain/bin/../lib/gcc/m68k-elf/6.3.0/libgcc.a(_floatex.o)
 .debug_info    0x0002a1b5       0x26 /opt/m68k-toolchain/bin/../lib/gcc/m68k-elf/6.3.0/libgcc.a(_eqdf2.o)
 .debug_info    0x0002a1db       0x26 /opt/m68k-toolchain/bin/../lib/gcc/m68k-elf/6.3.0/libgcc.a(_nedf2.o)
 .debug_info    0x0002a201       0x26 /opt/m68k-toolchain/bin/../lib/gcc/m68k-elf/6.3.0/libgcc.a(_gtdf2.o)
 .debug_info    0x0002a227       0x26 /opt/m68k-toolchain/bin/../lib/gcc/m68k-elf/6.3.0/libgcc.a(_ltdf2.o)
 .debug_info    0x0002a24d       0x26 /opt/m68k-toolchain/bin/../lib/gcc/m68k-elf/6.3.0/libgcc.a(_ledf2.o)
 .debug_info    0x0002a273      0x44e /opt/m68k-toolchain/bin/../lib/gcc/m68k-elf/6.3.0/libgcc.a(fpgnulib.o)
 .debug_info    0x0002a6c1      0x655 /opt/m68k-toolchain/bin/../lib/gcc/m68k-elf/6.3.0/libgcc.a(xfgnulib.o)

.debug_abbrev   0x00000000     0x9d4b
 *(.debug_abbrev)
 .debug_abbrev  0x00000000       0x14 ../bin/crt0.o
 .debug_abbrev  0x00000014      0x353 ../bin/main.o
 .debug_abbrev  0x00000367      0x2be ../bin/xmodem.o
 .debug_abbrev  0x00000625      0x281 ../bin/diskio.o
 .debug_abbrev  0x000008a6      0x45d ../bin/ff.o
 .debug_abbrev  0x00000d03      0x342 ../bin/sys_IDE.o
 .debug_abbrev  0x00001045      0x2a1 ../bin/amix_sys.o
 .debug_abbrev  0x000012e6      0x2bb ../bin/kernel.o
 .debug_abbrev  0x000015a1       0x14 ../bin/syscalls_asm.o
 .debug_abbrev  0x000015b5      0x3f3 ../bin/elf_loader_68k.o
 .debug_abbrev  0x000019a8      0x247 ../bin/history.o
 .debug_abbrev  0x00001bef      0x2f9 ../bin/amix-syscalls.o
 .debug_abbrev  0x00001ee8       0xb2 /home/lovro/opt/cross-newlib/m68k-elf-rosco/lib/libc.a(libc_a-atexit.o)
 .debug_abbrev  0x00001f9a       0xbe /home/lovro/opt/cross-newlib/m68k-elf-rosco/lib/libc.a(libc_a-exit.o)
 .debug_abbrev  0x00002058      0x20e /home/lovro/opt/cross-newlib/m68k-elf-rosco/lib/libc.a(libc_a-getenv.o)
 .debug_abbrev  0x00002266      0x240 /home/lovro/opt/cross-newlib/m68k-elf-rosco/lib/libc.a(libc_a-getenv_r.o)
 .debug_abbrev  0x000024a6      0x13a /home/lovro/opt/cross-newlib/m68k-elf-rosco/lib/libc.a(libc_a-itoa.o)
 .debug_abbrev  0x000025e0      0x330 /home/lovro/opt/cross-newlib/m68k-elf-rosco/lib/libc.a(libc_a-strtol.o)
 .debug_abbrev  0x00002910      0x13b /home/lovro/opt/cross-newlib/m68k-elf-rosco/lib/libc.a(libc_a-utoa.o)
 .debug_abbrev  0x00002a4b      0x200 /home/lovro/opt/cross-newlib/m68k-elf-rosco/lib/libc.a(libc_a-setenv.o)
 .debug_abbrev  0x00002c4b      0x2a1 /home/lovro/opt/cross-newlib/m68k-elf-rosco/lib/libc.a(libc_a-setenv_r.o)
 .debug_abbrev  0x00002eec       0x62 /home/lovro/opt/cross-newlib/m68k-elf-rosco/lib/libc.a(libc_a-ctype_.o)
 .debug_abbrev  0x00002f4e      0x311 /home/lovro/opt/cross-newlib/m68k-elf-rosco/lib/libc.a(libc_a-fflush.o)
 .debug_abbrev  0x0000325f      0x41c /home/lovro/opt/cross-newlib/m68k-elf-rosco/lib/libc.a(libc_a-findfp.o)
 .debug_abbrev  0x0000367b      0x1d6 /home/lovro/opt/cross-newlib/m68k-elf-rosco/lib/libc.a(libc_a-fwalk.o)
 .debug_abbrev  0x00003851      0x27b /home/lovro/opt/cross-newlib/m68k-elf-rosco/lib/libc.a(libc_a-perror.o)
 .debug_abbrev  0x00003acc      0x227 /home/lovro/opt/cross-newlib/m68k-elf-rosco/lib/libc.a(libc_a-printf.o)
 .debug_abbrev  0x00003cf3      0x1fd /home/lovro/opt/cross-newlib/m68k-elf-rosco/lib/libc.a(libc_a-putchar.o)
 .debug_abbrev  0x00003ef0      0x265 /home/lovro/opt/cross-newlib/m68k-elf-rosco/lib/libc.a(libc_a-puts.o)
 .debug_abbrev  0x00004155      0x243 /home/lovro/opt/cross-newlib/m68k-elf-rosco/lib/libc.a(libc_a-stdio.o)
 .debug_abbrev  0x00004398       0xa1 /home/lovro/opt/cross-newlib/m68k-elf-rosco/lib/libc.a(libc_a-memcmp.o)
 .debug_abbrev  0x00004439       0xdc /home/lovro/opt/cross-newlib/m68k-elf-rosco/lib/libc.a(libc_a-strcat.o)
 .debug_abbrev  0x00004515       0x94 /home/lovro/opt/cross-newlib/m68k-elf-rosco/lib/libc.a(libc_a-strchr.o)
 .debug_abbrev  0x000045a9       0x83 /home/lovro/opt/cross-newlib/m68k-elf-rosco/lib/libc.a(libc_a-strcmp.o)
 .debug_abbrev  0x0000462c      0x227 /home/lovro/opt/cross-newlib/m68k-elf-rosco/lib/libc.a(libc_a-strerror.o)
 .debug_abbrev  0x00004853       0xb2 /home/lovro/opt/cross-newlib/m68k-elf-rosco/lib/libc.a(libc_a-strncat.o)
 .debug_abbrev  0x00004905       0x92 /home/lovro/opt/cross-newlib/m68k-elf-rosco/lib/libc.a(libc_a-strncmp.o)
 .debug_abbrev  0x00004997       0xbe /home/lovro/opt/cross-newlib/m68k-elf-rosco/lib/libc.a(libc_a-strncpy.o)
 .debug_abbrev  0x00004a55       0xd6 /home/lovro/opt/cross-newlib/m68k-elf-rosco/lib/libc.a(libc_a-strrchr.o)
 .debug_abbrev  0x00004b2b      0x1f2 /home/lovro/opt/cross-newlib/m68k-elf-rosco/lib/libc.a(libc_a-strtok.o)
 .debug_abbrev  0x00004d1d      0x100 /home/lovro/opt/cross-newlib/m68k-elf-rosco/lib/libc.a(libc_a-strtok_r.o)
 .debug_abbrev  0x00004e1d       0x63 /home/lovro/opt/cross-newlib/m68k-elf-rosco/lib/libc.a(libc_a-u_strerr.o)
 .debug_abbrev  0x00004e80      0x185 /home/lovro/opt/cross-newlib/m68k-elf-rosco/lib/libc.a(libc_a-impure.o)
 .debug_abbrev  0x00005005      0x19a /home/lovro/opt/cross-newlib/m68k-elf-rosco/lib/libc.a(libc_a-errno.o)
 .debug_abbrev  0x0000519f       0x90 /home/lovro/opt/cross-newlib/m68k-elf-rosco/lib/libc.a(libc_a-strcpy.o)
 .debug_abbrev  0x0000522f       0x8a /home/lovro/opt/cross-newlib/m68k-elf-rosco/lib/libc.a(libc_a-strlen.o)
 .debug_abbrev  0x000052b9       0x14 /home/lovro/opt/cross-newlib/m68k-elf-rosco/lib/libc.a(libc_a-memcpy.o)
 .debug_abbrev  0x000052cd       0x14 /home/lovro/opt/cross-newlib/m68k-elf-rosco/lib/libc.a(libc_a-memset.o)
 .debug_abbrev  0x000052e1      0x13f /home/lovro/opt/cross-newlib/m68k-elf-rosco/lib/libc.a(libc_a-__atexit.o)
 .debug_abbrev  0x00005420      0x154 /home/lovro/opt/cross-newlib/m68k-elf-rosco/lib/libc.a(libc_a-__call_atexit.o)
 .debug_abbrev  0x00005574      0x1ce /home/lovro/opt/cross-newlib/m68k-elf-rosco/lib/libc.a(libc_a-envlock.o)
 .debug_abbrev  0x00005742      0x274 /home/lovro/opt/cross-newlib/m68k-elf-rosco/lib/libc.a(libc_a-freer.o)
 .debug_abbrev  0x000059b6      0x2c8 /home/lovro/opt/cross-newlib/m68k-elf-rosco/lib/libc.a(libc_a-mallocr.o)
 .debug_abbrev  0x00005c7e      0x1ce /home/lovro/opt/cross-newlib/m68k-elf-rosco/lib/libc.a(libc_a-mlock.o)
 .debug_abbrev  0x00005e4c      0x256 /home/lovro/opt/cross-newlib/m68k-elf-rosco/lib/libc.a(libc_a-reallocr.o)
 .debug_abbrev  0x000060a2      0x4cf /home/lovro/opt/cross-newlib/m68k-elf-rosco/lib/libc.a(libc_a-vfprintf.o)
 .debug_abbrev  0x00006571      0x1d1 /home/lovro/opt/cross-newlib/m68k-elf-rosco/lib/libc.a(libc_a-sprint_r.o)
 .debug_abbrev  0x00006742      0x2c1 /home/lovro/opt/cross-newlib/m68k-elf-rosco/lib/libc.a(libc_a-fclose.o)
 .debug_abbrev  0x00006a03      0x1e7 /home/lovro/opt/cross-newlib/m68k-elf-rosco/lib/libc.a(libc_a-fileno.o)
 .debug_abbrev  0x00006bea      0x23e /home/lovro/opt/cross-newlib/m68k-elf-rosco/lib/libc.a(libc_a-fvwrite.o)
 .debug_abbrev  0x00006e28      0x28f /home/lovro/opt/cross-newlib/m68k-elf-rosco/lib/libc.a(libc_a-putc.o)
 .debug_abbrev  0x000070b7      0x25a /home/lovro/opt/cross-newlib/m68k-elf-rosco/lib/libc.a(libc_a-wbuf.o)
 .debug_abbrev  0x00007311      0x1fe /home/lovro/opt/cross-newlib/m68k-elf-rosco/lib/libc.a(libc_a-wsetup.o)
 .debug_abbrev  0x0000750f       0xd4 /home/lovro/opt/cross-newlib/m68k-elf-rosco/lib/libc.a(libc_a-memchr.o)
 .debug_abbrev  0x000075e3       0xc3 /home/lovro/opt/cross-newlib/m68k-elf-rosco/lib/libc.a(libc_a-memmove.o)
 .debug_abbrev  0x000076a6      0x264 /home/lovro/opt/cross-newlib/m68k-elf-rosco/lib/libc.a(libc_a-localeconv.o)
 .debug_abbrev  0x0000790a      0x365 /home/lovro/opt/cross-newlib/m68k-elf-rosco/lib/libc.a(libc_a-dtoa.o)
 .debug_abbrev  0x00007c6f      0x529 /home/lovro/opt/cross-newlib/m68k-elf-rosco/lib/libc.a(libc_a-mprec.o)
 .debug_abbrev  0x00008198      0x260 /home/lovro/opt/cross-newlib/m68k-elf-rosco/lib/libc.a(libc_a-makebuf.o)
 .debug_abbrev  0x000083f8      0x2cb /home/lovro/opt/cross-newlib/m68k-elf-rosco/lib/libc.a(libc_a-locale.o)
 .debug_abbrev  0x000086c3      0x206 /home/lovro/opt/cross-newlib/m68k-elf-rosco/lib/libc.a(libc_a-assert.o)
 .debug_abbrev  0x000088c9      0x238 /home/lovro/opt/cross-newlib/m68k-elf-rosco/lib/libc.a(libc_a-callocr.o)
 .debug_abbrev  0x00008b01      0x252 /home/lovro/opt/cross-newlib/m68k-elf-rosco/lib/libc.a(libc_a-mbtowc_r.o)
 .debug_abbrev  0x00008d53      0x226 /home/lovro/opt/cross-newlib/m68k-elf-rosco/lib/libc.a(libc_a-wctomb_r.o)
 .debug_abbrev  0x00008f79      0x221 /home/lovro/opt/cross-newlib/m68k-elf-rosco/lib/libc.a(libc_a-fiprintf.o)
 .debug_abbrev  0x0000919a      0x3e2 /home/lovro/opt/cross-newlib/m68k-elf-rosco/lib/libc.a(libc_a-vfiprintf.o)
 .debug_abbrev  0x0000957c       0x85 /home/lovro/opt/cross-newlib/m68k-elf-rosco/lib/libc.a(libc_a-abort.o)
 .debug_abbrev  0x00009601      0x2fa /home/lovro/opt/cross-newlib/m68k-elf-rosco/lib/libc.a(libc_a-signal.o)
 .debug_abbrev  0x000098fb       0x14 /opt/m68k-toolchain/bin/../lib/gcc/m68k-elf/6.3.0/libgcc.a(_mulsi3.o)
 .debug_abbrev  0x0000990f       0x14 /opt/m68k-toolchain/bin/../lib/gcc/m68k-elf/6.3.0/libgcc.a(_udivsi3.o)
 .debug_abbrev  0x00009923       0x14 /opt/m68k-toolchain/bin/../lib/gcc/m68k-elf/6.3.0/libgcc.a(_divsi3.o)
 .debug_abbrev  0x00009937       0x14 /opt/m68k-toolchain/bin/../lib/gcc/m68k-elf/6.3.0/libgcc.a(_umodsi3.o)
 .debug_abbrev  0x0000994b       0x14 /opt/m68k-toolchain/bin/../lib/gcc/m68k-elf/6.3.0/libgcc.a(_modsi3.o)
 .debug_abbrev  0x0000995f       0x14 /opt/m68k-toolchain/bin/../lib/gcc/m68k-elf/6.3.0/libgcc.a(_double.o)
 .debug_abbrev  0x00009973       0x14 /opt/m68k-toolchain/bin/../lib/gcc/m68k-elf/6.3.0/libgcc.a(_floatex.o)
 .debug_abbrev  0x00009987       0x14 /opt/m68k-toolchain/bin/../lib/gcc/m68k-elf/6.3.0/libgcc.a(_eqdf2.o)
 .debug_abbrev  0x0000999b       0x14 /opt/m68k-toolchain/bin/../lib/gcc/m68k-elf/6.3.0/libgcc.a(_nedf2.o)
 .debug_abbrev  0x000099af       0x14 /opt/m68k-toolchain/bin/../lib/gcc/m68k-elf/6.3.0/libgcc.a(_gtdf2.o)
 .debug_abbrev  0x000099c3       0x14 /opt/m68k-toolchain/bin/../lib/gcc/m68k-elf/6.3.0/libgcc.a(_ltdf2.o)
 .debug_abbrev  0x000099d7       0x14 /opt/m68k-toolchain/bin/../lib/gcc/m68k-elf/6.3.0/libgcc.a(_ledf2.o)
 .debug_abbrev  0x000099eb      0x1e1 /opt/m68k-toolchain/bin/../lib/gcc/m68k-elf/6.3.0/libgcc.a(fpgnulib.o)
 .debug_abbrev  0x00009bcc      0x17f /opt/m68k-toolchain/bin/../lib/gcc/m68k-elf/6.3.0/libgcc.a(xfgnulib.o)

.debug_line     0x00000000    0x12314
 *(.debug_line)
 .debug_line    0x00000000       0x59 ../bin/crt0.o
 .debug_line    0x00000059      0x37d ../bin/main.o
 .debug_line    0x000003d6      0x260 ../bin/xmodem.o
 .debug_line    0x00000636      0x220 ../bin/diskio.o
 .debug_line    0x00000856     0x1032 ../bin/ff.o
 .debug_line    0x00001888      0x292 ../bin/sys_IDE.o
 .debug_line    0x00001b1a      0x2fc ../bin/amix_sys.o
 .debug_line    0x00001e16      0x24d ../bin/kernel.o
 .debug_line    0x00002063       0xa5 ../bin/syscalls_asm.o
 .debug_line    0x00002108      0x3a1 ../bin/elf_loader_68k.o
 .debug_line    0x000024a9      0x1a0 ../bin/history.o
 .debug_line    0x00002649      0x345 ../bin/amix-syscalls.o
 .debug_line    0x0000298e       0xc1 /home/lovro/opt/cross-newlib/m68k-elf-rosco/lib/libc.a(libc_a-atexit.o)
 .debug_line    0x00002a4f      0x126 /home/lovro/opt/cross-newlib/m68k-elf-rosco/lib/libc.a(libc_a-exit.o)
 .debug_line    0x00002b75      0x184 /home/lovro/opt/cross-newlib/m68k-elf-rosco/lib/libc.a(libc_a-getenv.o)
 .debug_line    0x00002cf9      0x24d /home/lovro/opt/cross-newlib/m68k-elf-rosco/lib/libc.a(libc_a-getenv_r.o)
 .debug_line    0x00002f46      0x195 /home/lovro/opt/cross-newlib/m68k-elf-rosco/lib/libc.a(libc_a-itoa.o)
 .debug_line    0x000030db      0x4e9 /home/lovro/opt/cross-newlib/m68k-elf-rosco/lib/libc.a(libc_a-strtol.o)
 .debug_line    0x000035c4      0x178 /home/lovro/opt/cross-newlib/m68k-elf-rosco/lib/libc.a(libc_a-utoa.o)
 .debug_line    0x0000373c      0x181 /home/lovro/opt/cross-newlib/m68k-elf-rosco/lib/libc.a(libc_a-setenv.o)
 .debug_line    0x000038bd      0x4c1 /home/lovro/opt/cross-newlib/m68k-elf-rosco/lib/libc.a(libc_a-setenv_r.o)
 .debug_line    0x00003d7e       0x93 /home/lovro/opt/cross-newlib/m68k-elf-rosco/lib/libc.a(libc_a-ctype_.o)
 .debug_line    0x00003e11      0x475 /home/lovro/opt/cross-newlib/m68k-elf-rosco/lib/libc.a(libc_a-fflush.o)
 .debug_line    0x00004286      0x5db /home/lovro/opt/cross-newlib/m68k-elf-rosco/lib/libc.a(libc_a-findfp.o)
 .debug_line    0x00004861      0x1c1 /home/lovro/opt/cross-newlib/m68k-elf-rosco/lib/libc.a(libc_a-fwalk.o)
 .debug_line    0x00004a22      0x2f6 /home/lovro/opt/cross-newlib/m68k-elf-rosco/lib/libc.a(libc_a-perror.o)
 .debug_line    0x00004d18      0x1b5 /home/lovro/opt/cross-newlib/m68k-elf-rosco/lib/libc.a(libc_a-printf.o)
 .debug_line    0x00004ecd      0x193 /home/lovro/opt/cross-newlib/m68k-elf-rosco/lib/libc.a(libc_a-putchar.o)
 .debug_line    0x00005060      0x265 /home/lovro/opt/cross-newlib/m68k-elf-rosco/lib/libc.a(libc_a-puts.o)
 .debug_line    0x000052c5      0x270 /home/lovro/opt/cross-newlib/m68k-elf-rosco/lib/libc.a(libc_a-stdio.o)
 .debug_line    0x00005535      0x179 /home/lovro/opt/cross-newlib/m68k-elf-rosco/lib/libc.a(libc_a-memcmp.o)
 .debug_line    0x000056ae       0xf9 /home/lovro/opt/cross-newlib/m68k-elf-rosco/lib/libc.a(libc_a-strcat.o)
 .debug_line    0x000057a7      0x1ec /home/lovro/opt/cross-newlib/m68k-elf-rosco/lib/libc.a(libc_a-strchr.o)
 .debug_line    0x00005993      0x14c /home/lovro/opt/cross-newlib/m68k-elf-rosco/lib/libc.a(libc_a-strcmp.o)
 .debug_line    0x00005adf      0x771 /home/lovro/opt/cross-newlib/m68k-elf-rosco/lib/libc.a(libc_a-strerror.o)
 .debug_line    0x00006250      0x167 /home/lovro/opt/cross-newlib/m68k-elf-rosco/lib/libc.a(libc_a-strncat.o)
 .debug_line    0x000063b7      0x1e6 /home/lovro/opt/cross-newlib/m68k-elf-rosco/lib/libc.a(libc_a-strncmp.o)
 .debug_line    0x0000659d      0x186 /home/lovro/opt/cross-newlib/m68k-elf-rosco/lib/libc.a(libc_a-strncpy.o)
 .debug_line    0x00006723       0xf8 /home/lovro/opt/cross-newlib/m68k-elf-rosco/lib/libc.a(libc_a-strrchr.o)
 .debug_line    0x0000681b      0x168 /home/lovro/opt/cross-newlib/m68k-elf-rosco/lib/libc.a(libc_a-strtok.o)
 .debug_line    0x00006983      0x1fb /home/lovro/opt/cross-newlib/m68k-elf-rosco/lib/libc.a(libc_a-strtok_r.o)
 .debug_line    0x00006b7e       0x65 /home/lovro/opt/cross-newlib/m68k-elf-rosco/lib/libc.a(libc_a-u_strerr.o)
 .debug_line    0x00006be3       0xf5 /home/lovro/opt/cross-newlib/m68k-elf-rosco/lib/libc.a(libc_a-impure.o)
 .debug_line    0x00006cd8      0x117 /home/lovro/opt/cross-newlib/m68k-elf-rosco/lib/libc.a(libc_a-errno.o)
 .debug_line    0x00006def       0xbb /home/lovro/opt/cross-newlib/m68k-elf-rosco/lib/libc.a(libc_a-strcpy.o)
 .debug_line    0x00006eaa      0x106 /home/lovro/opt/cross-newlib/m68k-elf-rosco/lib/libc.a(libc_a-strlen.o)
 .debug_line    0x00006fb0       0x69 /home/lovro/opt/cross-newlib/m68k-elf-rosco/lib/libc.a(libc_a-memcpy.o)
 .debug_line    0x00007019       0x6d /home/lovro/opt/cross-newlib/m68k-elf-rosco/lib/libc.a(libc_a-memset.o)
 .debug_line    0x00007086      0x158 /home/lovro/opt/cross-newlib/m68k-elf-rosco/lib/libc.a(libc_a-__atexit.o)
 .debug_line    0x000071de      0x1d4 /home/lovro/opt/cross-newlib/m68k-elf-rosco/lib/libc.a(libc_a-__call_atexit.o)
 .debug_line    0x000073b2      0x16e /home/lovro/opt/cross-newlib/m68k-elf-rosco/lib/libc.a(libc_a-envlock.o)
 .debug_line    0x00007520      0x579 /home/lovro/opt/cross-newlib/m68k-elf-rosco/lib/libc.a(libc_a-freer.o)
 .debug_line    0x00007a99      0x995 /home/lovro/opt/cross-newlib/m68k-elf-rosco/lib/libc.a(libc_a-mallocr.o)
 .debug_line    0x0000842e      0x16c /home/lovro/opt/cross-newlib/m68k-elf-rosco/lib/libc.a(libc_a-mlock.o)
 .debug_line    0x0000859a      0x905 /home/lovro/opt/cross-newlib/m68k-elf-rosco/lib/libc.a(libc_a-reallocr.o)
 .debug_line    0x00008e9f     0x1db2 /home/lovro/opt/cross-newlib/m68k-elf-rosco/lib/libc.a(libc_a-vfprintf.o)
 .debug_line    0x0000ac51      0x194 /home/lovro/opt/cross-newlib/m68k-elf-rosco/lib/libc.a(libc_a-sprint_r.o)
 .debug_line    0x0000ade5      0x271 /home/lovro/opt/cross-newlib/m68k-elf-rosco/lib/libc.a(libc_a-fclose.o)
 .debug_line    0x0000b056      0x1c4 /home/lovro/opt/cross-newlib/m68k-elf-rosco/lib/libc.a(libc_a-fileno.o)
 .debug_line    0x0000b21a      0x5f1 /home/lovro/opt/cross-newlib/m68k-elf-rosco/lib/libc.a(libc_a-fvwrite.o)
 .debug_line    0x0000b80b      0x286 /home/lovro/opt/cross-newlib/m68k-elf-rosco/lib/libc.a(libc_a-putc.o)
 .debug_line    0x0000ba91      0x26e /home/lovro/opt/cross-newlib/m68k-elf-rosco/lib/libc.a(libc_a-wbuf.o)
 .debug_line    0x0000bcff      0x2c2 /home/lovro/opt/cross-newlib/m68k-elf-rosco/lib/libc.a(libc_a-wsetup.o)
 .debug_line    0x0000bfc1      0x1a2 /home/lovro/opt/cross-newlib/m68k-elf-rosco/lib/libc.a(libc_a-memchr.o)
 .debug_line    0x0000c163      0x1ed /home/lovro/opt/cross-newlib/m68k-elf-rosco/lib/libc.a(libc_a-memmove.o)
 .debug_line    0x0000c350      0x1aa /home/lovro/opt/cross-newlib/m68k-elf-rosco/lib/libc.a(libc_a-localeconv.o)
 .debug_line    0x0000c4fa     0x1552 /home/lovro/opt/cross-newlib/m68k-elf-rosco/lib/libc.a(libc_a-dtoa.o)
 .debug_line    0x0000da4c     0x1442 /home/lovro/opt/cross-newlib/m68k-elf-rosco/lib/libc.a(libc_a-mprec.o)
 .debug_line    0x0000ee8e      0x381 /home/lovro/opt/cross-newlib/m68k-elf-rosco/lib/libc.a(libc_a-makebuf.o)
 .debug_line    0x0000f20f      0x292 /home/lovro/opt/cross-newlib/m68k-elf-rosco/lib/libc.a(libc_a-locale.o)
 .debug_line    0x0000f4a1      0x1bf /home/lovro/opt/cross-newlib/m68k-elf-rosco/lib/libc.a(libc_a-assert.o)
 .debug_line    0x0000f660      0x2a1 /home/lovro/opt/cross-newlib/m68k-elf-rosco/lib/libc.a(libc_a-callocr.o)
 .debug_line    0x0000f901      0x217 /home/lovro/opt/cross-newlib/m68k-elf-rosco/lib/libc.a(libc_a-mbtowc_r.o)
 .debug_line    0x0000fb18      0x210 /home/lovro/opt/cross-newlib/m68k-elf-rosco/lib/libc.a(libc_a-wctomb_r.o)
 .debug_line    0x0000fd28      0x1a7 /home/lovro/opt/cross-newlib/m68k-elf-rosco/lib/libc.a(libc_a-fiprintf.o)
 .debug_line    0x0000fecf     0x10eb /home/lovro/opt/cross-newlib/m68k-elf-rosco/lib/libc.a(libc_a-vfiprintf.o)
 .debug_line    0x00010fba      0x107 /home/lovro/opt/cross-newlib/m68k-elf-rosco/lib/libc.a(libc_a-abort.o)
 .debug_line    0x000110c1      0x6fb /home/lovro/opt/cross-newlib/m68k-elf-rosco/lib/libc.a(libc_a-signal.o)
 .debug_line    0x000117bc       0x74 /opt/m68k-toolchain/bin/../lib/gcc/m68k-elf/6.3.0/libgcc.a(_mulsi3.o)
 .debug_line    0x00011830       0x8d /opt/m68k-toolchain/bin/../lib/gcc/m68k-elf/6.3.0/libgcc.a(_udivsi3.o)
 .debug_line    0x000118bd       0x7c /opt/m68k-toolchain/bin/../lib/gcc/m68k-elf/6.3.0/libgcc.a(_divsi3.o)
 .debug_line    0x00011939       0x78 /opt/m68k-toolchain/bin/../lib/gcc/m68k-elf/6.3.0/libgcc.a(_umodsi3.o)
 .debug_line    0x000119b1       0x78 /opt/m68k-toolchain/bin/../lib/gcc/m68k-elf/6.3.0/libgcc.a(_modsi3.o)
 .debug_line    0x00011a29      0x3eb /opt/m68k-toolchain/bin/../lib/gcc/m68k-elf/6.3.0/libgcc.a(_double.o)
 .debug_line    0x00011e14       0x83 /opt/m68k-toolchain/bin/../lib/gcc/m68k-elf/6.3.0/libgcc.a(_floatex.o)
 .debug_line    0x00011e97       0x72 /opt/m68k-toolchain/bin/../lib/gcc/m68k-elf/6.3.0/libgcc.a(_eqdf2.o)
 .debug_line    0x00011f09       0x72 /opt/m68k-toolchain/bin/../lib/gcc/m68k-elf/6.3.0/libgcc.a(_nedf2.o)
 .debug_line    0x00011f7b       0x72 /opt/m68k-toolchain/bin/../lib/gcc/m68k-elf/6.3.0/libgcc.a(_gtdf2.o)
 .debug_line    0x00011fed       0x72 /opt/m68k-toolchain/bin/../lib/gcc/m68k-elf/6.3.0/libgcc.a(_ltdf2.o)
 .debug_line    0x0001205f       0x72 /opt/m68k-toolchain/bin/../lib/gcc/m68k-elf/6.3.0/libgcc.a(_ledf2.o)
 .debug_line    0x000120d1      0x16d /opt/m68k-toolchain/bin/../lib/gcc/m68k-elf/6.3.0/libgcc.a(fpgnulib.o)
 .debug_line    0x0001223e       0xd6 /opt/m68k-toolchain/bin/../lib/gcc/m68k-elf/6.3.0/libgcc.a(xfgnulib.o)

.debug_str      0x00000000     0x3159
 *(.debug_str)
 .debug_str     0x00000000       0x3e ../bin/crt0.o
 .debug_str     0x0000003e      0x8b7 ../bin/main.o
                                0xa3c (size before relaxing)
 .debug_str     0x000008f5       0x88 ../bin/xmodem.o
                                0x835 (size before relaxing)
 .debug_str     0x0000097d       0xc6 ../bin/diskio.o
                                0x5fa (size before relaxing)
 .debug_str     0x00000a43      0x303 ../bin/ff.o
                                0xb8a (size before relaxing)
 .debug_str     0x00000d46       0x8f ../bin/sys_IDE.o
                                0x5ec (size before relaxing)
 .debug_str     0x00000dd5      0x112 ../bin/amix_sys.o
                                0x6b6 (size before relaxing)
 .debug_str     0x00000ee7       0xa6 ../bin/kernel.o
                                0x8ca (size before relaxing)
 .debug_str     0x00000f8d       0x16 ../bin/syscalls_asm.o
                                 0x46 (size before relaxing)
 .debug_str     0x00000fa3      0x33b ../bin/elf_loader_68k.o
                                0xb78 (size before relaxing)
 .debug_str     0x000012de       0x3d ../bin/history.o
                                0x564 (size before relaxing)
 .debug_str     0x0000131b      0x1f4 ../bin/amix-syscalls.o
                                0x7e1 (size before relaxing)
 .debug_str     0x0000150f      0x110 /home/lovro/opt/cross-newlib/m68k-elf-rosco/lib/libc.a(libc_a-atexit.o)
                                0x1ac (size before relaxing)
 .debug_str     0x0000161f       0x39 /home/lovro/opt/cross-newlib/m68k-elf-rosco/lib/libc.a(libc_a-exit.o)
                                0x195 (size before relaxing)
 .debug_str     0x00001658       0x3e /home/lovro/opt/cross-newlib/m68k-elf-rosco/lib/libc.a(libc_a-getenv.o)
                                0x4a6 (size before relaxing)
 .debug_str     0x00001696       0x6a /home/lovro/opt/cross-newlib/m68k-elf-rosco/lib/libc.a(libc_a-getenv_r.o)
                                0x4d9 (size before relaxing)
 .debug_str     0x00001700       0x3d /home/lovro/opt/cross-newlib/m68k-elf-rosco/lib/libc.a(libc_a-itoa.o)
                                0x184 (size before relaxing)
 .debug_str     0x0000173d      0x1e6 /home/lovro/opt/cross-newlib/m68k-elf-rosco/lib/libc.a(libc_a-strtol.o)
                                0x720 (size before relaxing)
 .debug_str     0x00001923       0x43 /home/lovro/opt/cross-newlib/m68k-elf-rosco/lib/libc.a(libc_a-utoa.o)
                                0x19f (size before relaxing)
 .debug_str     0x00001966       0x51 /home/lovro/opt/cross-newlib/m68k-elf-rosco/lib/libc.a(libc_a-setenv.o)
                                0x4b8 (size before relaxing)
 .debug_str     0x000019b7       0x51 /home/lovro/opt/cross-newlib/m68k-elf-rosco/lib/libc.a(libc_a-setenv_r.o)
                                0x52d (size before relaxing)
 .debug_str     0x00001a08       0x29 /home/lovro/opt/cross-newlib/m68k-elf-rosco/lib/libc.a(libc_a-ctype_.o)
                                0x168 (size before relaxing)
 .debug_str     0x00001a31       0x7c /home/lovro/opt/cross-newlib/m68k-elf-rosco/lib/libc.a(libc_a-fflush.o)
                                0x512 (size before relaxing)
 .debug_str     0x00001aad      0x1a9 /home/lovro/opt/cross-newlib/m68k-elf-rosco/lib/libc.a(libc_a-findfp.o)
                                0x693 (size before relaxing)
 .debug_str     0x00001c56       0x28 /home/lovro/opt/cross-newlib/m68k-elf-rosco/lib/libc.a(libc_a-fwalk.o)
                                0x49b (size before relaxing)
 .debug_str     0x00001c7e       0x4b /home/lovro/opt/cross-newlib/m68k-elf-rosco/lib/libc.a(libc_a-perror.o)
                                0x4f9 (size before relaxing)
 .debug_str     0x00001cc9       0x60 /home/lovro/opt/cross-newlib/m68k-elf-rosco/lib/libc.a(libc_a-printf.o)
                                0x4c9 (size before relaxing)
 .debug_str     0x00001d29       0x3d /home/lovro/opt/cross-newlib/m68k-elf-rosco/lib/libc.a(libc_a-putchar.o)
                                0x4a5 (size before relaxing)
 .debug_str     0x00001d66       0x78 /home/lovro/opt/cross-newlib/m68k-elf-rosco/lib/libc.a(libc_a-puts.o)
                                0x504 (size before relaxing)
 .debug_str     0x00001dde       0x33 /home/lovro/opt/cross-newlib/m68k-elf-rosco/lib/libc.a(libc_a-stdio.o)
                                0x4ef (size before relaxing)
 .debug_str     0x00001e11       0x2a /home/lovro/opt/cross-newlib/m68k-elf-rosco/lib/libc.a(libc_a-memcmp.o)
                                0x16f (size before relaxing)
 .debug_str     0x00001e3b       0x35 /home/lovro/opt/cross-newlib/m68k-elf-rosco/lib/libc.a(libc_a-strcat.o)
                                0x17a (size before relaxing)
 .debug_str     0x00001e70       0x3c /home/lovro/opt/cross-newlib/m68k-elf-rosco/lib/libc.a(libc_a-strchr.o)
                                0x17a (size before relaxing)
 .debug_str     0x00001eac       0x2a /home/lovro/opt/cross-newlib/m68k-elf-rosco/lib/libc.a(libc_a-strcmp.o)
                                0x168 (size before relaxing)
 .debug_str     0x00001ed6       0x5d /home/lovro/opt/cross-newlib/m68k-elf-rosco/lib/libc.a(libc_a-strerror.o)
                                0x4dd (size before relaxing)
 .debug_str     0x00001f33       0x2b /home/lovro/opt/cross-newlib/m68k-elf-rosco/lib/libc.a(libc_a-strncat.o)
                                0x17c (size before relaxing)
 .debug_str     0x00001f5e       0x2b /home/lovro/opt/cross-newlib/m68k-elf-rosco/lib/libc.a(libc_a-strncmp.o)
                                0x171 (size before relaxing)
 .debug_str     0x00001f89       0x4d /home/lovro/opt/cross-newlib/m68k-elf-rosco/lib/libc.a(libc_a-strncpy.o)
                                0x199 (size before relaxing)
 .debug_str     0x00001fd6       0x2b /home/lovro/opt/cross-newlib/m68k-elf-rosco/lib/libc.a(libc_a-strrchr.o)
                                0x176 (size before relaxing)
 .debug_str     0x00002001       0x35 /home/lovro/opt/cross-newlib/m68k-elf-rosco/lib/libc.a(libc_a-strtok.o)
                                0x49d (size before relaxing)
 .debug_str     0x00002036       0x50 /home/lovro/opt/cross-newlib/m68k-elf-rosco/lib/libc.a(libc_a-strtok_r.o)
                                0x1a1 (size before relaxing)
 .debug_str     0x00002086       0x2c /home/lovro/opt/cross-newlib/m68k-elf-rosco/lib/libc.a(libc_a-u_strerr.o)
                                 0xf9 (size before relaxing)
 .debug_str     0x000020b2       0x29 /home/lovro/opt/cross-newlib/m68k-elf-rosco/lib/libc.a(libc_a-impure.o)
                                0x490 (size before relaxing)
 .debug_str     0x000020db       0x28 /home/lovro/opt/cross-newlib/m68k-elf-rosco/lib/libc.a(libc_a-errno.o)
                                0x485 (size before relaxing)
 .debug_str     0x00002103       0x35 /home/lovro/opt/cross-newlib/m68k-elf-rosco/lib/libc.a(libc_a-strcpy.o)
                                0x173 (size before relaxing)
 .debug_str     0x00002138       0x30 /home/lovro/opt/cross-newlib/m68k-elf-rosco/lib/libc.a(libc_a-strlen.o)
                                0x175 (size before relaxing)
 .debug_str     0x00002168       0x3c /home/lovro/opt/cross-newlib/m68k-elf-rosco/lib/libc.a(libc_a-memcpy.o)
                                 0x82 (size before relaxing)
 .debug_str     0x000021a4       0x30 /home/lovro/opt/cross-newlib/m68k-elf-rosco/lib/libc.a(libc_a-memset.o)
                                 0x82 (size before relaxing)
 .debug_str     0x000021d4       0x2c /home/lovro/opt/cross-newlib/m68k-elf-rosco/lib/libc.a(libc_a-__atexit.o)
                                0x217 (size before relaxing)
 .debug_str     0x00002200       0x58 /home/lovro/opt/cross-newlib/m68k-elf-rosco/lib/libc.a(libc_a-__call_atexit.o)
                                0x206 (size before relaxing)
 .debug_str     0x00002258       0x41 /home/lovro/opt/cross-newlib/m68k-elf-rosco/lib/libc.a(libc_a-envlock.o)
                                0x4a2 (size before relaxing)
 .debug_str     0x00002299      0x154 /home/lovro/opt/cross-newlib/m68k-elf-rosco/lib/libc.a(libc_a-freer.o)
                                0x5f3 (size before relaxing)
 .debug_str     0x000023ed      0x100 /home/lovro/opt/cross-newlib/m68k-elf-rosco/lib/libc.a(libc_a-mallocr.o)
                                0x6ab (size before relaxing)
 .debug_str     0x000024ed       0x42 /home/lovro/opt/cross-newlib/m68k-elf-rosco/lib/libc.a(libc_a-mlock.o)
                                0x4a9 (size before relaxing)
 .debug_str     0x0000252f       0x85 /home/lovro/opt/cross-newlib/m68k-elf-rosco/lib/libc.a(libc_a-reallocr.o)
                                0x57e (size before relaxing)
 .debug_str     0x000025b4      0x1bc /home/lovro/opt/cross-newlib/m68k-elf-rosco/lib/libc.a(libc_a-vfprintf.o)
                                0x906 (size before relaxing)
 .debug_str     0x00002770       0x2b /home/lovro/opt/cross-newlib/m68k-elf-rosco/lib/libc.a(libc_a-sprint_r.o)
                                0x4d4 (size before relaxing)
 .debug_str     0x0000279b       0x30 /home/lovro/opt/cross-newlib/m68k-elf-rosco/lib/libc.a(libc_a-fclose.o)
                                0x4ea (size before relaxing)
 .debug_str     0x000027cb       0x29 /home/lovro/opt/cross-newlib/m68k-elf-rosco/lib/libc.a(libc_a-fileno.o)
                                0x4a9 (size before relaxing)
 .debug_str     0x000027f4       0x40 /home/lovro/opt/cross-newlib/m68k-elf-rosco/lib/libc.a(libc_a-fvwrite.o)
                                0x52f (size before relaxing)
 .debug_str     0x00002834       0x40 /home/lovro/opt/cross-newlib/m68k-elf-rosco/lib/libc.a(libc_a-putc.o)
                                0x4cc (size before relaxing)
 .debug_str     0x00002874       0x2f /home/lovro/opt/cross-newlib/m68k-elf-rosco/lib/libc.a(libc_a-wbuf.o)
                                0x4c1 (size before relaxing)
 .debug_str     0x000028a3       0x36 /home/lovro/opt/cross-newlib/m68k-elf-rosco/lib/libc.a(libc_a-wsetup.o)
                                0x4bc (size before relaxing)
 .debug_str     0x000028d9       0x38 /home/lovro/opt/cross-newlib/m68k-elf-rosco/lib/libc.a(libc_a-memchr.o)
                                0x189 (size before relaxing)
 .debug_str     0x00002911       0x34 /home/lovro/opt/cross-newlib/m68k-elf-rosco/lib/libc.a(libc_a-memmove.o)
                                0x1a2 (size before relaxing)
 .debug_str     0x00002945       0x57 /home/lovro/opt/cross-newlib/m68k-elf-rosco/lib/libc.a(libc_a-localeconv.o)
                                0x6d1 (size before relaxing)
 .debug_str     0x0000299c      0x198 /home/lovro/opt/cross-newlib/m68k-elf-rosco/lib/libc.a(libc_a-dtoa.o)
                                0x835 (size before relaxing)
 .debug_str     0x00002b34       0x94 /home/lovro/opt/cross-newlib/m68k-elf-rosco/lib/libc.a(libc_a-mprec.o)
                                0x799 (size before relaxing)
 .debug_str     0x00002bc8       0x4f /home/lovro/opt/cross-newlib/m68k-elf-rosco/lib/libc.a(libc_a-makebuf.o)
                                0x61e (size before relaxing)
 .debug_str     0x00002c17       0x88 /home/lovro/opt/cross-newlib/m68k-elf-rosco/lib/libc.a(libc_a-locale.o)
                                0x70a (size before relaxing)
 .debug_str     0x00002c9f       0x44 /home/lovro/opt/cross-newlib/m68k-elf-rosco/lib/libc.a(libc_a-assert.o)
                                0x4c4 (size before relaxing)
 .debug_str     0x00002ce3       0x3a /home/lovro/opt/cross-newlib/m68k-elf-rosco/lib/libc.a(libc_a-callocr.o)
                                0x4dd (size before relaxing)
 .debug_str     0x00002d1d       0x36 /home/lovro/opt/cross-newlib/m68k-elf-rosco/lib/libc.a(libc_a-mbtowc_r.o)
                                0x6b1 (size before relaxing)
 .debug_str     0x00002d53       0x3d /home/lovro/opt/cross-newlib/m68k-elf-rosco/lib/libc.a(libc_a-wctomb_r.o)
                                0x6b8 (size before relaxing)
 .debug_str     0x00002d90       0x44 /home/lovro/opt/cross-newlib/m68k-elf-rosco/lib/libc.a(libc_a-fiprintf.o)
                                0x4d0 (size before relaxing)
 .debug_str     0x00002dd4       0x36 /home/lovro/opt/cross-newlib/m68k-elf-rosco/lib/libc.a(libc_a-vfiprintf.o)
                                0x819 (size before relaxing)
 .debug_str     0x00002e0a       0x2f /home/lovro/opt/cross-newlib/m68k-elf-rosco/lib/libc.a(libc_a-abort.o)
                                0x172 (size before relaxing)
 .debug_str     0x00002e39       0x7e /home/lovro/opt/cross-newlib/m68k-elf-rosco/lib/libc.a(libc_a-signal.o)
                                0x512 (size before relaxing)
 .debug_str     0x00002eb7       0x92 /opt/m68k-toolchain/bin/../lib/gcc/m68k-elf/6.3.0/libgcc.a(_mulsi3.o)
 .debug_str     0x00002f49       0x92 /opt/m68k-toolchain/bin/../lib/gcc/m68k-elf/6.3.0/libgcc.a(_udivsi3.o)
 .debug_str     0x00002f49       0x92 /opt/m68k-toolchain/bin/../lib/gcc/m68k-elf/6.3.0/libgcc.a(_divsi3.o)
 .debug_str     0x00002f49       0x92 /opt/m68k-toolchain/bin/../lib/gcc/m68k-elf/6.3.0/libgcc.a(_umodsi3.o)
 .debug_str     0x00002f49       0x92 /opt/m68k-toolchain/bin/../lib/gcc/m68k-elf/6.3.0/libgcc.a(_modsi3.o)
 .debug_str     0x00002f49       0x92 /opt/m68k-toolchain/bin/../lib/gcc/m68k-elf/6.3.0/libgcc.a(_double.o)
 .debug_str     0x00002f49       0x92 /opt/m68k-toolchain/bin/../lib/gcc/m68k-elf/6.3.0/libgcc.a(_floatex.o)
 .debug_str     0x00002f49       0x92 /opt/m68k-toolchain/bin/../lib/gcc/m68k-elf/6.3.0/libgcc.a(_eqdf2.o)
 .debug_str     0x00002f49       0x92 /opt/m68k-toolchain/bin/../lib/gcc/m68k-elf/6.3.0/libgcc.a(_nedf2.o)
 .debug_str     0x00002f49       0x92 /opt/m68k-toolchain/bin/../lib/gcc/m68k-elf/6.3.0/libgcc.a(_gtdf2.o)
 .debug_str     0x00002f49       0x92 /opt/m68k-toolchain/bin/../lib/gcc/m68k-elf/6.3.0/libgcc.a(_ltdf2.o)
 .debug_str     0x00002f49       0x92 /opt/m68k-toolchain/bin/../lib/gcc/m68k-elf/6.3.0/libgcc.a(_ledf2.o)
 .debug_str     0x00002f49      0x126 /opt/m68k-toolchain/bin/../lib/gcc/m68k-elf/6.3.0/libgcc.a(fpgnulib.o)
                                0x1e1 (size before relaxing)
 .debug_str     0x0000306f       0xea /opt/m68k-toolchain/bin/../lib/gcc/m68k-elf/6.3.0/libgcc.a(xfgnulib.o)
                                0x238 (size before relaxing)

.debug_ranges   0x00000000      0xb28
 *(.debug_ranges)
 .debug_ranges  0x00000000      0x178 ../bin/main.o
 .debug_ranges  0x00000178       0x70 ../bin/xmodem.o
 .debug_ranges  0x000001e8       0x58 ../bin/diskio.o
 .debug_ranges  0x00000240      0x3b8 ../bin/ff.o
 .debug_ranges  0x000005f8       0xb0 ../bin/sys_IDE.o
 .debug_ranges  0x000006a8      0x168 ../bin/amix_sys.o
 .debug_ranges  0x00000810       0x18 ../bin/kernel.o
 .debug_ranges  0x00000828      0x240 ../bin/elf_loader_68k.o
 .debug_ranges  0x00000a68       0x20 ../bin/history.o
 .debug_ranges  0x00000a88       0x88 ../bin/amix-syscalls.o
 .debug_ranges  0x00000b10       0x18 /opt/m68k-toolchain/bin/../lib/gcc/m68k-elf/6.3.0/libgcc.a(fpgnulib.o)
OUTPUT(../bin/program.elf elf32-m68k)

.debug_aranges  0x00000000     0x1098
 .debug_aranges
                0x00000000       0x20 ../bin/crt0.o
 .debug_aranges
                0x00000020       0x30 ../bin/main.o
 .debug_aranges
                0x00000050       0x28 ../bin/xmodem.o
 .debug_aranges
                0x00000078       0x38 ../bin/diskio.o
 .debug_aranges
                0x000000b0      0x180 ../bin/ff.o
 .debug_aranges
                0x00000230       0x40 ../bin/sys_IDE.o
 .debug_aranges
                0x00000270       0x80 ../bin/amix_sys.o
 .debug_aranges
                0x000002f0       0x28 ../bin/kernel.o
 .debug_aranges
                0x00000318       0x20 ../bin/syscalls_asm.o
 .debug_aranges
                0x00000338       0x40 ../bin/elf_loader_68k.o
 .debug_aranges
                0x00000378       0x30 ../bin/history.o
 .debug_aranges
                0x000003a8       0x98 ../bin/amix-syscalls.o
 .debug_aranges
                0x00000440       0x20 /home/lovro/opt/cross-newlib/m68k-elf-rosco/lib/libc.a(libc_a-atexit.o)
 .debug_aranges
                0x00000460       0x20 /home/lovro/opt/cross-newlib/m68k-elf-rosco/lib/libc.a(libc_a-exit.o)
 .debug_aranges
                0x00000480       0x28 /home/lovro/opt/cross-newlib/m68k-elf-rosco/lib/libc.a(libc_a-getenv.o)
 .debug_aranges
                0x000004a8       0x28 /home/lovro/opt/cross-newlib/m68k-elf-rosco/lib/libc.a(libc_a-getenv_r.o)
 .debug_aranges
                0x000004d0       0x28 /home/lovro/opt/cross-newlib/m68k-elf-rosco/lib/libc.a(libc_a-itoa.o)
 .debug_aranges
                0x000004f8       0x38 /home/lovro/opt/cross-newlib/m68k-elf-rosco/lib/libc.a(libc_a-strtol.o)
 .debug_aranges
                0x00000530       0x28 /home/lovro/opt/cross-newlib/m68k-elf-rosco/lib/libc.a(libc_a-utoa.o)
 .debug_aranges
                0x00000558       0x28 /home/lovro/opt/cross-newlib/m68k-elf-rosco/lib/libc.a(libc_a-setenv.o)
 .debug_aranges
                0x00000580       0x28 /home/lovro/opt/cross-newlib/m68k-elf-rosco/lib/libc.a(libc_a-setenv_r.o)
 .debug_aranges
                0x000005a8       0x18 /home/lovro/opt/cross-newlib/m68k-elf-rosco/lib/libc.a(libc_a-ctype_.o)
 .debug_aranges
                0x000005c0       0x30 /home/lovro/opt/cross-newlib/m68k-elf-rosco/lib/libc.a(libc_a-fflush.o)
 .debug_aranges
                0x000005f0       0x70 /home/lovro/opt/cross-newlib/m68k-elf-rosco/lib/libc.a(libc_a-findfp.o)
 .debug_aranges
                0x00000660       0x20 /home/lovro/opt/cross-newlib/m68k-elf-rosco/lib/libc.a(libc_a-fwalk.o)
 .debug_aranges
                0x00000680       0x28 /home/lovro/opt/cross-newlib/m68k-elf-rosco/lib/libc.a(libc_a-perror.o)
 .debug_aranges
                0x000006a8       0x28 /home/lovro/opt/cross-newlib/m68k-elf-rosco/lib/libc.a(libc_a-printf.o)
 .debug_aranges
                0x000006d0       0x28 /home/lovro/opt/cross-newlib/m68k-elf-rosco/lib/libc.a(libc_a-putchar.o)
 .debug_aranges
                0x000006f8       0x28 /home/lovro/opt/cross-newlib/m68k-elf-rosco/lib/libc.a(libc_a-puts.o)
 .debug_aranges
                0x00000720       0x40 /home/lovro/opt/cross-newlib/m68k-elf-rosco/lib/libc.a(libc_a-stdio.o)
 .debug_aranges
                0x00000760       0x20 /home/lovro/opt/cross-newlib/m68k-elf-rosco/lib/libc.a(libc_a-memcmp.o)
 .debug_aranges
                0x00000780       0x20 /home/lovro/opt/cross-newlib/m68k-elf-rosco/lib/libc.a(libc_a-strcat.o)
 .debug_aranges
                0x000007a0       0x20 /home/lovro/opt/cross-newlib/m68k-elf-rosco/lib/libc.a(libc_a-strchr.o)
 .debug_aranges
                0x000007c0       0x20 /home/lovro/opt/cross-newlib/m68k-elf-rosco/lib/libc.a(libc_a-strcmp.o)
 .debug_aranges
                0x000007e0       0x30 /home/lovro/opt/cross-newlib/m68k-elf-rosco/lib/libc.a(libc_a-strerror.o)
 .debug_aranges
                0x00000810       0x20 /home/lovro/opt/cross-newlib/m68k-elf-rosco/lib/libc.a(libc_a-strncat.o)
 .debug_aranges
                0x00000830       0x20 /home/lovro/opt/cross-newlib/m68k-elf-rosco/lib/libc.a(libc_a-strncmp.o)
 .debug_aranges
                0x00000850       0x20 /home/lovro/opt/cross-newlib/m68k-elf-rosco/lib/libc.a(libc_a-strncpy.o)
 .debug_aranges
                0x00000870       0x20 /home/lovro/opt/cross-newlib/m68k-elf-rosco/lib/libc.a(libc_a-strrchr.o)
 .debug_aranges
                0x00000890       0x20 /home/lovro/opt/cross-newlib/m68k-elf-rosco/lib/libc.a(libc_a-strtok.o)
 .debug_aranges
                0x000008b0       0x28 /home/lovro/opt/cross-newlib/m68k-elf-rosco/lib/libc.a(libc_a-strtok_r.o)
 .debug_aranges
                0x000008d8       0x20 /home/lovro/opt/cross-newlib/m68k-elf-rosco/lib/libc.a(libc_a-u_strerr.o)
 .debug_aranges
                0x000008f8       0x18 /home/lovro/opt/cross-newlib/m68k-elf-rosco/lib/libc.a(libc_a-impure.o)
 .debug_aranges
                0x00000910       0x20 /home/lovro/opt/cross-newlib/m68k-elf-rosco/lib/libc.a(libc_a-errno.o)
 .debug_aranges
                0x00000930       0x20 /home/lovro/opt/cross-newlib/m68k-elf-rosco/lib/libc.a(libc_a-strcpy.o)
 .debug_aranges
                0x00000950       0x20 /home/lovro/opt/cross-newlib/m68k-elf-rosco/lib/libc.a(libc_a-strlen.o)
 .debug_aranges
                0x00000970       0x20 /home/lovro/opt/cross-newlib/m68k-elf-rosco/lib/libc.a(libc_a-memcpy.o)
 .debug_aranges
                0x00000990       0x20 /home/lovro/opt/cross-newlib/m68k-elf-rosco/lib/libc.a(libc_a-memset.o)
 .debug_aranges
                0x000009b0       0x20 /home/lovro/opt/cross-newlib/m68k-elf-rosco/lib/libc.a(libc_a-__atexit.o)
 .debug_aranges
                0x000009d0       0x20 /home/lovro/opt/cross-newlib/m68k-elf-rosco/lib/libc.a(libc_a-__call_atexit.o)
 .debug_aranges
                0x000009f0       0x28 /home/lovro/opt/cross-newlib/m68k-elf-rosco/lib/libc.a(libc_a-envlock.o)
 .debug_aranges
                0x00000a18       0x28 /home/lovro/opt/cross-newlib/m68k-elf-rosco/lib/libc.a(libc_a-freer.o)
 .debug_aranges
                0x00000a40       0x20 /home/lovro/opt/cross-newlib/m68k-elf-rosco/lib/libc.a(libc_a-mallocr.o)
 .debug_aranges
                0x00000a60       0x28 /home/lovro/opt/cross-newlib/m68k-elf-rosco/lib/libc.a(libc_a-mlock.o)
 .debug_aranges
                0x00000a88       0x20 /home/lovro/opt/cross-newlib/m68k-elf-rosco/lib/libc.a(libc_a-reallocr.o)
 .debug_aranges
                0x00000aa8       0x30 /home/lovro/opt/cross-newlib/m68k-elf-rosco/lib/libc.a(libc_a-vfprintf.o)
 .debug_aranges
                0x00000ad8       0x20 /home/lovro/opt/cross-newlib/m68k-elf-rosco/lib/libc.a(libc_a-sprint_r.o)
 .debug_aranges
                0x00000af8       0x28 /home/lovro/opt/cross-newlib/m68k-elf-rosco/lib/libc.a(libc_a-fclose.o)
 .debug_aranges
                0x00000b20       0x20 /home/lovro/opt/cross-newlib/m68k-elf-rosco/lib/libc.a(libc_a-fileno.o)
 .debug_aranges
                0x00000b40       0x20 /home/lovro/opt/cross-newlib/m68k-elf-rosco/lib/libc.a(libc_a-fvwrite.o)
 .debug_aranges
                0x00000b60       0x28 /home/lovro/opt/cross-newlib/m68k-elf-rosco/lib/libc.a(libc_a-putc.o)
 .debug_aranges
                0x00000b88       0x28 /home/lovro/opt/cross-newlib/m68k-elf-rosco/lib/libc.a(libc_a-wbuf.o)
 .debug_aranges
                0x00000bb0       0x20 /home/lovro/opt/cross-newlib/m68k-elf-rosco/lib/libc.a(libc_a-wsetup.o)
 .debug_aranges
                0x00000bd0       0x20 /home/lovro/opt/cross-newlib/m68k-elf-rosco/lib/libc.a(libc_a-memchr.o)
 .debug_aranges
                0x00000bf0       0x20 /home/lovro/opt/cross-newlib/m68k-elf-rosco/lib/libc.a(libc_a-memmove.o)
 .debug_aranges
                0x00000c10       0x30 /home/lovro/opt/cross-newlib/m68k-elf-rosco/lib/libc.a(libc_a-localeconv.o)
 .debug_aranges
                0x00000c40       0x28 /home/lovro/opt/cross-newlib/m68k-elf-rosco/lib/libc.a(libc_a-dtoa.o)
 .debug_aranges
                0x00000c68       0xb0 /home/lovro/opt/cross-newlib/m68k-elf-rosco/lib/libc.a(libc_a-mprec.o)
 .debug_aranges
                0x00000d18       0x28 /home/lovro/opt/cross-newlib/m68k-elf-rosco/lib/libc.a(libc_a-makebuf.o)
 .debug_aranges
                0x00000d40       0x30 /home/lovro/opt/cross-newlib/m68k-elf-rosco/lib/libc.a(libc_a-locale.o)
 .debug_aranges
                0x00000d70       0x28 /home/lovro/opt/cross-newlib/m68k-elf-rosco/lib/libc.a(libc_a-assert.o)
 .debug_aranges
                0x00000d98       0x20 /home/lovro/opt/cross-newlib/m68k-elf-rosco/lib/libc.a(libc_a-callocr.o)
 .debug_aranges