Archive member included to satisfy reference by file (symbol)

/home/lovro/opt/cross-newlib/m68k-elf-rosco/lib/libc.a(libc_a-atexit.o)
                              ../bin/crt0.o (atexit)
/home/lovro/opt/cross-newlib/m68k-elf-rosco/lib/libc.a(libc_a-exit.o)
                              ../bin/crt0.o (exit)
/home/lovro/opt/cross-newlib/m68k-elf-rosco/lib/libc.a(libc_a-malloc.o)
                              ../bin/main.o (malloc)
/home/lovro/opt/cross-newlib/m68k-elf-rosco/lib/libc.a(libc_a-mallocr.o)
                              /home/lovro/opt/cross-newlib/m68k-elf-rosco/lib/libc.a(libc_a-malloc.o) (_malloc_r)
/home/lovro/opt/cross-newlib/m68k-elf-rosco/lib/libc.a(libc_a-mlock.o)
                              /home/lovro/opt/cross-newlib/m68k-elf-rosco/lib/libc.a(libc_a-mallocr.o) (__malloc_lock)
/home/lovro/opt/cross-newlib/m68k-elf-rosco/lib/libc.a(libc_a-strtol.o)
                              ../bin/main.o (strtol)
/home/lovro/opt/cross-newlib/m68k-elf-rosco/lib/libc.a(libc_a-ctype_.o)
                              ../bin/amix_sys.o (_ctype_)
/home/lovro/opt/cross-newlib/m68k-elf-rosco/lib/libc.a(libc_a-findfp.o)
                              /home/lovro/opt/cross-newlib/m68k-elf-rosco/lib/libc.a(libc_a-exit.o) (__stdio_exit_handler)
/home/lovro/opt/cross-newlib/m68k-elf-rosco/lib/libc.a(libc_a-fwalk.o)
                              /home/lovro/opt/cross-newlib/m68k-elf-rosco/lib/libc.a(libc_a-findfp.o) (_fwalk_sglue)
/home/lovro/opt/cross-newlib/m68k-elf-rosco/lib/libc.a(libc_a-printf.o)
                              ../bin/main.o (printf)
/home/lovro/opt/cross-newlib/m68k-elf-rosco/lib/libc.a(libc_a-putchar.o)
                              ../bin/main.o (putchar)
/home/lovro/opt/cross-newlib/m68k-elf-rosco/lib/libc.a(libc_a-puts.o)
                              ../bin/main.o (puts)
/home/lovro/opt/cross-newlib/m68k-elf-rosco/lib/libc.a(libc_a-stdio.o)
                              /home/lovro/opt/cross-newlib/m68k-elf-rosco/lib/libc.a(libc_a-findfp.o) (__sread)
/home/lovro/opt/cross-newlib/m68k-elf-rosco/lib/libc.a(libc_a-memcmp.o)
                              ../bin/ff.o (memcmp)
/home/lovro/opt/cross-newlib/m68k-elf-rosco/lib/libc.a(libc_a-strchr.o)
                              ../bin/ff.o (strchr)
/home/lovro/opt/cross-newlib/m68k-elf-rosco/lib/libc.a(libc_a-strcmp.o)
                              ../bin/main.o (strcmp)
/home/lovro/opt/cross-newlib/m68k-elf-rosco/lib/libc.a(libc_a-strtok.o)
                              ../bin/main.o (strtok)
/home/lovro/opt/cross-newlib/m68k-elf-rosco/lib/libc.a(libc_a-strtok_r.o)
                              /home/lovro/opt/cross-newlib/m68k-elf-rosco/lib/libc.a(libc_a-strtok.o) (__strtok_r)
/home/lovro/opt/cross-newlib/m68k-elf-rosco/lib/libc.a(libc_a-impure.o)
                              ../bin/amix-syscalls.o (_impure_ptr)
/home/lovro/opt/cross-newlib/m68k-elf-rosco/lib/libc.a(libc_a-errno.o)
                              ../bin/main.o (__errno)
/home/lovro/opt/cross-newlib/m68k-elf-rosco/lib/libc.a(libc_a-strlen.o)
                              ../bin/main.o (strlen)
/home/lovro/opt/cross-newlib/m68k-elf-rosco/lib/libc.a(libc_a-memcpy.o)
                              ../bin/main.o (memcpy)
/home/lovro/opt/cross-newlib/m68k-elf-rosco/lib/libc.a(libc_a-memset.o)
                              ../bin/ff.o (memset)
/home/lovro/opt/cross-newlib/m68k-elf-rosco/lib/libc.a(libc_a-__atexit.o)
                              /home/lovro/opt/cross-newlib/m68k-elf-rosco/lib/libc.a(libc_a-atexit.o) (__register_exitproc)
/home/lovro/opt/cross-newlib/m68k-elf-rosco/lib/libc.a(libc_a-__call_atexit.o)
                              /home/lovro/opt/cross-newlib/m68k-elf-rosco/lib/libc.a(libc_a-exit.o) (__call_exitprocs)
/home/lovro/opt/cross-newlib/m68k-elf-rosco/lib/libc.a(libc_a-freer.o)
                              /home/lovro/opt/cross-newlib/m68k-elf-rosco/lib/libc.a(libc_a-malloc.o) (_free_r)
/home/lovro/opt/cross-newlib/m68k-elf-rosco/lib/libc.a(libc_a-vfprintf.o)
                              /home/lovro/opt/cross-newlib/m68k-elf-rosco/lib/libc.a(libc_a-printf.o) (_vfprintf_r)
/home/lovro/opt/cross-newlib/m68k-elf-rosco/lib/libc.a(libc_a-sprint_r.o)
                              /home/lovro/opt/cross-newlib/m68k-elf-rosco/lib/libc.a(libc_a-vfprintf.o) (__sprint_r)
/home/lovro/opt/cross-newlib/m68k-elf-rosco/lib/libc.a(libc_a-fclose.o)
                              /home/lovro/opt/cross-newlib/m68k-elf-rosco/lib/libc.a(libc_a-findfp.o) (_fclose_r)
/home/lovro/opt/cross-newlib/m68k-elf-rosco/lib/libc.a(libc_a-fflush.o)
                              /home/lovro/opt/cross-newlib/m68k-elf-rosco/lib/libc.a(libc_a-fclose.o) (__sflush_r)
/home/lovro/opt/cross-newlib/m68k-elf-rosco/lib/libc.a(libc_a-fvwrite.o)
                              /home/lovro/opt/cross-newlib/m68k-elf-rosco/lib/libc.a(libc_a-puts.o) (__sfvwrite_r)
/home/lovro/opt/cross-newlib/m68k-elf-rosco/lib/libc.a(libc_a-putc.o)
[...]
Memory Configuration

Name             Origin             Length             Attributes
ram              0x00130000         0x00200000         xrw
rom              0x00000000         0x00100000         xr
*default*        0x00000000         0xffffffff

Linker script and memory map

LOAD ../bin/crt0.o
LOAD ../bin/main.o
LOAD ../bin/xmodem.o
LOAD ../bin/diskio.o
LOAD ../bin/ff.o
LOAD ../bin/sys_IDE.o
LOAD ../bin/amix_sys.o
LOAD ../bin/syscalls_asm.o
LOAD ../bin/elf_loader_68k.o
LOAD ../bin/amix-syscalls.o
LOAD /home/lovro/opt/cross-newlib/m68k-elf-rosco/lib/libc.a
LOAD /home/lovro/opt/cross-newlib/m68k-elf-rosco/lib/libm.a
LOAD /opt/m68k-toolchain/bin/../lib/gcc/m68k-elf/6.3.0/libgcc.a
LOAD /opt/m68k-toolchain/bin/../lib/gcc/m68k-elf/6.3.0/libgcc.a
LOAD /home/lovro/opt/cross-newlib/m68k-elf-rosco/lib/libc.a
LOAD /opt/m68k-toolchain/bin/../lib/gcc/m68k-elf/6.3.0/libgcc.a
START GROUP
LOAD /home/lovro/opt/cross-newlib/m68k-elf-rosco/lib/libc.a
LOAD /home/lovro/opt/cross-newlib/m68k-elf-rosco/lib/libm.a
LOAD /opt/m68k-toolchain/bin/../lib/gcc/m68k-elf/6.3.0/libgcc.a
END GROUP
                0x00000000                        __DYNAMIC = 0x0
                [!provide]                        PROVIDE (hardware_init_hook = 0x0)
                [!provide]                        PROVIDE (software_init_hook = 0x0)
                0x00000000                        PROVIDE (__INIT_SECTION__ = 0x0)
                0x00000000                        PROVIDE (__FINI_SECTION__ = 0x0)

.text           0x00130000     0xe0cc
 *(.text.startup)
 *(.text .text.*)
 .text          0x00130000       0x6a ../bin/crt0.o
                0x00130000                _start
 .text.list_dir
                0x0013006a       0xae ../bin/main.o
                0x0013006a                list_dir
 .text.call_address
                0x00130118        0xc ../bin/main.o
                0x00130118                call_address
 .text.parse_line
                0x00130124      0x676 ../bin/main.o
                0x00130124                parse_line
 .text.startup.main
                0x0013079a       0xf6 ../bin/main.o
                0x0013079a                main
 .text.xmodem_receive
                0x00130890      0x250 ../bin/xmodem.o
                0x00130890                xmodem_receive
 .text.disk_initialize
                0x00130ae0       0x14 ../bin/diskio.o
                0x00130ae0                disk_initialize
 .text.disk_status
                0x00130af4        0xc ../bin/diskio.o
                0x00130af4                disk_status
 .text.disk_read
                0x00130b00       0x68 ../bin/diskio.o
                0x00130b00                disk_read
 .text.disk_write
                0x00130b68       0x68 ../bin/diskio.o
                0x00130b68                disk_write
 .text.disk_ioctl
                0x00130bd0       0x3c ../bin/diskio.o
                0x00130bd0                disk_ioctl
 .text.ld_32    0x00130c0c       0x22 ../bin/ff.o
 .text.st_32    0x00130c2e       0x2e ../bin/ff.o
 .text.clst2sect
                0x00130c5c       0x3c ../bin/ff.o
 .text.get_ldnumber
                0x00130c98       0x5a ../bin/ff.o
 .text.validate
                0x00130cf2       0x54 ../bin/ff.o
 .text.create_partition
                0x00130d46      0x1f2 ../bin/ff.o
 .text.ld_clust.isra.0
                0x00130f38       0x44 ../bin/ff.o
 .text.st_clust.isra.1
                0x00130f7c       0x34 ../bin/ff.o
 .text.get_fileinfo.part.2
                0x00130fb0       0x96 ../bin/ff.o
 .text.sync_window.part.3
                0x00131046       0x78 ../bin/ff.o
 .text.sync_fs  0x001310be       0xfa ../bin/ff.o
 .text.check_fs.part.5
                0x001311b8      0x118 ../bin/ff.o
 .text.dir_clear
                0x001312d0       0x9e ../bin/ff.o
 .text.move_window
                0x0013136e       0x68 ../bin/ff.o
 .text.put_fat  0x001313d6      0x160 ../bin/ff.o
 .text.get_fat.isra.7
                0x00131536      0x12a ../bin/ff.o
 .text.dir_sdi  0x00131660       0xd2 ../bin/ff.o
 .text.create_chain
                0x00131732      0x144 ../bin/ff.o
 .text.remove_chain
                0x00131876       0xac ../bin/ff.o
 .text.dir_next
                0x00131922       0xf4 ../bin/ff.o
 .text.follow_path
                0x00131a16      0x2ec ../bin/ff.o
 .text.dir_read.constprop.9
                0x00131d02       0x86 ../bin/ff.o
 .text.dir_register
                0x00131d88       0xac ../bin/ff.o
 .text.mount_volume
                0x00131e34      0x442 ../bin/ff.o
 .text.f_mount  0x00132276       0x86 ../bin/ff.o
                0x00132276                f_mount
 .text.f_open   0x001322fc      0x2c2 ../bin/ff.o
                0x001322fc                f_open
 .text.f_read   0x001325be      0x1ea ../bin/ff.o
                0x001325be                f_read
 .text.f_write  0x001327a8      0x22c ../bin/ff.o
                0x001327a8                f_write
 .text.f_sync   0x001329d4       0xe0 ../bin/ff.o
                0x001329d4                f_sync
 .text.f_close  0x00132ab4       0x34 ../bin/ff.o
                0x00132ab4                f_close
 .text.f_chdir  0x00132ae8       0x86 ../bin/ff.o
                0x00132ae8                f_chdir
 .text.f_getcwd
                0x00132b6e      0x19a ../bin/ff.o
                0x00132b6e                f_getcwd
 .text.f_lseek  0x00132d08      0x1f4 ../bin/ff.o
                0x00132d08                f_lseek
 .text.f_opendir
                0x00132efc       0xa2 ../bin/ff.o
                0x00132efc                f_opendir
 .text.f_closedir
                0x00132f9e       0x26 ../bin/ff.o
                0x00132f9e                f_closedir
 .text.f_readdir
                0x00132fc4       0x8e ../bin/ff.o
                0x00132fc4                f_readdir
 .text.f_getfree
                0x00133052      0x11c ../bin/ff.o
                0x00133052                f_getfree
 .text.f_unlink
                0x0013316e      0x10a ../bin/ff.o
                0x0013316e                f_unlink
 .text.f_mkdir  0x00133278      0x1b0 ../bin/ff.o
                0x00133278                f_mkdir
 .text.f_mkfs   0x00133428      0x874 ../bin/ff.o
                0x00133428                f_mkfs
 .text.f_fdisk  0x00133c9c       0x58 ../bin/ff.o
                0x00133c9c                f_fdisk
 .text.ide_wait_ready
                0x00133cf4       0x2a ../bin/sys_IDE.o
 .text.ide_wait_drq
                0x00133d1e       0x2e ../bin/sys_IDE.o
 .text.sys_read_sectors
                0x00133d4c       0xe4 ../bin/sys_IDE.o
                0x00133d4c                sys_read_sectors
 .text.sys_write_sectors
                0x00133e30       0xf0 ../bin/sys_IDE.o
                0x00133e30                sys_write_sectors
 .text.sys_write_screen_string
                0x00133f20       0x3c ../bin/amix_sys.o
                0x00133f20                sys_write_screen_string
 .text.sys_scroll
                0x00133f5c       0x1c ../bin/amix_sys.o
                0x00133f5c                sys_scroll
 .text.sys_peek_UART
                0x00133f78       0x34 ../bin/amix_sys.o
                0x00133f78                sys_peek_UART
 .text.sys_send_UART
                0x00133fac       0x36 ../bin/amix_sys.o
                0x00133fac                sys_send_UART
 .text.sys_flush_fifo_UART
                0x00133fe2       0x34 ../bin/amix_sys.o
                0x00133fe2                sys_flush_fifo_UART
 .text.dump_memory
                0x00134016       0xe8 ../bin/amix_sys.o
                0x00134016                dump_memory
 *fill*         0x001340fe        0x2 
 .text          0x00134100      0x122 ../bin/syscalls_asm.o
                0x00134100                syscall_trap0
                0x00134118                syscall_trap0_double
                0x00134136                syscall_trap0_triple
                0x00134168                sys_print_screen
                0x00134176                sys_print_uart
                0x00134184                sys_get_keyboard
 .text.read_at  0x00134222       0x56 ../bin/elf_loader_68k.o
 .text.load_elf
                0x00134278      0x3c4 ../bin/elf_loader_68k.o
                0x00134278                load_elf
 .text._exit    0x0013463c       0x5c ../bin/amix-syscalls.o
                0x0013463c                _exit
 .text._write_r
                0x00134698       0x8e ../bin/amix-syscalls.o
                0x00134698                _write_r
 .text._read_r  0x00134726       0x5a ../bin/amix-syscalls.o
                0x00134726                _read_r
 .text._sbrk_r  0x00134780       0x3e ../bin/amix-syscalls.o
                0x00134780                _sbrk_r
 .text._close_r
                0x001347be        0xa ../bin/amix-syscalls.o
                0x001347be                _close_r
 .text._fstat_r
                0x001347c8       0x16 ../bin/amix-syscalls.o
                0x001347c8                _fstat_r
 .text._isatty_r
                0x001347de       0x16 ../bin/amix-syscalls.o
                0x001347de                _isatty_r
 .text._lseek_r
                0x001347f4        0xa ../bin/amix-syscalls.o
                0x001347f4                _lseek_r
 .text._getpid_r
                0x001347fe        0xa ../bin/amix-syscalls.o
                0x001347fe                _getpid_r
 .text._kill_r  0x00134808       0x12 ../bin/amix-syscalls.o
                0x00134808                _kill_r
 .text.atexit   0x0013481a       0x16 /home/lovro/opt/cross-newlib/m68k-elf-rosco/lib/libc.a(libc_a-atexit.o)
                0x0013481a                atexit
 .text.exit     0x00134830       0x28 /home/lovro/opt/cross-newlib/m68k-elf-rosco/lib/libc.a(libc_a-exit.o)
                0x00134830                exit
 .text.malloc   0x00134858       0x14 /home/lovro/opt/cross-newlib/m68k-elf-rosco/lib/libc.a(libc_a-malloc.o)
                0x00134858                malloc
 .text.free     0x0013486c       0x14 /home/lovro/opt/cross-newlib/m68k-elf-rosco/lib/libc.a(libc_a-malloc.o)
                0x0013486c                free
 .text._malloc_r
                0x00134880      0x842 /home/lovro/opt/cross-newlib/m68k-elf-rosco/lib/libc.a(libc_a-mallocr.o)
                0x00134880                _malloc_r
 .text.__malloc_lock
                0x001350c2        0x2 /home/lovro/opt/cross-newlib/m68k-elf-rosco/lib/libc.a(libc_a-mlock.o)
                0x001350c2                __malloc_lock
 .text.__malloc_unlock
                0x001350c4        0x2 /home/lovro/opt/cross-newlib/m68k-elf-rosco/lib/libc.a(libc_a-mlock.o)
                0x001350c4                __malloc_unlock
 .text._strtol_l.isra.0
                0x001350c6      0x256 /home/lovro/opt/cross-newlib/m68k-elf-rosco/lib/libc.a(libc_a-strtol.o)
 .text.strtol   0x0013531c       0x1e /home/lovro/opt/cross-newlib/m68k-elf-rosco/lib/libc.a(libc_a-strtol.o)
                0x0013531c                strtol
 .text.stdio_exit_handler
                0x0013533a       0x1e /home/lovro/opt/cross-newlib/m68k-elf-rosco/lib/libc.a(libc_a-findfp.o)
 .text.cleanup_stdio
                0x00135358       0x52 /home/lovro/opt/cross-newlib/m68k-elf-rosco/lib/libc.a(libc_a-findfp.o)
 .text.global_stdio_init.part.0
                0x001353aa      0x178 /home/lovro/opt/cross-newlib/m68k-elf-rosco/lib/libc.a(libc_a-findfp.o)
 .text.__sinit  0x00135522       0x22 /home/lovro/opt/cross-newlib/m68k-elf-rosco/lib/libc.a(libc_a-findfp.o)
                0x00135522                __sinit
 .text.__sfp_lock_acquire
                0x00135544        0x2 /home/lovro/opt/cross-newlib/m68k-elf-rosco/lib/libc.a(libc_a-findfp.o)
                0x00135544                __sfp_lock_acquire
 .text.__sfp_lock_release
                0x00135546        0x2 /home/lovro/opt/cross-newlib/m68k-elf-rosco/lib/libc.a(libc_a-findfp.o)
                0x00135546                __sfp_lock_release
 .text._fwalk_sglue
                0x00135548       0x56 /home/lovro/opt/cross-newlib/m68k-elf-rosco/lib/libc.a(libc_a-fwalk.o)
                0x00135548                _fwalk_sglue
 .text.printf   0x0013559e       0x26 /home/lovro/opt/cross-newlib/m68k-elf-rosco/lib/libc.a(libc_a-printf.o)
                0x0013559e                printf
 .text.putchar  0x001355c4       0x1c /home/lovro/opt/cross-newlib/m68k-elf-rosco/lib/libc.a(libc_a-putchar.o)
                0x001355c4                putchar
 .text._puts_r  0x001355e0       0xb0 /home/lovro/opt/cross-newlib/m68k-elf-rosco/lib/libc.a(libc_a-puts.o)
                0x001355e0                _puts_r
 .text.puts     0x00135690       0x14 /home/lovro/opt/cross-newlib/m68k-elf-rosco/lib/libc.a(libc_a-puts.o)
                0x00135690                puts
 .text.__sread  0x001356a4       0x38 /home/lovro/opt/cross-newlib/m68k-elf-rosco/lib/libc.a(libc_a-stdio.o)
                0x001356a4                __sread
 .text.__swrite
                0x001356dc       0x86 /home/lovro/opt/cross-newlib/m68k-elf-rosco/lib/libc.a(libc_a-stdio.o)
                0x001356dc                __swrite
 .text.__sseek  0x00135762       0x40 /home/lovro/opt/cross-newlib/m68k-elf-rosco/lib/libc.a(libc_a-stdio.o)
                0x00135762                __sseek
 .text.__sclose
                0x001357a2       0x12 /home/lovro/opt/cross-newlib/m68k-elf-rosco/lib/libc.a(libc_a-stdio.o)
                0x001357a2                __sclose
 .text.memcmp   0x001357b4       0x78 /home/lovro/opt/cross-newlib/m68k-elf-rosco/lib/libc.a(libc_a-memcmp.o)
                0x001357b4                memcmp
 .text.strchr   0x0013582c      0x10e /home/lovro/opt/cross-newlib/m68k-elf-rosco/lib/libc.a(libc_a-strchr.o)
                0x0013582c                strchr
 .text.strcmp   0x0013593a       0x78 /home/lovro/opt/cross-newlib/m68k-elf-rosco/lib/libc.a(libc_a-strcmp.o)
                0x0013593a                strcmp
 .text.strtok   0x001359b2       0x22 /home/lovro/opt/cross-newlib/m68k-elf-rosco/lib/libc.a(libc_a-strtok.o)
                0x001359b2                strtok
 .text.__strtok_r
                0x001359d4       0xa2 /home/lovro/opt/cross-newlib/m68k-elf-rosco/lib/libc.a(libc_a-strtok_r.o)
                0x001359d4                __strtok_r
 .text.__errno  0x00135a76        0x8 /home/lovro/opt/cross-newlib/m68k-elf-rosco/lib/libc.a(libc_a-errno.o)
                0x00135a76                __errno
 .text.strlen   0x00135a7e       0x14 /home/lovro/opt/cross-newlib/m68k-elf-rosco/lib/libc.a(libc_a-strlen.o)
                0x00135a7e                strlen
 *fill*         0x00135a92        0x2 
 .text          0x00135a94       0x6e /home/lovro/opt/cross-newlib/m68k-elf-rosco/lib/libc.a(libc_a-memcpy.o)
                0x00135a94                memcpy
 *fill*         0x00135b02        0x2 
 .text          0x00135b04       0x72 /home/lovro/opt/cross-newlib/m68k-elf-rosco/lib/libc.a(libc_a-memset.o)
                0x00135b04                memset
 .text.__register_exitproc
                0x00135b76       0x96 /home/lovro/opt/cross-newlib/m68k-elf-rosco/lib/libc.a(libc_a-__atexit.o)
                0x00135b76                __register_exitproc
 .text.__call_exitprocs
                0x00135c0c       0xbc /home/lovro/opt/cross-newlib/m68k-elf-rosco/lib/libc.a(libc_a-__call_atexit.o)
                0x00135c0c                __call_exitprocs
 .text._malloc_trim_r
                0x00135cc8       0xda /home/lovro/opt/cross-newlib/m68k-elf-rosco/lib/libc.a(libc_a-freer.o)
                0x00135cc8                _malloc_trim_r
 .text._free_r  0x00135da2      0x352 /home/lovro/opt/cross-newlib/m68k-elf-rosco/lib/libc.a(libc_a-freer.o)
                0x00135da2                _free_r
 .text._vfprintf_r
                0x001360f4     0x1d04 /home/lovro/opt/cross-newlib/m68k-elf-rosco/lib/libc.a(libc_a-vfprintf.o)
                0x001360f4                _vfprintf_r
 .text.__sbprintf
                0x00137df8       0xa4 /home/lovro/opt/cross-newlib/m68k-elf-rosco/lib/libc.a(libc_a-vfprintf.o)
 .text.__sprint_r
                0x00137e9c       0x36 /home/lovro/opt/cross-newlib/m68k-elf-rosco/lib/libc.a(libc_a-sprint_r.o)
                0x00137e9c                __sprint_r
 .text._fclose_r
                0x00137ed2       0xd8 /home/lovro/opt/cross-newlib/m68k-elf-rosco/lib/libc.a(libc_a-fclose.o)
                0x00137ed2                _fclose_r
 .text.__sflush_r
                0x00137faa      0x1ba /home/lovro/opt/cross-newlib/m68k-elf-rosco/lib/libc.a(libc_a-fflush.o)
                0x00137faa                __sflush_r
 .text._fflush_r
                0x00138164       0x44 /home/lovro/opt/cross-newlib/m68k-elf-rosco/lib/libc.a(libc_a-fflush.o)
                0x00138164                _fflush_r
 .text.__sfvwrite_r
                0x001381a8      0x3b6 /home/lovro/opt/cross-newlib/m68k-elf-rosco/lib/libc.a(libc_a-fvwrite.o)
                0x001381a8                __sfvwrite_r
 .text._putc_r  0x0013855e       0x78 /home/lovro/opt/cross-newlib/m68k-elf-rosco/lib/libc.a(libc_a-putc.o)
                0x0013855e                _putc_r
 .text.__swbuf_r
                0x001385d6      0x100 /home/lovro/opt/cross-newlib/m68k-elf-rosco/lib/libc.a(libc_a-wbuf.o)
                0x001385d6                __swbuf_r
 .text.__swsetup_r
                0x001386d6      0x128 /home/lovro/opt/cross-newlib/m68k-elf-rosco/lib/libc.a(libc_a-wsetup.o)
                0x001386d6                __swsetup_r
 .text.memchr   0x001387fe       0x9c /home/lovro/opt/cross-newlib/m68k-elf-rosco/lib/libc.a(libc_a-memchr.o)
                0x001387fe                memchr
 .text.memmove  0x0013889a       0xf8 /home/lovro/opt/cross-newlib/m68k-elf-rosco/lib/libc.a(libc_a-memmove.o)
                0x0013889a                memmove
 .text._localeconv_r
                0x00138992        0x8 /home/lovro/opt/cross-newlib/m68k-elf-rosco/lib/libc.a(libc_a-localeconv.o)
                0x00138992                _localeconv_r
 .text.quorem   0x0013899a      0x1a2 /home/lovro/opt/cross-newlib/m68k-elf-rosco/lib/libc.a(libc_a-dtoa.o)
 .text._dtoa_r  0x00138b3c     0x196a /home/lovro/opt/cross-newlib/m68k-elf-rosco/lib/libc.a(libc_a-dtoa.o)
                0x00138b3c                _dtoa_r
 .text._Balloc  0x0013a4a6       0x90 /home/lovro/opt/cross-newlib/m68k-elf-rosco/lib/libc.a(libc_a-mprec.o)
                0x0013a4a6                _Balloc
 .text._Bfree   0x0013a536       0x24 /home/lovro/opt/cross-newlib/m68k-elf-rosco/lib/libc.a(libc_a-mprec.o)
                0x0013a536                _Bfree
 .text.__multadd
                0x0013a55a       0xfc /home/lovro/opt/cross-newlib/m68k-elf-rosco/lib/libc.a(libc_a-mprec.o)
                0x0013a55a                __multadd
 .text.__hi0bits
                0x0013a656       0x66 /home/lovro/opt/cross-newlib/m68k-elf-rosco/lib/libc.a(libc_a-mprec.o)
                0x0013a656                __hi0bits
 .text.__lo0bits
                0x0013a6bc       0x76 /home/lovro/opt/cross-newlib/m68k-elf-rosco/lib/libc.a(libc_a-mprec.o)
                0x0013a6bc                __lo0bits
 .text.__i2b    0x0013a732       0xa4 /home/lovro/opt/cross-newlib/m68k-elf-rosco/lib/libc.a(libc_a-mprec.o)
                0x0013a732                __i2b
 .text.__multiply
                0x0013a7d6      0x20a /home/lovro/opt/cross-newlib/m68k-elf-rosco/lib/libc.a(libc_a-mprec.o)
                0x0013a7d6                __multiply
 .text.__pow5mult
                0x0013a9e0       0xfc /home/lovro/opt/cross-newlib/m68k-elf-rosco/lib/libc.a(libc_a-mprec.o)
                0x0013a9e0                __pow5mult
 .text.__lshift
                0x0013aadc      0x112 /home/lovro/opt/cross-newlib/m68k-elf-rosco/lib/libc.a(libc_a-mprec.o)
                0x0013aadc                __lshift
 .text.__mcmp   0x0013abee       0x4e /home/lovro/opt/cross-newlib/m68k-elf-rosco/lib/libc.a(libc_a-mprec.o)
                0x0013abee                __mcmp
 .text.__mdiff  0x0013ac3c      0x1d0 /home/lovro/opt/cross-newlib/m68k-elf-rosco/lib/libc.a(libc_a-mprec.o)
                0x0013ac3c                __mdiff
 .text.__d2b    0x0013ae0c      0x122 /home/lovro/opt/cross-newlib/m68k-elf-rosco/lib/libc.a(libc_a-mprec.o)
                0x0013ae0c                __d2b
 .text._realloc_r
                0x0013af2e      0x5f0 /home/lovro/opt/cross-newlib/m68k-elf-rosco/lib/libc.a(libc_a-reallocr.o)
                0x0013af2e                _realloc_r
 .text.__swhatbuf_r
                0x0013b51e       0xb6 /home/lovro/opt/cross-newlib/m68k-elf-rosco/lib/libc.a(libc_a-makebuf.o)
                0x0013b51e                __swhatbuf_r
 .text.__smakebuf_r
                0x0013b5d4       0xde /home/lovro/opt/cross-newlib/m68k-elf-rosco/lib/libc.a(libc_a-makebuf.o)
                0x0013b5d4                __smakebuf_r
 .text.__assert_func
                0x0013b6b2       0x6c /home/lovro/opt/cross-newlib/m68k-elf-rosco/lib/libc.a(libc_a-assert.o)
                0x0013b6b2                __assert_func
 .text._calloc_r
                0x0013b71e      0x13a /home/lovro/opt/cross-newlib/m68k-elf-rosco/lib/libc.a(libc_a-callocr.o)
                0x0013b71e                _calloc_r
 .text.__ascii_mbtowc
                0x0013b858       0x44 /home/lovro/opt/cross-newlib/m68k-elf-rosco/lib/libc.a(libc_a-mbtowc_r.o)
                0x0013b858                __ascii_mbtowc
 .text.__ascii_wctomb
                0x0013b89c       0x2e /home/lovro/opt/cross-newlib/m68k-elf-rosco/lib/libc.a(libc_a-wctomb_r.o)
                0x0013b89c                __ascii_wctomb
 .text.fiprintf
                0x0013b8ca       0x24 /home/lovro/opt/cross-newlib/m68k-elf-rosco/lib/libc.a(libc_a-fiprintf.o)
                0x0013b8ca                fiprintf
 .text._vfiprintf_r
                0x0013b8ee      0xdce /home/lovro/opt/cross-newlib/m68k-elf-rosco/lib/libc.a(libc_a-vfiprintf.o)
                0x0013b8ee                _vfiprintf_r
 .text.__sbprintf
                0x0013c6bc       0xa4 /home/lovro/opt/cross-newlib/m68k-elf-rosco/lib/libc.a(libc_a-vfiprintf.o)
 .text.abort    0x0013c760       0x14 /home/lovro/opt/cross-newlib/m68k-elf-rosco/lib/libc.a(libc_a-abort.o)
                0x0013c760                abort
 .text.raise    0x0013c774       0x7e /home/lovro/opt/cross-newlib/m68k-elf-rosco/lib/libc.a(libc_a-signal.o)
                0x0013c774                raise
 *fill*         0x0013c7f2        0x2 
 .text          0x0013c7f4       0x22 /opt/m68k-toolchain/bin/../lib/gcc/m68k-elf/6.3.0/libgcc.a(_mulsi3.o)
                0x0013c7f4                __mulsi3
 *fill*         0x0013c816        0x2 
 .text          0x0013c818       0x5c /opt/m68k-toolchain/bin/../lib/gcc/m68k-elf/6.3.0/libgcc.a(_udivsi3.o)
                0x0013c818                __udivsi3
 .text          0x0013c874       0x2e /opt/m68k-toolchain/bin/../lib/gcc/m68k-elf/6.3.0/libgcc.a(_divsi3.o)
                0x0013c874                __divsi3
 *fill*         0x0013c8a2        0x2 
 .text          0x0013c8a4       0x2e /opt/m68k-toolchain/bin/../lib/gcc/m68k-elf/6.3.0/libgcc.a(_umodsi3.o)
                0x0013c8a4                __umodsi3
 *fill*         0x0013c8d2        0x2 
 .text          0x0013c8d4       0x2e /opt/m68k-toolchain/bin/../lib/gcc/m68k-elf/6.3.0/libgcc.a(_modsi3.o)
                0x0013c8d4                __modsi3
 *fill*         0x0013c902        0x2 
 .text          0x0013c904      0x9cc /opt/m68k-toolchain/bin/../lib/gcc/m68k-elf/6.3.0/libgcc.a(_double.o)
                0x0013c95e                __subdf3
                0x0013c964                __adddf3
                0x0013ccfa                __muldf3
                0x0013cea8                __divdf3
                0x0013d11c                __negdf2
                0x0013d17a                __cmpdf2_internal
                0x0013d24a                __cmpdf2
 .text          0x0013d2d0       0x6a /opt/m68k-toolchain/bin/../lib/gcc/m68k-elf/6.3.0/libgcc.a(_floatex.o)
                0x0013d2d0                __clear_sticky_bit
                0x0013d2de                $_exception_handler
 *fill*         0x0013d33a        0x2 
 .text          0x0013d33c       0x22 /opt/m68k-toolchain/bin/../lib/gcc/m68k-elf/6.3.0/libgcc.a(_eqdf2.o)
                0x0013d33c                __eqdf2
 *fill*         0x0013d35e        0x2 
 .text          0x0013d360       0x22 /opt/m68k-toolchain/bin/../lib/gcc/m68k-elf/6.3.0/libgcc.a(_nedf2.o)
                0x0013d360                __nedf2
 *fill*         0x0013d382        0x2 
 .text          0x0013d384       0x22 /opt/m68k-toolchain/bin/../lib/gcc/m68k-elf/6.3.0/libgcc.a(_gtdf2.o)
                0x0013d384                __gtdf2
 *fill*         0x0013d3a6        0x2 
 .text          0x0013d3a8       0x22 /opt/m68k-toolchain/bin/../lib/gcc/m68k-elf/6.3.0/libgcc.a(_ltdf2.o)
                0x0013d3a8                __ltdf2
 *fill*         0x0013d3ca        0x2 
 .text          0x0013d3cc       0x22 /opt/m68k-toolchain/bin/../lib/gcc/m68k-elf/6.3.0/libgcc.a(_ledf2.o)
                0x0013d3cc                __ledf2
 *fill*         0x0013d3ee        0x2 
 .text          0x0013d3f0      0x4ba /opt/m68k-toolchain/bin/../lib/gcc/m68k-elf/6.3.0/libgcc.a(fpgnulib.o)
                0x0013d3f0                __unordsf2
                0x0013d450                __unorddf2
                0x0013d4c2                __floatunsidf
                0x0013d52e                __floatsidf
                0x0013d5f8                __floatunsisf
                0x0013d612                __floatsisf
                0x0013d62c                __extendsfdf2
                0x0013d6a8                __truncdfsf2
                0x0013d7fa                __fixdfsi
                0x0013d890                __fixsfsi
 *fill*         0x0013d8aa        0x2 
 .text          0x0013d8ac      0x81e /opt/m68k-toolchain/bin/../lib/gcc/m68k-elf/6.3.0/libgcc.a(xfgnulib.o)
                0x0013d8ac                __unordxf2
                0x0013d930                __extenddfxf2
                0x0013da46                __truncxfdf2
                0x0013db2e                __extendsfxf2
                0x0013db72                __truncxfsf2
                0x0013db9a                __floatsixf
                0x0013dbe0                __floatunsixf
                0x0013dc26                __fixxfsi
                0x0013dc4e                __addxf3
                0x0013dcc4                __subxf3
                0x0013dd3a                __mulxf3
                0x0013ddb0                __divxf3
                0x0013de26                __negxf2
                0x0013de7e                __cmpxf2
                0x0013ded2                __eqxf2
                0x0013df26                __nexf2
                0x0013df7a                __ltxf2
                0x0013dfce                __lexf2
                0x0013e022                __gtxf2
                0x0013e076                __gexf2
 *(.init*)
 *(.fini*)
                0x0013e0cc                        . = ALIGN (0x4)
 *fill*         0x0013e0ca        0x2 
                0x0013e0cc                        _etext = .

.got            0x0013e0cc        0x0
                0x0013e0cc                        _GLOBAL_OFFSET_TABLE_ = .
 *(.got.plt)
 *(.got)

.plt
 *(.plt)

.rodata         0x0013e0cc      0x8a4
 *(.rodata .rodata.*)
 .rodata.list_dir.str1.1
                0x0013e0cc       0x48 ../bin/main.o
 .rodata.parse_line.str1.1
                0x0013e114      0x246 ../bin/main.o
                                0x250 (size before relaxing)
 .rodata.main.str1.1
                0x0013e35a       0x46 ../bin/main.o
 .rodata.xmodem_receive.str1.1
                0x0013e3a0       0xc3 ../bin/xmodem.o
 .rodata.check_fs.part.5.str1.1
                0x0013e463       0xc3 ../bin/ff.o
                                  0x9 (size before relaxing)
 .rodata.follow_path.str1.1
                0x0013e463        0xf ../bin/ff.o
 .rodata.f_mkfs.str1.1
                0x0013e472       0x34 ../bin/ff.o
 .rodata.cst.2535
                0x0013e4a6        0xe ../bin/ff.o
 .rodata.cst32.2536
                0x0013e4b4        0xe ../bin/ff.o
 .rodata.defopt.2537
                0x0013e4c2        0xe ../bin/ff.o
 .rodata.sys_read_sectors.str1.1
                0x0013e4d0       0x1a ../bin/sys_IDE.o
 .rodata.sys_write_sectors.str1.1
                0x0013e4ea       0x1b ../bin/sys_IDE.o
 .rodata        0x0013e505       0x17 ../bin/amix_sys.o
 .rodata.load_elf.str1.1
                0x0013e51c      0x10e ../bin/elf_loader_68k.o
 .rodata._exit.str1.1
                0x0013e62a       0x1c ../bin/amix-syscalls.o
 .rodata._ctype_
                0x0013e646      0x101 /home/lovro/opt/cross-newlib/m68k-elf-rosco/lib/libc.a(libc_a-ctype_.o)
                0x0013e646                _ctype_
 .rodata._puts_r.str1.1
                0x0013e747       0x1c /home/lovro/opt/cross-newlib/m68k-elf-rosco/lib/libc.a(libc_a-puts.o)
                                  0x2 (size before relaxing)
 .rodata._vfprintf_r.str1.1
                0x0013e747       0x39 /home/lovro/opt/cross-newlib/m68k-elf-rosco/lib/libc.a(libc_a-vfprintf.o)
                                 0x3b (size before relaxing)
 .rodata.zeroes.0
                0x0013e780       0x10 /home/lovro/opt/cross-newlib/m68k-elf-rosco/lib/libc.a(libc_a-vfprintf.o)
 .rodata.blanks.1
                0x0013e790       0x10 /home/lovro/opt/cross-newlib/m68k-elf-rosco/lib/libc.a(libc_a-vfprintf.o)
 .rodata._dtoa_r.str1.1
                0x0013e7a0       0x46 /home/lovro/opt/cross-newlib/m68k-elf-rosco/lib/libc.a(libc_a-dtoa.o)
                                 0x48 (size before relaxing)
 .rodata.__multadd.str1.1
                0x0013e7e6       0x29 /home/lovro/opt/cross-newlib/m68k-elf-rosco/lib/libc.a(libc_a-mprec.o)
                                 0x3a (size before relaxing)
 *fill*         0x0013e80f        0x1 
 .rodata.p05.0  0x0013e810        0xc /home/lovro/opt/cross-newlib/m68k-elf-rosco/lib/libc.a(libc_a-mprec.o)
 .rodata.__mprec_bigtens
                0x0013e81c       0x28 /home/lovro/opt/cross-newlib/m68k-elf-rosco/lib/libc.a(libc_a-mprec.o)
                0x0013e81c                __mprec_bigtens
 .rodata.__mprec_tens
                0x0013e844       0xc8 /home/lovro/opt/cross-newlib/m68k-elf-rosco/lib/libc.a(libc_a-mprec.o)
                0x0013e844                __mprec_tens
 .rodata._setlocale_r.str1.1
                0x0013e90c        0x8 /home/lovro/opt/cross-newlib/m68k-elf-rosco/lib/libc.a(libc_a-locale.o)
                                  0x9 (size before relaxing)
 .rodata.str1.1
                0x0013e914        0x2 /home/lovro/opt/cross-newlib/m68k-elf-rosco/lib/libc.a(libc_a-locale.o)
 .rodata.__assert_func.str1.1
                0x0013e914       0x3c /home/lovro/opt/cross-newlib/m68k-elf-rosco/lib/libc.a(libc_a-assert.o)
                                 0x3d (size before relaxing)
 .rodata._vfiprintf_r.str1.1
                0x0013e950       0x29 /home/lovro/opt/cross-newlib/m68k-elf-rosco/lib/libc.a(libc_a-vfiprintf.o)
 .rodata.zeroes.0
                0x0013e950       0x10 /home/lovro/opt/cross-newlib/m68k-elf-rosco/lib/libc.a(libc_a-vfiprintf.o)
 .rodata.blanks.1
                0x0013e960       0x10 /home/lovro/opt/cross-newlib/m68k-elf-rosco/lib/libc.a(libc_a-vfiprintf.o)

.data           0x0013e970      0x6d8
                0x0013e970                        _data_start = .
                0x0013e970                        __CTOR_LIST__ = .
 *crtbegin*.o(.ctors)
 *(SORT_BY_NAME(.ctors.*))
 *(.ctors)
 *crtend*.o(.ctors)
                0x0013e970        0x4 LONG 0x0
                0x0013e974                        __CTOR_END__ = .
                0x0013e974                        __DTOR_LIST__ = .
 *crtbegin*.o(.dtors)
 *(SORT_BY_NAME(.dtors.*))
 *(.dtors)
 *crtend*.o(.dtors)
                0x0013e974        0x4 LONG 0x0
                0x0013e978                        __DTOR_END__ = .
 *(.data .data.*)
 .data          0x0013e978        0x4 ../bin/crt0.o
 .data.plist    0x0013e97c        0xc ../bin/main.o
                0x0013e97c                plist
 .data.VolToPart
                0x0013e988        0x4 ../bin/main.o
                0x0013e988                VolToPart
 .data.__malloc_sbrk_base
                0x0013e98c        0x4 /home/lovro/opt/cross-newlib/m68k-elf-rosco/lib/libc.a(libc_a-mallocr.o)
                0x0013e98c                __malloc_sbrk_base
 .data.__malloc_trim_threshold
                0x0013e990        0x4 /home/lovro/opt/cross-newlib/m68k-elf-rosco/lib/libc.a(libc_a-mallocr.o)
                0x0013e990                __malloc_trim_threshold
 .data.__malloc_av_
                0x0013e994      0x408 /home/lovro/opt/cross-newlib/m68k-elf-rosco/lib/libc.a(libc_a-mallocr.o)
                0x0013e994                __malloc_av_
 .data.__sglue  0x0013ed9c        0xc /home/lovro/opt/cross-newlib/m68k-elf-rosco/lib/libc.a(libc_a-findfp.o)
                0x0013ed9c                __sglue
 .data._impure_ptr
                0x0013eda8        0x4 /home/lovro/opt/cross-newlib/m68k-elf-rosco/lib/libc.a(libc_a-impure.o)
                0x0013eda8                _impure_ptr
 .data._impure_data
                0x0013edac      0x116 /home/lovro/opt/cross-newlib/m68k-elf-rosco/lib/libc.a(libc_a-impure.o)
                0x0013edac                _impure_data
 .data.__global_locale
                0x0013eec2      0x168 /home/lovro/opt/cross-newlib/m68k-elf-rosco/lib/libc.a(libc_a-locale.o)
                0x0013eec2                __global_locale
 *fill*         0x0013f02a        0x2 
 .data          0x0013f02c       0x1c /opt/m68k-toolchain/bin/../lib/gcc/m68k-elf/6.3.0/libgcc.a(_floatex.o)
                0x0013f02c                _fpCCR
                0x0013f048                        . = ALIGN (0x4)
                0x0013f048                        _edata = .

.bss            0x0013f048      0xb50
                0x0013f048                        __bss_start = .
                0x0013f048                        _bss_start = .
 *(.bss .bss.*)
 .bss.times     0x0013f048        0x4 ../bin/xmodem.o
                0x0013f048                times
 .bss.CurrVol   0x0013f04c        0x1 ../bin/ff.o
 *fill*         0x0013f04d        0x1 
 .bss.Fsid      0x0013f04e        0x2 ../bin/ff.o
 .bss.FatFs     0x0013f050        0x8 ../bin/ff.o
 .bss.heap_end.3097
                0x0013f058        0x4 ../bin/amix-syscalls.o
 .bss.__malloc_current_mallinfo
                0x0013f05c       0x28 /home/lovro/opt/cross-newlib/m68k-elf-rosco/lib/libc.a(libc_a-mallocr.o)
                0x0013f05c                __malloc_current_mallinfo
 .bss.__malloc_max_total_mem
                0x0013f084        0x4 /home/lovro/opt/cross-newlib/m68k-elf-rosco/lib/libc.a(libc_a-mallocr.o)
                0x0013f084                __malloc_max_total_mem
 .bss.__malloc_max_sbrked_mem
                0x0013f088        0x4 /home/lovro/opt/cross-newlib/m68k-elf-rosco/lib/libc.a(libc_a-mallocr.o)
                0x0013f088                __malloc_max_sbrked_mem
 .bss.__malloc_top_pad
                0x0013f08c        0x4 /home/lovro/opt/cross-newlib/m68k-elf-rosco/lib/libc.a(libc_a-mallocr.o)
                0x0013f08c                __malloc_top_pad
 .bss.__sf      0x0013f090      0x138 /home/lovro/opt/cross-newlib/m68k-elf-rosco/lib/libc.a(libc_a-findfp.o)
                0x0013f090                __sf
 .bss.__stdio_exit_handler
                0x0013f1c8        0x4 /home/lovro/opt/cross-newlib/m68k-elf-rosco/lib/libc.a(libc_a-findfp.o)
                0x0013f1c8                __stdio_exit_handler
 .bss.__atexit0
                0x0013f1cc      0x190 /home/lovro/opt/cross-newlib/m68k-elf-rosco/lib/libc.a(libc_a-__atexit.o)
                0x0013f1cc                __atexit0
 .bss.__atexit  0x0013f35c        0x4 /home/lovro/opt/cross-newlib/m68k-elf-rosco/lib/libc.a(libc_a-__call_atexit.o)
                0x0013f35c                __atexit
 *(COMMON)
 COMMON         0x0013f360      0x438 ../bin/main.o
                0x0013f360                fs
                0x0013f594                buffer
                0x0013f598                work
 COMMON         0x0013f798      0x400 ../bin/amix-syscalls.o
                0x0013f798                cbuf
                0x0013fb98                        . = ALIGN (0x4)
                0x0013fb98                        _end = .
                0x0013fb98                        __end = .
                0x0013fb98                        . = ALIGN (0x8)
                0x0013fb98                        _stack_start = .
                0x00141b98                        . = (. + 0x2000)
                0x00141b98                        __stack = .
                0x00141b98                        _heap_start = .
                0x00132000                        _heap_end = (ORIGIN (ram) + 0x2000)

.stab
 *(.stab)

.stabstr
 *(.stabstr)

.debug_info     0x00000000    0x24604
 *(.debug_info)
 .debug_info    0x00000000       0x26 ../bin/crt0.o
 .debug_info    0x00000026     0x1695 ../bin/main.o
 .debug_info    0x000016bb      0xebf ../bin/xmodem.o
 .debug_info    0x0000257a      0xb30 ../bin/diskio.o
 .debug_info    0x000030aa     0x3e5a ../bin/ff.o
 .debug_info    0x00006f04     0x1034 ../bin/sys_IDE.o
 .debug_info    0x00007f38      0xcbb ../bin/amix_sys.o
 .debug_info    0x00008bf3       0x26 ../bin/syscalls_asm.o
 .debug_info    0x00008c19     0x1332 ../bin/elf_loader_68k.o
 .debug_info    0x00009f4b     0x10c1 ../bin/amix-syscalls.o
 .debug_info    0x0000b00c       0xfc /home/lovro/opt/cross-newlib/m68k-elf-rosco/lib/libc.a(libc_a-atexit.o)
 .debug_info    0x0000b108       0xee /home/lovro/opt/cross-newlib/m68k-elf-rosco/lib/libc.a(libc_a-exit.o)
 .debug_info    0x0000b1f6      0x79a /home/lovro/opt/cross-newlib/m68k-elf-rosco/lib/libc.a(libc_a-malloc.o)
 .debug_info    0x0000b990      0xc34 /home/lovro/opt/cross-newlib/m68k-elf-rosco/lib/libc.a(libc_a-mallocr.o)
 .debug_info    0x0000c5c4      0x747 /home/lovro/opt/cross-newlib/m68k-elf-rosco/lib/libc.a(libc_a-mlock.o)
 .debug_info    0x0000cd0b      0xd66 /home/lovro/opt/cross-newlib/m68k-elf-rosco/lib/libc.a(libc_a-strtol.o)
 .debug_info    0x0000da71       0xb9 /home/lovro/opt/cross-newlib/m68k-elf-rosco/lib/libc.a(libc_a-ctype_.o)
 .debug_info    0x0000db2a      0xdef /home/lovro/opt/cross-newlib/m68k-elf-rosco/lib/libc.a(libc_a-findfp.o)
 .debug_info    0x0000e919      0x7d6 /home/lovro/opt/cross-newlib/m68k-elf-rosco/lib/libc.a(libc_a-fwalk.o)
 .debug_info    0x0000f0ef      0x82a /home/lovro/opt/cross-newlib/m68k-elf-rosco/lib/libc.a(libc_a-printf.o)
 .debug_info    0x0000f919      0x7b1 /home/lovro/opt/cross-newlib/m68k-elf-rosco/lib/libc.a(libc_a-putchar.o)
 .debug_info    0x000100ca      0x8d9 /home/lovro/opt/cross-newlib/m68k-elf-rosco/lib/libc.a(libc_a-puts.o)
 .debug_info    0x000109a3      0x9ff /home/lovro/opt/cross-newlib/m68k-elf-rosco/lib/libc.a(libc_a-stdio.o)
 .debug_info    0x000113a2      0x122 /home/lovro/opt/cross-newlib/m68k-elf-rosco/lib/libc.a(libc_a-memcmp.o)
 .debug_info    0x000114c4      0x126 /home/lovro/opt/cross-newlib/m68k-elf-rosco/lib/libc.a(libc_a-strchr.o)
 .debug_info    0x000115ea       0xeb /home/lovro/opt/cross-newlib/m68k-elf-rosco/lib/libc.a(libc_a-strcmp.o)
 .debug_info    0x000116d5      0x77c /home/lovro/opt/cross-newlib/m68k-elf-rosco/lib/libc.a(libc_a-strtok.o)
 .debug_info    0x00011e51      0x187 /home/lovro/opt/cross-newlib/m68k-elf-rosco/lib/libc.a(libc_a-strtok_r.o)
 .debug_info    0x00011fd8      0x735 /home/lovro/opt/cross-newlib/m68k-elf-rosco/lib/libc.a(libc_a-impure.o)
 .debug_info    0x0001270d      0x71b /home/lovro/opt/cross-newlib/m68k-elf-rosco/lib/libc.a(libc_a-errno.o)
 .debug_info    0x00012e28       0xdb /home/lovro/opt/cross-newlib/m68k-elf-rosco/lib/libc.a(libc_a-strlen.o)
 .debug_info    0x00012f03       0x24 /home/lovro/opt/cross-newlib/m68k-elf-rosco/lib/libc.a(libc_a-memcpy.o)
 .debug_info    0x00012f27       0x24 /home/lovro/opt/cross-newlib/m68k-elf-rosco/lib/libc.a(libc_a-memset.o)
 .debug_info    0x00012f4b      0x1f0 /home/lovro/opt/cross-newlib/m68k-elf-rosco/lib/libc.a(libc_a-__atexit.o)
 .debug_info    0x0001313b      0x21b /home/lovro/opt/cross-newlib/m68k-elf-rosco/lib/libc.a(libc_a-__call_atexit.o)
 .debug_info    0x00013356      0xac7 /home/lovro/opt/cross-newlib/m68k-elf-rosco/lib/libc.a(libc_a-freer.o)
 .debug_info    0x00013e1d     0x157f /home/lovro/opt/cross-newlib/m68k-elf-rosco/lib/libc.a(libc_a-vfprintf.o)
 .debug_info    0x0001539c      0x7fc /home/lovro/opt/cross-newlib/m68k-elf-rosco/lib/libc.a(libc_a-sprint_r.o)
 .debug_info    0x00015b98      0x897 /home/lovro/opt/cross-newlib/m68k-elf-rosco/lib/libc.a(libc_a-fclose.o)
 .debug_info    0x0001642f      0x9ca /home/lovro/opt/cross-newlib/m68k-elf-rosco/lib/libc.a(libc_a-fflush.o)
 .debug_info    0x00016df9      0xa20 /home/lovro/opt/cross-newlib/m68k-elf-rosco/lib/libc.a(libc_a-fvwrite.o)
 .debug_info    0x00017819      0x8e7 /home/lovro/opt/cross-newlib/m68k-elf-rosco/lib/libc.a(libc_a-putc.o)
 .debug_info    0x00018100      0x830 /home/lovro/opt/cross-newlib/m68k-elf-rosco/lib/libc.a(libc_a-wbuf.o)
 .debug_info    0x00018930      0x7b9 /home/lovro/opt/cross-newlib/m68k-elf-rosco/lib/libc.a(libc_a-wsetup.o)
 .debug_info    0x000190e9      0x142 /home/lovro/opt/cross-newlib/m68k-elf-rosco/lib/libc.a(libc_a-memchr.o)
 .debug_info    0x0001922b      0x144 /home/lovro/opt/cross-newlib/m68k-elf-rosco/lib/libc.a(libc_a-memmove.o)
 .debug_info    0x0001936f      0xa2e /home/lovro/opt/cross-newlib/m68k-elf-rosco/lib/libc.a(libc_a-localeconv.o)
 .debug_info    0x00019d9d     0x1513 /home/lovro/opt/cross-newlib/m68k-elf-rosco/lib/libc.a(libc_a-dtoa.o)
 .debug_info    0x0001b2b0     0x1b90 /home/lovro/opt/cross-newlib/m68k-elf-rosco/lib/libc.a(libc_a-mprec.o)
 .debug_info    0x0001ce40      0xb69 /home/lovro/opt/cross-newlib/m68k-elf-rosco/lib/libc.a(libc_a-reallocr.o)
 .debug_info    0x0001d9a9      0xa92 /home/lovro/opt/cross-newlib/m68k-elf-rosco/lib/libc.a(libc_a-makebuf.o)
 .debug_info    0x0001e43b      0xb5a /home/lovro/opt/cross-newlib/m68k-elf-rosco/lib/libc.a(libc_a-locale.o)
 .debug_info    0x0001ef95      0x7ef /home/lovro/opt/cross-newlib/m68k-elf-rosco/lib/libc.a(libc_a-assert.o)
 .debug_info    0x0001f784      0x8af /home/lovro/opt/cross-newlib/m68k-elf-rosco/lib/libc.a(libc_a-callocr.o)
 .debug_info    0x00020033      0xaa2 /home/lovro/opt/cross-newlib/m68k-elf-rosco/lib/libc.a(libc_a-mbtowc_r.o)
 .debug_info    0x00020ad5      0xa63 /home/lovro/opt/cross-newlib/m68k-elf-rosco/lib/libc.a(libc_a-wctomb_r.o)
 .debug_info    0x00021538      0x830 /home/lovro/opt/cross-newlib/m68k-elf-rosco/lib/libc.a(libc_a-fiprintf.o)
 .debug_info    0x00021d68     0x1003 /home/lovro/opt/cross-newlib/m68k-elf-rosco/lib/libc.a(libc_a-vfiprintf.o)
 .debug_info    0x00022d6b       0xc8 /home/lovro/opt/cross-newlib/m68k-elf-rosco/lib/libc.a(libc_a-abort.o)
 .debug_info    0x00022e33      0xb66 /home/lovro/opt/cross-newlib/m68k-elf-rosco/lib/libc.a(libc_a-signal.o)
 .debug_info    0x00023999       0x26 /opt/m68k-toolchain/bin/../lib/gcc/m68k-elf/6.3.0/libgcc.a(_mulsi3.o)
 .debug_info    0x000239bf       0x26 /opt/m68k-toolchain/bin/../lib/gcc/m68k-elf/6.3.0/libgcc.a(_udivsi3.o)
 .debug_info    0x000239e5       0x26 /opt/m68k-toolchain/bin/../lib/gcc/m68k-elf/6.3.0/libgcc.a(_divsi3.o)
 .debug_info    0x00023a0b       0x26 /opt/m68k-toolchain/bin/../lib/gcc/m68k-elf/6.3.0/libgcc.a(_umodsi3.o)
 .debug_info    0x00023a31       0x26 /opt/m68k-toolchain/bin/../lib/gcc/m68k-elf/6.3.0/libgcc.a(_modsi3.o)
 .debug_info    0x00023a57       0x26 /opt/m68k-toolchain/bin/../lib/gcc/m68k-elf/6.3.0/libgcc.a(_double.o)
 .debug_info    0x00023a7d       0x26 /opt/m68k-toolchain/bin/../lib/gcc/m68k-elf/6.3.0/libgcc.a(_floatex.o)
 .debug_info    0x00023aa3       0x26 /opt/m68k-toolchain/bin/../lib/gcc/m68k-elf/6.3.0/libgcc.a(_eqdf2.o)
 .debug_info    0x00023ac9       0x26 /opt/m68k-toolchain/bin/../lib/gcc/m68k-elf/6.3.0/libgcc.a(_nedf2.o)
 .debug_info    0x00023aef       0x26 /opt/m68k-toolchain/bin/../lib/gcc/m68k-elf/6.3.0/libgcc.a(_gtdf2.o)
 .debug_info    0x00023b15       0x26 /opt/m68k-toolchain/bin/../lib/gcc/m68k-elf/6.3.0/libgcc.a(_ltdf2.o)
 .debug_info    0x00023b3b       0x26 /opt/m68k-toolchain/bin/../lib/gcc/m68k-elf/6.3.0/libgcc.a(_ledf2.o)
 .debug_info    0x00023b61      0x44e /opt/m68k-toolchain/bin/../lib/gcc/m68k-elf/6.3.0/libgcc.a(fpgnulib.o)
 .debug_info    0x00023faf      0x655 /opt/m68k-toolchain/bin/../lib/gcc/m68k-elf/6.3.0/libgcc.a(xfgnulib.o)

.debug_abbrev   0x00000000     0x80e5
 *(.debug_abbrev)
 .debug_abbrev  0x00000000       0x14 ../bin/crt0.o
 .debug_abbrev  0x00000014      0x387 ../bin/main.o
 .debug_abbrev  0x0000039b      0x2be ../bin/xmodem.o
 .debug_abbrev  0x00000659      0x281 ../bin/diskio.o
 .debug_abbrev  0x000008da      0x45d ../bin/ff.o
 .debug_abbrev  0x00000d37      0x324 ../bin/sys_IDE.o
 .debug_abbrev  0x0000105b      0x2a1 ../bin/amix_sys.o
 .debug_abbrev  0x000012fc       0x14 ../bin/syscalls_asm.o
 .debug_abbrev  0x00001310      0x2df ../bin/elf_loader_68k.o
 .debug_abbrev  0x000015ef      0x2f9 ../bin/amix-syscalls.o
 .debug_abbrev  0x000018e8       0xb2 /home/lovro/opt/cross-newlib/m68k-elf-rosco/lib/libc.a(libc_a-atexit.o)
 .debug_abbrev  0x0000199a       0xbe /home/lovro/opt/cross-newlib/m68k-elf-rosco/lib/libc.a(libc_a-exit.o)
 .debug_abbrev  0x00001a58      0x1fc /home/lovro/opt/cross-newlib/m68k-elf-rosco/lib/libc.a(libc_a-malloc.o)
 .debug_abbrev  0x00001c54      0x2c8 /home/lovro/opt/cross-newlib/m68k-elf-rosco/lib/libc.a(libc_a-mallocr.o)
 .debug_abbrev  0x00001f1c      0x1ce /home/lovro/opt/cross-newlib/m68k-elf-rosco/lib/libc.a(libc_a-mlock.o)
 .debug_abbrev  0x000020ea      0x330 /home/lovro/opt/cross-newlib/m68k-elf-rosco/lib/libc.a(libc_a-strtol.o)
 .debug_abbrev  0x0000241a       0x62 /home/lovro/opt/cross-newlib/m68k-elf-rosco/lib/libc.a(libc_a-ctype_.o)
 .debug_abbrev  0x0000247c      0x41c /home/lovro/opt/cross-newlib/m68k-elf-rosco/lib/libc.a(libc_a-findfp.o)
 .debug_abbrev  0x00002898      0x1d6 /home/lovro/opt/cross-newlib/m68k-elf-rosco/lib/libc.a(libc_a-fwalk.o)
 .debug_abbrev  0x00002a6e      0x227 /home/lovro/opt/cross-newlib/m68k-elf-rosco/lib/libc.a(libc_a-printf.o)
 .debug_abbrev  0x00002c95      0x1fd /home/lovro/opt/cross-newlib/m68k-elf-rosco/lib/libc.a(libc_a-putchar.o)
 .debug_abbrev  0x00002e92      0x265 /home/lovro/opt/cross-newlib/m68k-elf-rosco/lib/libc.a(libc_a-puts.o)
 .debug_abbrev  0x000030f7      0x243 /home/lovro/opt/cross-newlib/m68k-elf-rosco/lib/libc.a(libc_a-stdio.o)
 .debug_abbrev  0x0000333a       0xa1 /home/lovro/opt/cross-newlib/m68k-elf-rosco/lib/libc.a(libc_a-memcmp.o)
 .debug_abbrev  0x000033db       0x94 /home/lovro/opt/cross-newlib/m68k-elf-rosco/lib/libc.a(libc_a-strchr.o)
 .debug_abbrev  0x0000346f       0x83 /home/lovro/opt/cross-newlib/m68k-elf-rosco/lib/libc.a(libc_a-strcmp.o)
 .debug_abbrev  0x000034f2      0x1f2 /home/lovro/opt/cross-newlib/m68k-elf-rosco/lib/libc.a(libc_a-strtok.o)
 .debug_abbrev  0x000036e4      0x100 /home/lovro/opt/cross-newlib/m68k-elf-rosco/lib/libc.a(libc_a-strtok_r.o)
 .debug_abbrev  0x000037e4      0x185 /home/lovro/opt/cross-newlib/m68k-elf-rosco/lib/libc.a(libc_a-impure.o)
 .debug_abbrev  0x00003969      0x19a /home/lovro/opt/cross-newlib/m68k-elf-rosco/lib/libc.a(libc_a-errno.o)
 .debug_abbrev  0x00003b03       0x8a /home/lovro/opt/cross-newlib/m68k-elf-rosco/lib/libc.a(libc_a-strlen.o)
 .debug_abbrev  0x00003b8d       0x14 /home/lovro/opt/cross-newlib/m68k-elf-rosco/lib/libc.a(libc_a-memcpy.o)
 .debug_abbrev  0x00003ba1       0x14 /home/lovro/opt/cross-newlib/m68k-elf-rosco/lib/libc.a(libc_a-memset.o)
 .debug_abbrev  0x00003bb5      0x13f /home/lovro/opt/cross-newlib/m68k-elf-rosco/lib/libc.a(libc_a-__atexit.o)
 .debug_abbrev  0x00003cf4      0x154 /home/lovro/opt/cross-newlib/m68k-elf-rosco/lib/libc.a(libc_a-__call_atexit.o)
 .debug_abbrev  0x00003e48      0x274 /home/lovro/opt/cross-newlib/m68k-elf-rosco/lib/libc.a(libc_a-freer.o)
 .debug_abbrev  0x000040bc      0x4cf /home/lovro/opt/cross-newlib/m68k-elf-rosco/lib/libc.a(libc_a-vfprintf.o)
 .debug_abbrev  0x0000458b      0x1d1 /home/lovro/opt/cross-newlib/m68k-elf-rosco/lib/libc.a(libc_a-sprint_r.o)
 .debug_abbrev  0x0000475c      0x2c1 /home/lovro/opt/cross-newlib/m68k-elf-rosco/lib/libc.a(libc_a-fclose.o)
 .debug_abbrev  0x00004a1d      0x311 /home/lovro/opt/cross-newlib/m68k-elf-rosco/lib/libc.a(libc_a-fflush.o)
 .debug_abbrev  0x00004d2e      0x23e /home/lovro/opt/cross-newlib/m68k-elf-rosco/lib/libc.a(libc_a-fvwrite.o)
 .debug_abbrev  0x00004f6c      0x28f /home/lovro/opt/cross-newlib/m68k-elf-rosco/lib/libc.a(libc_a-putc.o)
 .debug_abbrev  0x000051fb      0x25a /home/lovro/opt/cross-newlib/m68k-elf-rosco/lib/libc.a(libc_a-wbuf.o)
 .debug_abbrev  0x00005455      0x1fe /home/lovro/opt/cross-newlib/m68k-elf-rosco/lib/libc.a(libc_a-wsetup.o)
 .debug_abbrev  0x00005653       0xd4 /home/lovro/opt/cross-newlib/m68k-elf-rosco/lib/libc.a(libc_a-memchr.o)
 .debug_abbrev  0x00005727       0xc3 /home/lovro/opt/cross-newlib/m68k-elf-rosco/lib/libc.a(libc_a-memmove.o)
 .debug_abbrev  0x000057ea      0x264 /home/lovro/opt/cross-newlib/m68k-elf-rosco/lib/libc.a(libc_a-localeconv.o)
 .debug_abbrev  0x00005a4e      0x365 /home/lovro/opt/cross-newlib/m68k-elf-rosco/lib/libc.a(libc_a-dtoa.o)
 .debug_abbrev  0x00005db3      0x529 /home/lovro/opt/cross-newlib/m68k-elf-rosco/lib/libc.a(libc_a-mprec.o)
 .debug_abbrev  0x000062dc      0x256 /home/lovro/opt/cross-newlib/m68k-elf-rosco/lib/libc.a(libc_a-reallocr.o)
 .debug_abbrev  0x00006532      0x260 /home/lovro/opt/cross-newlib/m68k-elf-rosco/lib/libc.a(libc_a-makebuf.o)
 .debug_abbrev  0x00006792      0x2cb /home/lovro/opt/cross-newlib/m68k-elf-rosco/lib/libc.a(libc_a-locale.o)
 .debug_abbrev  0x00006a5d      0x206 /home/lovro/opt/cross-newlib/m68k-elf-rosco/lib/libc.a(libc_a-assert.o)
 .debug_abbrev  0x00006c63      0x238 /home/lovro/opt/cross-newlib/m68k-elf-rosco/lib/libc.a(libc_a-callocr.o)
 .debug_abbrev  0x00006e9b      0x252 /home/lovro/opt/cross-newlib/m68k-elf-rosco/lib/libc.a(libc_a-mbtowc_r.o)
 .debug_abbrev  0x000070ed      0x226 /home/lovro/opt/cross-newlib/m68k-elf-rosco/lib/libc.a(libc_a-wctomb_r.o)
 .debug_abbrev  0x00007313      0x221 /home/lovro/opt/cross-newlib/m68k-elf-rosco/lib/libc.a(libc_a-fiprintf.o)
 .debug_abbrev  0x00007534      0x3e2 /home/lovro/opt/cross-newlib/m68k-elf-rosco/lib/libc.a(libc_a-vfiprintf.o)
 .debug_abbrev  0x00007916       0x85 /home/lovro/opt/cross-newlib/m68k-elf-rosco/lib/libc.a(libc_a-abort.o)
 .debug_abbrev  0x0000799b      0x2fa /home/lovro/opt/cross-newlib/m68k-elf-rosco/lib/libc.a(libc_a-signal.o)
 .debug_abbrev  0x00007c95       0x14 /opt/m68k-toolchain/bin/../lib/gcc/m68k-elf/6.3.0/libgcc.a(_mulsi3.o)
 .debug_abbrev  0x00007ca9       0x14 /opt/m68k-toolchain/bin/../lib/gcc/m68k-elf/6.3.0/libgcc.a(_udivsi3.o)
 .debug_abbrev  0x00007cbd       0x14 /opt/m68k-toolchain/bin/../lib/gcc/m68k-elf/6.3.0/libgcc.a(_divsi3.o)
 .debug_abbrev  0x00007cd1       0x14 /opt/m68k-toolchain/bin/../lib/gcc/m68k-elf/6.3.0/libgcc.a(_umodsi3.o)
 .debug_abbrev  0x00007ce5       0x14 /opt/m68k-toolchain/bin/../lib/gcc/m68k-elf/6.3.0/libgcc.a(_modsi3.o)
 .debug_abbrev  0x00007cf9       0x14 /opt/m68k-toolchain/bin/../lib/gcc/m68k-elf/6.3.0/libgcc.a(_double.o)
 .debug_abbrev  0x00007d0d       0x14 /opt/m68k-toolchain/bin/../lib/gcc/m68k-elf/6.3.0/libgcc.a(_floatex.o)
 .debug_abbrev  0x00007d21       0x14 /opt/m68k-toolchain/bin/../lib/gcc/m68k-elf/6.3.0/libgcc.a(_eqdf2.o)
 .debug_abbrev  0x00007d35       0x14 /opt/m68k-toolchain/bin/../lib/gcc/m68k-elf/6.3.0/libgcc.a(_nedf2.o)
 .debug_abbrev  0x00007d49       0x14 /opt/m68k-toolchain/bin/../lib/gcc/m68k-elf/6.3.0/libgcc.a(_gtdf2.o)
 .debug_abbrev  0x00007d5d       0x14 /opt/m68k-toolchain/bin/../lib/gcc/m68k-elf/6.3.0/libgcc.a(_ltdf2.o)
 .debug_abbrev  0x00007d71       0x14 /opt/m68k-toolchain/bin/../lib/gcc/m68k-elf/6.3.0/libgcc.a(_ledf2.o)
 .debug_abbrev  0x00007d85      0x1e1 /opt/m68k-toolchain/bin/../lib/gcc/m68k-elf/6.3.0/libgcc.a(fpgnulib.o)
 .debug_abbrev  0x00007f66      0x17f /opt/m68k-toolchain/bin/../lib/gcc/m68k-elf/6.3.0/libgcc.a(xfgnulib.o)

.debug_line     0x00000000     0xfce4
 *(.debug_line)
 .debug_line    0x00000000       0x58 ../bin/crt0.o
 .debug_line    0x00000058      0x333 ../bin/main.o
 .debug_line    0x0000038b      0x260 ../bin/xmodem.o
 .debug_line    0x000005eb      0x220 ../bin/diskio.o
 .debug_line    0x0000080b     0x1032 ../bin/ff.o
 .debug_line    0x0000183d      0x29f ../bin/sys_IDE.o
 .debug_line    0x00001adc      0x2fc ../bin/amix_sys.o
 .debug_line    0x00001dd8       0xa5 ../bin/syscalls_asm.o
 .debug_line    0x00001e7d      0x2be ../bin/elf_loader_68k.o
 .debug_line    0x0000213b      0x345 ../bin/amix-syscalls.o
 .debug_line    0x00002480       0xc1 /home/lovro/opt/cross-newlib/m68k-elf-rosco/lib/libc.a(libc_a-atexit.o)
 .debug_line    0x00002541      0x126 /home/lovro/opt/cross-newlib/m68k-elf-rosco/lib/libc.a(libc_a-exit.o)
 .debug_line    0x00002667      0x17b /home/lovro/opt/cross-newlib/m68k-elf-rosco/lib/libc.a(libc_a-malloc.o)
 .debug_line    0x000027e2      0x995 /home/lovro/opt/cross-newlib/m68k-elf-rosco/lib/libc.a(libc_a-mallocr.o)
 .debug_line    0x00003177      0x16c /home/lovro/opt/cross-newlib/m68k-elf-rosco/lib/libc.a(libc_a-mlock.o)
 .debug_line    0x000032e3      0x4e9 /home/lovro/opt/cross-newlib/m68k-elf-rosco/lib/libc.a(libc_a-strtol.o)
 .debug_line    0x000037cc       0x93 /home/lovro/opt/cross-newlib/m68k-elf-rosco/lib/libc.a(libc_a-ctype_.o)
 .debug_line    0x0000385f      0x5db /home/lovro/opt/cross-newlib/m68k-elf-rosco/lib/libc.a(libc_a-findfp.o)
 .debug_line    0x00003e3a      0x1c1 /home/lovro/opt/cross-newlib/m68k-elf-rosco/lib/libc.a(libc_a-fwalk.o)
 .debug_line    0x00003ffb      0x1b5 /home/lovro/opt/cross-newlib/m68k-elf-rosco/lib/libc.a(libc_a-printf.o)
 .debug_line    0x000041b0      0x193 /home/lovro/opt/cross-newlib/m68k-elf-rosco/lib/libc.a(libc_a-putchar.o)
 .debug_line    0x00004343      0x265 /home/lovro/opt/cross-newlib/m68k-elf-rosco/lib/libc.a(libc_a-puts.o)
 .debug_line    0x000045a8      0x270 /home/lovro/opt/cross-newlib/m68k-elf-rosco/lib/libc.a(libc_a-stdio.o)
 .debug_line    0x00004818      0x179 /home/lovro/opt/cross-newlib/m68k-elf-rosco/lib/libc.a(libc_a-memcmp.o)
 .debug_line    0x00004991      0x1ec /home/lovro/opt/cross-newlib/m68k-elf-rosco/lib/libc.a(libc_a-strchr.o)
 .debug_line    0x00004b7d      0x14c /home/lovro/opt/cross-newlib/m68k-elf-rosco/lib/libc.a(libc_a-strcmp.o)
 .debug_line    0x00004cc9      0x168 /home/lovro/opt/cross-newlib/m68k-elf-rosco/lib/libc.a(libc_a-strtok.o)
 .debug_line    0x00004e31      0x1fb /home/lovro/opt/cross-newlib/m68k-elf-rosco/lib/libc.a(libc_a-strtok_r.o)
 .debug_line    0x0000502c       0xf5 /home/lovro/opt/cross-newlib/m68k-elf-rosco/lib/libc.a(libc_a-impure.o)
 .debug_line    0x00005121      0x117 /home/lovro/opt/cross-newlib/m68k-elf-rosco/lib/libc.a(libc_a-errno.o)
 .debug_line    0x00005238      0x106 /home/lovro/opt/cross-newlib/m68k-elf-rosco/lib/libc.a(libc_a-strlen.o)
 .debug_line    0x0000533e       0x69 /home/lovro/opt/cross-newlib/m68k-elf-rosco/lib/libc.a(libc_a-memcpy.o)
 .debug_line    0x000053a7       0x6d /home/lovro/opt/cross-newlib/m68k-elf-rosco/lib/libc.a(libc_a-memset.o)
 .debug_line    0x00005414      0x158 /home/lovro/opt/cross-newlib/m68k-elf-rosco/lib/libc.a(libc_a-__atexit.o)
 .debug_line    0x0000556c      0x1d4 /home/lovro/opt/cross-newlib/m68k-elf-rosco/lib/libc.a(libc_a-__call_atexit.o)
 .debug_line    0x00005740      0x579 /home/lovro/opt/cross-newlib/m68k-elf-rosco/lib/libc.a(libc_a-freer.o)
 .debug_line    0x00005cb9     0x1db2 /home/lovro/opt/cross-newlib/m68k-elf-rosco/lib/libc.a(libc_a-vfprintf.o)
 .debug_line    0x00007a6b      0x194 /home/lovro/opt/cross-newlib/m68k-elf-rosco/lib/libc.a(libc_a-sprint_r.o)
 .debug_line    0x00007bff      0x271 /home/lovro/opt/cross-newlib/m68k-elf-rosco/lib/libc.a(libc_a-fclose.o)
 .debug_line    0x00007e70      0x475 /home/lovro/opt/cross-newlib/m68k-elf-rosco/lib/libc.a(libc_a-fflush.o)
 .debug_line    0x000082e5      0x5f1 /home/lovro/opt/cross-newlib/m68k-elf-rosco/lib/libc.a(libc_a-fvwrite.o)
 .debug_line    0x000088d6      0x286 /home/lovro/opt/cross-newlib/m68k-elf-rosco/lib/libc.a(libc_a-putc.o)
 .debug_line    0x00008b5c      0x26e /home/lovro/opt/cross-newlib/m68k-elf-rosco/lib/libc.a(libc_a-wbuf.o)
 .debug_line    0x00008dca      0x2c2 /home/lovro/opt/cross-newlib/m68k-elf-rosco/lib/libc.a(libc_a-wsetup.o)
 .debug_line    0x0000908c      0x1a2 /home/lovro/opt/cross-newlib/m68k-elf-rosco/lib/libc.a(libc_a-memchr.o)
 .debug_line    0x0000922e      0x1ed /home/lovro/opt/cross-newlib/m68k-elf-rosco/lib/libc.a(libc_a-memmove.o)
 .debug_line    0x0000941b      0x1aa /home/lovro/opt/cross-newlib/m68k-elf-rosco/lib/libc.a(libc_a-localeconv.o)
 .debug_line    0x000095c5     0x1552 /home/lovro/opt/cross-newlib/m68k-elf-rosco/lib/libc.a(libc_a-dtoa.o)
 .debug_line    0x0000ab17     0x1442 /home/lovro/opt/cross-newlib/m68k-elf-rosco/lib/libc.a(libc_a-mprec.o)
 .debug_line    0x0000bf59      0x905 /home/lovro/opt/cross-newlib/m68k-elf-rosco/lib/libc.a(libc_a-reallocr.o)
 .debug_line    0x0000c85e      0x381 /home/lovro/opt/cross-newlib/m68k-elf-rosco/lib/libc.a(libc_a-makebuf.o)
 .debug_line    0x0000cbdf      0x292 /home/lovro/opt/cross-newlib/m68k-elf-rosco/lib/libc.a(libc_a-locale.o)
 .debug_line    0x0000ce71      0x1bf /home/lovro/opt/cross-newlib/m68k-elf-rosco/lib/libc.a(libc_a-assert.o)
 .debug_line    0x0000d030      0x2a1 /home/lovro/opt/cross-newlib/m68k-elf-rosco/lib/libc.a(libc_a-callocr.o)
 .debug_line    0x0000d2d1      0x217 /home/lovro/opt/cross-newlib/m68k-elf-rosco/lib/libc.a(libc_a-mbtowc_r.o)
 .debug_line    0x0000d4e8      0x210 /home/lovro/opt/cross-newlib/m68k-elf-rosco/lib/libc.a(libc_a-wctomb_r.o)
 .debug_line    0x0000d6f8      0x1a7 /home/lovro/opt/cross-newlib/m68k-elf-rosco/lib/libc.a(libc_a-fiprintf.o)
 .debug_line    0x0000d89f     0x10eb /home/lovro/opt/cross-newlib/m68k-elf-rosco/lib/libc.a(libc_a-vfiprintf.o)
 .debug_line    0x0000e98a      0x107 /home/lovro/opt/cross-newlib/m68k-elf-rosco/lib/libc.a(libc_a-abort.o)
 .debug_line    0x0000ea91      0x6fb /home/lovro/opt/cross-newlib/m68k-elf-rosco/lib/libc.a(libc_a-signal.o)
 .debug_line    0x0000f18c       0x74 /opt/m68k-toolchain/bin/../lib/gcc/m68k-elf/6.3.0/libgcc.a(_mulsi3.o)
 .debug_line    0x0000f200       0x8d /opt/m68k-toolchain/bin/../lib/gcc/m68k-elf/6.3.0/libgcc.a(_udivsi3.o)
 .debug_line    0x0000f28d       0x7c /opt/m68k-toolchain/bin/../lib/gcc/m68k-elf/6.3.0/libgcc.a(_divsi3.o)
 .debug_line    0x0000f309       0x78 /opt/m68k-toolchain/bin/../lib/gcc/m68k-elf/6.3.0/libgcc.a(_umodsi3.o)
 .debug_line    0x0000f381       0x78 /opt/m68k-toolchain/bin/../lib/gcc/m68k-elf/6.3.0/libgcc.a(_modsi3.o)
 .debug_line    0x0000f3f9      0x3eb /opt/m68k-toolchain/bin/../lib/gcc/m68k-elf/6.3.0/libgcc.a(_double.o)
 .debug_line    0x0000f7e4       0x83 /opt/m68k-toolchain/bin/../lib/gcc/m68k-elf/6.3.0/libgcc.a(_floatex.o)
 .debug_line    0x0000f867       0x72 /opt/m68k-toolchain/bin/../lib/gcc/m68k-elf/6.3.0/libgcc.a(_eqdf2.o)
 .debug_line    0x0000f8d9       0x72 /opt/m68k-toolchain/bin/../lib/gcc/m68k-elf/6.3.0/libgcc.a(_nedf2.o)
 .debug_line    0x0000f94b       0x72 /opt/m68k-toolchain/bin/../lib/gcc/m68k-elf/6.3.0/libgcc.a(_gtdf2.o)
 .debug_line    0x0000f9bd       0x72 /opt/m68k-toolchain/bin/../lib/gcc/m68k-elf/6.3.0/libgcc.a(_ltdf2.o)
 .debug_line    0x0000fa2f       0x72 /opt/m68k-toolchain/bin/../lib/gcc/m68k-elf/6.3.0/libgcc.a(_ledf2.o)
 .debug_line    0x0000faa1      0x16d /opt/m68k-toolchain/bin/../lib/gcc/m68k-elf/6.3.0/libgcc.a(fpgnulib.o)
 .debug_line    0x0000fc0e       0xd6 /opt/m68k-toolchain/bin/../lib/gcc/m68k-elf/6.3.0/libgcc.a(xfgnulib.o)

.debug_str      0x00000000     0x2b6a
 *(.debug_str)
 .debug_str     0x00000000       0x3e ../bin/crt0.o
 .debug_str     0x0000003e      0x831 ../bin/main.o
                                0x996 (size before relaxing)
 .debug_str     0x0000086f       0x88 ../bin/xmodem.o
                                0x835 (size before relaxing)
 .debug_str     0x000008f7       0xc6 ../bin/diskio.o
                                0x5fa (size before relaxing)
 .debug_str     0x000009bd      0x313 ../bin/ff.o
                                0xb8a (size before relaxing)
 .debug_str     0x00000cd0       0x76 ../bin/sys_IDE.o
                                0x5c7 (size before relaxing)
 .debug_str     0x00000d46      0x101 ../bin/amix_sys.o
                                0x6b6 (size before relaxing)
 .debug_str     0x00000e47       0x16 ../bin/syscalls_asm.o
                                 0x46 (size before relaxing)
 .debug_str     0x00000e5d      0x277 ../bin/elf_loader_68k.o
                                0xa66 (size before relaxing)
 .debug_str     0x000010d4      0x204 ../bin/amix-syscalls.o
                                0x7da (size before relaxing)
 .debug_str     0x000012d8      0x110 /home/lovro/opt/cross-newlib/m68k-elf-rosco/lib/libc.a(libc_a-atexit.o)
                                0x1ac (size before relaxing)
 .debug_str     0x000013e8       0x3e /home/lovro/opt/cross-newlib/m68k-elf-rosco/lib/libc.a(libc_a-exit.o)
                                0x195 (size before relaxing)
 .debug_str     0x00001426       0x48 /home/lovro/opt/cross-newlib/m68k-elf-rosco/lib/libc.a(libc_a-malloc.o)
                                0x4b0 (size before relaxing)
 .debug_str     0x0000146e      0x205 /home/lovro/opt/cross-newlib/m68k-elf-rosco/lib/libc.a(libc_a-mallocr.o)
                                0x6ab (size before relaxing)
 .debug_str     0x00001673       0x42 /home/lovro/opt/cross-newlib/m68k-elf-rosco/lib/libc.a(libc_a-mlock.o)
                                0x4a9 (size before relaxing)
 .debug_str     0x000016b5      0x1eb /home/lovro/opt/cross-newlib/m68k-elf-rosco/lib/libc.a(libc_a-strtol.o)
                                0x720 (size before relaxing)
 .debug_str     0x000018a0       0x29 /home/lovro/opt/cross-newlib/m68k-elf-rosco/lib/libc.a(libc_a-ctype_.o)
                                0x168 (size before relaxing)
 .debug_str     0x000018c9      0x1be /home/lovro/opt/cross-newlib/m68k-elf-rosco/lib/libc.a(libc_a-findfp.o)
                                0x693 (size before relaxing)
 .debug_str     0x00001a87       0x28 /home/lovro/opt/cross-newlib/m68k-elf-rosco/lib/libc.a(libc_a-fwalk.o)
                                0x49b (size before relaxing)
 .debug_str     0x00001aaf       0x60 /home/lovro/opt/cross-newlib/m68k-elf-rosco/lib/libc.a(libc_a-printf.o)
                                0x4c9 (size before relaxing)
 .debug_str     0x00001b0f       0x3d /home/lovro/opt/cross-newlib/m68k-elf-rosco/lib/libc.a(libc_a-putchar.o)
                                0x4a5 (size before relaxing)
 .debug_str     0x00001b4c       0x88 /home/lovro/opt/cross-newlib/m68k-elf-rosco/lib/libc.a(libc_a-puts.o)
                                0x504 (size before relaxing)
 .debug_str     0x00001bd4       0x33 /home/lovro/opt/cross-newlib/m68k-elf-rosco/lib/libc.a(libc_a-stdio.o)
                                0x4ef (size before relaxing)
 .debug_str     0x00001c07       0x2a /home/lovro/opt/cross-newlib/m68k-elf-rosco/lib/libc.a(libc_a-memcmp.o)
                                0x16f (size before relaxing)
 .debug_str     0x00001c31       0x3c /home/lovro/opt/cross-newlib/m68k-elf-rosco/lib/libc.a(libc_a-strchr.o)
                                0x17a (size before relaxing)
 .debug_str     0x00001c6d       0x2a /home/lovro/opt/cross-newlib/m68k-elf-rosco/lib/libc.a(libc_a-strcmp.o)
                                0x168 (size before relaxing)
 .debug_str     0x00001c97       0x35 /home/lovro/opt/cross-newlib/m68k-elf-rosco/lib/libc.a(libc_a-strtok.o)
                                0x49d (size before relaxing)
 .debug_str     0x00001ccc       0x50 /home/lovro/opt/cross-newlib/m68k-elf-rosco/lib/libc.a(libc_a-strtok_r.o)
                                0x1a1 (size before relaxing)
 .debug_str     0x00001d1c       0x29 /home/lovro/opt/cross-newlib/m68k-elf-rosco/lib/libc.a(libc_a-impure.o)
                                0x490 (size before relaxing)
 .debug_str     0x00001d45       0x28 /home/lovro/opt/cross-newlib/m68k-elf-rosco/lib/libc.a(libc_a-errno.o)
                                0x485 (size before relaxing)
 .debug_str     0x00001d6d       0x30 /home/lovro/opt/cross-newlib/m68k-elf-rosco/lib/libc.a(libc_a-strlen.o)
                                0x175 (size before relaxing)
 .debug_str     0x00001d9d       0x3c /home/lovro/opt/cross-newlib/m68k-elf-rosco/lib/libc.a(libc_a-memcpy.o)
                                 0x82 (size before relaxing)
 .debug_str     0x00001dd9       0x30 /home/lovro/opt/cross-newlib/m68k-elf-rosco/lib/libc.a(libc_a-memset.o)
                                 0x82 (size before relaxing)
 .debug_str     0x00001e09       0x2c /home/lovro/opt/cross-newlib/m68k-elf-rosco/lib/libc.a(libc_a-__atexit.o)
                                0x217 (size before relaxing)
 .debug_str     0x00001e35       0x58 /home/lovro/opt/cross-newlib/m68k-elf-rosco/lib/libc.a(libc_a-__call_atexit.o)
                                0x206 (size before relaxing)
 .debug_str     0x00001e8d       0x5d /home/lovro/opt/cross-newlib/m68k-elf-rosco/lib/libc.a(libc_a-freer.o)
                                0x5f3 (size before relaxing)
 .debug_str     0x00001eea      0x1cc /home/lovro/opt/cross-newlib/m68k-elf-rosco/lib/libc.a(libc_a-vfprintf.o)
                                0x906 (size before relaxing)
 .debug_str     0x000020b6       0x2b /home/lovro/opt/cross-newlib/m68k-elf-rosco/lib/libc.a(libc_a-sprint_r.o)
                                0x4d4 (size before relaxing)
 .debug_str     0x000020e1       0x3b /home/lovro/opt/cross-newlib/m68k-elf-rosco/lib/libc.a(libc_a-fclose.o)
                                0x4ea (size before relaxing)
 .debug_str     0x0000211c       0x41 /home/lovro/opt/cross-newlib/m68k-elf-rosco/lib/libc.a(libc_a-fflush.o)
                                0x512 (size before relaxing)
 .debug_str     0x0000215d       0x5b /home/lovro/opt/cross-newlib/m68k-elf-rosco/lib/libc.a(libc_a-fvwrite.o)
                                0x52f (size before relaxing)
 .debug_str     0x000021b8       0x40 /home/lovro/opt/cross-newlib/m68k-elf-rosco/lib/libc.a(libc_a-putc.o)
                                0x4cc (size before relaxing)
 .debug_str     0x000021f8       0x2f /home/lovro/opt/cross-newlib/m68k-elf-rosco/lib/libc.a(libc_a-wbuf.o)
                                0x4c1 (size before relaxing)
 .debug_str     0x00002227       0x36 /home/lovro/opt/cross-newlib/m68k-elf-rosco/lib/libc.a(libc_a-wsetup.o)
                                0x4bc (size before relaxing)
 .debug_str     0x0000225d       0x38 /home/lovro/opt/cross-newlib/m68k-elf-rosco/lib/libc.a(libc_a-memchr.o)
                                0x189 (size before relaxing)
 .debug_str     0x00002295       0x4c /home/lovro/opt/cross-newlib/m68k-elf-rosco/lib/libc.a(libc_a-memmove.o)
                                0x1a2 (size before relaxing)
 .debug_str     0x000022e1       0x57 /home/lovro/opt/cross-newlib/m68k-elf-rosco/lib/libc.a(libc_a-localeconv.o)
                                0x6d1 (size before relaxing)
 .debug_str     0x00002338      0x198 /home/lovro/opt/cross-newlib/m68k-elf-rosco/lib/libc.a(libc_a-dtoa.o)
                                0x835 (size before relaxing)
 .debug_str     0x000024d0       0x94 /home/lovro/opt/cross-newlib/m68k-elf-rosco/lib/libc.a(libc_a-mprec.o)
                                0x799 (size before relaxing)
 .debug_str     0x00002564       0x75 /home/lovro/opt/cross-newlib/m68k-elf-rosco/lib/libc.a(libc_a-reallocr.o)
                                0x57e (size before relaxing)
 .debug_str     0x000025d9       0x4f /home/lovro/opt/cross-newlib/m68k-elf-rosco/lib/libc.a(libc_a-makebuf.o)
                                0x61e (size before relaxing)
 .debug_str     0x00002628       0x88 /home/lovro/opt/cross-newlib/m68k-elf-rosco/lib/libc.a(libc_a-locale.o)
                                0x70a (size before relaxing)
 .debug_str     0x000026b0       0x44 /home/lovro/opt/cross-newlib/m68k-elf-rosco/lib/libc.a(libc_a-assert.o)
                                0x4c4 (size before relaxing)
 .debug_str     0x000026f4       0x3a /home/lovro/opt/cross-newlib/m68k-elf-rosco/lib/libc.a(libc_a-callocr.o)
                                0x4dd (size before relaxing)
 .debug_str     0x0000272e       0x36 /home/lovro/opt/cross-newlib/m68k-elf-rosco/lib/libc.a(libc_a-mbtowc_r.o)
                                0x6b1 (size before relaxing)
 .debug_str     0x00002764       0x3d /home/lovro/opt/cross-newlib/m68k-elf-rosco/lib/libc.a(libc_a-wctomb_r.o)
                                0x6b8 (size before relaxing)
 .debug_str     0x000027a1       0x44 /home/lovro/opt/cross-newlib/m68k-elf-rosco/lib/libc.a(libc_a-fiprintf.o)
                                0x4d0 (size before relaxing)
 .debug_str     0x000027e5       0x36 /home/lovro/opt/cross-newlib/m68k-elf-rosco/lib/libc.a(libc_a-vfiprintf.o)
                                0x819 (size before relaxing)
 .debug_str     0x0000281b       0x2f /home/lovro/opt/cross-newlib/m68k-elf-rosco/lib/libc.a(libc_a-abort.o)
                                0x172 (size before relaxing)
 .debug_str     0x0000284a       0x7e /home/lovro/opt/cross-newlib/m68k-elf-rosco/lib/libc.a(libc_a-signal.o)
                                0x512 (size before relaxing)
 .debug_str     0x000028c8       0x92 /opt/m68k-toolchain/bin/../lib/gcc/m68k-elf/6.3.0/libgcc.a(_mulsi3.o)
 .debug_str     0x0000295a       0x92 /opt/m68k-toolchain/bin/../lib/gcc/m68k-elf/6.3.0/libgcc.a(_udivsi3.o)
 .debug_str     0x0000295a       0x92 /opt/m68k-toolchain/bin/../lib/gcc/m68k-elf/6.3.0/libgcc.a(_divsi3.o)
 .debug_str     0x0000295a       0x92 /opt/m68k-toolchain/bin/../lib/gcc/m68k-elf/6.3.0/libgcc.a(_umodsi3.o)
 .debug_str     0x0000295a       0x92 /opt/m68k-toolchain/bin/../lib/gcc/m68k-elf/6.3.0/libgcc.a(_modsi3.o)
 .debug_str     0x0000295a       0x92 /opt/m68k-toolchain/bin/../lib/gcc/m68k-elf/6.3.0/libgcc.a(_double.o)
 .debug_str     0x0000295a       0x92 /opt/m68k-toolchain/bin/../lib/gcc/m68k-elf/6.3.0/libgcc.a(_floatex.o)
 .debug_str     0x0000295a       0x92 /opt/m68k-toolchain/bin/../lib/gcc/m68k-elf/6.3.0/libgcc.a(_eqdf2.o)
 .debug_str     0x0000295a       0x92 /opt/m68k-toolchain/bin/../lib/gcc/m68k-elf/6.3.0/libgcc.a(_nedf2.o)
 .debug_str     0x0000295a       0x92 /opt/m68k-toolchain/bin/../lib/gcc/m68k-elf/6.3.0/libgcc.a(_gtdf2.o)
 .debug_str     0x0000295a       0x92 /opt/m68k-toolchain/bin/../lib/gcc/m68k-elf/6.3.0/libgcc.a(_ltdf2.o)
 .debug_str     0x0000295a       0x92 /opt/m68k-toolchain/bin/../lib/gcc/m68k-elf/6.3.0/libgcc.a(_ledf2.o)
 .debug_str     0x0000295a      0x126 /opt/m68k-toolchain/bin/../lib/gcc/m68k-elf/6.3.0/libgcc.a(fpgnulib.o)
                                0x1e1 (size before relaxing)
 .debug_str     0x00002a80       0xea /opt/m68k-toolchain/bin/../lib/gcc/m68k-elf/6.3.0/libgcc.a(xfgnulib.o)
                                0x238 (size before relaxing)

.debug_ranges   0x00000000      0x930
 *(.debug_ranges)
 .debug_ranges  0x00000000      0x100 ../bin/main.o
 .debug_ranges  0x00000100       0x70 ../bin/xmodem.o
 .debug_ranges  0x00000170       0x58 ../bin/diskio.o
 .debug_ranges  0x000001c8      0x3b8 ../bin/ff.o
 .debug_ranges  0x00000580       0xb0 ../bin/sys_IDE.o
 .debug_ranges  0x00000630      0x168 ../bin/amix_sys.o
 .debug_ranges  0x00000798       0xf8 ../bin/elf_loader_68k.o
 .debug_ranges  0x00000890       0x88 ../bin/amix-syscalls.o
 .debug_ranges  0x00000918       0x18 /opt/m68k-toolchain/bin/../lib/gcc/m68k-elf/6.3.0/libgcc.a(fpgnulib.o)
OUTPUT(../bin/program.elf elf32-m68k)

.debug_aranges  0x00000000      0xde8
 .debug_aranges
                0x00000000       0x20 ../bin/crt0.o
 .debug_aranges
                0x00000020       0x38 ../bin/main.o
 .debug_aranges
                0x00000058       0x28 ../bin/xmodem.o
 .debug_aranges
                0x00000080       0x38 ../bin/diskio.o
 .debug_aranges
                0x000000b8      0x180 ../bin/ff.o
 .debug_aranges
                0x00000238       0x40 ../bin/sys_IDE.o
 .debug_aranges
                0x00000278       0x80 ../bin/amix_sys.o
 .debug_aranges
                0x000002f8       0x20 ../bin/syscalls_asm.o
 .debug_aranges
                0x00000318       0x28 ../bin/elf_loader_68k.o
 .debug_aranges
                0x00000340       0x98 ../bin/amix-syscalls.o
 .debug_aranges
                0x000003d8       0x20 /home/lovro/opt/cross-newlib/m68k-elf-rosco/lib/libc.a(libc_a-atexit.o)
 .debug_aranges
                0x000003f8       0x20 /home/lovro/opt/cross-newlib/m68k-elf-rosco/lib/libc.a(libc_a-exit.o)
 .debug_aranges
                0x00000418       0x28 /home/lovro/opt/cross-newlib/m68k-elf-rosco/lib/libc.a(libc_a-malloc.o)
 .debug_aranges
                0x00000440       0x20 /home/lovro/opt/cross-newlib/m68k-elf-rosco/lib/libc.a(libc_a-mallocr.o)
 .debug_aranges
                0x00000460       0x28 /home/lovro/opt/cross-newlib/m68k-elf-rosco/lib/libc.a(libc_a-mlock.o)
 .debug_aranges
                0x00000488       0x38 /home/lovro/opt/cross-newlib/m68k-elf-rosco/lib/libc.a(libc_a-strtol.o)
 .debug_aranges
                0x000004c0       0x18 /home/lovro/opt/cross-newlib/m68k-elf-rosco/lib/libc.a(libc_a-ctype_.o)
 .debug_aranges
                0x000004d8       0x70 /home/lovro/opt/cross-newlib/m68k-elf-rosco/lib/libc.a(libc_a-findfp.o)
 .debug_aranges
                0x00000548       0x20 /home/lovro/opt/cross-newlib/m68k-elf-rosco/lib/libc.a(libc_a-fwalk.o)
 .debug_aranges
                0x00000568       0x28 /home/lovro/opt/cross-newlib/m68k-elf-rosco/lib/libc.a(libc_a-printf.o)
 .debug_aranges
                0x00000590       0x28 /home/lovro/opt/cross-newlib/m68k-elf-rosco/lib/libc.a(libc_a-putchar.o)
 .debug_aranges
                0x000005b8       0x28 /home/lovro/opt/cross-newlib/m68k-elf-rosco/lib/libc.a(libc_a-puts.o)
 .debug_aranges
                0x000005e0       0x40 /home/lovro/opt/cross-newlib/m68k-elf-rosco/lib/libc.a(libc_a-stdio.o)
 .debug_aranges
                0x00000620       0x20 /home/lovro/opt/cross-newlib/m68k-elf-rosco/lib/libc.a(libc_a-memcmp.o)
 .debug_aranges
                0x00000640       0x20 /home/lovro/opt/cross-newlib/m68k-elf-rosco/lib/libc.a(libc_a-strchr.o)
 .debug_aranges
                0x00000660       0x20 /home/lovro/opt/cross-newlib/m68k-elf-rosco/lib/libc.a(libc_a-strcmp.o)
 .debug_aranges
                0x00000680       0x20 /home/lovro/opt/cross-newlib/m68k-elf-rosco/lib/libc.a(libc_a-strtok.o)
 .debug_aranges
                0x000006a0       0x28 /home/lovro/opt/cross-newlib/m68k-elf-rosco/lib/libc.a(libc_a-strtok_r.o)
 .debug_aranges
                0x000006c8       0x18 /home/lovro/opt/cross-newlib/m68k-elf-rosco/lib/libc.a(libc_a-impure.o)
 .debug_aranges
                0x000006e0       0x20 /home/lovro/opt/cross-newlib/m68k-elf-rosco/lib/libc.a(libc_a-errno.o)
 .debug_aranges
                0x00000700       0x20 /home/lovro/opt/cross-newlib/m68k-elf-rosco/lib/libc.a(libc_a-strlen.o)
 .debug_aranges
                0x00000720       0x20 /home/lovro/opt/cross-newlib/m68k-elf-rosco/lib/libc.a(libc_a-memcpy.o)
 .debug_aranges
                0x00000740       0x20 /home/lovro/opt/cross-newlib/m68k-elf-rosco/lib/libc.a(libc_a-memset.o)
 .debug_aranges
                0x00000760       0x20 /home/lovro/opt/cross-newlib/m68k-elf-rosco/lib/libc.a(libc_a-__atexit.o)
 .debug_aranges
                0x00000780       0x20 /home/lovro/opt/cross-newlib/m68k-elf-rosco/lib/libc.a(libc_a-__call_atexit.o)
 .debug_aranges
                0x000007a0       0x28 /home/lovro/opt/cross-newlib/m68k-elf-rosco/lib/libc.a(libc_a-freer.o)
 .debug_aranges
                0x000007c8       0x30 /home/lovro/opt/cross-newlib/m68k-elf-rosco/lib/libc.a(libc_a-vfprintf.o)
 .debug_aranges
                0x000007f8       0x20 /home/lovro/opt/cross-newlib/m68k-elf-rosco/lib/libc.a(libc_a-sprint_r.o)
 .debug_aranges
                0x00000818       0x28 /home/lovro/opt/cross-newlib/m68k-elf-rosco/lib/libc.a(libc_a-fclose.o)
 .debug_aranges
                0x00000840       0x30 /home/lovro/opt/cross-newlib/m68k-elf-rosco/lib/libc.a(libc_a-fflush.o)
 .debug_aranges
                0x00000870       0x20 /home/lovro/opt/cross-newlib/m68k-elf-rosco/lib/libc.a(libc_a-fvwrite.o)
 .debug_aranges
                0x00000890       0x28 /home/lovro/opt/cross-newlib/m68k-elf-rosco/lib/libc.a(libc_a-putc.o)
 .debug_aranges
                0x000008b8       0x28 /home/lovro/opt/cross-newlib/m68k-elf-rosco/lib/libc.a(libc_a-wbuf.o)
 .debug_aranges
                0x000008e0       0x20 /home/lovro/opt/cross-newlib/m68k-elf-rosco/lib/libc.a(libc_a-wsetup.o)
 .debug_aranges
                0x00000900       0x20 /home/lovro/opt/cross-newlib/m68k-elf-rosco/lib/libc.a(libc_a-memchr.o)
 .debug_aranges
                0x00000920       0x20 /home/lovro/opt/cross-newlib/m68k-elf-rosco/lib/libc.a(libc_a-memmove.o)
 .debug_aranges
                0x00000940       0x30 /home/lovro/opt/cross-newlib/m68k-elf-rosco/lib/libc.a(libc_a-localeconv.o)
 .debug_aranges
                0x00000970       0x28 /home/lovro/opt/cross-newlib/m68k-elf-rosco/lib/libc.a(libc_a-dtoa.o)
 .debug_aranges
                0x00000998       0xb0 /home/lovro/opt/cross-newlib/m68k-elf-rosco/lib/libc.a(libc_a-mprec.o)
 .debug_aranges
                0x00000a48       0x20 /home/lovro/opt/cross-newlib/m68k-elf-rosco/lib/libc.a(libc_a-reallocr.o)
 .debug_aranges
                0x00000a68       0x28 /home/lovro/opt/cross-newlib/m68k-elf-rosco/lib/libc.a(libc_a-makebuf.o)
 .debug_aranges
                0x00000a90       0x30 /home/lovro/opt/cross-newlib/m68k-elf-rosco/lib/libc.a(libc_a-locale.o)
 .debug_aranges
                0x00000ac0       0x28 /home/lovro/opt/cross-newlib/m68k-elf-rosco/lib/libc.a(libc_a-assert.o)
 .debug_aranges
                0x00000ae8       0x20 /home/lovro/opt/cross-newlib/m68k-elf-rosco/lib/libc.a(libc_a-callocr.o)
 .debug_aranges
                0x00000b08       0x28 /home/lovro/opt/cross-newlib/m68k-elf-rosco/lib/libc.a(libc_a-mbtowc_r.o)
 .debug_aranges
                0x00000b30       0x28 /home/lovro/opt/cross-newlib/m68k-elf-rosco/lib/libc.a(libc_a-wctomb_r.o)
 .debug_aranges
                0x00000b58       0x28 /home/lovro/opt/cross-newlib/m68k-elf-rosco/lib/libc.a(libc_a-fiprintf.o)
 .debug_aranges
                0x00000b80       0x30 /home/lovro/opt/cross-newlib/m68k-elf-rosco/lib/libc.a(libc_a-vfiprintf.o)
 .debug_aranges
                0x00000bb0       0x20 /home/lovro/opt/cross-newlib/m68k-elf-rosco/lib/libc.a(libc_a-abort.o)
 .debug_aranges
                0x00000bd0       0x58 /home/lovro/opt/cross-newlib/m68k-elf-rosco/lib/libc.a(libc_a-signal.o)
 .debug_aranges
                0x00000c28       0x20 /opt/m68k-toolchain/bin/../lib/gcc/m68k-elf/6.3.0/libgcc.a(_mulsi3.o)
 .debug_aranges
                0x00000c48       0x20 /opt/m68k-toolchain/bin/../lib/gcc/m68k-elf/6.3.0/libgcc.a(_udivsi3.o)
 .debug_aranges
                0x00000c68       0x20 /opt/m68k-toolchain/bin/../lib/gcc/m68k-elf/6.3.0/libgcc.a(_divsi3.o)
 .debug_aranges
                0x00000c88       0x20 /opt/m68k-toolchain/bin/../lib/gcc/m68k-elf/6.3.0/libgcc.a(_umodsi3.o)
 .debug_aranges
                0x00000ca8       0x20 /opt/m68k-toolchain/bin/../lib/gcc/m68k-elf/6.3.0/libgcc.a(_modsi3.o)
 .debug_aranges
                0x00000cc8       0x20 /opt/m68k-toolchain/bin/../lib/gcc/m68k-elf/6.3.0/libgcc.a(_double.o)
 .debug_aranges
                0x00000ce8       0x20 /opt/m68k-toolchain/bin/../lib/gcc/m68k-elf/6.3.0/libgcc.a(_floatex.o)
 .debug_aranges
                0x00000d08       0x20 /opt/m68k-toolchain/bin/../lib/gcc/m68k-elf/6.3.0/libgcc.a(_eqdf2.o)
 .debug_aranges
                0x00000d28       0x20 /opt/m68k-toolchain/bin/../lib/gcc/m68k-elf/6.3.0/libgcc.a(_nedf2.o)
 .debug_aranges
                0x00000d48       0x20 /opt/m68k-toolchain/bin/../lib/gcc/m68k-elf/6.3.0/libgcc.a(_gtdf2.o)
 .debug_aranges
                0x00000d68       0x20 /opt/m68k-toolchain/bin/../lib/gcc/m68k-elf/6.3.0/libgcc.a(_ltdf2.o)
 .debug_aranges
                0x00000d88       0x20 /opt/m68k-toolchain/bin/../lib/gcc/m68k-elf/6.3.0/libgcc.a(_ledf2.o)
 .debug_aranges
                0x00000da8       0x20 /opt/m68k-toolchain/bin/../lib/gcc/m68k-elf/6.3.0/libgcc.a(fpgnulib.o)
 .debug_aranges
                0x00000dc8       0x20 /opt/m68k-toolchain/bin/../lib/gcc/m68k-elf/6.3.0/libgcc.a(xfgnulib.o)

.debug_loc      0x00000000     0x6331
 .debug_loc     0x00000000      0x545 ../bin/main.o
 .debug_loc     0x00000545      0x3a8 ../bin/xmodem.o
 .debug_loc     0x000008ed      0x130 ../bin/diskio.o
 .debug_loc     0x00000a1d     0x41a0 ../bin/ff.o
 .debug_loc     0x00004bbd      0x72d ../bin/sys_IDE.o
 .debug_loc     0x000052ea      0x228 ../bin/amix_sys.o
 .debug_loc     0x00005512      0x5e9 ../bin/elf_loader_68k.o
 .debug_loc     0x00005afb      0x187 ../bin/amix-syscalls.o
 .debug_loc     0x00005c82      0x558 /opt/m68k-toolchain/bin/../lib/gcc/m68k-elf/6.3.0/libgcc.a(fpgnulib.o)
 .debug_loc     0x000061da      0x157 /opt/m68k-toolchain/bin/../lib/gcc/m68k-elf/6.3.0/libgcc.a(xfgnulib.o)

.comment        0x00000000       0x2c
 .comment       0x00000000       0x11 ../bin/main.o
                                 0x12 (size before relaxing)
 .comment       0x00000011       0x12 ../bin/xmodem.o
 .comment       0x00000011       0x12 ../bin/diskio.o
 .comment       0x00000011       0x12 ../bin/ff.o
 .comment       0x00000011       0x12 ../bin/sys_IDE.o
 .comment       0x00000011       0x12 ../bin/amix_sys.o
 .comment       0x00000011       0x12 ../bin/elf_loader_68k.o
 .comment       0x00000011       0x12 ../bin/amix-syscalls.o
 .comment       0x00000011       0x1b /home/lovro/opt/cross-newlib/m68k-elf-rosco/lib/libc.a(libc_a-atexit.o)
                                 0x1c (size before relaxing)
 .comment       0x0000002c       0x1c /home/lovro/opt/cross-newlib/m68k-elf-rosco/lib/libc.a(libc_a-exit.o)
 .comment       0x0000002c       0x1c /home/lovro/opt/cross-newlib/m68k-elf-rosco/lib/libc.a(libc_a-malloc.o)
 .comment       0x0000002c       0x1c /home/lovro/opt/cross-newlib/m68k-elf-rosco/lib/libc.a(libc_a-mallocr.o)
 .comment       0x0000002c       0x1c /home/lovro/opt/cross-newlib/m68k-elf-rosco/lib/libc.a(libc_a-mlock.o)
 .comment       0x0000002c       0x1c /home/lovro/opt/cross-newlib/m68k-elf-rosco/lib/libc.a(libc_a-strtol.o)
 .comment       0x0000002c       0x1c /home/lovro/opt/cross-newlib/m68k-elf-rosco/lib/libc.a(libc_a-ctype_.o)
 .comment       0x0000002c       0x1c /home/lovro/opt/cross-newlib/m68k-elf-rosco/lib/libc.a(libc_a-findfp.o)
 .comment       0x0000002c       0x1c /home/lovro/opt/cross-newlib/m68k-elf-rosco/lib/libc.a(libc_a-fwalk.o)
 .comment       0x0000002c       0x1c /home/lovro/opt/cross-newlib/m68k-elf-rosco/lib/libc.a(libc_a-printf.o)
 .comment       0x0000002c       0x1c /home/lovro/opt/cross-newlib/m68k-elf-rosco/lib/libc.a(libc_a-putchar.o)
 .comment       0x0000002c       0x1c /home/lovro/opt/cross-newlib/m68k-elf-rosco/lib/libc.a(libc_a-puts.o)
 .comment       0x0000002c       0x1c /home/lovro/opt/cross-newlib/m68k-elf-rosco/lib/libc.a(libc_a-stdio.o)
 .comment       0x0000002c       0x1c /home/lovro/opt/cross-newlib/m68k-elf-rosco/lib/libc.a(libc_a-memcmp.o)
 .comment       0x0000002c       0x1c /home/lovro/opt/cross-newlib/m68k-elf-rosco/lib/libc.a(libc_a-strchr.o)
 .comment       0x0000002c       0x1c /home/lovro/opt/cross-newlib/m68k-elf-rosco/lib/libc.a(libc_a-strcmp.o)
 .comment       0x0000002c       0x1c /home/lovro/opt/cross-newlib/m68k-elf-rosco/lib/libc.a(libc_a-strtok.o)
 .comment       0x0000002c       0x1c /home/lovro/opt/cross-newlib/m68k-elf-rosco/lib/libc.a(libc_a-strtok_r.o)
 .comment       0x0000002c       0x1c /home/lovro/opt/cross-newlib/m68k-elf-rosco/lib/libc.a(libc_a-impure.o)
 .comment       0x0000002c       0x1c /home/lovro/opt/cross-newlib/m68k-elf-rosco/lib/libc.a(libc_a-errno.o)
 .comment       0x0000002c       0x1c /home/lovro/opt/cross-newlib/m68k-elf-rosco/lib/libc.a(libc_a-strlen.o)
 .comment       0x0000002c       0x1c /home/lovro/opt/cross-newlib/m68k-elf-rosco/lib/libc.a(libc_a-__atexit.o)
 .comment       0x0000002c       0x1c /home/lovro/opt/cross-newlib/m68k-elf-rosco/lib/libc.a(libc_a-__call_atexit.o)
 .comment       0x0000002c       0x1c /home/lovro/opt/cross-newlib/m68k-elf-rosco/lib/libc.a(libc_a-freer.o)
 .comment       0x0000002c       0x1c /home/lovro/opt/cross-newlib/m68k-elf-rosco/lib/libc.a(libc_a-vfprintf.o)
 .comment       0x0000002c       0x1c /home/lovro/opt/cross-newlib/m68k-elf-rosco/lib/libc.a(libc_a-sprint_r.o)
 .comment       0x0000002c       0x1c /home/lovro/opt/cross-newlib/m68k-elf-rosco/lib/libc.a(libc_a-fclose.o)
 .comment       0x0000002c       0x1c /home/lovro/opt/cross-newlib/m68k-elf-rosco/lib/libc.a(libc_a-fflush.o)
 .comment       0x0000002c       0x1c /home/lovro/opt/cross-newlib/m68k-elf-rosco/lib/libc.a(libc_a-fvwrite.o)
 .comment       0x0000002c       0x1c /home/lovro/opt/cross-newlib/m68k-elf-rosco/lib/libc.a(libc_a-putc.o)
 .comment       0x0000002c       0x1c /home/lovro/opt/cross-newlib/m68k-elf-rosco/lib/libc.a(libc_a-wbuf.o)
 .comment       0x0000002c       0x1c /home/lovro/opt/cross-newlib/m68k-elf-rosco/lib/libc.a(libc_a-wsetup.o)
 .comment       0x0000002c       0x1c /home/lovro/opt/cross-newlib/m68k-elf-rosco/lib/libc.a(libc_a-memchr.o)
 .comment       0x0000002c       0x1c /home/lovro/opt/cross-newlib/m68k-elf-rosco/lib/libc.a(libc_a-memmove.o)
 .comment       0x0000002c       0x1c /home/lovro/opt/cross-newlib/m68k-elf-rosco/lib/libc.a(libc_a-localeconv.o)
 .comment       0x0000002c       0x1c /home/lovro/opt/cross-newlib/m68k-elf-rosco/lib/libc.a(libc_a-dtoa.o)
 .comment       0x0000002c       0x1c /home/lovro/opt/cross-newlib/m68k-elf-rosco/lib/libc.a(libc_a-mprec.o)
 .comment       0x0000002c       0x1c /home/lovro/opt/cross-newlib/m68k-elf-rosco/lib/libc.a(libc_a-reallocr.o)
 .comment       0x0000002c       0x1c /home/lovro/opt/cross-newlib/m68k-elf-rosco/lib/libc.a(libc_a-makebuf.o)
 .comment       0x0000002c       0x1c /home/lovro/opt/cross-newlib/m68k-elf-rosco/lib/libc.a(libc_a-locale.o)
 .comment       0x0000002c       0x1c /home/lovro/opt/cross-newlib/m68k-elf-rosco/lib/libc.a(libc_a-assert.o)
 .comment       0x0000002c       0x1c /home/lovro/opt/cross-newlib/m68k-elf-rosco/lib/libc.a(libc_a-callocr.o)
 .comment       0x0000002c       0x1c /home/lovro/opt/cross-newlib/m68k-elf-rosco/lib/libc.a(libc_a-mbtowc_r.o)
 .comment       0x0000002c       0x1c /home/lovro/opt/cross-newlib/m68k-elf-rosco/lib/libc.a(libc_a-wctomb_r.o)
 .comment       0x0000002c       0x1c /home/lovro/opt/cross-newlib/m68k-elf-rosco/lib/libc.a(libc_a-fiprintf.o)
 .comment       0x0000002c       0x1c /home/lovro/opt/cross-newlib/m68k-elf-rosco/lib/libc.a(libc_a-vfiprintf.o)
 .comment       0x0000002c       0x1c /home/lovro/opt/cross-newlib/m68k-elf-rosco/lib/libc.a(libc_a-abort.o)
 .comment       0x0000002c       0x1c /home/lovro/opt/cross-newlib/m68k-elf-rosco/lib/libc.a(libc_a-signal.o)
 .comment       0x0000002c       0x12 /opt/m68k-toolchain/bin/../lib/gcc/m68k-elf/6.3.0/libgcc.a(fpgnulib.o)
 .comment       0x0000002c       0x12 /opt/m68k-toolchain/bin/../lib/gcc/m68k-elf/6.3.0/libgcc.a(xfgnulib.o)

.debug_frame    0x00000000     0x25fc
 .debug_frame   0x00000000       0xa8 ../bin/main.o
 .debug_frame   0x000000a8       0x6c ../bin/xmodem.o
 .debug_frame   0x00000114       0xa4 ../bin/diskio.o
 .debug_frame   0x000001b8      0x5f0 ../bin/ff.o
 .debug_frame   0x000007a8       0xa4 ../bin/sys_IDE.o
 .debug_frame   0x0000084c      0x16c ../bin/amix_sys.o
 .debug_frame   0x000009b8       0x68 ../bin/elf_loader_68k.o
 .debug_frame   0x00000a20      0x1b8 ../bin/amix-syscalls.o
 .debug_frame   0x00000bd8       0x34 /home/lovro/opt/cross-newlib/m68k-elf-rosco/lib/libc.a(libc_a-atexit.o)
 .debug_frame   0x00000c0c       0x38 /home/lovro/opt/cross-newlib/m68k-elf-rosco/lib/libc.a(libc_a-exit.o)
 .debug_frame   0x00000c44       0x4c /home/lovro/opt/cross-newlib/m68k-elf-rosco/lib/libc.a(libc_a-malloc.o)
 .debug_frame   0x00000c90       0xa4 /home/lovro/opt/cross-newlib/m68k-elf-rosco/lib/libc.a(libc_a-mallocr.o)
 .debug_frame   0x00000d34       0x34 /home/lovro/opt/cross-newlib/m68k-elf-rosco/lib/libc.a(libc_a-mlock.o)
 .debug_frame   0x00000d68       0xd0 /home/lovro/opt/cross-newlib/m68k-elf-rosco/lib/libc.a(libc_a-strtol.o)
 .debug_frame   0x00000e38      0x15c /home/lovro/opt/cross-newlib/m68k-elf-rosco/lib/libc.a(libc_a-findfp.o)
 .debug_frame   0x00000f94       0x3c /home/lovro/opt/cross-newlib/m68k-elf-rosco/lib/libc.a(libc_a-fwalk.o)
 .debug_frame   0x00000fd0       0x44 /home/lovro/opt/cross-newlib/m68k-elf-rosco/lib/libc.a(libc_a-printf.o)
 .debug_frame   0x00001014       0x4c /home/lovro/opt/cross-newlib/m68k-elf-rosco/lib/libc.a(libc_a-putchar.o)
 .debug_frame   0x00001060       0x4c /home/lovro/opt/cross-newlib/m68k-elf-rosco/lib/libc.a(libc_a-puts.o)
 .debug_frame   0x000010ac       0xa8 /home/lovro/opt/cross-newlib/m68k-elf-rosco/lib/libc.a(libc_a-stdio.o)
 .debug_frame   0x00001154       0x30 /home/lovro/opt/cross-newlib/m68k-elf-rosco/lib/libc.a(libc_a-memcmp.o)
 .debug_frame   0x00001184       0x30 /home/lovro/opt/cross-newlib/m68k-elf-rosco/lib/libc.a(libc_a-strchr.o)
 .debug_frame   0x000011b4       0x2c /home/lovro/opt/cross-newlib/m68k-elf-rosco/lib/libc.a(libc_a-strcmp.o)
 .debug_frame   0x000011e0       0x34 /home/lovro/opt/cross-newlib/m68k-elf-rosco/lib/libc.a(libc_a-strtok.o)
 .debug_frame   0x00001214       0x54 /home/lovro/opt/cross-newlib/m68k-elf-rosco/lib/libc.a(libc_a-strtok_r.o)
 .debug_frame   0x00001268       0x24 /home/lovro/opt/cross-newlib/m68k-elf-rosco/lib/libc.a(libc_a-errno.o)
 .debug_frame   0x0000128c       0x24 /home/lovro/opt/cross-newlib/m68k-elf-rosco/lib/libc.a(libc_a-strlen.o)
 .debug_frame   0x000012b0       0x30 /home/lovro/opt/cross-newlib/m68k-elf-rosco/lib/libc.a(libc_a-__atexit.o)
 .debug_frame   0x000012e0       0x48 /home/lovro/opt/cross-newlib/m68k-elf-rosco/lib/libc.a(libc_a-__call_atexit.o)
 .debug_frame   0x00001328       0x90 /home/lovro/opt/cross-newlib/m68k-elf-rosco/lib/libc.a(libc_a-freer.o)
 .debug_frame   0x000013b8       0xa4 /home/lovro/opt/cross-newlib/m68k-elf-rosco/lib/libc.a(libc_a-vfprintf.o)
 .debug_frame   0x0000145c       0x38 /home/lovro/opt/cross-newlib/m68k-elf-rosco/lib/libc.a(libc_a-sprint_r.o)
 .debug_frame   0x00001494       0x7c /home/lovro/opt/cross-newlib/m68k-elf-rosco/lib/libc.a(libc_a-fclose.o)
 .debug_frame   0x00001510       0xd0 /home/lovro/opt/cross-newlib/m68k-elf-rosco/lib/libc.a(libc_a-fflush.o)
 .debug_frame   0x000015e0      0x108 /home/lovro/opt/cross-newlib/m68k-elf-rosco/lib/libc.a(libc_a-fvwrite.o)
 .debug_frame   0x000016e8       0x64 /home/lovro/opt/cross-newlib/m68k-elf-rosco/lib/libc.a(libc_a-putc.o)
 .debug_frame   0x0000174c       0x70 /home/lovro/opt/cross-newlib/m68k-elf-rosco/lib/libc.a(libc_a-wbuf.o)
 .debug_frame   0x000017bc       0x48 /home/lovro/opt/cross-newlib/m68k-elf-rosco/lib/libc.a(libc_a-wsetup.o)
 .debug_frame   0x00001804       0x30 /home/lovro/opt/cross-newlib/m68k-elf-rosco/lib/libc.a(libc_a-memchr.o)
 .debug_frame   0x00001834       0x34 /home/lovro/opt/cross-newlib/m68k-elf-rosco/lib/libc.a(libc_a-memmove.o)
 .debug_frame   0x00001868       0x44 /home/lovro/opt/cross-newlib/m68k-elf-rosco/lib/libc.a(libc_a-localeconv.o)
 .debug_frame   0x000018ac       0x94 /home/lovro/opt/cross-newlib/m68k-elf-rosco/lib/libc.a(libc_a-dtoa.o)
 .debug_frame   0x00001940      0x3d8 /home/lovro/opt/cross-newlib/m68k-elf-rosco/lib/libc.a(libc_a-mprec.o)
 .debug_frame   0x00001d18       0xc0 /home/lovro/opt/cross-newlib/m68k-elf-rosco/lib/libc.a(libc_a-reallocr.o)
 .debug_frame   0x00001dd8       0x50 /home/lovro/opt/cross-newlib/m68k-elf-rosco/lib/libc.a(libc_a-makebuf.o)
 .debug_frame   0x00001e28       0x94 /home/lovro/opt/cross-newlib/m68k-elf-rosco/lib/libc.a(libc_a-locale.o)
 .debug_frame   0x00001ebc       0x70 /home/lovro/opt/cross-newlib/m68k-elf-rosco/lib/libc.a(libc_a-assert.o)
 .debug_frame   0x00001f2c       0x60 /home/lovro/opt/cross-newlib/m68k-elf-rosco/lib/libc.a(libc_a-callocr.o)
 .debug_frame   0x00001f8c       0x38 /home/lovro/opt/cross-newlib/m68k-elf-rosco/lib/libc.a(libc_a-mbtowc_r.o)
 .debug_frame   0x00001fc4       0x34 /home/lovro/opt/cross-newlib/m68k-elf-rosco/lib/libc.a(libc_a-wctomb_r.o)
 .debug_frame   0x00001ff8       0x44 /home/lovro/opt/cross-newlib/m68k-elf-rosco/lib/libc.a(libc_a-fiprintf.o)
 .debug_frame   0x0000203c       0xa4 /home/lovro/opt/cross-newlib/m68k-elf-rosco/lib/libc.a(libc_a-vfiprintf.o)
 .debug_frame   0x000020e0       0x2c /home/lovro/opt/cross-newlib/m68k-elf-rosco/lib/libc.a(libc_a-abort.o)
 .debug_frame   0x0000210c      0x154 /home/lovro/opt/cross-newlib/m68k-elf-rosco/lib/libc.a(libc_a-signal.o)
 .debug_frame   0x00002260      0x134 /opt/m68k-toolchain/bin/../lib/gcc/m68k-elf/6.3.0/libgcc.a(fpgnulib.o)
 .debug_frame   0x00002394      0x268 /opt/m68k-toolchain/bin/../lib/gcc/m68k-elf/6.3.0/libgcc.a(xfgnulib.o)

.debug_rnglists
                0x00000000      0x99a
 .debug_rnglists
                0x00000000       0x13 /home/lovro/opt/cross-newlib/m68k-elf-rosco/lib/libc.a(libc_a-atexit.o)
 .debug_rnglists
                0x00000013       0x13 /home/lovro/opt/cross-newlib/m68k-elf-rosco/lib/libc.a(libc_a-exit.o)
 .debug_rnglists
                0x00000026       0x19 /home/lovro/opt/cross-newlib/m68k-elf-rosco/lib/libc.a(libc_a-malloc.o)
 .debug_rnglists
                0x0000003f       0x3c /home/lovro/opt/cross-newlib/m68k-elf-rosco/lib/libc.a(libc_a-mallocr.o)
 .debug_rnglists
                0x0000007b       0x19 /home/lovro/opt/cross-newlib/m68k-elf-rosco/lib/libc.a(libc_a-mlock.o)
 .debug_rnglists
                0x00000094       0x3a /home/lovro/opt/cross-newlib/m68k-elf-rosco/lib/libc.a(libc_a-strtol.o)
 .debug_rnglists
                0x000000ce       0x6b /home/lovro/opt/cross-newlib/m68k-elf-rosco/lib/libc.a(libc_a-findfp.o)
 .debug_rnglists
                0x00000139       0x13 /home/lovro/opt/cross-newlib/m68k-elf-rosco/lib/libc.a(libc_a-fwalk.o)
 .debug_rnglists
                0x0000014c       0x19 /home/lovro/opt/cross-newlib/m68k-elf-rosco/lib/libc.a(libc_a-printf.o)
 .debug_rnglists
                0x00000165       0x19 /home/lovro/opt/cross-newlib/m68k-elf-rosco/lib/libc.a(libc_a-putchar.o)
 .debug_rnglists
                0x0000017e       0x26 /home/lovro/opt/cross-newlib/m68k-elf-rosco/lib/libc.a(libc_a-puts.o)
 .debug_rnglists
                0x000001a4       0x2c /home/lovro/opt/cross-newlib/m68k-elf-rosco/lib/libc.a(libc_a-stdio.o)
 .debug_rnglists
                0x000001d0       0x13 /home/lovro/opt/cross-newlib/m68k-elf-rosco/lib/libc.a(libc_a-memcmp.o)
 .debug_rnglists
                0x000001e3       0x14 /home/lovro/opt/cross-newlib/m68k-elf-rosco/lib/libc.a(libc_a-strchr.o)